[General]
DefaultMirageDisguises=TREE34,TREE35,TREE36

[GAYARD]
Name=Allied Shipyard
TechLevel=11

[NAYARD]
Name=Soviet Shipyard
TechLevel=11

[YAYARD]
Name=Yuri Submarine Pen
TechLevel=11

[Header]
StartX=228
StartY=35
Width=55
Height=52
NumberStartingPoints=4
NumCoopHumanStartSpots=4
Waypoint1=234,65
Waypoint2=256,45
Waypoint3=276,65
Waypoint4=256,84
Waypoint5=0,0
Waypoint6=0,0
Waypoint7=0,0
Waypoint8=0,0

[SpecialFlags]
TiberiumGrows=yes
TiberiumSpreads=yes
TiberiumExplosive=no
DestroyableBridges=yes
MCVDeploy=no
InitialVeteran=no
FixedAlliance=no
HarvesterImmune=no
FogOfWar=no
Inert=no
IonStorms=no
Meteorites=no
Visceroids=yes

[Ranking]
ParTimeEasy=00:01:00
ParTimeMedium=00:01:00
ParTimeHard=00:01:00
UnderParTitle=GUI:NoUnderParTitle
UnderParMessage=GUI:NoUnderParMessage
OverParTitle=GUI:NoOverParTitle
OverParMessage=GUI:NoOverParMessage

[Houses]
0=Americans
1=Alliance
2=French
3=Germans
4=British
5=Africans
6=Arabs
7=Confederation
8=Russians
9=YuriCountry
10=GDI
11=Nod
12=Neutral
13=Special

[Americans]
Country=Americans
TechLevel=0
Credits=0
IQ=0
Edge=North
PlayerControl=yes
Color=Gold
Allies=Americans
PercentBuilt=0
NodeCount=0

[Alliance]
Country=Alliance
TechLevel=1
Credits=0
IQ=0
Edge=North
PlayerControl=no
Color=Gold
Allies=Alliance
PercentBuilt=0
NodeCount=0

[French]
Country=French
TechLevel=1
Credits=0
IQ=0
Edge=North
PlayerControl=no
Color=Gold
Allies=French
PercentBuilt=0
NodeCount=0

[Germans]
Country=Germans
TechLevel=1
Credits=0
IQ=0
Edge=North
PlayerControl=no
Color=Gold
Allies=Germans
PercentBuilt=0
NodeCount=0

[British]
Country=British
TechLevel=1
Credits=0
IQ=0
Edge=North
PlayerControl=no
Color=Gold
Allies=British
PercentBuilt=0
NodeCount=0

[Africans]
Country=Africans
TechLevel=1
Credits=0
IQ=0
Edge=North
PlayerControl=no
Color=DarkRed
Allies=Africans
PercentBuilt=0
NodeCount=0

[Arabs]
Country=Arabs
TechLevel=1
Credits=0
IQ=0
Edge=North
PlayerControl=no
Color=DarkRed
Allies=Arabs
PercentBuilt=0
NodeCount=0

[Confederation]
Country=Confederation
TechLevel=1
Credits=0
IQ=0
Edge=North
PlayerControl=no
Color=DarkRed
Allies=Confederation
PercentBuilt=0
NodeCount=0

[Russians]
Country=Russians
TechLevel=1
Credits=0
IQ=0
Edge=North
PlayerControl=no
Color=DarkRed
Allies=Russians
PercentBuilt=0
NodeCount=0

[YuriCountry]
Country=YuriCountry
TechLevel=1
Credits=0
IQ=0
Edge=North
PlayerControl=no
Color=DarkRed
Allies=YuriCountry
PercentBuilt=0
NodeCount=0

[GDI]
Country=GDI
TechLevel=1
Credits=0
IQ=0
Edge=North
PlayerControl=no
Color=Gold
Allies=GDI
PercentBuilt=0
NodeCount=0

[Nod]
Country=Nod
TechLevel=1
Credits=0
IQ=0
Edge=North
PlayerControl=no
Color=Gold
Allies=Nod
PercentBuilt=0
NodeCount=0

[Neutral]
Country=Neutral
TechLevel=1
Credits=0
IQ=0
Edge=North
PlayerControl=no
Color=Grey
Allies=Neutral
PercentBuilt=0
NodeCount=0

[Special]
Country=Special
TechLevel=1
Credits=0
IQ=0
Edge=North
PlayerControl=no
Color=Grey
Allies=Special
PercentBuilt=0
NodeCount=0

[Basic]
NextScenario=GDI2A.map
AltNextScenario=GDI9C.MAP
NewINIFormat=4
CarryOverCap=0
EndOfGame=no
SkipScore=no
OneTimeOnly=no
SkipMapSelect=no
Official=yes
IgnoreGlobalAITriggers=no
TruckCrate=no
TrainCrate=no
Percent=0
Theme=No theme
MultiplayerOnly=1
TiberiumGrowthEnabled=yes
VeinGrowthEnabled=yes
IceGrowthEnabled=yes
TiberiumDeathToVisceroid=yes
FreeRadar=no
InitTime=10000

[Lighting]
Ambient=1.250000
Red=0.950000
Green=0.850000
Blue=0.850000
Ground=0.050000
Level=0.008000
IonAmbient=0.720000
IonRed=0.300000
IonGreen=0.400000
IonBlue=0.750000
IonGround=0.000000
IonLevel=0.000000
DominatorAmbient=1.500000
DominatorRed=0.850000
DominatorGreen=0.200000
DominatorBlue=0.300000
DominatorGround=0.000000
DominatorLevel=0.000000
DominatorAmbientChangeRate=0.001000

[Preview]
Size=0,0,111,52

[PreviewPack]
1=mxwAIAn9y3z9y3v9ynr+ynpsAQBJzH3+zX79ynr7w3L6v2r6wm7/ynj+yHb5v237wnH7xX
2=P6w3L7xXT+y3z9y3z9y3z/z37htHW4jV3er2byx3n/1YP/14L+0X/+z3//0X//3YP/3IL/
3=3YP/3oT/3e0B34wBCNaA/9GA/9OB/9J/YAEAHNqC4L54Z1VK4rh3/9Z8/9F+/tCA/89+/9
4=B5/9B9/tN//9iB/9aC/9aA/9N6/9WMBwAF0X32x3jZsnf/0oH/z37+z37/04D/3oRoAAHc
5=g//daAAAAv7Rf/7Pfv7Qf/7Qfv/UgP/Sf/7OmgHRf3ECz5QDwARsBAAD8sBu6LNlwIpL4L
6=Jr/9KC/85//819yAAAGsx8/819/cx9/ct8/sp7/ct7/dJ7/tF+/9+H/9qE/9uK+L5q/cl6
7=/cp7/cp8ZCkAOst8/ch4+8R0+8d0/NN9/dB//9KA9Md9985//9eA/Mt3+sJw/MZ0+r9v9r
8=dl/st7/ct8/9Z/pYRhpWtM4JNVwZFe7b1v8cN3/dGB/tBsEwP+04D/3INpANuJKt2UKgBT
9=24P/1oL3ynz4yHz2x3v2yHvzwnr70H7Us3VoVke7m2bmzKD/0oP+0Hv80X/iyJ7/04P/04
10=D+z3/7zXr7z4Hhxp7/1IL/0Hv904PNtpmfgGD3yn390n//24P/2YH/3YP/34T/3oNoKgTe
11=hP7SgP3QZzv+0YBgK3QqBID+z379z36XKn7/1H4U/c+MKwAU0H7/04L/14PdtG3SqGjtsW
12=P1v3T4xnv1w3r1w3r0wXjyvnf7yHlwKQvNfP7Wgv3Rgf7MfP7Vg3I72YhkPgAB1H7/1oD+
13=zXz+yXv+znz+14P90HgBAC7/2on/44rXs3V/aFKskGv/3IX/2oT8xXX2tWH9yXr5v276wn
14=D/0H72xXmugVO6hlG+eknAfU/iol7OllL0xHb9eBaYQArSf/7Sf//agv/bgv/ZaAAAX/7U
15=gP/QfvjIeu+/d+ayb+67dfbHfPG8dP3Of9Owab2oc5KMi7yidOzDcdW7fpaQjq+bcPDHev
16=/UgevEctK5gZSPjrScceG9btO8hZGKiIBvVbCYXefJd//hhv/Zgv/Ygf7XgfzVgf/XgfzV
17=gf/VgP7ReE+IKowooBMEz33/1X//3Ig8AtmC/tOArCsApPzPffnMedunZb6MWdiBP9WSUd
18=+saeu2cuu0cfO+dvG7dPO+dP/Mff/Nfv/Xhf/eiv7NfP/Sf//Sev/Se//Ugf7Pff/Sfv/P
19=f/7KfP3Ke//Xhv/fiv7Nfv/PffzeirmbbmNSRXpmUseobvjZiP/ZgfzJdfvBcvzLdv7Kdf
20=/Ofee1cOKnYPK6a8KPVs+MTeayX/TDa/7Ofv7Nfv7Qf/7Tf/7Sf/7Rf/7SgP7Rf/7RgP7O
21=fv7Pfv7QkIAC0oD7zX5ydNOBZHQARtaB9s2BmZSLaGdlZ2FStZplmJOKbGplYl1TwKBm/9
22=iB4Ld4jIqGamhia2NUsJZlkIyGZGNgaWNUzKxo/dqC/teB/9CA/s5//s5/7Lt18b127Ll0
23=8sF3/9WMUgXOfv7Pf//Uf9pk3IJoV3SBjo7cg3SNAAPQf/bJe/HHctaUUbdzRMx7P9WWVf
24=dkdwBDevvHef/Pff/Rff/OfvjFd/C9cfzLfP/Zhv/ejvjRcujPneXKl//ljf/Of/fDdOaw
25=auKxbv7NfP3Kef/ZiP/djP/Xgf/ikebEf6KDV5h+U7WWXvDIemBMABTXh/7QfPnBbPK8b/
26=C+cf/Qfv/NfPLBeuaqaNGXV+i7dP7QgP/ag3Ij04B5c9B3J/3Pf2BehJtwRABn0oH/04H9
27=zX38znz7zX38z376zH3yvXDrs2fouXHWuYPtx334yXfisWzHo3LYpWLmqV/jqV/ormHbp2
28=XJpXPjs2zxumrkt3PMqXfdqWTqsWXxvHD0v3Lyv3Lwu27psWbss2byvXH+z339z37+0oD+
29=0YD+0ID+zn7/1ZCqpI9xqoRuK92EdGYACtaB/s5977539cd63ZFNxYNH4a1n4Ktr+MV5/8
30=yQpA7Je//QfP/UgPC+ct+vaP3OfXh5AAjOftq9daWainx1Z9CzdPbKbdW6lsGkg/nEcWBY
31=AtB9/tF+ZIwIzXv+04L/4Yn/3IB4YQLhj//WfnytAdiJ/tVgZwAN6LRr6bhv/s5+9MF35L
32=Fw5KZn2JZY26Zk3bFu/9V//X0mfXC/aEIBfv7Tf3gZADTPff7Qfv3Qf/3Ofe24bOauZOWs
33=YuetYuiuZOOnXeWpYOOmXuyuYfO2ZOyvYuuxZfG6av/Ldv/OffK9cOerYPvLe/7Mev/PaN
34=IAGP3Off/PfP/Nd/7Mev7Qfv7Rf/3Tfv3OffvMe/vKevW/ceKjWfjFdv/Qf2UR0JLO0n98
35=12wo+bjemCgAIN2D/9yE/dB/9MV53apj3aNgsnNGpH5W9MF39sF4/Mp7/cp7/s98/9N+/9
36=h//9iA/9mBaDAAFNiA/9Z//9B7wKV9fX57aGRbnYNazLJ3lY2DbWljn4dc+9F8/9R/Zg7S
37=fWqoy3t2q9J+ajDTgHAsCM98/sx8/cl8/cp7aO0AGtiB/9B8/Mh698R46K5k7JxQ0YJNuY
38=NV4atl16Be7L5z/teH/tSC/tSB/tWCdAAB1IL9zmgeDPS/cfC5bfrJev3Nfv3PfWpUzXvQ
39=WQAI0H78zXzxv3XsuXTywHj/0YDvvnbyvnLxum1oM3TwYHZs8QHQf//QeIWE9QF//9mBYW
40=fUbF4H8Llr5qlf+MZ3/m7ogf509nrQ/9WBQ95i/f/dgHwAGt6D/NiB+cl8/NJ+lWtH0Y9P
41=3qFfe1dDcF9O/M1//9B+/cl7/sp6/9N9/9iAaQzXgA0F14D/13//2H9grwAI0n3ku3nZrn
42=D4xXfFqnqKhnuCdmGsl2P10ntx0cttJf2LqP3JeWJA1n9lMtR0KtD+Asp8/st7aDMAINd/
43=/9B9/9B+8MB046dbqnRJx3tG6J5SvodK3rdu/+aW/9+L/+CI/+CN/96F/+WU/9mEJagjAt
44=WB/9eCIqwiImUifiJ3JNSA/2BYmOsABdJ/+M99/dJ+/9N//9CA+cZ38bpt/Mx8cFBsXmiH
45=fCkiBiV//WNPfv7OYWH/bAEKgPvNfPTBcvK7bvC5bH5T0YByBc9/fEEklCUC3IL/34WcKQ
46=ANhvzRfdOfXr6KVpppQM6TT8yeYriTZpF1UsKdYee6cmAQfiaA/2AolVHXImwjegHYgXAp
47=AALUgPC8cNGaWNipZf/chf7UhPzViSIgJwLUfv/Vfm4u1H9kUALLfP7Ne3Y52YByLM99In
48=wluF4Fy3z+znz+z31x4M1sAQAY/859/sp64Ktl6a9j05dL1aZd/N6O/+aV/9+K/9uF/+GR
49=/tKA/taB/9uDbIUkqCkC34T/14FkCHFxgCMdJYJ2P9qBZB0B4IT/35hwBdOA98N177lshF
50=MBgP/TgmgqJN0o1niyAf/SgP8iPSl/dLFoM2TddDMM0H/4xnfwtWn1vnH9zHz+cWJ+IhYk
51=z358OAAF2YL5zXzNpme1hVbei0jBeEbWmk7guGtgiAjVf/rLe/G5be+3a2DTAtR+/9mAfi
52=PXgYworQGAIlklzCK8LQn6xnn9yXv/z3/+2opgTAjei//aiP7Lev/Ufn0F1rFZf2Ir2IB+
53=WdN+IzgqA3v+zHv+ymgAeAEByXv9ySLAL5hYAAd8/st89sB08sN268Fz/tuK/+GO/9yH/t
54=OBeHAC2of/3IYifiXhiyItJ9Mi/iz/14iHcKpscGok0n8itCYB3YP/2iPGKNyEcEcAFNSB
55=98V36rFm/c59/dCA6LVw+8x8/M999cR58L549sZ777939cV5jE+MowLQgP3QgIz3ACKA/9
56=WB/s9++st3/teE/9aD/tmH/tiE/Mp0uZFauYdTxYVN0X5DkV1FwHdBqnVF7bpp/ct7fDJg
57=sgR+/sh6+sZ4YprRfWkk1phM/VP+InQzYNMidCQCznz/z314EwLIef3IemCgAdmA/80ikC
58=9+d9N9aCp7W3//03R7jFJoe3VRy3wmdSrOa6j+yXpoKgLJev7OfZxBB4D/14b/24f+1YJu
59=fNaFZGUAAtqH/+iT9dSF1q1p6bx27bFo8MN2ImAmZCkjHiXPf2xAIhAogCIC0n//14JhMd
60=EifDQD98Z37bVpZFMACNB/98h6/tB/8MB36Ldx6LZy9MN49sd69cV4IgwmbHy8MmjkIpQu
61=AC7PffzGcf/Xfv/di//dhv/gjP/fif7Xep16TVs9Mbp1QN+KRriDTd2sat+tbffGe//MfP
62=3Kev3Ke/7Le/7Le//NZp7+y4YCzHsjdSR+IqAuBMt8/8x+/82SttmBIv0s2JyAAAXKevfC
63=dPO5au+7bvbFe/rHe//Le//OfHaB2IF4W4/3/s19ek/LfJwmY9z9y3t0JALWgv/XhyKmNt
64=aHdLQAGNeC/96P/9mF/9yJ/9qF/tOE/9qI/9qD/+WU/tyJnHdJg1w6sX5RyJ5h+4SttFEL
65=/9iB/tN/9sV7+Ml7/tCIhyRIMux2DPjHd/C4bPzLfP7RgP/RgNijAdGA/89kqmbX14Ai/j
66=jbgmzQAdJ//9UimDMigDkI0oD5u2b6vm39ynl8awAM3o3/24f/24H/1XywiFKjcUHntGn4
67=x3XvunP2wXf8gG14RpB3tEVo+QAxynv/zX36yHnrtnHuuXTxvXf3yHz2xnfuvG/isGbitm
68=m9m2jVq3Lqvnbjs2bptGbFikyeeVbKnmXlqmHsuHH2wXf90COMMAXTf/7Re/7TfXyDYNOs
69=UmDBA/zHd/rEbyLtMNVonwz/24v+z3z9ynr8znv9zHtoewAU3ov/1oX/0nv/14T+35DUqF
70=+kdT+NZD6mYjurfk/8zHj9z4D+0oBlStVgpgPzwXfuvHTUybApYMcKfv/Rf/fGduaqYPvK
71=en3y0YiQAdJ//s2Y+iRiONJ+Irki3SIgOQT1zn7ZtHX/iFoL/NB9+Mhw/sx2+sVv/MYiDC
72=wD/s5++cFtIswyB8505rFj98Fz/8+ocmS/cl/NfCL3Isx9/SK4LgA3e/7MffrHe/TAd/PB
73=d+OtbOawbvTAeOe0ZtioXe23acOMUdqpZbGLYJJwTIRmQu/AbvS/b+i9cLeZa6F/VsGQSc
74=WFSOi0cPrGeXRRCs17/MV1+b5t+sJw/sxgUgAg/MR0/Mp0/9iC/9uL+sNv/sx6/9F7/9J+
75=/9uN/tmK/taE/9yK/taF/9WA/+GR/9yK/tCMEwAGz33qvnLmql7aqWTXlVLTmVnqunLuvX
76=f9fXqAqMOYH5B0gFKcnnT2Cf/RgPbDdeasYvzMfGwECNZ//9+E/9aB/tWAcOMB1oD+1Zgr
77=JGw4ACDcg7mYaWhXS/jMgP/Vf+e1a7aFTe7Ecf/cgv7Te//eiv/YhPzMdvvCcvvCcf7Fcf
78=3JdyJeM9h/bXDXnAgF2IH7znz5x3gi8UHJIlwkABz6x3jst3DvuHHtuXPwt2/0umzXlE34
79=x3f6yXvquHH4xXrqvXXGoWXYsGr/24T/ItAiAAaI7s170LBs0aJd2ptQ87Zh97tp/Mp4/d
80=BgKAb9x3j2tGL8xXYiTDEAGsx5+sJv+sFw/cp7+sJx971o/s18/MZ2/cp6/9WF/92O/+KR
81=/9qI/c17/dKAdnjMfCLAIwAFzXz/y3n8xXX/1oTtsGnSmFvdrWjgq2h4dgTSf//Ugf/Ygv
82=3VgGBVI/Ej/ZQAiVGAc/K4a/wivSeAYnnWgWTUAdiB/NfDB//XgSIUMyJsPgAQgsCebG9b
83=S8OhZuG8a9uhW4haPsWUUvnPd//agP/ejP7WgmQyIgAvDoX+0H76xG39xnTyxXzmvXn+Im
84=Q9ABZ//Mh34adf2qRh/s+A/c17/Md1/Mh3/cZz/MVz/cdz+b5n+shw+sp2cv7SgCIhIdaI
85=EgLfhf/jh2qN3oRkFAB02oL/3ob/0Hz7vWb7wm/2tmL8yHj9zXn5w279x3f+0Hz7xG//zX
86=r/1oH/0oD9yHj9x3j+ynr2t2b3umr5v271s2H9yHn+zn38z3790Xz8zHn8x3f9x3n+y3r9
87=ynf8xXX8x3b8xnP7w3Ltr2Lom1Xfo2HYm1nhsGfrumvltW3ovXT/2YH/14J6r9WCiPMjJE
88=eUVAb7ynv3wnT8zHtsK5x6YDQI04DotHLqtXH2xXoi9C4AX9SA/M5/+Ml+/9KA3rJsw5FW
89=5b91451WyIFF0qZh469f98ly/tR+/s9++8Jw/tN8/9mH/9iE/9N96bt4iXBWhWxY7cB+/9
90=J/+MV377dt6bNt/s9//9uC/9SA/tV+/s99/8+A/tuF/96J/+KM/+GN/tF/I5QlkVneI/wv
91=IpU6gnaN2oJoQgB+04H9yHb2tmH9y3r8yXb5vWr6xnL7yXX0sV36vWXot2rcqmfyvnn5w3
92=r3xXj+z3v7zHz7wXH6tmL/zXv8w3H7xHX6wW/5v279zHv/3Ir+1oP+z379zXn8yHb/03/8
93=xHP8y3T9y3nntmzlpljmrl73rlzWiEXfj0vOgU3LlFrRpWbswnX/2IL91X//1ID+zX3+Iu
94=UyfiIGOs9+IrAwAc19/s4jBCKEqgBr/9aC/89/+8x888d5/NB/9MZ47sF47L129cZ6+M9+
95=469l2qZk04JGzYlM/9F++8l3/NWA/tZ+/+GN+8x4+8Ny/sx9/8x9/9B+27V4eWVQZ1RErY
96=5l369m36BVwI5U4bFo+cd3/M15+sRv+cJs+Lxo/Md1/tKB/NB6/Ml1/c+ZOtAjQkzZgXmO
97=3iSYPyTMVowrAIPagv7OfPm+avzJeP7Rff3Nev3JefvFdPnAbPrAbfnIeOizZs+aWqV+VN
98=6tYsiVVtCkXu67ad6jW9Snb/fFev7IdfzFd/3Fdf3Ief7IeP/Off7Pev7Tf//Sgv/Tfv3L
99=evrCcfrCcvzHePjJeuO3Y+21Z+ytY96jXZZsT8mFUotbQc2QVeCuaNqkYfPGef7Xh/7SgP
100=/VgnIm1354nQAs24f/34j+3Iv+04H9z3rhsmverWjMllrurV7imlCZYTram1TssWLfpWHZ
101=n1qvfk7boV/Mf0TSo2P6ynvqtmy2Wv3OIqwlADH/zn38yHnuwXTuyHnswXKpiFWjgk7HnV
102=DtvW3uu3TntXLhrWjxwXX9z378y3n9znz7x3T7xXL8yXf8yHX+0n7+0YH9dL0isEIB+s5+
103=/CKVOoOVe4EiMEok+D8C34T/2YJwDiNoNgL8zHz8zCP9I9ucqgA02YP/0Hnqu2jSq2j2xX
104=njsGzwvHTosGbQoF+UdFnJnmf6zHr/1YH5zX32xHXps2Xou2/614P/3IX/4pP/2Ib/34f/
105=3Y3+0GiuABj/ynz/0IDzv3fksnKdf19qV0iohWOKaE7mk07jm1K8iEzownb/55j/3ol4ag
106=Xdiv/Wff7YhiLISwBb2IP/4ZD/34n/2HqogU9aPjOvajzum0vehkGvZjXbezvllEnXj0vu
107=olG6eETLm13brWz+zXv4xnnptmz+y3v+ynz/zX32xHjqs2jjr1/pvHD0xnfpsWjpt27+y3
108=f9y3n0wHX6zH77zH39zn7/0LThIlRWIvpL0oEjYEF4iCJ5Js+MfwXVgcGebtGsdCI+Ms9+
109=ZL8B34L/3pJ93YMiDSbWeOsD+MR1875wIjYi0H9p59QiKyj/2IMiDCkALteD/c9/+cl8/t
110=J+98l4/NF/wp9qmXxQoX9K3rpx5btq36xf7r924LBovpVa5rZt+Mp8/9yK47Zs985//9F+
111=/s0iFEUAJP/NfPvIfPLCepV5YW5YQ4VtUXdhSbKDSsKLQ9yvZP7ikf/klP/diP/eiP/fj/
112=/Tgf/TfP/biHwpAB7ahf/dif/bgPfNd5ZzSZRjO+ClXd2oZeKuad+mY+GqZuGoY+62a+ey
113=aPfEd//Ofv+Qg3CqAAzMffrNe+G1Zt6tZuu/c/nIeeq3cf3PfvLBeP/QgP8ipDYisEsi/j
114=LWgJBKIzQxAdN//tYiSD4M/tF//Mp6+8d49b1v+sl5IqE00CJYOgADvJlqnoFY2rds/dWA
115=/9uC+tuN+9eJIvY90H4iaDwH24L9zn7vuGv2wyK0JiLpJdAjNFIB0ID+0iJ0NoQCgNkAX9
116=OA+Mp98sN59cZ79MR567tz2axq88V3+cl69cV69MB36bRu6bNk151R5a5m8sV4+8h6/859
117=/9aA/9uC7sV6g2tT37R2nX1dh25RnXpSgWpRsJFh4btv/+KQ/+SS/+OS/tmG/tF+/92M/9
118=uH/9N8/tOCIsoq1IKMOgANf//cgf/VetSgWeqzaP3Gdt6kYvG/d+qzbfC9dfnHfHYnzXwi
119=pGYAAsx9/st8+Mh316he7Lhp6LRl/s97IvA1IkBJIgBEZAV9dIJ+dNiCImEg2JZ12IIiAE
120=10AGzuIgwgItQtB3/0v3HorGL6yHgi5FYACtKB8sV5zax21bJ188N36MFmx7WbtaiR78V3
121=/9IjUFoiqCwEgOuyZvK7b7wvIoQjIyZl/c8ixEzZAdBgWAz6ynzwwHfrt3LxvHX5ynwikS
122=PebIUihDUAAteB/NB+/Mx4255SzYxJ+cFu+r9uIkQ/ACDLef/SfdavdVpMRLaTaaqJYFhK
123=Q4FqWHJbSbmYcf/ajP/gjv/Yhf/bhv/ZhP7Nff/SfSKMYA7VhP/Ue//biP/ah//UfP3PeS
124=PcQAAFgf/RfP3Jef7NfvC9c9upZPjEdv/Nff4k2GsABst7/MZ377Vq/tB+2ZhQ5a9k+ch6
125=4q5q/HzXIgQrYJoijSSAaPAi112D/94jdE5/8oP/2ybEagXSgPjHeu+7dHQtCNuC/9OC77
126=dr9L9yeAcAC85/8sxs1sGftqeT57NtrZd5fHh0YVxShnVY9ct4lCciTCID561j8r1w8IMj
127=sEWQ15hSkonRfiI1Pc8ihzL90X1sASOTVv/YgiLoUpwyImwvACbXhPvGc/e4Y/a2Y/OvWv
128=m+bPvHdfm9a/S7bbuWZn5lUb+aaI90VXpkS2RSO31pSruVXPzSff/UfiIONd+OIvQ3CNR8
129=/9eE/9mG/tF8dA8i4CQiFzP6xXF8XAAB0YD/zn7+y3v7yHnYp2P7yXr+yngrInwoAAfGdf
130=vFdPe+avjBbPPDbvjIdvC/d/C/ePPDmBxwnmgqIuQvInxYmijbg31B0iL4YyKQJrQqA9yC
131=/tiB/CJrMIL/03zXA+62au61amhaAAvTfb+rg357d2FcUYxzVOC+drOpla6fheHBdPnNey
132=KAJyJATAR+7bRn+MZ3kCkj0EAB0H//1HBiIrlV2CPOPtuBIkpH24IiqlPdg2woJNRCjFgi
133=XjzUgCJYMQAm3oj/4I/8yXP9y3b4vmr5vmz3uGX8xnX+xXL/znmmgFayjlvSqmbswnThvH
134=Hswnb0xnf+2IT/4I0i1HgC2Yb/24xhKNJsECPVYHsj1D8Hhv7Se/rBbv/SfCLuP92NIrU+
135=yiJsayLaMtF+IroxzHpw7wvGdf3Sev7Sfv/iif/dimU+1iLASiK0X5jxcCMlhEoKgvvQfu
136=+9du27d/bGemQsYBwjTl7VgngBAdWB/tWUnAXRgOqyZ+64a2B5AAzSf+G8dLSplKqhiNq6
137=cOzPcsWzl6udgfTVfv/hhP4iiEB8sAPlqV/xuWx8BQTOfv7UgP7WI6wxpjXdhCK8UQLag/
138=/VgSIMLwLehP/ghmYC2YNwLyJQdQSB+8Ry+8pyfC8AGs+A/Mx6/tV8/9qC/cx5/s58/Ml3
139=+8Ny+Ltp/Mlx6bZqx5dY6LJn/9h+/+KNZMsI3Ib/4I//24n+1INyU9uMaN4E3Ij/24n/1S
140=IIZiL4YwAB1IL+0YD6xG/6wXD+yn3/2oX/2hEAAL0fACAAHIj+zn3/z3v+zHz/2IH+0n79
141=0Hr+0H3/1oL+1oT+0H//1oT/443+1YL+zn790H9kAgjTgf7Qf/3TgP/agmgAABDYgfzOfv
142=nJfPrLffrLe//Ygf/dg//bgv/Wgf7Ofv7Pf/7PdAAALP/SgP/RgO+2afXBc//RgP3Of+zH
143=bsWylKmfh/HUf7mrhXN0d1RRTpODXPjWff/WgP/RgP/SgeesYvO+b/7QcAhsCgAAAAAAAA
144=AAAAAAAAAAAAAAAAAAAAAAAAAAF9+E/92E+9B/88d688V5/9aB/9SB98R39MFz9cd28sBx
145=88Jy9MN09MBy+cd3/c5++8V097dj/sx6/9J//ch4+sRx/Mh2/9N//9WA/89//ct7+8lz97
146=lk9r1s9bps+cN0+Lxq+8N0/s19/sp6/9WC/9iB/9eE/9iK/tB+/tSC/tKB/9N+/9R9/9WF
147=/9eG/9aF/9iG/9F8/cd3/st6/s59/dWE/tF//sx8/cd2/Ml1/tZ//teE/s9+/9SC/+KQ/+
148=GP/tB+/9qF/+OO/tOA/s59/c999MR56LVx8L51/9KA/9GA/s9+/tB+/9F//9GA/9WC/9WB
149=/9SB/9GA/s9+/s9+/tB//tF//M198sJ5+sx+6a5j7LJm/9GA/9R9vKeBd3h5XVhRiHtX99
150=eB2cKF2r6A8MV4/s9+/tB/9sV357Fm7rZp/9B//9OB/9aB/9uE/96E/9qD+cl89sZ78sJ4
151=9MN26bBl5q1j6rBm7LFm67Jo7LNn6K5l6K1i87xu+sd4/s5+/cx7+8d1/c59+8Vz/MZ0+s
152=Fu+Lxp/s+A/s1++8Ry+8hy/Mh0/s94/Md0/85/+sBu9rZk/s19/sx7/cp8/c9//s99/9mK
153=/9iF/9iG/9mH/s97/st6/s98/tJ9/tB9/tF9/s99/9V+/s18/s96/ct4/sh6/tN9/c16/s
154=x6/tOA/daD/tJ+/s17/cd1/M16/tB8/Ml2/M56/tF//9B//Mt98cB288J49MF3/M59+8x8
155=/c9+/s9+/9GA+8p78Ltu77pt+cd4/c1+/9KA/s9+/M5+/c9++ct888N5/tCB7LRo8btt/t
156=CA/9B/98t92b2D1rl+8c99+tp069Se6MuY/9yB+8t66rBl5axi561i8Lhr98R18bxv8b9w
157=98d3+Md498Z39sV28bxu67Rn7LVq9cJ0/tF//9aC/9uE/9eC/9qD/9mD/9eC/9F//s9+/s
158=5+/tCA/tKB/9OB/Mh0+Ltn+sFv97Zj/ch4/9R+/9eA/MZ1+btq97hm/9CB+sJx/Mt1/Md2
159=/sx6/9N+/tF9/s57/9N9/9J9/tJ+/tB9/tN//9B9/9V+/9d//9d//9iB/9eA/9h//tF+/s
160=58/c98/sx8/s99/c99/s99/tF//teD/tmI/tSD/9uE/tqI/tB+/9mA/tN+/Mp7+8h6+cZ3
161=9sBy8rxt7bNn6K1i67Rp7bVp77ls7bZp6q9k46le46Vd4qVc669i6bBk56xi7LZp7rps8b
162=xu8r1w7bVp5qpg5qxh8bxu/tCA/s5/+Mtu7c2Z58iY/+SB0r16nJKFfXZpzKtx87lp871w
163=/9OB/89+98Jz8btu8rxu9sN1+MZ29sR19cJz7rls77dq+MZ2/9SB/9SC/9N//9eB/tKA/t
164=J+/9aB/9aC/dGA/s9//tF+/9aA/9aB/9SA/NF5/92C/tN7/tJ7+8Nw+8Ny+cJu/ct5/9F/
165=/st6+sRw+sFv/Mh3+sNw+sNy/s18/9eA/9iA/9qC/9mB/9V//9V//9aA/9d//9qB/9iA/9
166=eA/9eA/9mB/9d//9iA/9B9/9OB/9+M/tJ//tOB/+CR/92H/96H/tWD/9iJ/+GM/9iD/96J
167=/9qG/+SL/9yJ/89//c59/M58/cx8+8p7+sl5+897/s5+/9B/+8t99sZ59MJ498V4/9J//9
168=B+/Mx7+sp5+sl5/cx8/c58/c19/M58+sx5+cV267Jm9MBy/89+/9N+1754n5aGenNnt6Nt
169=xLGEhoR/dG1fpoxe6a5i9sJz/9GA/9GA/9WC/9KC/9SC/9KB/9J//9SA/9F//9KA/9OC/9
170=OB/9J//s9//s9+/tOA/tF//9KA88J57Llz8L11/M5+/9SA/9yE/9qE+8x6xZVW2qxi/9+E
171=/9qA/9qF/9mI/tF5+sJu/9F8/9Z//9WA/Mh3+sBw/Mp0/Md2/sx8/9N+/s15+8h1/Mt6+8
172=Ry97pn+Ltp/sx8+8l1/cp3/9N+/c16+8dz/cp5/Mh1/cp2/st7/tF7/tF9/cl7+8l89cJ1
173=/9iD/96M/898/9aC/9+M/+OO/+aU2rNtyZ5j7L11/tWB/9OB/tB//9F//9iB/96E/9OA+s
174=t85bJv469u8cB5+sx+/9eA/9J//tGA/9KA/9KA/tCA/tB//tB+/9iA/96E/9OB7bRo8rxv
175=/tCA+NB9v6V9hYJ+d3BioJFk+dlv2Mqmz72b/9t/56pg8Ldq/9SC9sV69MR4/tJ//tB//t
176=B//tB+/s9//s9+/s59/s59/s59/s99/tB//tB//s9+/s9//s9+/c5+9sZ5/Mx8/9KA/9KB
177=+M17tZFe2JRVn2I+pHhI8MJs/9qA/9uF/92K/9N/+sNx+8dx/tB+/st7/9GA/8x7+8Jy+s
178=Ny/ct6/MZ1/MV09Lhq98Bx/Mh2/Md29rdk9rln+8Z3+Lxq+8V2+b5s+r9u+sJx+8Nz+8V1
179=/Mh5/Md2/ct7/sx8/ct6/MR1/9KA/tmE886D/tB//96N/+eW37VteVk4pnBB3Khl+sp6/t
180=GA/tB//tF+/9aA/92D/92D/9mB/NJ++s98/9eB/9yC/9qC/tWA/9eB/9R+/tN//tGA/tB/
181=/tGA/9iB/9yD/9GA56xj7bNm/M1+8L1467th1L6ezMGg/+2HxrOAiYN7ZV9UoIxk7rVn8r
182=pt+sp6+81++sp9/tB//s9+/9B//9F//9J//9V//9eB/taB/tN//tF+/s9+/tB//tB//s5+
183=/taA/9eC/9OB/Mx+/c2A4rdws3pKmmBAunFH1H49yJxb3ald8MBq/9iD/+CP/9qJ/tN8+s
184=Jw/ch6/sx84a5l775z/9CA/ct8/Mp7/cl7/tJ+/tF7/ch3/Ml3/cx5/s99+8Vz+8Z1/MZ2
185=+8d3+8Z0+8Z0+8Z197hl+sFw/s1//sx9/9B+/9B8/tiA0a5xtpRo0Kp1spdv/+qM07J1h3
186=NYwpFPqXpEu31K4K1m779z/9KA/M1+/89//9iC/96E/9qC/9iB/9mC/9qC/96C/96E/9qD
187=/9F//tB//9SB/9SA/9KA/s9//s9//tR//9aA/9KB7rhs8r1v/9CA/9l/yriBi4Z9aGFYqJ
188=Zm0bJ8mpOBk4Ztu55o9MZ39sBy67Bl7bVp9sR1/tB//9OA+cp78cB38sJ69MN4/NJ+/9uC
189=/9qC/9OB/tF//tB//s9//tB//9qC/NF/9sV56rlz0KZpu41Wjlc20YJHmHdZ8bpvzptY4b
190=Fo+Mh3/s59/8+A/9KC/s59/st7/sx7/8188r90+cd598R3/81+/85//s9+/c55/tV+/dF9
191=/s9+/9R+/cx4/Ml3/cx5/s5++Lxq+sFv/cl49rZj97lm97po/MV1/sp88rpw/cx76b16gm
192=pVb1pJtpRvl3pax6VtnIBcYlBEvZtnupBg56Fb35lYzZlg47Vt88J38sB3+819/tOA/s9/
193=/s9//s5+/9R//9qC/92D/96E/9yD+8t97rx28L93+Ml9/tF//c9+/tF++9B++s1/7LVp7b
194=Zp/9GB/9SA07N8nJSBkYdtuaVp/9R//9SC/9qE/9uC/89//9WA/tB/9cBy7LFl6Kxh+Md3
195=/dB/9MR667p07Llz7rt0+sl7/tB+/c9//tB//s9+/tB//9eA/9WB77px6Llu5KxlkmJDtn
196=VIyJlR9MN0lHRWxp9o68Nz/deD/9uK/9eD/92N/tCA/cp8/s198r129L127Lpx4qhbzJFR
197=y51e9cJz+s16/Ml0+cFs+sJt/Ml4/cp5/cx6/Mt2/tB7/9R//cp5+8Zz+cBs9LJd9rVh+r
198=1p9r5t+sV25qxm/cx878J7lXpZbFhEjnZegGpScVxNy613uphhr41him5V05pT4Y9LsG9J
199=z5BR5rZr6rdy7Lhz+Md7/tF//s5+/tB//s9+/9WA/92D/9+E/92D/dR/9MZ588N3/M59/t
200=B+/tB//9aC+cp967dv6a9j9sN1/tB//s5+/9mA/96F/9+G/+aH/9WA/9+Eu51pyapv/9+D
201=/9eA/tSB/9SB/9OB9sBy7rNo98N0/s59/s9+/tB//9J//9WA/9aA/tN//tB+/9F//9OA+9
202=GB8MRz67xqyJRY3o9Sums8s4JS+cZt/tGAzadss45X1qZd/85+/tOA/s18/tWD/9eB/ct8
203=/ct86bVv4a5e57Vi67ty77513aZiy59h98p8/sx6/cx7/cx7+8d1+8Vz/teB/dN8+8Z0/s
204=58/cx5/c59/tGA/tF9+8t58bxx+85837Fl1KNh+cZ4/89/+sx8zKNrfGJQdF5MYE09nINd
205=57tx9sZ6uZRhs45Ww49TuX9M0IhO055i2qlk47Bt+cV4/9OA/s5+/9SA/9iB/9WA/tWB/t
206=WB/9WA/9iB/9aB/9OB/tB+/tB+/c19+8p79sJ07bVo+MR1/9F//tOA/tN//9WA/9J//89+
207=/s9//96D+96GcWBPjnla/+WH/96E/96E/96E/9mC/9GA/tB//Mx8/dF+/tWD/9N//9mB/9
208=uD/9eB/9OA/M199sd898h87rt367t39MJxxHxEuYNS561i67dp/9J9/9eC/9+L/9uB/8p4
209=/sl4/9Z+/9B9/9B+/9aA/9F/8Ldq0JZX57xw7Lty36xs7bt08L1y98l7/9GA/tGA/s9//s
210=9//s+A/cx8/Mx7+8t7/Mt7/s9+/9OB/tGA/s9//tKB/tOB/M5+/tB/775057Vt5LNp469m
211=8b90/Mx9xJxjs5BapoRSuZRd3a9r/859/9N/+8V58Llz6rVs0ZlY6qRe4qRe2aJhvpdh+c
212=t5/9SA+9F8/9SB/9OC/s9//s59/s9+/s9//c9//dB//tOA/c58+8l5/M18+8t6/s9+/9eB
213=/9yD/96D/9yD/9uD/9qC/9qC/9eA/teB+taCt5lol39Vyq9o8dF8/+CE/9qD/9F//tGB/c
214=p6/c94/9uD/+OQ/96J+sd3+sh6/9WC/9qF98h77L5z7L107rhuuItZ0pBUynY84LFt8L94
215=8rRo+blm/st8/tJ+/tB9/9N//9aA/9R+/Mx7/MZ1/s16/9B/7rJq1pxc8L5y+819+sx9/M
216=19/9SC/9GA/tF//9uD/9qC/9iC/tWA/tOA/tF+/cx898Fz7bFm9cFz/dCA/9SC/tGA/tF/
217=/s9+/tB//c9+77t398l83Z1V15RS/9SB/9N//9B9469m/899/9R//s98/c95/9N9/c1+9L
218=5126ll5q5d6bJfzolOglE46KZexJRc5ali0aBk671y/9iC/9iD/tB//s99/tB+/s9+/tSA
219=/9iG/9OB/9eB/9uC/9yD/96E/96E/9yD/92D/92D/96E/92E/96E7bt07rx177x09MZ39t
220=N9/t2D/9qD/tOA/s5+/c59/tF7+cRt/ch5/tSB/+WO7r91675w6rlsupJcwYlS3JtV3Z9Z
221=6qFWxHhC0odIxIJH9MR4/sx7/cx497xp/ch5/9V+/9d//9iA/9WA88Z7g2xS3bBw/9F+/9
222=CAv5RmrIRX8sFz/9F//9J//9F//tB//tF//tN//9yC/92D/92D/+GG/92C/9iC/9J//tB/
223=+MV37bRo6rBk8Lhs/M99/9WB/tB//c5++c1727Brq4FV2YZHz4lM/tR//s59/cp8/8x9/9
224=F//9R//Ml3+sJx+sBv/Md2/9B//9GB9sZ07L5rzpdTqG082p1buX9P55FPsXFK1Jte1qFe
225=3q5o+NCB/9uK/9aB/9d//9Z9/+CN/+GN/tB+/9aA/9+E/92D/92E/9yD/+OG/+GF/9yC/9
226=yD/92D/9F//M1+/s9//89//9SB/tF//s9+/tB//tKB/Mh2+cJr/tF+/9F+/9V//+OR/+WR
227=/+CD57ppXUc4hFI11IpJ15FM8aNSp2s9ypNU6LVr/Mp8/MNz+sNv/ct5/s16/9N+/9Z//9
228=d//9V+2rFyWExEs5Jm+c5777xm2Kth6L12/9B/+8x8/M99+ct9/c+A/c9//tF+/9yD/96E
229=/tSB6LVx+st7/9GA/s59/tB+/9KB/9KA+8t68LZp5qlf+Md4/tJ//dB+88l00KRdlGpI04
230=JFy5hc/9B9/st8/cl8/s98/sx7/c55/tB+/9J//tJ9+8Vz+Lto/ch3/85//85/+8h58Ltv
231=36xq5rJnzZNWrG9E75tPzI5KyJtZ+t2M/+aV/9uE/9uA/tuI/tSC/+CJ/92L/9eE/9d//9
232=yD/9yD/+GFz7Nz0LNz/+KG/92E/92D8sR3/9WB/tJ//9WB/9KA/9B//9B+/9B+/9KA/cx7
233=+btn+r5s+8hy/9eB/96M/+CN/9mB/9+D3rNpkmhBwYtP7Ldt6LBt26lp6LNv77p1/ct7/9
234=B++r5u9rRi/sx7/9V//9mB/9N//9B9/M98wZlitYlO5LRk8MJz9cBw/9F//9SA9cZ56rdy
235=8cB3/tJ//9V//9uC/92E/92D/9iB+Mp6/NB+/tF+/tWA/tB+/9B//9KA+sx88Lxv5Kdc9s
236=N0/tB//tGA/9OC9sZ32qtq15xW26Jf/9GB/ct7/s17/s17/taB/tiH/s98/9J9/9qB/9J/
237=+Lxp+Ltr/9F9/sx8/8t8/81+98V57bpw3Kdh9sV23qRX0J1T9NCC/+iW/+KQ/9qC/9V+/9
238=2L/+SS/+SR/+CN/96K/tB+/9eB/+CF/d+Ge2hSiHNY/+aJ/+CF/92Ds31I46df57Bm2Kxs
239=9MV298V6+ct9+8x++Ml7/tGA+896+8Zt+sVv+sBt/st7/9KC/ch2+8hy/9Z89MBs46xh/M
240=l8+Md8+cV5+cV5/899/s58/sx8/cp7+sFx+cFw/ct5/ct3/cp6/Mp527NzxZdf8b9u8sB3
241=67l3+sx8/tB+/tN//9uC/9qC/9iA/9uC/92D/92D/96E/9yE/9qC/9yD/9mC/9uC/9qC/9
242=WB+sl66rJm6rJm8Lxv/c1+/9KB/tCA/s9//tB//c596btu3pxW0oZL9cJ5/9J+/9d//s58
243=/s5+/92I/taE/9B+/taD/9N//85+9bRi+r9u/9B+/s18/sp7/8x8/s99+9B8/89+8sZ3+9
244=iH/+CO/9+L/tOA/s98/tB9/s58/tB+/dR+/9iB/9N//9B//9OA/9iC/dqDr5dninVSzbFq
245=8M98/92DwIZHyoNG3IhMun9SzZxexJtj67ty7Lpy6blz98l7z59dy5xa/92B/tR7/tV//9
246=qJ/9V++sVw/Mh1+8Nt/8p6/sx9+cV2+8p6/s18/sl6/cp6/cp7/s19/85//cp8/cl7/cd4
247=/sx85bNthmdUrHFL26Nc8b928sF3/tB//s9+/tN//9yD/96D/96E/92D/9mC/9mC/9eB/9
248=2D/9SA/s9+/s59/tB+/tB++sp667Fl9L5w/tB//9KB/9CA/tB//tB//tJ//tB//c9++s54
249=5bRpx5NT1qJl9MB5/cl7/858/st6/9KB/96O/9eB/9mJ/9+Q/9aC/Mt1+8Fx/9J+/9V+/s
250=p7/sl7/sp8/st8/899/9F//s59/sx6/9uG/9+N/9aF/9R//taD/t2J/+SQ9tOB7cV7+sx+
251=88F577x3+9B+/9eA88t66L906Ldz8b947b5w7bZjtn5MvnhHpmlCn2c/9rli56lb355Z7K
252=Var2xAlGpE5rVk/9uA/9mD/9yL/tN/+8Nz+cRv/cx6/s17/9J+77lu9MF1/st8/sp6/st7
253=/cx8/Ml5+8Rz+8R0/cp8/ct7/8x7/s16t4hWuI5V1J1Y+sl4/9F//s5+/tJ//9yC/9+E/9
254=uC/9yD/96D/9WA/9B//9KA/9SA/tGA/c9+/s9+/s5+/9GB9MBy7rZq/9KB/s9//tF+/9uC
255=/9yD/9mB/96E/9qC/9uC/9OA/9aC679xz6Ni26Ne5K1n/s1+/sx8/st8/9F+/tR//9F+/9
256=SE/tWB/tB+/sx8/ct6/858/st7/cp7/sx7/s17/s18/9iA/tJ+/9OD/tCA/9eF/9+P/9yF
257=/+GO/+mX4L12km1CrHxO4a1oxIlQuYZQ7Ldr7r9y8sN18bxy3KZl+Mh7/sZ0/8p667No67
258=Nnt4JIu3c8+rVY25hQ36JX+LNY0ng7xZZW2Kde7Lpl/tZ//9uH/9OA/Mx89bJg/cl5/9J/
259=/sx7/8x9/8x8/sx8/sp7/cl7/c99/dF7/ct8+bxs97hm/s5+/9F+/tKA7a9j3J9V+cx7/9
260=KC/tF//tR//tB//tB+/tF+/9N//9iC+c198sJ49cV688F3/c9//tF//tOA/tB//tB+/9B/
261=+MR28bpt/Mt8/tF//9eA/96E/9+F/9+F/96D/9yC/9N//s9+/s1+/9OC/9iE77pkxoVC4a
262=lk/9GB+cZ588N0/9J9/tB6/sx6/Md3/cp9/st9/cl7/sp8/cx9/cx8/sx8/858/s17/9mG
263=/9iC/9uK/92L/s17/cZ4+8dy/+GP9NWEsIBFfFw5nGI96YlDpls1tXlByoBG5KJg0pdX56
264=lewoVLtoZQ+8Ny+sFx/cJw+bhk+sNx6L2B4rBy5rBp5LBq7LZp8Ldq+cV0+ch49cNz/s9+
265=/9mH/9aB/9uK/Mp3/ch4/9aA/9WA/9F+/9R+/9V+/s58/s18/M14/cx6/ct5+sFv9rZj/M
266=Z2+sJw+L5p8rll8rxs/9F//s9//tJ+/9aA/s9//s9+IoRlAALQgP7SgOezbuOubOq2cfjI
267=ef7QfogAAX/+z30ivGYAAJfSgfjFdfC6bP3Ofv7SgP/Zgv7UgPPEee+/efbEeP7WgP7WgP
268=/Ygv/WgP7TgP7PgPvLeOSsX+enVvSxXO2wYeCsZPvAbvzHd/7LfPzGdPnAbvzFdf7Off7O
269=fP3KfP3LfP7LfP7Me/7OfP7Nff7Le/7Kev/dh//aiv/RfvrDbv3LfOu/dNemXtGeXMiOUu
270=yiVdWXWNinYN+nWeqrWu6uYP2lScJsM7BkNP/djP7TffrEbve/bO3DZsOyna2eh/bDePjF
271=evbAeP/Nfv/Nff/MfP7LfP3Je/3KfP3Ke/7Ke/7Nff7QfuGwaNacW+u0a/rMev/Off3Ke/
272=7Sfv/chv/Wg//ei//Yhv7Nff3NevvLdf3Rev/agv/Sgf7Pfv7SgP/Xgv/Vgv/SgP/Rf//R
273=gP/SgP/RgPnJevrKfPXCd/3Pf/7Rf/7Pfv7Pfv7Qff7Pff/RgfbCdOqwZf3Off7Of/7Off
274=7NffXIefjJe/PCd/7Tfv/cg//cg//bgv/dgv7Rfv7Pf//Uf/7Qd/jAavnAav/KePzIePm9
275=avzGdfvFcv3OePzGdf/Sf//Yf/7NZin9y2sq/cp7iAAKfP3Le/3QgP7aiv7XgSIfbcx6/y
276=IGaoH/ZDUANH3ru3XruXXosm/xvnbhtGXotWDsuXm6jGPdm1L/2ov/14L+zHn9x260pIF0
277=c3RYVk6dhFz6znv/03//0H3/1n//1n/+035oAALQff7LfIQOAEN7/s185rVt3ahl87xy+s
278=d4/8x8/8t8/89+/NeG/tWB+8x4+slz+8N0/9iD/92F/tR//9qC/c5+/c59/dGA/c5+/cx8
279=/M18+st69sR298Z2+ch4/c18IshLAtqC/9yDIsJu0YAiOG9oVAp//9OB9MF046Vb/Mp6Ir
280=5v0X9gBAXjh//fhP/hhmwBBdKB/9OB/9WBZQLWIuhkABL5vWf8ynT8yXT90Hn9y3r9zHv1
281=tF/2tmL2tmL4v3D/14P/1IBsqQPOfP/Qff7YKAF7/sx7bAFsHJgcAcl7/cmFKdgjkF8AMd
282=iA/9Z//8x8+cR498N3+Mh67rdz5rxmxradnZF95Ldu+8Fx/s17/tB9/8t24rJpvKV+u6F2
283=37Rw/NN+/9iA/9mB/9f8CAfYgP/YgP/Vf/7OdA8A2/7LfPS/cfbEdv/Ofv/Of/nIe+rAce
284=OvY/jGd/zHdvvFcvvEc/e5ZvrEcP7XgP3TfP3Pff3OffvKevnHePrEdfO9b+61aOqxZuiu
285=ZOmuZOWqYemvY+62avnHdv7NdffFdPjHePvKev7Md/zMfPnLe+64bOiuY/jFdfzJdPnJeP
286=nJefnKd/7Ndf3Rff3Me/bEdvTBc/fFdfbHdvfJePrJeva9bPm/bPzIdvzId/zIdvrFcPrG
287=c/rCcP3LeffJd9epY+S0bu64c/bCef/Nff3Ke/3Je/3KfP7Rfv7OfP7Le/3Jev3Je/7PfP
288=/Wfv/ZgGAfIvhpBID/13/+035oKnAjABCA/sx6spx9c3V4UlFNhHFU/c96+sNv+8Rz/Mdx
289=/9N9/855aFoD0n//1H//2AeRKdd8CG4r0n6sNwH+ynz4fB0Ne/fDeN6qa9ClZ+/AbvPCb3
290=hDAALag//ehf/bg//ag/zLd/3Oe//UgWgwAAHOf/3Qf/7Rf/HGfIt0WN+1df/UjnzWgCJ4
291=egBT0X/0v2/vuWrTs5PuuHH0wW7zwnLWu5nywHTqsGTorWPsuGnsum7PsZDxuGvwu2jtvH
292=LWuZbttmzdpmTrsWbpsGXrsWbkp1/lqF7rsWbpsWb4w3P8y3j+zn79y3n+0X//0oL/1YJg
293=WAAH1IDjtmzLn2HWpWDRml/7x3z/0n/+0n7+zdJ9/suIVALLe//SfWgerB91AIAiPH0nlA
294=oAAtiB7r1z06ZozrWEybB86Ltw/9uFfB0FynPquGros2x0GwHQff/SmFJoUaVTf4gzlCoP
295=0n39yXv9ynz+ynz+zH3/0oLyEQAAeQOkAwACt27KjVLism390H7/3IT/3YT/3YN2AN6DgQ
296=GFcAIAC9qC/9mC/9SA/9J//9iC2bR2WkxFqYRc9sh5/tKAeAQAkt+E/9+F8c54z7l/ko+P
297=pJFu5Lxu0ruCkIuMr5tx99F8/9+G78t3zbeDkIqIsptx4r9xzLeEkI2MjX1iqIpk/96I/9
298=mD/9J//9aB/s59+8l6/M18/s99/tCA/s9//9WA/9yD/9yE/96E/9qC/s9+/9GC8sB34rNt
299=4LFp3qNd7Lpx/9eB/9F//cp6/cl6/tF9/9Z//9iA/9iA/9Z//9eA/9eA/9Z/eAEG13//13
300=//2IH/ZAIAHID/1oD/0H7/zHb/03f/zXr4vWv9yXr+yHThqmDdqGL+zn7+y3z9y3z+znz/
301=1X6BB4BxCNiUAAAU03/+ynv/zX3/zX39yXv/zHz3xnbutmnWmlXvu2/7zn3/3IL/3oRwI3
302=0pg3oB3YJ4AQAK3oT/3IP92IL3y33uwHfrvXezkmG1ll7Srmn71ZApAEncg//hhO/RgJOP
303=hXVxam1iUbOWYpiTiHBsZ2tlUs62bf/gheS9fY2KhWxqZG9mVbicapKNhnRvZXFnV4pxU7
304=2gY+rHdv/Xgf7TgP7Qf//RgP/UgP7Sf/7Off/UhCkE2oL/3YL/3mgSAB7+1ID/03/+zn7t
305=uXX3y3jXkE3hnlv0xHjcq2b9y3z9yXr9ynr+zHz/037/2YD/14D5H4HAAQAe1n//2YH/1n
306=/+zX39ynr8xnT7y3X8yXj7xnP3uGT8xXX+0ID/z37/y3f5wGz9ynr+bAoAJHv+z33+z33/
307=0X3/1n//1X//0X3+zXz+zHztu3Ttu3T/0X39z37Qo2LgsmH+znL/1oT/0oD/2IRQA9+F/9
308=uD/3QAAYL/4IV0VAAF4Ib/2YP6yHzsuXLtunPxv3b5wnf/0X58BQXbgv/hhv/fhGQFCOCD
309=/9+H4cqJ+tqGjB8AKIfiy4v71oT0xnntunTqtHDtvHjXtoH904T/03780oXgwYb90IHswX
310=bnvXT3yXv/1YL/0H//1IL/1YHMAQXTgP/SgP/Wg3QAACDZgv/bgv/ehf/TgP/Xg//Oe9ej
311=Yd24cN2WTt+aVfTEd9urZv7Rfv/Tfv7Off3KfP7PfHYe1YB2ANd/cFB9IH5gTAAF1n//1H
312=7+zX3+1X79zXr/2on/4ZH/2oIRAAA=

[Map]
Theater=DESERT
Size=0,0,60,62
LocalSize=2,4,56,52

[Waypoints]
0=86043
1=44045
2=44085
3=83084
26=51052
27=50078
28=74074
29=76049
699=62063
700=62063

[IsoMapPack5]
1=zg4AIAk8AAEA//8AAAACADtMAAH//wAAWQA8TADJAT0oKAABOgADANUCOygpADwoKQA9KC
2=kAPigrADkABPkGOkkBIUQMTQo7SgHhAU8BAgA8KCkAPSgpAD5JASJcA00FP0gBZAFLATgA
3=BfEJOSgpADpJAd6xCTtIAYkMA18KBQDidwIDAD1UApMJAwA+SQEmdwkCAD9IAZcCAgBASA
4=FwAksMNwAG6Qw4KCkAOSgpADpIASe3AQYA36kMPFQChQgEVg0GAIgMdg0GAIkMA1QN1AJ0
5=DdcCAgBB+AYCAgA2AAfhDzcoKQA4KCkAOSgpADpIAScPAgcAJGQPZx4HACipAT1BBCepAT
6=5JASOpAT9JAdm9FUBIAZAUbxAHAON3AgIAQlQCaAVfIDUACPkRNigpADcoKQA4KCkAOSgp
7=ADpIAZgRZUoIuBFtPAjxFD1ABNkRPkkB12APdyMIAM2pAUBVAtWpAUFIAZkRA0cTCADmdw
8=ICAEP0AgICADQACfEUNSgpADYoKQA3KCkAOCgpADkoKQA6SAGIDH8VCQDgqQw89AJvRwkA
9=23QCdTkJ8RQ/QQTUtQJASAGILWcpCQDpdAJmKQkAmBx9FQmEDFEqREwFjAECAgAzAArpFz
10=QoKQA1KCkANigpADcoKQA4KCkAOSgpADpIAd0KO0gBwTA8SAHZET1IAYlDAkdgCgDccBR2
11=LgoAyRdAQATdFUFIAdEJQigpAEMoKQBEKCkARSgrADIAC+EaMygpADQoKQA1KCkANigpAD
12=coKQA4KCkAOSgpADpIAdkROygpADwoKQA9SAHFHj5IAcUeP0gBwRpASAHFCEEoKQBCKCkA
13=QygpAEQoKQBFKCkARigrADEADPkcMigpADMoKQA0KCkANSgpADYoKQA3KCkAOCgpADlJAY
14=x7MgIAOkkBiqkBO0gBhHZtaAyQGFlIPVQCjAF0OSdVAD9UAs0FQEgBwQRBKCkAQigpAEMo
15=KQBEKCkARSgpAEYoKQBHKCgAAjAADQBIYwsGADHIAQEBBgAySQFFtQIzyQEBbXMN4SU1VA
16=LJxzYoKQA3KCkAOEgB0R85SQGFsR86SAGdgwJX0w0A0LUCPFQCcA2dIA2EAUkBPlQCzQU/
17=SAGMiWetDQDPuQZBVQLRqQFCSAGcBmxzJwUBRChVAEUoKQBGKCkARygpAEgoKwAvAA67HA
18=YAMCgpADEoKQAyKCkAM0gBYiUEBkaXDgBoAQEFAgA1VAIndATTCQIAN1UCkL0VOEkBh6kB
19=OUkBiakBOkkB1qkBO0kB0qkBPEgBxR49KCkAPkgBySI/KCkAQCgpAEEoKQBCSAHFCENIAc
20=0mREgBzSZFKCkARigpAEdIAdVPSEgBzQVJKCsALgAP4SUvKCkAMCgpADEoKQAySAGFCAZd
21=pA9U5FABbCaoAVFLNUAEJ8wE3ApsJicpADgogQA5SAGEuGZrDwCYtmVKD1AKSABmaw8AxS
22=k9TAXBJT4oKQA/KCkAQCgpAEEoKQBCKCkAQ0gBxVVESAFBDABZU0UoKQBGKCkAR0kB2L02
23=SEgBzQVJKCkASigrAC0AEPknLigpAC8oKQAwKCkAMUgBkAltcxCFAQBlKRCFKQJkKakBA3
24=RP3AoiBCInKQA3RAjdKzgoKQA5KCkAOkgBgAtkKcgMZSkQKCUFELDlbJQnKQA/WAbdK0Ao
25=KQBBKCkAQigpAENIASckBSeJAUVUAsEPRkgBzX5HSAHdCkhIAdFWSUgBzQVKKCkASygrAC
26=wAEfEqLSgpAC4oKQAvKCkAMEgBkAltnxGEAVEqMihVADNJAVh8An8rEQBHqQE1VAJoAV2k
27=NkkBSbUCN8gBVQI4SQFGtQI5yAFBXDpJAY6pQztIAXwDWUg8SQHatQI9SAHFHj4oKQA/KC
28=kAQCgpAEEoKQBCKCkAQygpAERJAdO9CkUoKQBGSAHJDEcoKQBISAHZMklIAcUTSigpAEso
29=KQBMSQFWZAQCBgArABLpLSwoKQAtKCkALigpAC8oKQAwSAFgCEktMSgpADIoKQAzKCkANC
30=gpADUoKQA2KCkANygpADhJAUBjCwYAOcgBly4SAI29IDtUAsVgPEgBaAUBAAIAPUgByYU+
31=SAHVIz8oKQBAKCkAQSgpAEIoKQBDSAHZJ0RIAd0KRSgpAEZIAckMR0gByQxISAHFl0lIAd
32=kGSigpAEsoKQBMSQFVZwQGAE1IAWQBWycqABPhMCsoKQAsKCkALSgpAC5IAdkGLygpADAo
33=KQAxKCkAMigpADMoKQA0KCkANSgpADYoKQA3KCkAOEkBQFgNQZM5yAFBkzpJAZHsMcgXZY
34=wTRAVIAG0xE/GNPkwFwSU/KCkAQCgpAEEoKQBCKCkAQygpAERIASPVMQJY8ieJAUZUAt1t
35=R0gBwTBISAFEEH26SSgpAEooKQBLKCkATEgBbDFBfU1IAZsGBgBOKCsAKQAU+TIqKCkAKy
36=gpACwoKQAtSAHFCC4oKQAvKCkAMCgpADEoKQAyKCkAM0gBlPRtlBSMCUlDNVQCjwEGADYo
37=KQA3KCkAOEgByZs5SQFFcwUGADrIAUFnO0gBcQIAZDTcCmY0FADZJz5ABCeFBhTlw0AoVQ
38=BBKCkAQigpAENIASe0DCddAUVUAtUNRigpAEcoKQBIKCkASSgpAEooKQBLKCkATEkBUFQJ
39=hDTIDGQ0JykAT0AEXQMAQyUoABXxNSkoKQAqKCkAKygpACxIAdkGLSgpAC4oKQAvKCkAME
40=gBhNluyxUAgFFt9xWACEEPM0AEkIJ9NhUkTysGADVUAiOoJn42FQCX3gYAN1QCnwYGADgo
41=KQA5SAGAyn02FVBcAwAABAYAO1QCdTkFfDbUDXw2JykAPkAEyTg/SAEllSlASAHVOUEoKQ
42=BCSAHBBENIAdVlREgBmBFmaxUAjxACAEYoVQBHKCkASCgpAEkoKQBKSQFMSAhFNEtIAXA1
43=SYVMyQEDdJzcFX42FQDBXE9ABFQGfTZQKCsAJwAW6TgoKCkAKSgpACooKQArSAHFCCwoKQ
44=AtSAHRNS5IAdUuL0gBzQUwSAEjhD11ORaQAkk4MlQCjAEiJSYWpJd1ORawYXQ5JykANkwF
45=nCt1ORb5PThUAtUNOUgBkKN1ORYjWCdJDDtVAkFNDAF0OcAPdDknKQA+QARcA2WXPygpAE
46=BIAc08QUgB3TZCSAHNBUMoKQBESAElpTZFSAElpTZGSAHNBUcoKQBIKCkASUgBaDhdNkrI
47=AV02S0gBn0EGAExIAYQIdjkWAN0rTlQC3SBPSAHNXVBIAd0gUUgB2wYmABfhOycoKQAoKC
48=kAKSgpACpIAdkGKygpACxIASOjMAYALUgBi1kGAC4oKQAvSAHBDzBIAcUIMSgpADIoKQAz
49=SAEnxQ4XKIwHJykANkAEzRs3KCkAOEgBgJ4iXSIXhAxBOzpVAkFQAVknO8gBReQ8SAGAJW
50=08F7REIrUtF6CIIoRTxAgiJDwnKQBBWAZMCXFAQigpAENIASW9I0RJAY+l70VJAYKpAUZJ
51=AYapAUdIAcUISEkBa1QCAQECAEnIAVEUSkgBI/M6BgBLSAEjxDpsPMwQbTwX5WBOQATdIE
52=8oKQBQKCkAUUgB1S5SSAGADwIGACUAGPk9JigpACcoKQAoKCkAKUgB2QYqKCkAK0gByYUs
53=SAHBBC0oKQAuKCkAL0gBI6Q2IpU/GIgFWTIxVAKMAWy1J1UAM1QCJ+UHGCjkBycpADZABM
54=UeNygpADgoKQA5SAHFHjpJAURtDAZOtRgAaAFJLTxUAsV2PUgBgEZkP8wQZD8nKQBAQATV
55=REFIAZwKInxSJ4EAQ1QCJ+QH0CpvtRgAi0A7RfpGQASLOAIAR0gBeD0BBAIASMgBScdJyA
56=EBBgUASsoBBwVEP9AJZT8YJBBVZD8nHQROTAXdIE8oKQBQKCkAUSgpAFJIAYsXBgBTSAFk
57=IkMwJAAZ8UAlKCkAJigpACcoKQAoSAHZBilIAYsiBgAqSAHZiitIAdkRLEgB1Q0tSAHZBi
58=4oKQAvSAHJvDBIAcEEMSgpADJIAckMM0gB3Qo0KCkANSgpADYoKQA3KCkAOCgpADlIAYw8
59=db0ZkA1RHztVAkRQAVn4PMgBTTE9SAGEE3xBzAV9QRmsqmaBGQCImyK9WhkmOURCWAZMCX
60=GCQygpAERIAZx4fkEZANFARlQCzQVHSAF9QQh+QRkAagEJA0SBqgEKBFxBqQELfEEnsQZM
61=WAaECH1BGSSMKG33GfVlT0AEzSZQKCkAUSgpAFIoKQBTSAElxSRUSAHfCiMAGulDJCgpAC
62=UoKQAmKCkAJygpAChIAd02KUgBzRAqKCkAKygpACwoKQAtSAHBRi5IAc0QLygpADAoKQAx
63=SAHZzDJIAYwxIk0gGvEfNFQCwQ81KCkANigpADcoKQA4KCkAOSgpADpIAdkRO0kBQH8RBg
64=A8yAFBiD1IAXECAHREwCV2RBoAlJx1RBqcA0EEQSitAEIoKQBDKCkAREgBjCZ1RBrxz0ZU
65=AiMobnWGGly1XAl3RBoAHUUBAHREyAF1RBokIG10RNgRdIbMEHREJykATlwK2atPSAHBJV
66=AoKQBRKCkAUkgBIzgjdIYnXQFUVALBv1VIAXQRW2kiABvhRiMoKQAkKCkAJSgpACYoKQAn
67=SAHFCChIAZeyBgApSAHFEyooKQArKCkALCgpAC0oKQAuSAHVkS9IAck4MEgByQwxKCkAMi
68=gpADNIAcEPNEgBwQ81KCkANigpADcoKQA4KCkAOSgpADpIAdGNO0kBQEQPRfo8yQEDIq0h
69=GyYVLz5UAsnHP0gB3Y5ASAFUBm2JQSgpAEJIAZQuItVdG54DAAJB2hskNGpuRxsAwUZGTQ
70=UlaARsR9UCA0XOG7hIbUcbuEhtRxskbHFvRxsA6G/WBQBMRAgjw2sFAE1IAWwJTTxOSAHB
71=JU9IAclvUCgpAFFIAdEfUkgBjBttRxu3pwYAVFQC3StVSAHFNFZIAcsMIQAc+UgiKCkAIy
72=gpACQoKQAlKCkAJkgBxQgnKCkAKCgpAClIAckXKkgBzRArKCkALCgpAC0oKQAuKCkAL0gB
73=xB4FMAAcANMBAAARAACEDwAgCAAGADEAHADRAQAASwEyABxcAEsABgAzKCkANEkB1qEENU
74=kBzakBNigpADcoKQA4KCkAOSgpADpJAdC5BjtJAT9EDFUNPMgBAQECAD1JAY1jBAIAPkoB
75=//9HBAIAPygpAEBJAdehBEFJAc+pAUJIAZ8KAgBDSAFQBgIAAAIARCgpAEVJAeCtBUZIAY
76=MEAwBHSAGXAgMASEkB3WMEBABJSQEkZwQEAEpJAee1AktJASi1AkxJAd93AgUATUkB2WsB
77=BgBOSAF8AwEABgBPKCkAUCgpAFFJAditBVJIAY8bBgBTSAHRKlRIAdEqVUkB1K0FVkgB3Q
78=pXKCgAASAAHQDFCCEoKQAiSAGXIwYAI0gBlyMGACRIAcE7JUgB0QkmKCkAJygpACgoKQAp
79=KCkAKkgB0RQrSAHRFCwoKQAtKCkALkgByRcvSQGMtRgwSQGKqQExSAHdIDJIAdkRMygpAD
80=RJAdqtBTVJAdKpATZIAcEPNygpADgoKQA5KCkAOkgBzRA7SAF8TAECBgA8yQEDf0wdAJF8
81=CnxMxCl+TB0AmycCAEBMBZcNAgBBKCkAQkgBJ50JHYQXnkwdAI9HAgBFQASPRwIARkgBgU
82=YCXUwdUDBYBX5MHQCVAgNfTB0A22wQf0wdANWpAUtZBt6pAUxIASeeCR0AzSZOVAJICXl0
83=TygpAFAoKQBRSAHZJ1JJAdNwCX5MHQCDGgYAVFQC1SNVSAHFNFZJAYatBVdIAYcTBgBYSA
84=HPRx8AHulOICgpACFIAY8mBgAiSAHJDCMoKQAkSAGPJgYAJUgByRcmKCkAJygpACgoKQAp
85=SAHNECpIAd0KKygpACwoKQAtSAHBGi5JAZC1GC9JAYmpATBIAdEJMUgBzQUySAHZETMoKQ
86=A0KCkANSgpADZIAdEqN0gBzVI4KCkAOUgB3Qo6SAHNcztJAWdNEAF2Tx4AaQECdU8enA5N
87=Rz5ABIwFdk8eAJBsdU8esDV0TycpAEJMBYQpdJwnBQFEVAKUCXRPJ1UARlQCwVFHSAGJTg
88=JVnB5cOVQFd08eACFFAQB3Tx4A4VAUSQFLTQUltQJMSAEn9AnEE3WcHqRVdJzXDQYAUEwF
89=dAZNn1EoKQBSKCkAU0kB3GgMdE8n2QBVVQKLtQJWSQGCqQFXSAHBUVhIAdleWUgBywweAB
90=/hUR8oKQAgSAHBUSFIAcFGIigpACMoKQAkKCkAJUgBwVwmSAHJDCcoKQAoKCkAKSgpACpI
91=AZM1BgArSAHVDSxIAYc0BgAtSAGDOwYALkgBn4MGAC9JAaJvDAYAMMkBAWfvHwCotQIyVA
92=JoAVUCM0gBcAJRKjQoKQA1SAHRCTZIAcEENygpADgoKQA5SAHNEDpIAXRPAQQFADvKAQUF
93=RaIfjVIGbFKpAQdloh/5oD9MBYwbbVIfKE4KHwCHYAIAQkAEmF5tUh+UEVVaRFQCjAFsUi
94=dVAEYoVQBHSAGUnG1SHyhMCsgBbVIfu1MFAEtNBeJrQwUATEgBmFNm7x8AxUpOVAKUDWxS
95=1A1sUicpAFEogQBSKCkAUygpAFQoKQBVSQGPdw0GAFZJAYKpAVdIAc2JWEgBJ0wKJ4kBWl
96=QCzxAdACD5Ux4oKQAfSAHZUyBIAZEqBkkcILAqdKcnKQAjKIEAJCgpACUoKQAmSAGfxQYA
97=J0gBwQ8oKCkAKUgBwZ4qSAHVDSsoKQAsKCkALUgB0QkuSQG4VgkCBkZVIABpAQNnVSAAol
98=QCSQExQAR4U0EEMsgBVQIzSAHVDTRIAdEJNUgBVAZh1TYoKQA3KCkAOCgpADlIASelCiCN
99=UghkVaoBCQREVagBAQoDAD1NBWdZMgtmVSAAlLJ1pyDtUkBABM1SQUgBjBBlVSCEAVlTQy
100=hVAEQoKQBFKCkARigpAEdJAWxVDQRmVSAAagEFAk/3IABtVAIBAAUASkAEaQEBZFUn5QdM
101=VAKbDQYATSgpAE5JAdJ4AmRVXBVIAUF9UNQCUSpRSQGmVAJNflLIAUEEU0gBzX5USAF8A0
102=EEVSgpAFZIASM7IwYAV0gBwQRYSAHNlFlIASU1KFpIAcGeW0gBzQUcSFHBMB0oKABoxNQC
103=eHHRCSBABMVKISgpACIoKQAjKCkAJCgpACVIAZsyBgAmSAHBDycoKQAoKCkAKSgpACpIAY
104=w8Za0h9WUsVALRCS1IAWVVBWWtIZFWBnxXqgEHBkatIQAlkS4xTQWVZw8GADLIAV0rM0kB
105=y7UCNMgBVQI1yAFZMjZJAdChBDfIAUEEOEgB2TI5SQEnYwQFADpJASOpATtIAYSEfFdw0l
106=gCfVchQCBIAX9XIQDjeEh8VycpAEBZBiJcA0VVQUgBZAFJAUIoKQBDKCkAREgBmIpmrSEA
107=gDsi7CmJ+wBZBkdABMUISEgBfVcJflchAHBWTRtKVALNPEsoKQBMSAHJek1IAZwKdv8hAH
108=1XA3xXqQEEZK2oAUEwUUwFfFddClLIAU0FU0kB2VAQTSZUSAHdClVIAcmFVkgBXANphVdI
109=AcEEWEgB3UxZKCkAWigpAFtIAcUTXEgBxwgbACL9rxwoKQAdKCkAHkgByQwfSAHJDCAoKQ
110=AhKCkAIigpACMoKQAkSAHd/CVIAcEPJigpACcoKQAoKCkAKSgpACooKQArSAHF2SxIAWlZ
111=CCL9ICKJWQl0WqkBCnVaIqjzdloiAM0QMVgGdFpVLjLIAVUuM0gBdFpJATTIAVE1NcgBUT
112=U2SAF0WlkGN8gBTQU4SAHJWTlIAclZOkgBlwIEADtIAZQCdVoiqFl0WmglRyEDAD5ABI9S
113=AwA/SAGPPAMAQEkB5q1dQUgBRQUAWVNCSAGMBSL+ICIAjJQi5T4ioH12WiIAgH10WpRieQ
114=ZHWQZLawgGAEjIAVFLSUkBUbUCSkgBZAFdpEtIAdl0TEgBzV1NSAHdmU5IAYAPdloiACXB
115=NFAoVQBRSAHdTFJIAWhZRSlTyAFFKVTIAQEGBgBVSAHBD1YoKQBXKCkAWEgBwQ9ZSAHVT1
116=ooKQBbKCkAXEgBwQ9dSAHfChoAI+FcGygpABwoKQAdKCkAHkgB2QYfSAHBqSBIASMAJyIF
117=IiOoLSIFIiOo6CL0QCcpACRMBYAwIvw2nD55dCZUAt0KJygpACgoKQApKCkAKkgBwTArSQ
118=G3XAZJTizIAUlOLUgBeV4NbV0j4VwvVALVIzAoKQAxSAHFNDJIAZBLIpRKJ2UCNFQCRAxx
119=FDVIAcF9NkgBzTw3SAHRKjhJAeZvUgUAOUgBkBRmuCMAlAJtXSMmjT48QASXDQQAPUgBgA
120=RtXSMkYD5uXSMAiGQirSwjSARUECL8NsQTIgUiIyaBN0NYA4wbbV0jvHhsXSetAEZABFwH
121=rl0jAGxdTSZIVAIluT5JSAElQUVKSAHd20tIAcFcTEgB0R9NSAGUDWS41A1sXScZCVBABM
122=lDUUgBzQVSSAHBJVNIAXheVZFUyAFVkVXJAQsirCzIFyIEIicpAFhABCesCyedCVpUAskM
123=WygpAFwoKQBdSAHBD15IAZ8gBgAZIQxFzRsaKCkAGygpABwoKQAdSAHZBh4oKQAfKCkAIC
124=gpACFIAd2vIkgB2QYjKCkAJCgpACUoKQAmKCkAJygpAChJAY5nSgYAKUgB0QkqSAF4XkmF
125=K8gBAQYGACzJAQd1vST5Xi5UAs1zLygpADBIAdVwMUgB3QoyKCkAMygpADQoKQA1KCkANk
126=gBzTw3SAHRCThJASZ0CWRgeNpMAWVgJLy6ZGDUAnW9JKBcdL14gkwFZWAkJCA2ZWAkoGdk
127=YCP0QX1XQUgMRAVpAUJIAZxBdb0kvI5lYCS8jmVgJCgMIycFAUdZBlRoCHW9JCTjTgYASV
128=QCcAJJvEpIAZ0KBkRlxwgGAExUAsFGTUgBwQROSAHd5k9IAcEEUEkBkr02UUgBzQVSSAHN
129=BVNIAdUNVEgBcWEOdr0kAGkBD2dgJADYRARd0FdABN0KWEgB0QlZSAHBO1pIAScEDNMfBg
130=BcKFUAXSgpAF5IAdFhX0gBRAxrmxgAJe3AGSgpABooKQAbKCkAHEgB2QYdKCkAHigpAB8o
131=KQAgKCkAISgpACJIAc2JI0gBwakkKCkAJUgB0RQmSAHVDSdIASUxTihIASUBPSlIAXBhAQ
132=gGACrIAVmKK8gBWYosSAHVDS1IAcVVLkgB3QovKCkAMCgpADEoKQAyKCkAM0gBzTE0KCkA
133=NSgpADZIAd0KNygpADgoKQA5SAHJZDpIASMPIgUAO0gBJ2wvIhBJTAh9YiWoZCJtLyUkpF
134=cibS8luGl8YiXAKGTDIyhDvWIlJh07Q1wKhB58YieBAEVUAoyUIhQkJ1UAR1QCfGJJTkhI
135=AUQQaUNJSAHZJ0pIAclOS0gByU5MSAHJOE1IAdUCTigpAE9IAcEEUCgpAFFIAc0FUigpAF
136=NIAZjiImRPxBN9YiWRYQR8YqgBTZ9XTAVoZE2fWEgBgxoGAFlIAcU0WkgB1QJbSAHVAlxI
137=Ac1oXUgBzRBeKCkAX0gB3RVgSAHBURdMLsUIGCgpABkoKQAaKCkAG0gB2SccKCkAHSgpAB
138=4oKQAfSAEjpyAGACBIAdgGJUw3YDAlTCxpASNABMgXZKrMMXRBjDwiJDyIS20FJ0wF0Qko
139=SQGxTAFBOynIAVX/KkgBYWcNIiQ8J9kALFQCSAVlCC0oKQAuKCkALygpADAoKQAxSAHVIz
140=IoKQAzKCkANCgpADUoKQA2KCkANygpADhIAc0QOUgB3Qo6SQFmbKp2ZSYAaQEBdMipAQJ0
141=ZakBA3RlJTxqdWUm7WhARAgjMCF0ZcQeIhwlJykAQ0AEgA90ZSdVAEUoVQBGSQFPZwQGAE
142=fIAVEqSEgBcAJJx0lIAd0VSigpAEtIAd02TEgByU5NKCkATigpAE8oKQBQKCkAUSgpAFJI
143=Adk9U0gBwQ9UKCkAVSgpAFZIAWhkRaJXyAFFoljJAQt1ZSYks2kGAFpUAskXW0gBzX5cSA
144=HdFV0oKQBeKCkAXygpAGBIAd3bYUgBxRMWWC/dChcoKQAYKCkAGSgpABpIAdkGGygpABwo
145=KQAdSAHFEx5IAc1zH0gB2QYgSAEl9SohSAHVAiJIAdgGIlQt2Ccl/CFsXdysaAHYRWkBJ1
146=gGYmcDBk6vJwBoAUmQKdQCSZAqSAHJDCsoKQAsSAHJei1IAcEELkgBzRAvSAHFjDBIAdUY
147=MUgBwSUyKCkAMygpADQoKQA1KCkANkkB2X9iBgA3SAHFCDgoKQA5KCkAOkgBYGcj3V4njG
148=gj3F6pAQYi3F6pAQdsaCUgKmxoJVQ2Zc4nJKQgbGgnKQBCXAoJAAAAAAACAEMAJwAAEQAA
149=cQ8AIAYAAAAAAgBEACdcAEgABAIARQAnAE1EAQEABgBGSQFPSAEBAgYAR0oBjgFPAQYASE
150=gBQQEAQQRJSQHXtQJKSQHPqQFLSQHNqQFMKCkATSgpAE5JAdKhBE9IAc0FUCgpAFFJAdCh
151=BFJIAdUNUygpAFQoKQBVKCkAVkgB0RRXSQHYXAYBDgYAWMgBAQ8GAFlJAbJUAgEBBgBaSQ
152=HdqQxbSgH//1sCBgBcSQHWtQJdSAHFE14oKQBfKCkAYEgB0RRhSAFcB2kiYigoAAEVACgA
153=3QoWKCkAFygpABgoKQAZSAHFCBooKQAbKCkAHCgpAB0oKQAeSQHavRUfSAHBMCBIAcUTIU
154=gB3QoiKCkAIygpACQoKQAlKCkAJkkBnH0GBloZKABoAU0mKFUCsVQCAQcGACnIAQEIBgAq
155=SQHaVAJBBCtIAUQBfSAsKCkALSgpAC5IAckiL0gByS0wSQHUtRgxSAHBBDJJAYy1AjNJAY
156=qpATRIAclONUgBxR42SAHRNTdIAdUCOEkB0bkGOUgB3Qo6KCkAO0kBZkAEAQkGADzIAQEK
157=AgA9SAGXGAIAPkgBmwYCAD8oKQBAKCkAQSgpAEIoKQBDSAHFCEQoKQBFSQFVeAJkaydpCE
158=dVApFMEFlpSEkB26kBSUgBwRpKKCkASygpAEwoKQBNSAHZPU5IAZ8VBgBPSAHdK1BIAdEJ
159=USgpAFJIAdUjU0gBYBNNEFQoKQBVKCkAVkgB0RRXSAHBZ1hIAXlpA2ZrKABpAQRka6gBAQ
160=UGAFtABMEaXEgBzRBdSAHZf14oKQBfSAHBBGAoKQBhSAHVOWJIAd0VY0gB3RUUSFHFHhUo
161=KQAWKCkAFygpABhIAdkGGSgpABooKQAbKCkAHCgpAB0oKQAeKCkAH0gByW8gSAHdVyFIAc
162=kMIkgBwSUjSAHVAiRIAd1XJUgBwRomSAFwbEWtJ8gBUSooSAHFCClIAXBsXSsqyAFdKyvI
163=AQEGBgAsSAHJDC0oKQAuSAHBMC9IAdEUMEgBzSYxSAHRbDJJAYW1TzNIAcEENEgB2Ug1SA
164=HFNDYoKQA3KCkAOEgBwVE5SAHFCDpIAcUTO0kBWGwBf20pAEWpAT1UAmkBAX1tKWwCadI/
165=VAKPAQIAQEgBkwkCAEEoKQBCKCkAQ0gBzQVEKCkARUgBfG1Bk0ZJAZKtG0dIAYwFZNnXDQ
166=YASVQC2RxKSAHZHEsoKQBMKCkATUgB2RxOSAGEE35tKQDdQVBUAsUIUSgpAFJIAdkGU0gB
167=zRBUKCkAVSgpAFYoKQBXSQG3UAVJQ1jIAUlDWUkBslQCSbFayAFJsVtIAXTeRR5cSQHcpR
168=5dSAHNPF5IAcGpX0gBxR5gSAHdFWEoKQBiKCkAY0gBxVVkSAFcDmm8E0i/fCtVhhRIAd0g
169=FSgpABYoKQAXSAHZBhgoKQAZKCkAGkgB3WIbSAHVDRxIAdkGHSgpAB4oKQAfSAHNGyBIAc
170=0bIUgB2QYiKCkAI0gB0WEkSAHJkCVIAd1iJkkBl3wGdt4qAGgBRSkoVALNGylJAZKxKipI
171=AWBySccryQEKdnAqAHQCAQsGAC1UAmwJVSMuKCkALygpADBIAd0KMUkBi70KMkkBiakBM0
172=gBwQQ0SAHRSzVIAckXNkgB3TY3KCkAOEgB3Uw5SAHFCDpIAdkROygpADwoKQA9SAF0cEWM
173=PskBBXXeKiQMI3dwKgDZZBN0cCdVAEJMBYsMAgBDSAGLDAIARCgpAEVJAVZ4AnTe2AYiPS
174=kqbAJ5SEhABIwBdnAqAM1SSlQCzRtLKCkATCgpAE1IAdkcTkgB0UBPSAHRQFBIAdEJUUgB
175=0QlSSAHZPVNIAcEPVEgBjxsGAFVIAdUCVkgBaG9FrVfIAUWtWMgBSW9ZSAHZBlpIAWhvWS
176=dbyAFZBlzIAVkGXUgByeheSAHNXV9IAcUTYEgBwTthSAHVAmIoKQBjSAHFHmRIAdEUZSgr
177=ABIAK/E1E0gBbHNdVxRJAf8keSsVKCkAFkgBzRAXSAHN7BgoKQAZKCkAGkgB2REbKCkAHE
178=gB2QYdSQHVa0MGAB5IAc0xH0gBwcogSAHdFSEoKQAiKCkAI0kBumcEBgAkyAFJFyXIAU2f
179=JsgBTZ8nSAFsc0kBKEgBJcUvKUgBzTEqSAHFHitIAWFyDm1zK41zD29zKwDbVA1JDC5ABE
180=QBYVEvSAHVezBIAcUIMUgB3TYySAHVAjNIAcnzNEgB1QI1KCkANkgB1U83SAHZJzgoKQA5
181=SAHVnDpIAc0QOygpADwoKQA9SQFBZwQGAD7JAQFscye5B0BVAthgMGxzJ1UAQlQChBNtcy
182=vxd0RUAm0JACKvNysAU2wBbXMrYAF9IEfgBGTkJ1UASVQCyZBKSAHFVUtIAc0bTCgpAE1I
183=AcVVTkgB2SdPSAGbEQYAUEgB0QlRSAHBclJIAZEQBlQSJ+EBVFQCxdlVSAFgckndVsgBXa
184=9XyAFdr1hIAcm8WUgBxRNaSAHJLVtIAXh0WQZcyAFZBl3IAVm2XkgBxRNfSAHVGGBIAckX
185=YUgBwTtiSAHJDGMoKQBkSQHTbzEGAGVIAd1iZkgBzxsRACz5dBIoKQATSAHdpBRIAdUNFU
186=gB2QYWSAHBDxdIAcEPGCgpABkoKQAaKCkAGygpABxIAcEaHUkBkLEUHkkBh6kBH0gB0c8g
187=SAHBDyEoKQAiKCkAI0gBZHZBniTIAUGeJcgBQZ4myAFdpCdIAdUNKEgByQwpSAHBGipIAc
188=2JK0gB0TUsSAF4dEkMLcgBSQwuyAFJDC9IAdEUMEgBzSYxKCkAMigpADMoKQA0KCkANSgp
189=ADZIAdkRN0gB3Ss4KCkAOUgB2Sc6SAHVDTtIAc0QPCgpAD1JAUFYAkWXPskBA2R2J+UHQF
190=QClFpkdidVAEJUApSyZnYsAJQNdeksSAlIAGV2LE5jAABFl0ZMBUwCpHbABGR2JykASUAE
191=0RRKKCkAS0gB2RxMSAHZHE0oKQBOSAHBME9IAcUIUCgpAFFIAcEPUkgBcUAAZnYsAGgBRR
192=NU1AJRH1XIAU21VkgBcHcBDQYAV0gBxQhYSAHJDFlIAcUTWkgBxRNbSAHZEVxIAXB3Ubld
193=yAFRuV5JAdxUCUEPX2gBqVlgSAHdCmFIAd0KYkgB3QpjSAHdjmRIAUAIZSllKCkAZigpAG
194=coKwAQAC3xdxEoKQASKCkAE0gBzaoUSAHdChVIAcGTFkgBzRAXKCkAGCgpABkoKQAaKCkA
195=GygpABxIAYtDBgAdSAHJDB4oKQAfKCkAICgpACEoKQAiKCkAI0gBfDZNqiTIAVGjJcgBUa
196=MmSAHB6ydIAdEqKEgBhFUiLkgtAMEaKlQCyQErKCkALEgByTgtSAFoekkMLsgBSQwvyAFd
197=rzBIAckMMSgpADJIAdUNM0gB0Qk0SAHNBTVIAcEENkgBzRA3KCkAOEgBzdY5SAHFPzpIAd
198=knO0gBJeEiPEgBJREpPUkBQmQEZu8tAGkBAX14LfXpQEAEjBB8eCdpCEJUApTIfngtAJQN
199=f3gtAGtYU0UIRUAEaAFJZEZIAclDR0gBycdISAHJx0lIAYsMBgBKSAHNBUtIAcEaTEgBxR
200=5NKCkATkgB1URPSAHFCFAoKQBRSAHBO1JIAXBARa1TyAFFrVTIAUWtVcgBUblWSAFkIk1+
201=V0gBxQhYSAHVAllIAZAfIi5ILQDRFFtUAtEUXEgByThdSAFwd12DXsgBTRBfyAFNEGBIAc
202=kXYUgB3QpiSAHNG2NIAcEPZEgB0UBlSAHBymZIAdUNZ0gBzQVoKCsADwAu6XoQKCkAEUgB
203=jwUAABJIAY8QAgATSAF0e1GNFEgBgwQGABUoKQAWSAHRjRdIAcUeGCgpABkoKQAaKCkAGy
204=gpABwoKQAdSAHdQR5IAd1BH0gBwQ8gKCkAISgpACJJAbxnBAYAI8gBXRUkSAFsPF2vJUgB
205=wSUmSAHFKSdIAZscBgAoSAHVGClIAdUYKigpACsoKQAsKCkALUgB0RQuSAFgfU21L8gBTb
206=UwSQHZRBNZETFIAdUNMkgBwTszSAHVDTRIAck4NUgB1QI2KCkAN0gBh2sGADhIAVgKZbg5
207=KCkAOigpADtIASUZKjxJAVJzBQYAPUkBPGsBAgA+SAEjJDF2ey4AyfNAVAKQFHR7J5UIQl
208=QCdQYAdXsuiXoEdHupAQV09KgBAQYFAEZMBWB9AQcFAEdIAcWMSEgBxYxJSAGIDHR7ywwG
209=AEsoVQBMSAHVI01IAdlpTkgB0R9PSAHFCFAoKQBRSAGXGAYAUkgBZD9JvFPIAV2vVMgBXa
210=9VSAGDGgYAVigpAFdIASNQMSINZS6cA01+WVQCjAF0eydVAFtUAtEUXEgB0RRdSAHJb15I
211=AWB9QYhfyAFZEWBJAalUCV1BYUgB1RhiSAHVT2NIAdFAZEgB0UBlKCkAZigpAGdIAc0FaE
212=gBwQ9pSAFEDGtDDgAv4X0PKCkAECgpABEoKQASSAGYBm9+LwBUbwEGABT0Am1+L2wCfQoW
213=VALRHxdIAdEUGCgpABkoKQAaKCkAGygpABxIAdVwHUgBgAsiLD0niQEfKFUAIEgB0a4hSA
214=Ei2FhZMiLIAUUpI0gBeH9NqiRIAdEJJUgB0RQmSAHFNCdIAc0mKEgByRcpKCkAKigpACso
215=KQAsSAHdFS1IAckMLigpAC9IAWB9UbkwyAFRuTHIAUHKMkgB2T0zSAHZPTRIAc0QNSgpAD
216=ZIAdUNN0gBJSUxOEkBhFTpUR85SAHZaTpIAdkRO0kBOm8BBgA8yAFF7z1IAZRwb34vAIln
217=CAIAP1QCmBEinEsnlQhBVAKdpAJG/y8AiJtufi8AaXoIbH6oAQEJAwBFTAV2AgoETH61Ag
218=tufi8A3Y5IQASQCSKeSy8A2VNKVAKAD2x+ww8GAEwoVQBNSAGDkwYATkgBzQVPKCkAUCgp
219=AFFJAblFHgJufi8AaAFRQFNUAnh/Qb9USAEl/SBVSAHNEFZIAVQGaVlXSAHNMVhIAclDWS
220=gpAFpIAZwgInRnJ3kKXFQCxQhdSAHVhl5IASVBRV9JAalEBEUTYMgBRRNhSAHJImJIAcU/
221=YygpAGQoKQBlKCkAZigpAGcoKQBoSAHVRGlIAVANYRpqKCsADQAw+X8OKCkADygpABAoKQ
222=ARSAGFCAJV/zCEAVW9E1QCZIFRbBRIAckXFUgBxSkWSAGTBQYAF0gB3W0YSAHdbRlIAdkc
223=GkgB1QIbSAHVAhxIAdUCHUgByS0eSAHdCh8oKQAgSAHJvCFIAWSBXSsiyAFdKyNIAdkGJC
224=goAAolADAAAAAAAAAGACYAEQAALxAAIAEwAAAAQAAFBgAnADAA2gGJAShJAc2pASlJAdKp
225=ASpIAdUCK0gB1QIsSQHQoQQtSgH//4UILigpAC9JAdmhBDBoAVwDAQkGADHIAQEKBgAyyA
226=EBCwYAM0gBzRA0SAHVDTVIAdUNNigpADdJAdG9CjhJAZGpATlIAUQMAgAABgA6SQFSbwEG
227=ADtJATpIAQECAgA8SQGQbwUCAD1JAYmpAT5IAVwDAgAAAgA/SAGXGAIAQCgpAEFJAditBU
228=JJASFzBQIAQ0kBJakBREkBHWsBAwBF6wEEAEZJASR3AgUAR0kBKKkBSEgB2RxJSQHUfwoG
229=AEpIAXwDSRdLSQHbtQJMSQHVqQFNSQGLqQFOSQGKqQFPSAGfFQYAUEkBuUgIAQUGAFHIAQ
230=EGBgBSyAEBBwYAU0kB3bkGVEkBjqkBVUkB1qkBVkkBz6kBV0gBwTBYSAHBMFlIAd0VWkgB
231=UA1pLVsoKQBcKCkAXUgB2RxeSAHVGF9JAfN/BgYAYMgBAQEGAGFIAc0QYkgBwQ9jKCkAZC
232=gpAGUoKQBmKCkAZygpAGgoKQBpSAHVRGpIAXwOXStrKCkADEhRmycCAA0oKQAOKCkADygp
233=ABBIAYcIAgARKCkAEigpABNJAVVnBAYAFEgB0R8VSAHNJhZIAXwDTRAXKCkAGCgpABlJAd
234=yhMBpIAc0FG0gBl08GABxIAdUCHSgpAB5IAdFsH0gBwQQgKCkAIUkB9XsCBgAiyAFVLiNI
235=AXACWREkSAHFCCVIAdUCJigpACcoKQAoSAHRFClIAc0FKkgB1QIrSAHVAixIAdUCLUgBiy
236=0GAC5JAde5HC9IAdUjMEgB2QYxSQHZTQEOfoMxAGkBD3+DMQDfVAJJFzRABN0KNUgBUAJh
237=UTYoKQA3SAHBBDhIAcEPOSgpADpJAWdMEFEJO8gBnYMxjAlFgT1UAo8BAgA+KCkAPygpAE
238=BIAZ8KAgBBSAGXDQIAQkkB4FwKRQhDSAGTKgMAREkB3nQCfoMxAJCCfoMxAJGCBFyD1wIF
239=AEhNBelvBQUASUgBgQQFXoMxANF3S1QChxMGAEwoKQBNSAHZoE5IAYcTBgBPSAFxggh+gz
240=EAaQEJfIOoAV2vUkAE3QpTSQGMYw8GAFRJAYWpAVVIAc1zVkgBzXNXSAHBv1hIAdkRWSgp
241=AFooKQBbSAHRjVxIAc0FXSgpAF4oKQBfSAF9gwJ+gzEAaQEDfoMxAM0QYkAEzRBjKCkAZC
242=gpAGUoKQBmKCkAZygpAGgoKQBpKCkAakgByYVrSAHRFGwoKQALSNWTKgIADCgpAA0oKQAO
243=KCkAD0gBhwgCABAoKQARKCkAEigpABNIAXSGQVEUSAGbBgYAFSgpABYoKQAXKCkAGCgpAB
244=koKQAaSAHFaxtIAcU0HEgB3QodKCkAHkgB2YofSAHBBCAoKQAhSAF0hk0xIsgBTTEjSAHJ
245=DCRIAc0xJUgB2ScmSAHRCScoKQAoKCkAKSgpACooKQArKCkALCgpAC0oKQAuSAGTbAYAL0
246=gByQwwKCkAMUgByVkySAFphQR1hjKUhlniNNQCWeI1SAHFCDYoKQA3KCkAOEgBmz0GADlI
247=AWiFAQQFADrIAQEFBQA7yQEGIlYhMgBhBAciVSEymApZfz5ABIwBIlQhJ1UAQChVAEEoKQ
248=BCSAEn1hAyAJgcdoYyAJQCdYYyuH90htQCdoYyACOkIHeGMgDVZHZ1hjKkjHeGMgDptQJL
249=SAzNiUxIAYcTBgBNSAHNJk5JAcFYAlk9T8gBWT1QSAF1hg12hjIAnJkiViEyANUjU0EEj2
250=gMdoYyACNLJQYAVVQCxXZWSAHVRFcoKQBYSAElrSFZSAHNR1pIASN/JgYAW0gB0QlcSAFA
251=EwIAAAYAXSgpAF5IAdkRX0gBaIVZPWDIAVk9YUgBzRBiSAHNEGMoKQBkKCkAZSgpAGYoKQ
252=BnKCkAaCgpAGkoKQBqKCkAa0gB1RhsSAHdFW0oKwAKADOvJgIACygpAAwoKQANKCkADkgB
253=hwgCAA8oKQAQKCkAESgpABIoKQATSAGETSIHIjMANmgIbImoAQEBBgAWQQQ1tQIXyAFVAh
254=hJAVe1AhlIAWQBSS0aSAElDSMbSAEnLREznANBBB1UApdPBgAeSAHBBB9IAYcEBgAgKCkA
255=IUgBzQUiSQHToUYjSAHZMiQoKQAlKCkAJkgB0SonSAHdCihIAdFWKUgB1QIqKCkAKygpAC
256=woKQAtKCkALigpAC8oKQAwKCkAMSgpADJIAdUNM0gBeIoBCQYANMgBSeg1ygELBkUuM+lk
257=N1QCyWQ4KCkAOUkBZ1EfCG2JM5aGCQRMiagBAQoDADzBBAtuiTMAhK0iBiIzAJwgbInAMC
258=KEMicpAEFYBpNhAgBCSAEjgyECAENIAY9+AgBESAGUAm2JMyTbIQMARvQCbYkzq4UEAEhV
259=AulQFAEABABJSAGHCAQASkgBiwwFAEtJAeBjBAUATEgB1SNNSQHBUDFJb07IAUWtT8kBBy
260=IFIjO4lW6JMwDFP1JABMWBUygpAFQoKQBVSAHNBVYoKQBXKCkAWCgpAFkoKQBaSAHdClso
261=KQBcSAGEKWyJ2ycGAF5UAs3hX0kB81QYSRdgSAGAMCIEIie9AmJUAtkRYygpAGQoKQBlKC
262=kAZigpAGcoKQBoKCkAaSgpAGooKQBrSAElyTVsSAGfugYAbUgBQBN5oG4oKQAJSFGfTAIA
263=CigpAAsoKQAMKCkADUgBhwgCAA4oKQAPKCkAECgpABFIAZs9AgASSAHZBhNIAWSMAQECAB
264=RIAWSMAQICABXKAQMCRow0AGSMVQIXVAJoAVUCGEkBVGsIBgAZSAGfCgYAGkgBcAIBAAYA
265=G0gBwTAcSAHVAh0oKQAeSAGb4gYAH0gBwQQgSQEnbwEFACFIAZNWBQAiSAGTVgUAI0gB0Z
266=gkSAHdNiVIAd0rJkgBxZcnSAFsCVkRKCgpAClIAdFAKkgBzUcrSAHB1SxIASU1Pi1IAcUI
267=LigpAC8oKQAwKCkAMUgBnDYijTM0lAZBDzNUAowBZYw0I+IiDgZAKqkBD2WMNCR7IAYAN0
268=wF0R84SAHRHzlJASNoCGWMNFAlTAFkjMgBZ4w0AORwd2WMNCRcLWaMNAAjIDZkjNgRZIwn
269=KQBBXAqU6WWMNPWRQ1QCmIpljDS7igIARVUC32gMZYw0rH5njDQA03QCZIzECGeMNADgtQ
270=JKWAaQQGSM1AJmjDQAeYoIIrQiqAEBCQYATkwFdAJdr09IAcVKUEgB0SpRSAGcFSK1IjTx
271=jVNUAtFAVCgpAFUoKQBWSAHJQ1dIAc0FWCgpAFkoKQBaKCkAWygpAFxIAcVKXUgBWi8AAG
272=WMNCaBTV9UApwgIo4zNADVDWFUAskBYigpAGNIAc0QZCgpAGUoKQBmKCkAZygpAGgoKQBp
273=KCkAakgBxRNrSAElrTdsSQGGYDBkjNs9BgBuVQI/bxcGAG/IAU1+CEhRnysCAAkoKQAKKC
274=kACygpAAxIASWlTA1JAeNoDH6ONQDJAQ8oVQAQSQEidA0ibUU1oCV9jjUkTysCABNABH0D
275=AHyOcIpQAX6ONQCUcH6ONQCXGAIAFyitABhIAX2OAXyO3Ap+jjUAxcMbQATJIhxIAY8bBg
276=AdKCkAHigpAB9IAd1tIEgB0WwhSAFSEQAAfY41JuEtI1QCyZAkSAHFlyVIAckMJkgBwZMn
277=SAHJvChIAZMJBgApSAHdVypIAdFAK0gBzQUsSAHNBS0oKQAuKCkAL0gB3WIwSAHBDzEoKQ
278=AyKCkAM0gB0Al8t8GeNVQCwZ42SAHRHzdIAdEfOEgBmwYFADlIAYMEBAA6SAGABH2ONaiQ
279=fY41KN0RNbCYfo41AJsGAQA/WQbpd0QBAEBIAZsnAQBBSAGAJX2ONbRlImUjNemQREAEI2
280=1FAlyOwDB9jjUkOyMDAEdABJMJAwBISAGEjH+ONQDgdA0iZCPYEXyOxAh9jjW/mQUATVkG
281=wV0cDX2ONbyZIm5FNQDNR1BABF4DAAAiZCMnnQlSVALJelNIAck4VCgpAFVIAcUIVkgBxT
282=RXSAHFP1hIAcUIWUgBxQhaKCkAW0gBwQRcSAGEuCJkI8hkfI4nKQBfQATRFGBIAZcuBQBh
283=SAGXLgUAYkgBgyUFAGNIAZcuBgBkSAHJDGUoKQBmSAHZEWcoKQBoKCkAaSgpAGpIAcUTa0
284=gBJbU4bEgBJYE3bUgBxRNuSAF9jgJ9jjVMQgMAAAMCAHBUAoMEAgAHIZAtgyUCAAgoKQAJ
285=KCkACigpAAtIAcmQDEgBJbFeDUgBIy8yAwAOSAGLsQMAD0gBh2sDABBJASZ4DXWRNvmVEl
286=QCzZQTSAF8A5WRNoQBSQEVKFUAFkgBI7BedZE24ZMYVAIjfFF3kTYAknRPdZE2oJ4iFiQ2
287=AMElHEwFmBx3kTYAZEwFAQEFAB5UAmoBAgVWajYAk2wFACBUApc5BAAhSAGXOQQAIkgBlT
288=kEXQQ24ZMkVQJlUAlZlSXIAV0KJkgB1Q0nSAGFGgZUX8wbdpE2AM1SKkAE0RQrSAHNBSwo
289=KQAtSAHBiC5IAcWtL0gBzV0wSAHVDTFIAc2UMkgB1AIkvDpECyIUJCd1BDVABMEPNkkB5r
290=UYN0gBhwgFADhIAd0gOUgBlCN0kdQYd5E2AOV4BnaRNgDNPD1MBcE7PkgBI2wkdZE2JMRF
291=dJHYJ3WRNruKAQBCTAWfKwEAQ0gBmIoiFyQ2AOBoDHWRNquFAwBGQASAqXSRwAR1kTa4oH
292=SRyAx3kTYA6GcIBABLWAaLDAQATEgBI6AldpE2AMk4TlQCaAFJOE9IAdnMUEgBUicAAHSR
293=0B8iFCQnKQBTQATVe1RIAd14VUgB3StWSAHNMVdIAd0KWEgB1QJZSAHdQVpIAcE7W0gBwQ
294=9cKCkAXSgpAF5IAclDX0gBiCIiFiQ2ANU5YVQChAh0kcgidJHJIgVUkScpAGVMBZcjBQBm
295=SAHBGmdIAdmVaCgpAGlIAc0bakgBiwwGAGsoKQBsKCkAbUgBIrxwWSduyAEBAQIAb0gBmA
296=Z0kccpAgBxKFQAIkAulCNtlDcmqkcIACcpAAkoKQAKSAHBkwtIAcGTDEgBlwIDAA1IASOY
297=JG2UN6iQbJQnKQAQQASTVgMAEUgBIws+AwASSAGEKSLFJDeYFUGTFFQCjAEixCQnVQAWVA
298=KIsW2UNyTjTgIAGFQCbJQBAgIAGckBA2yUeGxMCGyUqQEBIjVqN4CTQQQdTAVhkwRslLYC
299=BQRNlDdQk1kGBFkAN1iQiQEhTAWEdm2UN6CTbJQnrQAkQAR0WgEDBAAlyAFdCibJAQUitH
300=oi7DNQCWyU3CttlDe7aQYAKkwFjzEGACtIAUQFcWEsKCkALUgB3VcuSAHFYC9IAc1HMEgB
301=xZcxSAHBBDJIAdFWM0gByQw0KCkANUgBiZAFQEPFHgVMAsQTbZQ3r10EADlcAt0gOkgBmw
302=YDADtIAYSXbJTTNQMAPVUC5XCCIsUkN6SXbZQ3WLxUG22UNySwSG2UNyRsJG+UNwDgeAZs
303=lMwQCQIARAA3ACQAAAAAAhEAAJ8QACAKAEUANwAoAAAAAAIARkgBBdgBAAAAAwBHSQEkRA
304=FJAUhJAei1AklJAeepAUpJASihBEtIAY8FBABMSQEgdwIEAE1JAWVMBQEDBABOyAEBBAUA
305=T8gBAQUGAFBJAVdvBQYAUUgBZAEBAAYAUigpAFMoKQBUSQHcUAlBBFVIAc0FVigpAFdKAf
306=//XwIGAFhJAdutBVlJAc2pAVpJAdSpAVtIAUUFAFEJXEkB17UCXUkBz6kBXkkB0qkBX0gB
307=2QZgSQHldwIFAGFJASdrCAQAYkgBiyIEAGMoKQBkSAGXIwQAZUkB37kGZkgB0RRnKCkAaE
308=kBjGMEBgBpSQGKqQFqSQFSawwGAGtJATWpAWzIAQEBBgBtSQE6VAIBAgIAbkgBRAFpOG8o
309=KQBwKCkAcSgpAHIoKAABBQA4AJkRAkQhJykAByhVAAgoKQAJSAHJDApJAd5zFAIAC0kBIX
310=sCAwAMSQElqQENSAGTKgQADkgBkyoEAA9JAdF7BgQAEEkBJq0FEUkBIqkBEkgBlwICABNI
311=AZcCAgAUSAF8A1lTFSgpABZJAdlzCQIAF0gB1RgYSAHNBRlJATFMAQEFAgAaSQE2SAFBJR
312=vIAQEDAgAcSQFkRAgBBgIAHcgBAQcCAB7IAQEIAwAfSAGLWQMAIEgBlzkDACFIAYNRBAAi
313=SAGTQAMAI0gBzQUkSQFlfwoDACXIAV0KJsgBAQgCACdJATS5ESjIAQEDBgApSAHRYSpJAY
314=5ECFEyK0gBSAVlVSwoKQAtSQHaoQQuSAHZUy9IAc0FMEgBwQQxSAHJWTJIAc0FM0gBcB8B
315=AQUANMgBAQIFADVJASNrCAUANkgBjRsEW0U4AOl1DQRNAjhIHUcEBAA5UAHdIDpJAeZjBA
316=MAO0gBmzIDADxIAYcIAgA9SAGfCgIAPkgBXAdlVT9IAZsGAQBASQHWZwgBAEFJAdCpAUJI
317=AZuKAQBDSAGDMAEAREgBxQhFSQHgbAVmlzgAmBFllzhMLEsEAgBIQASbBgIASUkB3W8FAw
318=BKSAGfCgMAS0gBkXcDRZc4XDxZBgNGlzgAyThOQARoAUk4T8gBSThQSAFxSwBllzhMBkgA
319=ZJcnKQBTQQSQdw0GAFRJAYipAVVJAYSpAVZJAYapAVdIAVwHbTxYKCkAWUgBgxoGAFpIAc
320=EEWygpAFxIAc08XUgBwTteSAHBO1/IAUE7YEgBgDBnlzgA5GAPZpc4ANl0Y0AEzXNkSAGU
321=e2aXOACDJQUAZlQCfCABAAUAZ8gBTUdoSQGRcAlllzhMQlsUBgBqVQI5RgEBAkWXOFZKAA
322=BJb2xUAnCYSW9tSAFcA1gCRJfPJgIAbyhVAHAoKQBxKCkAcigpAHMoKABoUdl/BUQQyQEG
323=KCkABygpAAhIAcEPCSgpAApIAYQefpk5AIy1fZk59SMNQASMaH6ZOQCAynyZJykAEEEE1X
324=8gBAARSAGXWgMAEkgByU4TSAGUAn6ZOQCX0wIAFVUC03sGAgAWSAGcCn6ZOQCLpgIAGFQC
325=yQEZKCkAGkgBkzUCABtIAcEaHCgpAB1IAXFACn6ZOQBqAQsCXpk5ANFhIEAEgDt+mTkA0f
326=siVAKURH2ZOe1oJFQCZj8JAl2ZOZxiXQomVALBDydIAY1+AlkLOVyJAQAABQJemTkAyWQq
327=QQSPexwGACtIAd3bLEgBhwgGAC1IAcndLkgBbLVFay/IAUndMEkBN3EFBk0KOUaSAABVAj
328=JUAmwbVaczygEEBVwPph4FBEZPOQCVsgRdmTnllzdMBYAwfpk5AIQpcEjHHgMAOkAE3SA7
329=SAElQSQ8SAHJOD1IAXQRSdI+SAGXnAEAP0gBmAZ+mTkAJzwT10QBAEJABJQNf5k5AOBoIn
330=yZbGVbCQIARUAEmDJ9mTmzrgIAR1QCnAp9mTmgcnyZJ4EASkAEwTtLSAHJTkxIAYUTAlyZ
331=vDZJOE5VAmVAD0k4T0gB3TZQSAFwNVl0UcgBUSpSSAHNMVPIAVUuVEkBM1gVAQAGAFVIAc
332=E7VkkBh1wKVQJXSAHNPFhIAWgFVQJZKCkAWkgB2T1bSAHJDFzIAUkMXUgBwTteyAFBO1/I
333=AUE7YEgBwTthSAGUI3yZ1C4iJiY5AJfIBABkQASQKnyZJz0IZlQCfiADBFyZtCNJDGjVAg
334=V9mTlQAUmUAl6ZOQAjfCZ/mTkAhHscAgBsWAOfugIAbUgBhB4iJCYnNQdvVAKTHwIAcCgp
335=AHFIASPHJAIAckkB47EJc0gBJb0jdEgB2AZoUd2ZBFRSyQEFKCkABigpAAdIAdkGCCgpAA
336=koKQAKSAEnlRM6KJUTOr/mBAANQASECHacOgCMy3acOgCPywQAEEAEhUoDVZw6uGl1nDrp
337=hRNABIwxdJwiaCpYCXScJykAFkAEnAp1nDqgqXScJykAGUAEhK0i1CbAD3WcOiadKhxABF
338=QKXjIAHUgBmNd2nDoAnK91nDrpZCBABJdEAgAhSAHJZCJIAclkI0gByXokSAHRCSVIAdGu
339=JkgBwbQnSAGcIHScJ0EDKVQCwWcqyQEDdZw6TI9bFAYALFQCdN5VWi1JAT1QAlWGLkgBeF
340=5dbS/IAVniMEkBN0AEVQIxyAFVAjJIAXBhAQYCADPKAQcCVZw6nroIA0UNOrWcA1ScJykA
341=N0wFhR4DSOUnjQc5VAKEHmlLOr/bAwA7VAKMGyLXJjoA5a1SPVQCmz0BAD5IAYA7dJzYBn
342=Sc3DYi1CYnKQBCTAWIb3SczDF1nDq9mQFVnDpAxV8cAQBGTAVAAXU5RygpAEgoKQBJKCkA
343=SkgBn3gCAEtIASNHKgIATEgBhBN0nMcTAgBOVALJOE9IAZsRAgBQSAHVDVFIAXw2AQUCAF
344=JIAc0xU8gBVS5USAF0nE0xVcgBQTtWSAF0OV2ZV8gBQTtYSAF8NlUCWcgBVQJaSQE+ew0C
345=AFtIAckMXMgBSQxdSAHBO17IAUE7X8gBQTtgSAGfVwMAYUgB1TliSAGMaHScyGR0nNdwAw
346=BlQATZBmZJAWVWOQYDVpw6AGgBSQxo1AIBCAIAaUgBI5wqdpw6AIS4d5w6AIlYBkVVbEAE
347=3WJtSAGY13ScJwUMb1QCdBxNBXAoKQBxSQHgpQhySAGDBAMAc0gBJYE3dEkB46EEdUgBgQ
348=QCTQg74H10UsGeBEBUyQEFKCkABkgB2QYHKCkACCgpAAkoKQAKSAEn7RM7vIMihSc7rVID
349=TZ87r1IDAA5MBZteAwAPSAGdTANNnzvhnhFUAoAPbp87AJhpIsU6O7hpbZ87JFQhbJ8nQQ
350=MWWAbVGBdIASN4IG2fO6PVAgAZVALBBBooKQAbKCkAHEgBI+AiIsQ6J9kAHlQCnxUBAB9I
351=ASM1MwFAgsEaAUyfxx4CACJABCOxJwJQGcEaAlkhO7S9IoQnJ10BJkwF2REnSAHN1ihIAd
352=02KUgBzdYqSAHZaStIAWhkQWcsyAFNXS1IAd1MLkgByegvSAHJ6DAoKQAxSAEjazQCADJI
353=AYgtbZ87gZ4KbJ+qAQsCTp87AIUeAkyfxx4CADdYBoiFbJ8njQc5VAKIhW2fO7TedUw7+d
354=c84AQixTo7JJQ0bJ/AO22fO6zWbJ8nKQBBWAYj6C4ihCcnVQBDVAKIkGyf3EFsn8wxbJ/f
355=FQEAR0wF2RxISAHdbUlIAYcIAgBKSAHJb0tIAc0FTCgpAE1IAcVKTkgBmxECAE9IASftEz
356=uUBklsUVQCjAFunzsA2TJTVALNMVRIASU5I1VIAXigAQUCAFZIAcE7V8gBQTtYSAFsn1k9
357=WcgBVQJaSAHdCltIAdEJXEgBwQ9dSAEl7SleSAF4oEE7X8gBQTtgSAGBngJMn88mAwBiVA
358=LBcmMoKQBkSAHBO2VIAZNhAgBmSQFlRowJAk2fO4yfSQxoVALNEGlIAcktakgB3StrSAHB
359=BGxIAdEqbUgB0SpuSAHNBW9IAc0FcCgpAHFIAZRPIoQnzTwCTJ/DMAMAdEAEmwYDAHVIAc
360=WidkgBlwICAAEh8ETJbwIoKABw89UCBChVAAVIAdkGBigpAAcoKQAIKCkACSgpAApIAcG0
361=C0gBmIplojwkHCVlojxAg0QLZaI8WIWJAQ9MBUABIoFYECgpABFIAdUuEkgBjDFlojwkED
362=Rlojz1nBVABNUYFigpABdIAZDaZaI8JMApZaI8+cEaQATZBhsoKQAcSAGYEWWiPKh6IjUo
363=PLSyZaI8nANJKiBMBYQeZKLUAmWiPLt/AQAjQASNiQFBHzy7wQEAJVQCxRMmSAHFPydIAZ
364=AJIjYoPACLWQMAKVQC2cEqSAHdFStIAZ8rAgAsSAElnSotSAHBBC5JAZFEVU1zL0gB1QIw
365=KCkAMUgBwQQySAGEGmSiJxUDNFQCyVk1SAHRFDZIAcFRN0gB2Wk4SAGHCAMAOUgB3TY6SA
366=GFawJYUNg9bE8niQE9QASMG2SiwDtlojwoRBQnKQBBTAWUZWSiJ1UAQyhVAERIASOYL2Si
367=yE5lojwmUTxHQASQFCLMO9QNIsw70AlkoidFCUsorQBMSAHdIE1IAYwQIjYoPACUDWSiJw
368=UBUEAEzTFRSAHVDVIoKQBTSAHRCVRIAdEqVUgBxTRWKCkAVygpAFgoKQBZKCkAWkgByQxb
369=SAHdQVxIASV9MV1IAd0VXkgB1QJfSAHBD2BIAclOYUgBhAhmojwAjwUDAGNUAskBZEgBjB
370=siNig8AMWMZlQCwfZnSAHNG2hIAdnMaUgBzRBqKCkAa0gBwQRsSAHBBG0oKQBuKCkAb0gB
371=zQVwSAHJF3FIAdEfckgBJSUmc0gBI1QhZqI8ACNUIWaiPACTFAMAdkAEI6tSAgB3SAHECH
372=DzwzADAD39gwRIAcEEBSgpAAYoKQAHKCkACCgpAAkoKQAKSAHVZQtIAdFhDEgBwWcNSAEl
373=4TgOSAHBZw9IAc0FEEgBzQURSAHJFxJIAcktE0gB2ScUSAHJ8xVIAcEaFigpABcoKQAYKC
374=kAGSgpABpIAd0KG0gB1S4cSAGEP2WiPembHlQClLJkoiMNOgCGoj0AhB5loj0kFVABUS89
375=SKFMKWSiJ60AJEQIlE9koifVBSZUAiN4TCJVYz2wd2aiPQCUAmWiPfVPKkwFjzwCACsoKQ
376=AsSAGbPQIALUgBnysCAC5IAckiL0gB2RwwSAHNGzFIAUgUIuE4MigpADNIAZxiIo0oPaCT
377=IowoJykANkAEzVI3SAGTHwIAOEgBJVUsOUgBgyUCADpIAdEJO0gBwQ88SAGFPwFAASehBD
378=5QASOkIGSi1A0ijCgnKQBBQASEP2SiJ1UAQ1QCI9w9Io4oPQCQYWWiPbBhZqI9ACNMbSKM
379=KMwxZaI94etJRAjJm0pIAZAJInw8J60ATFQC2ddNSAHBBE5IAdknT0gBI5xhInw8J9kAUV
380=QCwQRSSAHBMFNIAZcYAgBUSAHBD1VIAZyOIo4oPQDJAVcoVQBYKCkAWUgBwTBaSAHNPFso
381=KQBcKCkAXUgBxRNeSAHNBV9IAZNLAgBgSAHJOGFIAclvYkgBhTQCRaI9JIM3AgBkVALBBG
382=VIAZ9MAwBmSAGQ2iKNKD0mETRoVALZHGkoKQBqKCkAaygpAGwoKQBtKCkAbigpAG8oKQBw
383=KCkAcUgBxUpySAEnRRQ9Jl1OdFQCgzAEAHVIASNIRmWiPSRYMmSiJ7EGeEAEjwUCAAMhqE
384=bJAQQoKQAFKCkABigoAAQHAD4A1wEAEQAAuQ8AIAgAAAIACAA+AM8BAGgBAgkAPgDRqQEK
385=SAFMAnUCC0kB3bUCDEkBJHsCAgANSQHptQIOSQEjtQIPSAFkAV0KEEgBzQURSAHBBBJJAd
386=a5BhNJAc2pARQoKQAVSAHZERZJAdWhBBdKAf//RwsCABhJAde1AhlJAdOpARpJAdKpARtJ
387=AdCpARxJASdUBgEAAQAdSAGPEAEAHkgBlwIAAB9IAZcYAAAgSQHnewYAACEoKQAiKCkAI0
388=kBKHMJAAAkSQHfbwUBACVIAcUTJkkB3HcCAgAnSQHgqQEoSQHaawEDAClIAY8bAwAqKCkA
389=K0gBmxwDACxJAeZvBQIALUgB3QouSAHFHi9IAc0bMEgBwQQxSAGDEwIAMigpADMoKQA0SA
390=HVLjVIAdUuNkkB1LUNN0gBiyIBADhIAZ8gAQA5SAGHHgEAOkgBwQQ7SAGPJgEAPEgB0So9
391=SAGRFAFCAT4AiwwBAD9QAckBQCgpAEEoKQBCSAGDGgEAQ0kBIXsYAQBESQElqQFFSAFkAU
392=VKRigpAEcoKQBISAHVLklIAc0FSigpAEsoKQBMKCkATSgpAE4oKQBPKCkAUCgpAFEoKQBS
393=SAHFKVNIAYsXAgBUSAGLFwIAVUkB47EqVigpAFcoKQBYSQEidxQCAFlIAYtDAgBaSAHJWV
394=tIAZdEAgBcSAHBcl1IAdk9XigpAF9IAdkRYEgBzQVhSAHJb2JIAYc0AgBjSQHZpRNkSAHB
395=BGVIAZc5AgBmSAHNBWdIAWwUVS5oSAHJDGlIAZc5AgBqKCkAaygpAGwoKQBtKCkAbigpAG
396=8oKQBwSAHZJ3FIAdUNckkB3rEUc0gBkxQDAHRIAZMUAwB1SAGTFAMAdkkB5K0Fd0gBxQh4
397=KCkAeSgpAARIUcEEBSgpAAYoKQAHSAHNMQhIAdkcCUgB0RQKSAHFCAsoKQAMKCkADUgBh2
398=ACAA5IAck4D0gB2TIQSAHJOBFJAdupFxJIAcWXE0gBwQ8UKCkAFUgBzRAWSAHFCBdIAcUI
399=GEgBwQQZSAHBBBpIAd0VG0kB2LUNHEgBhIxloj+cA1GjHvQCZqI/AJQYZqI/AIxSZKInKQ
400=AiTAWDGgAAI0gBkDVloj9UolwJZqI/AJM1AQAmQATBiCdIAZc5AgAoSAGVAgJGoj8AlC5m
401=oj8Al5EDACtABJGNAkWiP1gMXApkoscTAgAuQATBJS8oKQAwSAGfFQIAMUgBwTAySAGbqw
402=IAM0gBSAlx2jRIAdVaNUgBgw8CADZIAYMPAQA3SAGcTGaiPwCAZ2SiJ5kDOiiBADtIAYwm
403=ZqI/AIMPAQA9VAKQFGWiPyhEFCcpAEAogQBBSAGTQAEAQkgBmBFmoj8AnCtloj9Y0lMXAg
404=BFQATFjEYoKQBHSAHZikhIAUQFeRxJKCkASigpAEsoKQBMKCkATSgpAE4oKQBPKCkAUCgp
405=AFEoKQBSSAGLOAIAU0gBwVFUSAHB4FVIAYdVAwBWSAGXIwMAV0gBm0gDAFhJASZgFmaiPw
406=DNG1pUAsEaW0gByQxcSAGTKgIAXUgBhwgCAF5IAdleX0gBzQVgSAGTKgIAYUgBgw8CAGIo
407=KQBjSAGLLQIAZEgBxQhlKCkAZigpAGdIAWwUhqI/AM1HaVQC2RFqKCkAaygpAGwoKQBtKC
408=kAbigpAG8oKQBwKCkAcUgBzRtySAHBZ3NIAcFndEgBmBFmoj8AkVYCRKIntQx34wQCAHgo
409=KQB5KCsABQBAgAgBAAIABigpAAcoKQAISAHZHAlIAcElCkgBnwYCAAsoKQAMKCkADUgBwT
410=AOSAHVIw8oKQAQSAHBchFIAdUuEigpABNIAcEPFEgBxQgVKCkAFkgB1SMXSAHFCBhIASUh
411=IBlIAdUCGkgBl08CABtIAdUYHEgBiE56oEAAnEwiYihAAIDKeqBAAJAJeaBAqG94oM0FAE
412=gGJ4EAI1EJ4HireaBAkCNNqiVUAowBeqBAAIEEAUA1wAR5oEC0e3mgQEQDVwUCACpYBpWn
413=AlmgQO2fLFQCWgMAAHmgQPRPAS4AQADBXC9IAclvMEgB0R8xSAGUGCJhKECBCAB5oEDpAT
414=QogQA1SAGYAnqgQADRxDdUApgneKDUDXmgQCSgMCJiKEAAlw0BADtMBZw2eaBA4Z49VAKI
415=OHigJ1UAP1QCiRcBQQFAo78BAEFQASMcJXmgQKSBeqBAACU1KERABCPgLXqgQACHEwMARl
416=QCh0oDAEdIAYM7AgBISQHhezICAElIAY88AgBKSAHZHEsoKQBMKCkATUgBk7kCAE5IAdWG
417=T0gByU5QSAHFCFEoKQBSSAGcIHqgQADZ7VRUAtF3VUgB0XdWSAGAJXigyCJ5oECrxwMAWU
418=AElw0DAFpIAcEaW0gB1RhcSAGECHig2DJ4oNsyAgBfQATZEWAoKQBhSAHZBmJIAdFhY0gB
419=zQVkKCkAZSgpAGZIAcUeZygpAGhIAcF9aUgBjDwiYCjDGgIAayhVAGwoKQBtKCkAbigpAG
420=8oKQBwKCkAcSgpAHJIAY88AgBzSAHRKnRIAdVldUgBgPZ4oCeBC3dUAskXeCgpAAZETdUC
421=BygpAAhIAdVlCUgBwQQKSAGU/2GeQZACAQACAAxUAowBIiQ8J1UADlQC3SsPSAHBchBIAd
422=0rEUgB0QkSSAHVAhNIAdkGFEgBxSkVKCkAFkgB0QkXSAHZBhgoKQAZSAHZERooKQAbKCkA
423=HEgBkMRhnkG4imKeQQCQS2KeQQCUZWGeQbxtYJ4ngQAiRAiI8yLcJyeBACRUAsV2JUgBgA
424=RgnsAEYJ4ndQQoQATdNilIAdE1KkgByRcrSAGIeiLdJ0Ek7ClinkEA0R8uQATRHy9IAdE1
425=MEgBjBAi3idBAIwQYZ5BULREC2GeQae4AgA0TAXNaDVIAVkDAFU5NkgBnCAi3CfECGCexA
426=hhnkEknCphnkG4dGGeQfWcPEQInDYi3CcnVQA+VAKIFyIkPMwQYJ7ILWCeJ6EEQkwF2RFD
427=SAHBGkRIAYyfYJ7ECGCe0BRjnkEA4nWcA0Ce3RUDQJ7cNmCe1w0CAEtRCWlMBQEBAgBMSA
428=HVnE1IAYgXYJ7LFwIATyhVAFBIAdmgUUgBg5MCAFJIAc0xU0gBxYFUSAHBBFVIAZfeAgBW
429=SAGABGGeQazWYJ7UDWCeJ1UAWkwFg30DAFtIAZzQIiU8Qe2qXVQCwQ9eSAHRQF9IAdUCYC
430=gpAGFIAcEEYkgBwQRjKCkAZCgpAGVIAc1zZkgBzQVnSAHVAmhIAcU0aUgBxXZqSAHZJ2so
431=KQBsKCkAbSgpAG4oKQBvKCkAcCgpAHFIAYNGAgBySAHVDXMoKQB0KCkAdSgpAHYoKQB3KC
432=sABwBCgAhBXAgoKQAJKCkACkgBwdULSAGQBWmbQiQEOGmbQqxdIkk7Qq9dAgAPTAXFHhBI
433=AclDEUgB1QISSAHVAhNIAdUCFCgpABUoKQAWSAHFHhdIAdUuGEgB1S4ZSAHFExooKQAbKC
434=kAHEgBlERom8QeaJsnKQAfQASbaQEAIEgBlWUBQYJCvYMBWAAnrQAjQASXDQEAJEgBnFci
435=SjtCACUJVCZUAoAEIpBP2AYiLCcnKQApKIEAKigpACsoKQAsKCkALUgB2VMuSQForXMvyA
436=EBAgIAMEgB2X8xSAGDDwMAMkgBmJVpm0KstWmbQiT3KgIANUAEjAUiLSdChAFRQDcoVQA4
437=SAGECGibJx0EOlQClFpom9g9IiwnJykAPUAElDkiLSdCJtUmP1QCJZk6QEgBiS0CWVBCoZ
438=MCTQJCr8sCAENQAcEaREgBjwUDAEVIAZQCaZtCJFsnBABHVAKFgQRJm0Kg1WubQgAeaxoD
439=AEpABMkBS0gBaZsEaZtCr7UCAE1UAiOUKWmbQryOaJsnKQBQKIEAUSgpAFJIAYAPIi0nQi
440=R4KyKRT0LpkFVABMXZVkgBJQUiV0gBJYUnWEgBgDtpm0ImbS9aVALNBVtIAcHgXEgB1XBd
441=SAHFYF4oKQBfKCkAYEgB3WJhSAHNBWIoKQBjKCkAZCgpAGVIAZyvIpBPJ0kPZ1QCJQkoaE
442=gBbCpVRGlIAZBAIiwnxD8iLCcnKQBsQASTQAIAbSgpAG4oKQBvKCkAcEgBwTBxSAHVDXJI
443=AdUNcygpAHQoKQB1KCkAdigpAAhUR9kGCSgpAApIAYgtIn0mQ5wDVRgMVALVGA1IAd0VDi
444=gpAA8oKQAQKCkAESgpABIoKQATKCkAFCgpABUoKQAWKCkAF0gBzZ8YSAHBDxlIAdUCGkgB
445=xeQbSAGDFgIAHEgBwXIdSAEjDCNxmEMkOyMBAB9UAohkcJgnmQMhVALZBiJIASNnIwEAI0
446=gBnApxmEMm6Tkl9QICSWlD6bwnVALZEShIAZgGIkA6J4kBKihVACsoKQAsKCkALUgBZZcD
447=Il5OQwBoAVVwL9YCBQNRmEPldjFUAiOUKXGYQ0CvXw0DADNUAkMBAAADIX0mQ1QTUAFxmE
448=P1hjZABJsGAgA3SAGbHAIAOEgBRAUiASc5SAHNwDpIAYxdcZhDrH5xmEO41yJ9JkMkPClx
449=mENcwEwIIn0mQ6CpIn4mQwAlkTlBUAmdbQNYUM0FA00CQ6ubAwBEUAGYMnGYQ7PEBABGVA
450=KIm3CY2BxwmMcIBABJQASFlwRQmNcjBABLVQJqTMABAAUATMoBAQZTmEMASEwUAQAGAE5U
451=AmgBVQJPSQFKtQJQSQFFqQFRyAEBAQIAUkgBcAJRYVMoKQBUSAHdYlVIAc1SVkgB0UBXSA
452=HJm1hIAdmVWUgB2ZVaSAEl5ShbSAHFCFxIAdn4XUgBwZNeSAElQS9fSAElcVZgSAHdYmFI
453=AcUIYigpAGNIAdkRZEgB0QllKCkAZkgByaZnSAHZHGhIAdUNaUgByQxqKCkAaygpAGwoKQ
454=BtKCkAbigpAG9IAcEacEgByQxxKCkAcigpAHMoKQB0KCkAdSgpAAlcRMUICigpAAsoKQAM
455=SAGQViLNJUSkVSLMJScpAA9ABMGpECgpABEoKQASSAHFHhNIAc0FFEgB1QIVKCkAFigpAB
456=coKQAYKCkAGUgBxQgaSAHZthtIAdUYHEgB0UAdSAHJOB5IAd02H0gBzQUgSAHNBSFIAcEE
457=IkgBxZcjSAHBniRIAZhpIs0lRIAIXVcmVALVIydIAcEaKEgB0QkpSAGQBSL9TERYZFMBBg
458=ArVQJJRAFBZyzIAUFnLUkBaFBsAQYGAC7IAQEHBQAvygEIBFmVRLuVBAAxVAKTjQQAMkgB
459=nBV5lUS0snmVROWBNUAEI2spAwA2SAGZBgNZlUQmUSY4VAJ0EUEaOUgBkAkiODnQCXmVRK
460=SieZVEJJBPeZVEKLkSRPG5P0QI0QlASQHgQBpdCkFIAZxieJXMBXmVRCT9YgRYAwpEAAAA
461=AAAABABFAEQAEQAArxAAIAkhAAAAAAQARgBEACVEAQEABABHSQEmqQFISAHVAklIAY8FBQ
462=BKSgHiAUcEBQBLSQFqSAEBAgUATEkB2UgBAQAGAE1IAVkDAEkBTkkBkLUCT0kBiKkBUEkB
463=hqkBUUkBRVAFAQQGAFLIAQEFAgBTSAFQAgIAAAIAVEkB2m8FAgBVSQHNqQFWSQHSqQFXSQ
464=HPqQFYSQHTqQFZKCkAWkgB2QZbKCkAXEkB1K0FXUgBjxsCAF5JAeO1Al9JASJzEAIAYEkB
465=1rUCYUgB0QliSAHNEGNIAdEJZEgBdAZJF2UoKQBmSQHYpQhnSAHBBGgoKQBpSAHZHGpIAd
466=0KaygpAGxIAcEPbSgpAG5IAc0Fb0gBzRBwSAHJDHEoKQByKCkAcygpAHQoKwAKAEWUBkkX
467=CygpAAwoKQANSAHRFA5IAdUND0kBJ2MHAQAQSQHpexwBABFJASi1AhJJAdx3AgIAE0oB//
468=9bAgIAFEgB0SoVSAHVGBZIAdkcFygpABhIAdUNGUgB0TUaSAHRNRtIAdE1HEgB0RQdSAHd
469=Ch5JAdCtEB9IAUQQcUsgSAHNBSFIAckMIkgBwQQjKCkAJCgpACUoKQAmKCkAJ0gB0QkoSA
470=HRCSlIAdEJKkkBU28BBgArSQGMexEGACxJAYqpAS1IAZcjBgAuSQFoVAIBCgUAL8gBAQsF
471=ADBIAZscBQAxSAHZdDJIAZcCBAAzSQHXWAZdeDRJAdGpATVIAXwOVQI2SQHldwIDADdIAY
472=cIAgA4SAGHCAIAOUgBjwUCADooKQA7SQHmewYBADxIAZscAQA9SAGbHAEAPkkB4KEEP0gB
473=xQhASAGXAgIAQUgBk0ADAEJIAZcCAwBDSAGRQARaUEUA3RVFVAKDBAQARkgBgRoFQpNFAI
474=N9BQBIVAKPBQUASUgBjAVjk0UA220QBkKTRQCFgQZCk0UAhD9gk8NcBgBOWAaTFAYATygp
475=AFBJAZGlCFFJAT9kBGKTRQBpAQFgk8QIY5NFAI5tBQJCk0UAjxsCAFZYBos4AgBXSAHVAl
476=hIAWwJRWtZKCkAWkgBhykCAFtIAYcpAgBcSAHBXF1IAZyvYpNFAJurAwBfVAKMMWKTRQDF
477=CGFUApscAgBiSAHVDWNIAdEUZEgBxRNlSAGDJQIAZkgB3W1nSAGTKgIAaEgBxQhpKCkAai
478=gpAGsoKQBsSAGLOAIAbUgB1RhuSAHFCG8oKQBwKCkAcSgpAHIoKQBzKCkAC0w/xQgMKCkA
479=DSgpAA5IAd2OD0kBI3AFaZBGYgEAAGuQRgAkcwEBABJABNWRE0gB0R8USAHdFRVIAdUjFk
480=gB0SoXSAHBBBhIAWwJSTgZSAGLTgIAGkkB3XNAAwAbSAHZaRxIAcGTHUgBxWseSAHdQR9I
481=AZt/AgAgSAGP4QIAIUgByQwiKCkAIygpACQoKQAlKCkAJigpACcoKQAoKCkAKSgpACpIAW
482=mQAWqQRgDNXSxUAoMPBgAtSAGcbWmQRr1tBkmQRq1zBkqQRgCYHGqQRgCPGwUAMlkG5Hwg
483=apBGAJ9BBAA0VAKPUgQANUgBiwwEADZIAYQIaJDFCANIkNwKapBGANknOkwFiwwCADtIAZ
484=gGaJDABGiQJykAPkAElWUBVHXTQAIAQFQCkEBqkEYAkUACS5BGAN98FWmQRqxoaZBGqYUE
485=WlBGAIw8aJDAGmqQRgCAymqQRgCIQ2iQzAVqkEYAmEhokCcpAExMEIQ/aJDEE2mQRqh6aJ
486=AnVQBQTAWDJQYAUUgBfY4CaZBGUxoAAANokMwFa5BGAI90GGqQRgAjdSUCSJAnKQBXRQiK
487=oQRYSAGfCgIAWSgpAFooKQBbKCkAXEgBkx8CAF1IAZdlAwBeSAGEHmiQJ7EGYFQCxTRhSA
488=GYHGiQJ5ECY1UCi60QZEkBhKkBZUgB2V5mSAHdbWdIAYgMaJAnBQFpVALJF2pIAZtTAgBr
489=SAGbwQIAbEgBnExokCfZAG5UAtkGbygpAHAoKQBxKCkAcigpAAxAzdkGDSgpAA5IAZOuAQ
490=APSAGABHGNR4QBkI0nKQASQASbJwEAE0gBhAQiviNHAM1+FVQC3SAWKCkAF0gB0TUYSAHZ
491=BhlIAd1XGkgB3VcbSAHdjhxIAY8FAwAdSAGTFAIAHkgBlwICAB9IAdVEIEkBiaEwIUgBwQ
492=QiKCkAIygpACRJAUxEBEmFJUkBSEoBAAZJf0dW7wAAVQInVQJKtQIoSQFJqQEpyAFBBCpJ
493=AVG1AitIAZw2Ir0jR/mKLVQCkM9xjUeka3GNR7Rwco1HAIi8co1HAIi8co1HACexEUfxdz
494=RQCYxzc41HANV4HHCN2zIEADdABJQjco1HAJsRAwA5VAKX3gMAOkgBgQQCUI3bBgIAPFQC
495=h+8CAD1IAXwZTcA+KCkAPygpAEAoKQBBSQHebBBxjUe80HGNR6uQAwBEQASUZXGNRyixEU
496=ckKCFxjUdIwlwNc41HAOFwCXGNRySkNnGNRyiwEdwVIrwjJykATUgMXQcAXTZOSAEjADJw
497=jSeBAFBUAowbc41HAFhwBXKNRwDVOVNABGgBAQEGAFRIASPzIwYAVckBAXCN0AkivCMnKQ
498=BYQARsCUElWSgpAFpJAWhUGFkGW8kBAiK8I8AacI3EHnGNR6zAcY1Hu8wDAGBYBo/AAgBh
499=SQHhUAlJDGJIASOTOQIAY0kBh7UCZCgpAGUoKQBmSAHRbGdIAdEUaCgpAGkoKQBqSAGE2X
500=KNRwCEVXCNJykAbUAEj0cCAG5IAdEJbygpAHAoKQBxKCkADYRoVwUCAA5IAYAaeYpIuBx5
501=ikhUA0gAIg0jSLBAIg0jSKQ/eIrABHmKSO3AFVAJ0R8WSAHBfRdIAUkJAEElGEkBaFQjQT
502=AZyAFBMBpIAZ/mAgAbSAGH7wMAHEgBnLp5ikhcfkwIeYpIoFF4iicpACBNBWm9CiFIAUQF
503=dQ0iKCkAI0gBbIlF2STKAQMGURlIJAQteYpIlAZFVSdABI1zBkVlSL94BgApVAKHBAYAKk
504=gBI0wrIg0jSLh/eYpIpDQiDSNI4YguTAXZBi9IAZxteopIAIB9eIrAD3iK2BwiDSNItE8i
505=DCMnKQA1RAiIInqKSACcr3iK0Al4itgReYpIJHggeIrBBAJZiki8jniKwAR5ikiMFEU0Pk
506=gMjQECWP0nVQBAKFUAQUgB2cFCSAHZwUNJAR18BniKwEZ4isBGIgwj0Al5iki0kXmKSEws
507=XAZ5ikjtiUpQCUwCdYZLKCkATCgpAE0oKQBOSAGM93mKSCbJNVBUAoixeIonVQBSVAKXsg
508=YAU0gByQxUSQGSTEdFP1VIAWSMAQQGAFbJAQV4iskXAlyTJykAWUEEaFgGAQMCAFrJAQQi
509=GjVIAHQCAwUDAFwASFDgUwwDAF1IAYBceIon3QZfVAKIb3iKJ60AYVUCHlQGAQADAGJIAX
510=RaXQpjyAFZEWRIAXwDUTVlKCkAZigpAGcoKQBoKCkAaSgpAGpIAYwmeIrQVniKJykAbUAE
511=JRUkbkgB1Q1vKCkAcCgpAA6ktX1tD0gBgBphiEm8V2GISUBtTAhhiElcAEgAIhxGJykAFF
512=gGTAJlCBUoKQAWKCkAF0gBcCpJLRjIAUkiGcgBSS0aSAHdKxtIAd1iHEgBJaVBHUgBI0k7
513=A0kySUwAXw0DAB9UAsktIEkBaVQ5XQohyAFJLSJIAUQFZRMjSQFQTgEBBk5XSQCUvWKISQ
514=CUnGGISadrBgAnTAUjNChhiElQBkgAYYhJJPglY4hJAIVUDUlOK0wFWANtXSxIAZgyYYhJ
515=KAARJwUBL0AEzQUwSAEnARFJJNBBYYhJJJc0BQAzQASPBQUANCgpADVIAYQ0YYhJtL1hiE
516=m4q2CI3DZgiMAEYYhJJL0jAkGISSR4IGCIxBNgiCcpAD5IDIAPYYhJJHwxIhA0J4EAQSiB
517=AEJIASWJIkNIAScCEUkAiAFhiEmzzwUARkEE42wmY4hJAOKpAUhUAoQ/Y4hJANJnDwYASl
518=QCaAFRNUvJAQIiXyJJAMehBE1UAmgBQQROyAFBBE/IAQEDBgBQSQGorQVRyAFNBVJIAXAC
519=XTZTKCkAVCgpAFVIASUNI1ZIASVxKldIAZkfBkGISVABI/UqWUEBaFYYBgZCiEkAaAEBBw
520=UAW9YCCARAiMVVBECIJykAXkAEzcBfSAEj8yQEAGBIAYNcBABhSAGVWgRDiEkAakgMAQAF
521=AGNUAmgBVRhkSAHZEWXIAVUCZkkBSHMbBgBnyAFVAmhJAUW1AmnIAU33akgBI5A5YYhJoO
522=BhiEmkziIQNIAMYWduTAVgCFmVbygrAA8ASpACVQIQKCkAESgpABIoKQATKCkAFCgpABUo
523=KQAWSAFw+10VF0kBaEQeUSoYyAFRKhnIAVEqGkgB1SMbSAHFKRxIAZxiIq0hSriVaYVKtU
524=8ESYVKt4YEACBNBWpIDFEqIcgBQQ8iSAF8g1lII8gBWUgkSAGENGmFSqQeaYVKrCZphUqs
525=JmmFSvmKKVkGh2gMaYVK5YwrVAKULiKtIUrx5S1UAiVVIS5IAcEELygpADBIAYwbIq0hSq
526=x+aIXMEGmFSiSQI2iFxx4FADVYBpcjBQA2SAGECGiFxwgEADhUAocaBAA5SAHFrTpIAY0F
527=AkiFzAVohdAfaIUnKQA+TAUjoCVphUok9DVohdgRIrxEJ60AQk0FbEgiQbRDyAEBBQIARE
528=kBbVQCTTFFyQEBaIXbBgYAR1QCkxQGAEgoKQBJSAF8g0U0SsgBSf5LyQEFaYVKiIVVAk1U
529=AmiFVQJOyAFRS0/JAQdqhUoAaIVFP1FUAmgBXQpSSAHBD1MoKQBUKCkAVSgpAFZIAdVEV0
530=gB2QZYKCkAWUgBwTtaSQFoRR4KaoVKAGoBCwVJhUrlol1ABN02XkkB5EwFAQAEAF9IAZVE
531=BEqFSgCQrmiFJ7kHYkEEak0FAmiFJ3EJZFQC2RFlKCkAZkgBweBnSQGIWAZFomhIASNDRQ
532=YAaUkBRVwGAQQGAGrJAQVphUpMAkgAaIUnKQBtQARMAqiFJ1cAEABLkAJdgxEoKQASKCkA
533=EygpABQoKQAVSQFMQAdNMRbIAU0xF0gB3SsYSAFsJlknGcgBWScaSAHNJhtIAZ9XBAAcSQ
534=HibRsEWdFLvSsEVYBLvINxgku9gwVTgksAakwFWSchWAaVWgZNbUsmpUEjVAIjsEgi/SBL
535=8fslVAJYFXX/JigpACcoKQAoSAEjOCMi/SBL7X4qVAIjTEwiADIniQEsVAIjMDgi/CAnrQ
536=AuVALNRy8oKQAwSAHdCjFIAYQecYJLJNQmcIInKQA0QATN7DVIAc0FNkgBzSY3SQEfeBhy
537=gksAI7xEIv0gSyS8RCL8INU5A1GCSyTkM3CC1AJwgicpAD5QCYRVcYJLJMQkcoJLAJBLcI
538=InrQBCTAV8DlVEQ0kBbEEwCXKCSwBwggECBgBFVAKDBAYARigpAEcoKQBIKCkASUgB3TZK
539=SAHRNUsoKQBMSAElSWdNSAElJTFOSAHJDE8oKQBQSQHseAIiAjJLAGgBUcRSVAJxAgAiAD
540=LUGCJdQ0sm5ShVQATBD1ZIASPDPwYAV0gB1QJYSAHBD1lIAcE7WigpAFsoKQBcKCkAXUkB
541=5VQjAQAFAF5IAYg4cILMPHCCJ1ULYUAEI2daBQBiSAHJDGNIAdUjZEgB2RFlSAHJTmZIAc
542=0bZ0gB3W1oSAEljV9pSAElbCQJagBLAEYAAAAABgBrEQAA1w8AIAgASwBGAAAAAQIAbEgB
543=Bf//AAAAAgBtKCsAEQBMSAJLAAIAEigpABMoKQAUKCkAFUkBU0gFAQAGABZKAdcBTwEGAB
544=dJAc2pARhJAc+pARlJAdGpARpJASZIBQEABQAbSQEiqQEcSQHbYwQFAB1IAZsGBQAeSQHV
545=tQIfSQHgqQEgSAHVDSFIAdUNIigpACNJAdJvBQYAJEkB0KkBJUgBcA0BAAYAJigpACcoKQ
546=AoKCkAKUkB2bkGKkgBgyUGACtJAda1AixIAcEPLUgBnxUGAC5IAdkcL0gB2QYwKCkAMUkB
547=wFAQAQEGADLIAQECBgAzSAFQAgIAAAYANCgpADVIAc0QNkkB5WMPBQA3SQEfcwUEADjrAQ
548=MAOUkBJ3cCAgA6SQHpbwUCADtJASO1AjxIAWQBWT09KCkAPkkBkK0FP0kBgqkBQEkBhakB
549=QUgB2QZCSQFLbwEGAEPIAVUYREkBUbUCRUgBZAFVGEYoKQBHSAHRNUhIAcElSUgB2SdKKC
550=kAS0gB0TVMSAHZJ00oKQBOSAHJDE8oKQBQSQHsWAJFKVHIAQEDBgBSSQHddxgGAFNIAVwD
551=fStUSAHJOFVIAc0QVigpAFdIAc0QWEgBzRBZSAHVGFpIAdUYW0gB2T1cSAHJDF1IAcFcXk
552=gBwVxfSAHBXGBIAdVaYUkB4HMUBQBiSAHFCGNIAdEUZEgB0RRlKCkAZkgBzRBnSAHdFWhI
553=AcUIaSgpAGpJAUB7AgYAa8gBmn9MAIwbYX1NeANmgRMAJykAFCgpABVIAWB9WT0WSAHFEx
554=dIAcUTGCgpABkoKQAaSAGZHAZCfU0AySIcVALJIh1JAdyxHx5JASF3EAUAH0kBJakBIEkB
555=2mMEBgAhSAHJeiJIAcUeI0gBaQUAYn1NAJMJBgAlKFUAJigpACcoKQAoKCkAKUgBwRoqSA
556=HRKitIAc0bLCgpAC0oKQAuKCkAL0gB2RwwSQHAXBFVTzHJAQRifU0AdQIFYH3cK2J9TQDF
557=SjVMBcEaNkkBZmQeYn1NAGkBAWB9qQECYH2pAQNgfcQIY31NANN7BgIAPEQImxECAD1IAV
558=QRYTs+KCkAP0kBj60FQEgBJ6APxxMCAEJUAmB9WWlDSQGObwUGAERIAZMJBgBFSAGPRwYA
559=RkgBl1oGAEdIAc0mSCgpAEkoKQBKKCkAS0gB1TlMSAGdFQZBAU2vUgYATlABzZ9PSAHBD1
560=BIAWB9USpRyAFRKlJIAcEEU0gB0SpUSAHZEVUoKQBWKCkAVygpAFhIAcU/WUgB2QZaKCkA
561=WygpAFxIAc1+XUgBwQ9eSAHBXF9JAeNvJgUAYCgpAGFIAdVaYkgBzSZjSAHVDWQoKQBlKC
562=kAZigpAGdIAdVEaEgBwQ9pKCkAakgBYH1dNmvIAVVEE0wpjwUCABQoKQAVSQFUeAJu904A
563=xWAXVALZERgoKQAZSAHBDxpIAcU/G0gBxTQcSAHRHx1IAdEfHkgBxR4fSAFwDQEABgAgSQ
564=HjbAFqek4AaAFZiiJUAtF3I0gBfANNBSQoKQAlKCkAJigpACcoKQAoKCkAKUgBwRoqSAHB
565=GisoKQAsSAHVTy1IAcEELkkB1H82BgAvSQG7UBBFEzDIAVEqMUkBwFUCB2l6TuVVM1QCUg
566=IAAGh6JyUFNVQCzSY2SAF9eARqek4AagEFBUz3qgEGAkz3qQEHaXpOsJhqek4AhfoBSnpO
567=AIX6AUt6TgAoew0BAD5cCmQBAQACAD9IAY8xAgBASQGRdxgCAEFIAcEEQkgB2T1DSQGLYA
568=Rrek4AhqkBRVQCwTtGKCkAR0gBxSlISAHBJUkoKQBKSAHZHEtJAZKxCUxIAdEJTUgBwXJO
569=SAHFCE9IAc1oUEkBlncUBgBRyAFVLlJIAXACUSpTSAHNwFRIAcUIVSgpAFYoKQBXSAHBO1
570=goKQBZSAHZBlooKQBbSAHNBVxIAcEEXUgBxYFeSAHBk19JAb9cEUUTYMgBXUFhygEDBk33
571=TlgDSwAGAGNUAs0mZEgB3QplKCkAZigpAGcoKQBoSAHVDWlIAUgJZUpqSQE/bQEGUXdPYQ
572=EAWD0BFQBPAHQ5WREWSAHVDRdIAdUNGCgpABkoKQAaSAHNGxtIAc0FHEgB1QIdSAHZMh5I
573=AZkNBlzxwA9xd0+EdlEfIUAEcHdRHyJIAc0FIygpACQoKQAlKCkAJkgBzZ8nSAHBDyhIAZ
574=vXBgApSAHFEyooKQArSAHdTCxIAdFLLUgB1YYuSAFkdlkRL8gBUcQwyAFRxDFIAcFRMkgB
575=2RwzSAHJFzRIAcUpNUgBzRA2SAHNBTdJAWZCXAkGUXdPnXgKcHfUI3F3T+V2O0wFI+Atcn
576=dPAIxzc3dPACR4DXF3T/14P0wFgFxyd08AlA1wdyddAUJABNk9Q0gBJ/MOTwCJWBFJZEVU
577=AskiRkgB3StHSAHBXEgoKQBJSAHNG0ooKQBLSAHNMUwoKQBNSAHNBU4oKQBPSAHdpFBIAX
578=B3XUFRyAFBMFJJAdpYHFlTU0gBRAFpWVRIAd0rVUgB3QpWSAHBO1dJAYyhGlhJAYqpAVlI
579=AdkGWkgBzQVbSAHFHlxIAcEEXUgBxRNeSAFkdlFAX8gBUUBgyAEBBgYAYcgBUbliSAHRFG
580=NIAY8xBgBkSAHRFGVIAcUpZigpAGdIAdUNaEgBxQhpKCgAAhUAUABVeAJu7FAA3QoXVALd
581=ChgoKQAZKCkAGigpABsoKQAcKCkAHSgpAB5IAd02H0gBjEd5dFCYdFEfIVQCeHRRHyJJAd
582=lYEVkyI0gBRAF5MiQoKQAlKCkAJigpACdJAditMShIAdkGKUgB1S4qSAHBGisoKQAsSAHZ
583=ES1JAZx8BiJ+PFAAaAFNEC9UAmR2QTAwSAHNczFIAdEJMkgB2T0zSAFgCE1dNEgBxSk1SA
584=HZMjZIAc0FN0gByaY4yQEBeXRQgAhVpzpVAuZjGgEAO0gBlGV6dFAAgA95dFC0cHl0UOV2
585=P0wFxe9ASAGcjnh0J10BQlUCMXAMIn48UACQ8GzswAQi2SxQJtEgRkwF3VdHKCkASCgpAE
586=lIAd0rSkgBhxMGAEsoKQBMKCkATSgpAE5IAc1ST0gBdBFNJlAoKQBRSAFsc0lDUsgBSUNT
587=ygEGBlzKJ6UKVVQCwQ9WSAHdCldIAc0bWEgB3TZZSAHNBVpIAc0xW0gB2RxcSAGPJgYAXU
588=gBZD9RQF7IAUGIX0gBZHZZq2DJAQp6dFAAhDRs7NgybOwnUQVkTAXdCmVIAcUeZigpAGco
589=KQBoKCoAFgAj0EJlYBdIAcVKGEgB1RgZKCkAGigpABsoKQAcKCkAHSgpAB4oKQAfKCkAIE
590=gB0WEhSAF0cEEwIsgBQTAjyAFBMCRIAdUYJSgpACYoKQAnSAHdFShIAdl/KUgByRcqKCkA
591=K0gByWQsSAHJOC1IAXRwVS4uyAFZti9IAdU5MEgB0QkxSAHFCDJIAcE7M0gB0RQ0SAEliT
592=g1SAHVAjZIAdkyN0gBYHJVDTjJAQNgcsAwfeZRJHBAYnJRACNwQGFyUSRYMmFyUe1zPkQI
593=hykBAD9JAeC9eEBIAYAPYHInXQFCVAJgcgECAgBDyAFZHERJAVdwBWFyUShBDlEmNT5HQA
594=SLDAYASEgB3VdJSAEnQA7YEWByJykATEAEzSZNSAHBJU5IAcUIT0gBfg4ABlhQ0BQi0itR
595=ACWVSlJABGxzRWBTyAFFYFTKAQsGUclRJHcwBgBWVALdCldIAclkWEgBzRBZKCkAWigpAF
596=tIASWVKVxIAXRwSSJdyAFNUl7IAU1SX0gB3UFgSAHJImFIAdUYYkgBxcNjSAHVAmQoKQBl
597=KCkAZigpAGcoKwAXAFKUBkkiGEgB1VoZSAHVGBooKQAbKCkAHCgpAB0oKQAeKCkAH0gB0V
598=YgSAHRCSFIAdEfIkgBdHBJLSPIAUktJMgBSS0lSAHZMiZIAZcUBgAnKCkAKEgB3UEpSAHJ
599=DCpIAcU/K0gBJTkjLEgBJTkjLUkB7XQJbuFSAGgBWaAvVALRCTBIAcUIMUgBzTwySAHJLT
600=NIASPIViK9OVImCSg1VAJ4CkUpNigpADdJAUR4AiLKKlIAaAGM4dQuaG8nKQA7TQXmuWk8
601=SAGYEWtvUgDNtQI+VAKEE2tvUgDgtQJAVAJkDEHrQSgpAEJIASPQK2pvUgB2cAUCXw9SAD
602=JwBWpvUgDVcEZMBZQNIgpJUgDNlEhUAtmKSUgBwQRKSAGYEWhvxxMGAEwoVQBNKCkATkgB
603=0VZPSAF9DgBpb1IkOC5ob9AfIqxYJ1UAU0wFdXAObuFSAGkBD2tvUgDYSAhRNVZABMlDV0
604=gBxTRYSAHRFFlIAdEUWkgBwRpbSQG3RAhZoFzIAYpvUgB0cAEHBgBeVALRCV9IAdEJYEgB
605=lC5s4Se9AmJUAsEEY0gB1VpkSAFFDABZHGUoKQBmKCoAGAAiGFdLBAYAGUgB3W0aSAHVZR
606=soKQAcSAHVGB0oKQAeSAHZER9IAd0VIEgB1b0hSAFADG0QIigpACNIAXxtUSokyAFRKiVI
607=AdEqJkgB2QYnSAHdmShIAc0QKSgpACpIAc0QK0gBJTEiLEgB2REtSQHtVAlJLS7IAUktL0
608=gBzSYwSAHFHjFIAcnoMkgB0TUzSAFACHUYNCgpADVIAZdaBgA2SAHBBDdIAcVVOEgBcGxB
609=qTnIAVleOkgBJSVHO0gBJ104Uyh9G1Mokg1TAIwbcWxTJu0pQFgGJe0pQUgBlCMinVZTtG
610=VwbMA7cWxTkGxBfUVNBVZ0FCKdVlPpx0dUAsGISEgBJQ05SUgB1SNKSQHNdHtwbMQTcGwn
611=KQBNQATZJ05IAZ8VBgBPSAFwDVVPUEgB2ZVRSAHVAlJIAdVEU0gB1QJUSAFwQE0mVcgBUc
612=9WygEGBlmEUyYJKFhUAsEPWUgB0TVaSAFka1kGW8gBWQZcyAFFa11IAcXZXkgB2T1fSAHZ
613=HGBIAdEJYUgBxRNiSAHdFWNIAdUCZCgpAGUoKgAZACKEPksEBgAaKCkAGygpABxIAd1tHU
614=gBwQ8eKCkAH0gB2ZUgSAFICXVPISgpACIoKQAjKCkAJEgB2SclyAFdICbIAV0gJ0gB0Qko
615=SAHNEClIAc0QKigpACtIAdUjLEgB2YotSQGXaAhu1lQAaAFZoC9UAs08MEgBfANFPzFIAc
616=0mMkgB1QIzKCkANCgpADVIAcUINkgBzQU3SQGNtU84SAEi5ChdCjnIAVVaOkkB5mAEIrko
617=VKhDIrkoVO1oPUAEjBsi/DYnVQA/VAKfKwEAQEgBJR1GQUgBxWtCSAGMEHhp1Dl4aScpAE
618=VABJABeGmAAWU0R1QC0UtISAHZJ0lIAY8QBgBKKCkASygpAExIAcFnTUgBxZdOSAHYJySI
619=T0ASbdZUJvVAUUAE2TJSSAFYA20QUygpAFRIAdXTVUgBaEMJCQYAVgBUANgAAAAKEQAAMh
620=AAIA4GAFcAVADYAAAACwYAWABUAIMABgBZSQG3TAEBCAYAWsgBAQkGAFvIAQEKBgBcSgHb
621=AUcEBgBdSQHSqQFeKCkAX0kB1LUCYEgBRAUCAAAGAGEoKQBiKCkAYygpAGQoKwAaAFWUBl
622=kGGygpABwoKQAdSQHaqQweSAHNEB9IAcEPIEgBiwgGACEoKQAiKCkAIygpACQoKQAlSQHY
623=XAZFHibIAUUeJ8gBQSUoSAFcA2EaKUkB1q0QKkkBzakBK0gBzRAsSQG4UAUBAgYALcgBAQ
624=MGAC5JAZdUAkkBL0gBxQgwSQHVpQgxSAFcA2kMMigpADMoKQA0SAHBMDVIAcEPNkkB0aUI
625=N0kBkakBOEkBP1QJTRA5yAEBAwIAOkkBJlQCAQABADtJASKpATxIAZMqAQA9SAGfCgEAPi
626=gpAD8oKQBASAGXDQEAQUkB4HcNAQBCSAFsCQEAAgBDKCkARCgpAEVIAWRNAQEGAEZIAY8F
627=BgBHSAGDDwYASEgB1TlJSAGPEAYASigpAEsoKQBMKCkATUgBmxEGAE5KAf//RwsGAE9JAY
628=5nEwYAUEgBTAJxKlEoKQBSKCkAUygpAFQoKQBVKCkAVkgBaUMOYmdVAGkBD2NnVQCzQAtB
629=GllABGgBSS1aSAFtaA1gZycpC1xUAkgFbRBdKCkAXigpAF8oKQBgKCkAYSgpAGJJAd2hGm
630=NIAdMJGwBWhAEBAAYAHCgpAB0oKQAeSQGQuQYfSQGEqQEgSQGGqQEhSAHFSiJJAc+1AiMo
631=KQAkSAHdKyVIAZsNBgAmSAF8IEkiJ8gBSSIoSQGpRARJIilIAcE7KkgB3WIrSAF8YgEFBg
632=AsyQEGamRWAHUCB2hkJ0EDL0EE3LkRMEgBWAp5JzEoKQAyKCkAMygpADQoKQA1SAHNEDZJ
633=AdCxCTdIAdEJOEkBQW8BBgA5yQEBa2RWAJJtBQJJZFZIHUcEAQA8QATVZT1IAZB3amRWAI
634=dVAQA/VALJAUBIAZQNa2RWACRACF1tQlUCKKkBQ0gBZAFVZUQoKQBFSAGIRmpkVgDdV0dU
635=AtVaSCgpAElIAYwQaGTPEAYAS1QCjxAGAEwoKQBNSAGYEWtkVgCMbBtrZFYAhakBUEAEmx
636=EGAFEoKQBSSQHZoQRTSAHBBFQoKQBVKCkAVigpAFdIAXBhVZxYyQEEbctWlGVFP1pUAtEJ
637=WygpAFxIAcFcXUgBwQReKCkAX0gB2RFgSAHBBGFIAdkGYkgB1QIcRNzJAR0oKQAeKCkAH0
638=kBj60bIEkBiakBIUgByS0iSAHdKyNIAdEqJCgpACVIAd1iJkgB1Q0nSQGpTAFFgSjIAV0g
639=KUgBUAJ9VypIAWxdTewryAFFzizIAUXOLUgB2RwuSAHZBi8oKQAwKCkAMSgpADIoKQAzSQ
640=HXoRo0SAHNyzVIAdEJNkgBzRs3SAHVGDhJAUFEBEkXOckBA3FhV0wCSABwYScpADxBBOZo
641=DH7FVwCQbHJhVwCEuHFhV/1iQEwFmCdyYVcAmBF/xVcA4KUIQ0AEQQwAkGEniQFFVAJwYU
642=2JRkgB0TVHSAHFl0hIAZsGBgBJSAGMEHBhwA9wYScpAExABIcTBgBNSAEnMgxXAN0KT1UC
643=gngRf8VXAIqpAVFUAskMUkkB2LUCU0gB1QJUKCkAVSgpAFZIAWw8RSlXyAFRQFhIAXxiVZ
644=xZSAHNPFpIAdEJWygpAFwoKQBdKCkAXkgBwTtfSAHNqmBIAcUIYSgrAB0AWJACAQAGAB4o
645=KQAfKCkAIEgB0QkhSAHBvyJIAZM1BgAjKCkAJCgpACVIAcEPJkgBjwwGACdJAaxvAQYAKM
646=gBXTYpSQGdtQIqyAFVAitIAXQjReQsSAHRzy1IAcU0LkgBl0QGAC9IAWAIVRgwKCkAMUgB
647=yRcySAHJFzNIAcE7NEgB2QY1KCkANkgB1UQ3SAHNBThIAYglb8BYAEV/BgYAOlQCaQEBeF
648=6YA3lTPFQCJfEkPUkB43xBel5YAMXDP1QCiwwBAEBIAYAle15YACF8CnteWAAlqQFDQARk
649=AZheJ4kBRVUCMngCb8BYADOpAUdUAiVZJ0hIAXACSSJJKCkASkgByXpLSAGAD27AWADdmU
650=1UAtXpTkgBxQhPSAHdClBIAdUCUUgB3StSSAHdQVNIAcktVEgBxTRVSAF0OV26VskBBiKZ
651=JFjl+lhUAtEJWUgB0QlaSAHdjltIAcEPXCgpAF0oKQBeSAHJF19IAc0FYCgrAB4AWZACSS
652=IfKCkAIEgBySIhSAHBDyIoKQAjKCkAJEgB3UElSAHNJiZIAdl0J0gBYFxJeijIAQEDBgAp
653=SAFgXFUCKsgBVQIrSAGcESKQIydlAi0oVQAuKCkAL0gBxWAwSAHdKzFIAd0VMigpADNIAd
654=EUNEgByQw1KCkANigpADdIAc0mOEgBJQkoOUgB1ac6SAFgXEnzO8gBAQUCADxIAZ8KAgA9
655=SAGTHwIAPkgB2V4/SQHjuV5AKCkAQUgB1VpCSAHFCEMoKQBESAHRCUVIAWBcRWtGSAFgXA
656=ECAgBHyQEDIhwweKNMCHy6J/kESkAE3a9LSAFZAwBZPUwoKQBNKCkATigpAE8oKQBQKCkA
657=UUgBm3QGAFJIAd2OU0gBwWdUSAF0WlX0VcgBVfRWyAFV9FdIAd02WEgB0TVZKCkAWkgB0T
658=VbSQGMbCYiAj1ZACUNLl1UAtnMXkgBwRpfKCsAHwBakAJZHCBIAd0VIUgB1Q0iKCkAIygp
659=ACQoKQAlSAHFSiZIAc0bJ0kBlmQLbrVaAGgBVbIpVAJwAlUNKkgBzRsrSAHBfSxIAcEELS
660=gpAC4oKQAvKCkAMEgByW8xSAHdKzIoKQAzSAHZETRIAd0KNSgpADYoKQA3KCkAOEgBJbEn
661=OUkBjbEqOkkBQGsIBgA7yAFRSzxIASMELWpZWgCYEWpZWgCLIgIAP0AEjRsCTLXLLQIAQV
662=QCbAkBAAIAQigpAEMoKQBESAHRCUVIAdEJRkgB0QlHSAF0WllpSEkBa1AUXYNJSAHZikpI
663=AdU5S0gB2aBMSAGADyKIItgRIrwuJykATyiBAFAoKQBRSQGifAZqWVoAaAFVOVNUAmCTVT
664=lUyAFVAlVIAXRaRe9WSAHFKVdIAcUTWEgBjBsivS5aJAAnIi5IWgAnKwtaAItAGl0KXE0F
665=iakBXUgB0QleSAF0EUMEIABbhAFJASFIAcUeIkgB3VcjKCkAJCgpACVIAdUNJkgBxRMnSA
666=FkVUUpKMgBSYUpSAEiFDpNGypIAZsNBgArKCkALCgpAC0oKQAuKCkALygpADBIAcmmMUgB
667=xXYySAHFdjNIAcV2NEgB0do1SAGTQAYANkgB1Tk3SAHZEThIAdEJOUgBzSY6SQFARARBGj
668=vJAQN+r1sAlFpxVlso0gpbAJRlcFbQKnJWWwCMEHFWWyRcLXBWJ4EAQ1wKn3gCAERIAZdw
669=AgBFSAGfKwIARkgBeVMEfq9bAGgBkFaoAQEGBQBJwAQBBwUASkgBzTFLSAHVRExIAdEfTU
670=kB071BTkgB3SBPSAFUHG21UEkBu0wBUTVRyAFRH1JIAXBWVTlTSAFwVlUCVMgBVQJVSAGL
671=xwYAVkgBzRBXSAGMGyIdRlvlVVlUAtFLWkgBmBwiHkZbACWRI1xUAsVVXUgBVBFnEyEAXI
672=QBRVUiSAHFVSNIAdEJJCgpACUoKQAmSAHRHydIAZh/bapcI4RIQespVAJ4UwEFBgAqyQEG
673=elNcAM0QLFQCI6RBIgxEJw0CLlQCnBEi/CsnVQAwVALZ+DFJAYepLTJIAcVKM0gB2QY0SA
674=HFNDVIAdUYNkgBySI3SAHNBThIAdUjOUkBUngCIv8rXAA8aAEi/StcJMhAelNcAJQNelNc
675=AJRlbKrQFHhTJykAQFAJgPZ4UydVAEJUAiMoLCKbUFwA43QYeVNcJAQteFMnXQFGTAVtUg
676=h5U1yYUwEJAwBI1gIKBFhTtQILeVNcJqUrS0AEyThMSAHFHk1IAXwZTTxOSAGIFyIORFwA
677=bVIDItg3qAFdNlFABHQCXTZSSAGTbAYAU0gB2T1UKCkAVUgB3StWSAHZXldIAcVVWEgBzT
678=FZSAHNBVooKQBbSAHNR1xIAdMUIgBdhAFdFSNIAcEaJEgBxQglKCkAJkgB2RwnSAHBDyhI
679=AcFnKUgBYVEJYVFdmVMKYFGpAQsinContQEtTAWEDyIyTl0A0WwvVALVezAoKQAxSAHJFz
680=JIAdkGMygpADRIAdEfNUgByRc2SAGXkQYAN0gBzSY4SAHJFzlJAWdIQ0mFOsoBAgJR+128
681=eGBR3BVgUScpAD5MBYwQYFHIF32kXfWnQSiBAEJJAeBJDABhUV2hcgNdpF0kvE9jUV0A4a
682=EERkwFI3grY1FdAB1sDGBRyAFjUV0A32wFYFHQCSL8QcQTIiA2SC1gBHD7J1UATl0KwVAJ
683=QZ5PyAGBUV2NUgciME7UGHH7XfWcU0wFxSlUKCkAVSgpAFYoKQBXSAHRVlhIAdkGWSgpAF
684=pIAYzLfKQnZwIjAF5cEksABgAkSAHVTyVIAcUIJigpACdIAckMKEgBwQQpSAHBOypIAXVP
685=DmlOXpVPD2tOXgCjRQwBb59eAMdJAQBoTqgBVQIvWAZ0AlUjMMgBVSMxSQHPrQUyyAFNBT
686=PIAU0FNEgB3RU1SAHNGzZIAXQGSQw3SAHZfzhIAXxMAQQFADnIAQEFBQA6yQEGak5eAGEE
687=B2hOyCJoTicpAD5MBZwKaE4nVQBAKFUAQSgpAEJIASMoWGpOXgAjKFhun14AmXQDSfNeJJ
688=1AA0vzXgDiY0YDAEdYBpRPaU5etE9pTl5IM0gPaE7TCQUAS0wFTAJx2kxIAdkcTUkBwVgC
689=XZlOyAFd0E/JAQdsn8gXaE4nKQBSQATFKVNIAcE7VCgpAFUoKQBWKCkAVygpAFgoKQBZSA
690=HNlFpIAVQRcxQkAF+EAVkyJUgB1Q0mSAHVDScoKQAoKCkAKSgpACpIAd1MK0gBZUoCcUtf
691=kEtBRi1VAsdQDF26LsgBXSAvyAFdIDDIAQEHBgAxSAFwS1kGMsgBWQYzyAFZBjRJASdQCQ
692=EABQA1SQHpZzQFADZIAZU5BV2ZX/3QOFUCZ0EECHJLXwBqAQkEUEuqAQoDXJmpAQtxS1+k
693=rXJLXwCAGmDr1CNwSycpAEBcCoBGYOsnVQBCVAJgE5+ZXwDgQA9JAURUApBAcEvUAnBL1w
694=0EAEdABIW4BEHrX6RKcUtfu1MEAEpABJBWcEvXAgUATFQCZUoIfplfAGkBCSKwMqgBTctP
695=QASYEXFLX7ircUtfJGRlfJnIF2HrXySnKwYAVFgGxT9VKCkAVigpAFcoKQBYSAHVyFlIAc
696=N9JQBgnQ4AIo1qYCRkWiJ9UmAkZFoifSZg4akpTAXVDSpIAcUIK0gBJVEmLEgBlAltlGCk
697=NG2UYKQ0In0mYPk9MEwFJaUgMUgBizgGADJIAcUIMygpADRJAeZkNHlIYLQjeUhgoDB7SG
698=AA6KEEOE0FI2gIe0hgAB9oAXhIyAF5SGDt1jxMBSMkUnlIYLAqeEjcFQUCAD8AYAAAABEA
699=ABEOCh0IAAAAAgBAAGAA1gGIAQJBAGAAz6kBQkkB0akBQ0kBJFwDTQVESQEoqQFFSAGXAg
700=MARkkB6G8FAwBHSAGDBAMASEkB3XcCBABJSAGPBQQASkgBgwQEAEtJAd9jBAUATEgBeAoB
701=AAYATUkBwUwBAQ0GAE5IAUUBAFUCT0gBkwkGAFBIAdUCUUkB2WcIBgBSSAHVAlNIAYMaBg
702=BUSQHNoQRVKCkAVigpAFdJAdShBFhIAccIJgBhhAFBDycoKQAoSQHarQUpSAHZBipIAZMF
703=BgArKCkALCgpAC0oKQAuSAHFEy9IAYstBgAwSAHRFDEoKQAySAGDMAYAM0gByQw0SQEmbw
704=EFADVJASKpATZIAZ8gBQA3SQEndwIEADhJAed/FQQAOUkBI7UCOkgBhwgDADtIAYcIAwA8
705=SQHkbwUCAD1IAZscAgA+SQHQtQI/SAFgCFFAQEgBlxgCAEFIAYsXAgBCSAHNBUNIAc0FRE
706=gBhz8CAEVIAZkRAkJGYQCRQAJDRmEAHXAFY0ZhACFoAWNGYQAeqQFKWQYlqQFLSAGQCWBG
707=xQgFQEYnsQZOQARoBV02TygpAFBJAdd3GAYAUUkB0qkBUkkB06kBU0gB1QJUKCkAVSgpAF
708=ZIAdk9V0gBywwnAGKEAVUNKCgpACkoKQAqKCkAKygpACwoKQAtSAHFEy5IAYcpBgAvKCkA
709=MCgpADEoKQAySAGILWhDJw0CNFQCnREGS0NiAOZvGwUANlUC3KkBN0gBlAJrQ2IA23QCak
710=NiAJ8gBAA6QQTVtQI7SQHlaAFqQ2IAgEZqQ2IAgEZqQ2IA1UQ/TAWLWQIAQEgBlBhqQ2IA
711=kCpqQ2IAmycCAENABJMUAgBEKCkARSgpAEZJAd5gD2lDYihoCMgBaUNitUQFT4liAOJtBQ
712=VMiScpAExECIBGakNiAN0rTlQCkxQGAE8oKQBQSAHFKVFJAYxwCW+JYgCEqQFTVQKKqQFU
713=SAGLFwYAVSgpAFYoKwAoAGOcA11BKSgpACooKQArKCkALEgBxRMtSAGPJgYALigpAC8oKQ
714=AwKCkAMSgpADIoKQAzSAHJhTRIAZAQcUBjvDZxQGO8NnyD1AJzQGMA4WwbcEDABHJAYwCA
715=iH6DYwCUhnJAYwCdrwNcg8QIcEDbBgIAP0AP0YJASAHZPUFIAZgRcEDUI3BAJykARCiBAE
716=UoKQBGSQFsRRMEckBjAGoBBQJDymMAbVYCAAVAyqkBAXFAY+08S1gGzTxMKCkATUgB3StO
717=KCkATygpAFBIAScTCGMAi2gMc0BjAImpAVNABJQYYMrIF3BAJysAKQBknANFPyooKQArKC
718=kALEgBl2UGAC1IAdkRLigpAC8oKQAwKCkAMSgpADIoKQAzSAHdFTRIAYQPeD0nDQI2VAKE
719=dnk9ZOlkOFQCkXcFW8FkAB98Bng9yAF5PWSlPwJZwWThtD1YBpxBeT1kvEF7PWQA2HQjbH
720=7AD2x+JykAQlgGZAxdxUMoKQBEKCkARUgBnG17wWQAhrEJR1QCeT0JeT1kmj0CBlk9ZO08
721=SkAE2SdLKCkATCgpAE0oKQBOKCkATygpAFBIAdknUUkBkWAPeD3LFwYAU1QCiBd4PSdXAC
722=oAZZACTTwrKCkALCgpAC1IAc08LkgB0RQvKCkAMEgBh6IGADEoKQAySAHNBTNIAYNnBgA0
723=SAGYDWA7J+EBNihVADdIAYn+Bl/8ZQBmdBhgO6kBAWA7qgECA1z8qQEDYjtlAIjocbll9T
724=k+UAmYwWE7Ze21QFQCjBBgO8wQfHgnKQBDKIEAREgBmBF9/GWsaGM7ZQCFZBN8eCfZAEhN
725=BVNgC2I7ZQCVhgZSuWUA3SBLQATJAUwoKQBNKCkATigpAE8oKQBQKCkAUUgBhNlgO8APYD
726=snKwArAGZkECJpKSwoKQAtKCkALkgB1TkvSAHZMjBIAZBWajhmAMXDMlQCjOx88SddATRU
727=AowMaDgnVQA2VALBvzdIAd0KOEgBaTgEaThmljkFBVzxqgEGAkg4qQEHaDjQCWg4JykAPk
728=QIlA1oOCdVAEAoVQBBKCkAQigpAENIAZgRffFm5T9FVQKPvTZGSAGYoGg4J10BSFQCaTgB
729=aThmKAkHZigIBycpAExMBdU5TSgpAE4oKQBPKCkAUEgBJ2wO1A1oOCcrACwAZ5QcVXAtKC
730=kALigpAC9JAZBoFyJdLWfluDFUAp8GBgAyKCkAMygpADQoKQA1SAGTYQYANkgBxTQ3SAHF
731=PzhIAcU/OUkBZlYNCQZRNWedNgpwNdAUcDUnKQA9TAWMEGGpZ7yZcTVnJsk1QEAEmNd+bW
732=cAhPp8bScFAUNABJxMcDUnVQBFVALdCkZIAdU5R0gBxQhISQFWZARxNWcosQZnKLAGJykA
733=TEwFJ7AGJ1UATihVAE9IAdGYUEgB1SNRSAFkDJkyaIQBSgEuACcpAC8oKQAwKCkAMSgpAD
734=IoKQAzKCkANCgpADVIAcE7NkkBiFQuSQw3SQGJqQE4SQE7aQ8GXdtoRGYBAAABAlsyaACO
735=YAR4MtgReTJo4TA9WAbVLj5IAZAfeTJotCN82ycpAEFABJhTeDInMQFDVAJ8DkndRCgpAE
736=UoKQBGSAGMiW5oaADFCEhVAjF8BnkyaCQwLXmgaCTbLAYAS0AEmxEGAEwoKQBNKCkATkgB
737=wTBPSAFsCUkiUCgrAC4AaZACVQIvKCkAMCgpADEoKQAyKCkAM0kBUmAHfdBpVGBMAXCYqA
738=FNfjZBBDdQAl0KN8gBVQI4SAFiMAICQjBpAJRlYTBptHBgMNgRYTBpoFFxmGnpLT5ECIQe
739=YDAnVQBAKFUAQSgpAEJIAcFcQ0gBdBGBMGkknCp80Ce1AUYogQBHSAEl4SJISAFgMF0VSc
740=kBA2MwaQBXdAlhMGn5MkxABNleTUgB1S5OSAFoBV0gTygrAC8AapACVQIwKCkAMSgpADJJ
741=ATloBH3FalAlhVU0VQI2VAJZETXIAUH2NkgBaC1VAjfIAVUCOEgBkGFpLWr9KzpUAkEIAF
742=0gOygpADxIAYzsaS1qKKgFJykAP0AE1S5AKCkAQSgpAEIoKQBDSAHVLkRIAdUNRSgpAEZI
743=AScJEmoorAvLIgIASUAEdi4FAkv+agBUaAhoLcAEbF0nKQBNTAV8A0UpTigoAAEwAGsAaC
744=JVAjHIAVVPMkgBcCpBJTNIAZsGAgA0KCkANUgBI3lBAkdaawDjsYI3VAIjVywCADhIAdkG
745=OSgpADooKQA7SAGEw31Xa+UpPVQC2Sc+KCkAPygpAEAoKQBBKCkAQigpAENIAdGCREgBzR
746=BFKCkARkgBJwERa/X0SFQCzQVJKCkASkgBcCpJIktIAYAEcSprhAFNJk0oVwAxAGyEKUVK
747=MkgBhwQCADMoKQA0SAHNJjVIASNYPXknbLFsA1UHbCSQOXknbCQ4OW1SbCS8OXl/bJgKjF
748=InKQA8UAnBGj1IASf5BGzxKj8oVQBAKCkAQSgpAEIoKQBDKCkAREgB2VNFSAGEDyIYKifh
749=AUcoVQBIKCkASSgpAEpJATJ8Bm1SbERFTAF4J6gBUyoyAG1IAkgAYCUnKQA0VAIl2UI1SA
750=GNJgNVB228TGElbSQhNgNdTG21IwNKf20AJdlNOlgGVAqwdyddATwoVQA9SAHdeD5IAc0m
751=PygpAEAoKQBBKCkAQigpAEMoKQBESAHJTkVIAcEPRigpAEcoKQBIKCkASSgpAEpIAWAlTe
752=xLSAHHlzMAbowJWT00SAEnSgRuACOkV2kibiblSTdABCOQLiIqQm4AJblJOVQCI/A6bUdu
753=uCdpx26sJmhvJ4kBPUwFJ0kEbijsCCcpAEBABMElQSgpAEIoKQBDKCkAREgBnLpoxyeJAU
754=ZUAoQabPcnVQBIKFUASSgpAEpKAf//VAV9jm9cAEgAAgIANQBvJsk1NkgBJaFcNygpADhI
755=ASWZRTlIAZenAwA6SAGIWSL9Nm8kOE9xH2+4J3G5b+UePkwFlNN95m8k/CAi4CInKQBBQA
756=TdIEJIAc0FQ0gBxR5ESAFUFXVPRSgpAEYoKQBHKCkASCgpAEkoKwA1AHCACEU/NkgBJaVX
757=N0gBJaVXOEgBhAR5XnCg63kccLyZeRxw7Yk8TAXVsj1IASXRKz5IAYQIeBwntQFAKFUAQU
758=gBzQVCSAHNBUMoKQBEKCkARSgpAEYoKQBHKCkASCgrADYAcYwJTRs3SAElAT04SAHNGzlI
759=Ac1+OkgBjMthGnGwViL9THHhfT1ABJQJIh0wcfU5P1QCIxhWfjZxAJxiIhwwJ+EBQkAE2Q
760=ZDKCkARCgpAEUoKQBGKCkARygrADcAcoAIVRg4SAHNczlJAd9s4WwxwwQEADtUAsFyPEgB
761=wXI9SAGMG2kXcu1zPyhVAEBIAd02QUgBmA0irCzcCiLoTycpAEQogQBFKCkARigrADgAc4
762=AIXRU5SAHVLjpIAc1oO0gBwWc8SAGQBSJ9UnOzKgMAPlQCI28vAwA/SAGTKgMAQEgBIxxc
763=fCsniQFCVAKECHAUJ1UARChVAEUoKwA5AHSIBUUTOkgBzV07SAHdQTxIAd1BPUgBiCJ6EX
764=QAmFN4EcQIeRF09XtBTAWAC2wmwAR4EScpAEQogwA6AHWIBU0QO0gB1Tk8SAElOWU9SAGc
765=NmEPdeFRP1QCnAZhD3Uo4AEnMQFC4ARgDydXADsAdpQGVQ08SAHFHj1JASB8AmkMdiQ0SW
766=0bdiYdUUBABIQ0aC0nBQFCVAJ0BpEJd4QBSAEBPQB3AN0KPigpAD9IAcUIQEgBkAVwCSnZ
767=AHiQAkYIPgAnKQA/KCkAQCgrAD4Aee0FPygoAAEAAAAAEQAA

[Terrain]
62077=TREE36
43059=TREE35
60016=TREE36
72040=TREE34
22076=TREE34
59081=TREE34
59050=TREE34
30083=TREE34
53105=TREE35
41033=TREE35
33042=TREE34
76024=TREE34
101048=TREE35
97082=TREE35
85095=TREE34
59079=TREE35
62080=TREE36
63079=TREE34
60077=TREE34
62053=TREE36
64050=TREE35
62050=TREE34
63052=TREE35
60049=TREE36
65052=TREE34
82058=TREE34
85066=TREE35
22060=TREE35
35068=TREE36

[Structures]
1019627=Neutral,CAOILD,256,58,108,0,None,0,0,1,0,0,None,None,None,0,0
1019632=Neutral,CAOILD,256,13,67,0,None,0,0,1,0,0,None,None,None,0,0
1019637=Neutral,CAOILD,256,65,11,0,None,0,0,1,0,0,None,None,None,0,0
1019642=Neutral,CAOILD,256,111,57,0,None,0,0,1,0,0,None,None,None,0,0
1019647=Neutral,CAOILD,256,35,89,0,None,0,0,1,0,0,None,None,None,0,0
1019652=Neutral,CAOILD,256,39,93,0,None,0,0,1,0,0,None,None,None,0,0
1019657=Neutral,CAOILD,256,32,86,0,None,0,0,1,0,0,None,None,None,0,0
1019662=Neutral,CAOILD,256,42,96,0,None,0,0,1,0,0,None,None,None,0,0
1019667=Neutral,CAOILD,256,37,39,0,None,0,0,1,0,0,None,None,None,0,0
1019672=Neutral,CAOILD,256,40,36,0,None,0,0,1,0,0,None,None,None,0,0
1019677=Neutral,CAOILD,256,42,34,0,None,0,0,1,0,0,None,None,None,0,0
1019682=Neutral,CAOILD,256,35,41,0,None,0,0,1,0,0,None,None,None,0,0
1019687=Neutral,CAOILD,256,88,90,0,None,0,0,1,0,0,None,None,None,0,0
1019692=Neutral,CAOILD,256,91,87,0,None,0,0,1,0,0,None,None,None,0,0
1019697=Neutral,CAOILD,256,86,92,0,None,0,0,1,0,0,None,None,None,0,0
1019702=Neutral,CAOILD,256,93,85,0,None,0,0,1,0,0,None,None,None,0,0
1019707=Neutral,CAOILD,256,89,35,0,None,0,0,1,0,0,None,None,None,0,0
1019712=Neutral,CAOILD,256,86,32,0,None,0,0,1,0,0,None,None,None,0,0
1019717=Neutral,CAOILD,256,93,39,0,None,0,0,1,0,0,None,None,None,0,0
1019722=Neutral,CAOILD,256,96,42,0,None,0,0,1,0,0,None,None,None,0,0

[OverlayPack]
1=IAAAIIH//jwa/4GoIAaCsbD+/wH/ga3+8wH/gbH+xgH/gf+AJgAAIIH//j0M/4Gv/gsC/4
2=Gu/u8F/4Gt/ggG/4Gx/v8B/4Gv/7wDSg6AJgAAIIH//kcK/4Gt/vYH/4Gx/vwD/4Gu/gkE
3=///8ATwWga/+vAP/gf+AeQAAIIH/+gAAga3+/QH/gqyu/gEC/4Gw/tMF/4Krr/4HAv973v
4=9GAD0C/wICPQKBsf6lAf+BqPkhAP/LAT4AgalgCuYUCv+mAW4O/lMA///+AT4A5jkSgav+
5=wgH/dhb/CwI9EsY0Av7+Af///AFIFMRsDNsUEP6QAf+B/4B7AAAggf9wAYGryAAA0hYAgb
6=H+3gH/grGs5eMBgaj+/wH/ganmDAL+4AP/yjYEga3iEQT+uwH/4kwI/gkC///DASwAgar+
7=SgD/gbD+qQH/ga/PARCBrv4WAv//AAI1Av7ZA///UwAmEP/bASYQ/xcCJhD+3gH//6oBaQ
8=7a4h+ALgAAIIH//jgC/4Gv/gwI/4Gt/vAB///xAUYK/hsC/4Gr/vMN/4GuMAeBqf7AAf+B
9=/4AuAAAggf/+QAb/gq6s/v4B/4Kwrf4ABP+Bqf4FBP///gFCCIGx/v4F/4Gr/rgH/4H/gA
10=8AACCB//48Av+BsP7BHf+B/4AJAAAggf/+/h//gf+ACQAAIIH//v4f/4H/gAkAACCB//7+
11=H/+B/4AJAAAggf/+/h//gf+ACQAAIIH//v4f/4H/gAkAACCB//7+H/+B/4AJAAAggf/+/h
12=//gf+ACQAAIIH//v4f/4H/gAkAACCB//7+H/+B/4AJAAAggf/+/h//gf+ACQAAIIH//v4f
13=/4H/gAkAACCB//7+H/+B/4AJAAAggf/+/h//gf+ACQAAIIH//v4f/4H/gAkAACCB//7+H/
14=+B/4AJAAAggf/+/h//gf+ACQAAIIH//v4f/4H/gAkAACCB//7+H/+B/4AJAAAggf/+/h//
15=gf+ACQAAIIH//v4f/4H/gAkAACCB//7+H/+B/4AJAAAggf/+/h//gf+ACQAAIIH//v4f/4
16=H/gAkAACCB//7+H/+B/4A=

[OverlayDataPack]
1=CQAAIIEA/v4fAIEAgAkAACCBAP7+HwCBAIAJAAAggQD+/h8AgQCACQAAIIEA/v4fAIEAgA
2=kAACCBAP7+HwCBAIAJAAAggQD+/h8AgQCACQAAIIEA/v4fAIEAgAkAACCBAP7+HwCBAIAJ
3=AAAggQD+/h8AgQCACQAAIIEA/v4fAIEAgAkAACCBAP7+HwCBAIAJAAAggQD+/h8AgQCACQ
4=AAIIEA/v4fAIEAgAkAACCBAP7+HwCBAIAJAAAggQD+/h8AgQCACQAAIIEA/v4fAIEAgAkA
5=ACCBAP7+HwCBAIAJAAAggQD+/h8AgQCACQAAIIEA/v4fAIEAgAkAACCBAP7+HwCBAIAJAA
6=AggQD+/h8AgQCACQAAIIEA/v4fAIEAgAkAACCBAP7+HwCBAIAJAAAggQD+/h8AgQCACQAA
7=IIEA/v4fAIEAgAkAACCBAP7+HwCBAIAJAAAggQD+/h8AgQCACQAAIIEA/v4fAIEAgAkAAC
8=CBAP7+HwCBAIAJAAAggQD+/h8AgQCACQAAIIEA/v4fAIEAgAkAACCBAP7+HwCBAIA=

[AITriggerTypesEnable]
0CAD0DCC-G=yes
0CAD0C7C-G=yes
0CAD0B2C-G=yes
0CA6621C-G=yes
0CDF8EDC-G=yes
0CDF8D8C-G=yes
0C0C7AEC-G=yes
0D62199C-G=yes
0CDF899C-G=yes
0D6216FC-G=yes
0D6215AC-G=yes
0D62145C-G=yes
0D0803CC-G=yes
0C32599C-G=yes
0CE23AAC-G=yes
0CA1F84C-G=yes
0CE26CAC-G=yes
0CE26B5C-G=yes
0CAD145C-G=yes
0CAD130C-G=yes
0CE2395C-G=yes
0D084B5C-G=yes
0D084A0C-G=yes
0D0848BC-G=yes
0CAD2AEC-G=yes
0D08461C-G=yes
0D0873DC-G=yes
0C8E2C3C-G=yes
0CAD25AC-G=yes
0D087D8C-G=yes
0C8B81BC-G=yes
0CADDEDC-G=yes
0C92C45C-G=yes
0C9565AC-G=yes
0C92C1BC-G=yes
0CADD99C-G=yes
0C9561BC-G=yes
0CE2EA2C-G=yes
0CE2E8DC-G=yes
0C955C3C-G=yes
0C955AEC-G=yes
0C8C71BC-G=yes
0C8C6EDC-G=yes
0D052AEC-G=yes
0CE44D0C-G=yes
0CA5945C-G=yes
0CAD2C3C-G=yes
0D535EDC-G=yes
0AA846FC-G=yes
0AA845AC-G=yes
0C8C645C-G=yes
0AD2BAEC-G=yes
0C96F5AC-G=yes
0C96F45C-G=yes
0CB2CEDC-G=yes
0C91D45C-G=yes
0CAD5AEC-G=yes
0D2C45DC-G=yes
0D2C448C-G=yes
0C8C56FC-G=yes
0D2C41EC-G=yes
0CA6AEDC-G=yes
0C0D251C-G=yes
0C8C51BC-G=yes
0CA24D8C-G=yes
0C8BC5AC-G=yes
0C8C4C3C-G=yes
0D53430C-G=yes
0ECCFCAC-G=yes
0ECCFA7C-G=yes
0C8EEEDC-G=yes
0C0D184C-G=yes
0ECCF68C-G=yes
0C8C430C-G=yes
0C87B99C-G=yes
0ECCF29C-G=yes
0ECCF14C-G=yes
0C8EEAEC-G=yes
0C87B45C-G=yes
0ECCBC3C-G=yes
0C8EE1BC-G=yes
0ECCB7FC-G=yes
0C32D84C-G=yes
0ECCB55C-G=yes
0ECCB40C-G=yes
0ECCB2BC-G=yes
0CB29EDC-G=yes
0C8C2C3C-G=yes
0C8C2AEC-G=yes
0A31295C-G=yes
0C87E5AC-G=yes
08A3EEDC-G=yes
0D022B1C-G=yes
0C1246FC-G=yes
0C1245AC-G=yes
0D0B3B9C-G=yes
0CA2A04C-G=yes
0CA2B06C-G=yes
0CA2FEDC-G=yes
0D2769BC-G=yes
0A452E5C-G=yes
0A452C6C-G=yes
0A44F2CC-G=yes
0A44F17C-G=yes
0D53099C-G=yes
0612B11C-G=yes
06C551AC-G=yes
0612CD8C-G=yes
0ABC484C-G=yes
05FFB18C-G=yes
05FFA7DC-G=yes
06002BFC-G=yes
07C0372C-G=yes
07C04EDC-G=yes
07C04C7C-G=yes
07C0B14C-G=yes
05FC1A8C-G=yes
05FC50EC-G=yes
05FC3C9C-G=yes
05FC37CC-G=yes
05FC333C-G=yes
05FC0C9C-G=yes
05FC088C-G=yes
05FC75CC-G=yes
05FC747C-G=yes
08B9154C-G=yes
08B911BC-G=yes
08B9213C-G=yes
08B9356C-G=yes
08B9305C-G=yes
08B9483C-G=yes
08B9423C-G=yes
08B940EC-G=yes
08B9586C-G=yes
0611A33C-G=yes
0611A1EC-G=yes
08B9641C-G=yes
08B97C6C-G=yes
08B9767C-G=yes
08B9708C-G=yes
05FC1C5C-G=yes
0612EAEC-G=yes
0612F9AC-G=yes
05FC13EC-G=yes
08B90B1C-G=yes
08B902EC-G=yes
0612F46C-G=yes
044082BC-G=yes
07C310BC-G=yes
07C329FC-G=yes
07C3266C-G=yes
07C33DDC-G=yes
0616004C-G=yes
07C330CC-G=yes
07C30A5C-G=yes
07C4853C-G=yes
043F521C-G=yes
043F874C-G=yes
043F40BC-G=yes
05C56EDC-G=yes
05C5392C-G=yes
05C504DC-G=yes
078F4B2C-G=yes

[Triggers]
085BCF3C=Neutral,<none>,@Sounds,0,1,1,1,0

[Events]
085BCF3C=1,13,0,0

[Actions]
085BCF3C=4,99,7,_Amb_WindPlains,0,0,0,0,AA,99,7,_Amb_WindPlains,0,0,0,0,AB,99,7,_Amb_WindPlains,0,0,0,0,AC,99,7,_Amb_WindPlains,0,0,0,0,AD

[Tags]
085BB18C=0,@Sounds,085BCF3C

[Digest]
1=D06CEYkSyuon2cUq47P+OqJIFl0=
