[NAPSYB]
Capturable=false

[SpecialFlags]
TiberiumGrows=yes
TiberiumSpreads=yes
TiberiumExplosive=no
DestroyableBridges=no
MCVDeploy=no
InitialVeteran=no
FixedAlliance=no
HarvesterImmune=no
FogOfWar=no
Inert=no
IonStorms=no
Meteorites=no
Visceroids=no

[Ranking]
ParTimeEasy=00:01:00
ParTimeMedium=00:01:00
ParTimeHard=00:01:00
UnderParTitle=GUI:NoUnderParTitle
UnderParMessage=GUI:NoUnderParMessage
OverParTitle=GUI:NoOverParTitle
OverParMessage=GUI:NoOverParMessage

[Houses]
0=Americans
1=Alliance
2=French
3=Germans
4=British
5=Africans
6=Arabs
7=Confederation
8=Russians
9=GDI
10=Nod
11=Neutral
12=Special

[Americans]
Country=Americans
TechLevel=0
Credits=0
IQ=0
Edge=North
PlayerControl=yes
Color=Gold
Allies=Americans
PercentBuilt=0
NodeCount=0

[Alliance]
Country=Alliance
TechLevel=1
Credits=0
IQ=0
Edge=North
PlayerControl=no
Color=Gold
Allies=Alliance
PercentBuilt=0
NodeCount=0

[French]
Country=French
TechLevel=1
Credits=0
IQ=0
Edge=North
PlayerControl=no
Color=Gold
Allies=French
PercentBuilt=0
NodeCount=0

[Germans]
Country=Germans
TechLevel=1
Credits=0
IQ=0
Edge=North
PlayerControl=no
Color=Gold
Allies=Germans
PercentBuilt=0
NodeCount=0

[British]
Country=British
TechLevel=1
Credits=0
IQ=0
Edge=North
PlayerControl=no
Color=Gold
Allies=British
PercentBuilt=0
NodeCount=0

[Africans]
Country=Africans
TechLevel=1
Credits=0
IQ=0
Edge=North
PlayerControl=no
Color=DarkRed
Allies=Africans
PercentBuilt=0
NodeCount=0

[Arabs]
Country=Arabs
TechLevel=1
Credits=0
IQ=0
Edge=North
PlayerControl=no
Color=DarkRed
Allies=Arabs
PercentBuilt=0
NodeCount=0

[Confederation]
Country=Confederation
TechLevel=1
Credits=0
IQ=0
Edge=North
PlayerControl=no
Color=DarkRed
Allies=Confederation
PercentBuilt=0
NodeCount=0

[Russians]
Country=Russians
TechLevel=1
Credits=0
IQ=0
Edge=North
PlayerControl=no
Color=DarkRed
Allies=Russians
PercentBuilt=0
NodeCount=0

[GDI]
Country=GDI
TechLevel=1
Credits=0
IQ=0
Edge=North
PlayerControl=no
Color=Gold
Allies=GDI
PercentBuilt=0
NodeCount=0

[Nod]
Country=Nod
TechLevel=1
Credits=0
IQ=0
Edge=North
PlayerControl=no
Color=Gold
Allies=Nod
PercentBuilt=0
NodeCount=0

[Neutral]
Country=Neutral
TechLevel=1
Credits=0
IQ=0
Edge=North
PlayerControl=no
Color=Grey
Allies=Neutral
PercentBuilt=0
NodeCount=0

[Special]
Country=Special
TechLevel=1
Credits=0
IQ=0
Edge=North
PlayerControl=no
Color=Grey
Allies=Special
PercentBuilt=0
NodeCount=0

[Header]
StartX=228
StartY=35
Width=55
Height=52
NumberStartingPoints=4
NumCoopHumanStartSpots=4
Waypoint1=259,82
Waypoint2=234,56
Waypoint3=254,43
Waypoint4=277,66
Waypoint5=0,0
Waypoint6=0,0
Waypoint7=0,0
Waypoint8=0,0

[Basic]
NextScenario=GDI2A.map
AltNextScenario=GDI9C.MAP
NewINIFormat=4
CarryOverCap=0
EndOfGame=no
SkipScore=no
OneTimeOnly=no
SkipMapSelect=no
Official=yes
IgnoreGlobalAITriggers=no
TruckCrate=no
TrainCrate=no
Percent=0
Theme=No theme
MultiplayerOnly=1
TiberiumGrowthEnabled=yes
VeinGrowthEnabled=no
IceGrowthEnabled=no
TiberiumDeathToVisceroid=no
FreeRadar=no
InitTime=10000

[Lighting]
Ambient=1.000000
Red=1.000000
Green=1.000000
Blue=1.000000
Ground=0.000000
Level=0.000000
IonAmbient=0.870000
IonRed=0.300000
IonGreen=0.400000
IonBlue=0.750000
IonGround=0.000000
IonLevel=0.000000
DominatorAmbient=1.500000
DominatorRed=0.850000
DominatorGreen=0.200000
DominatorBlue=0.300000
DominatorGround=0.000000
DominatorLevel=0.000000
DominatorAmbientChangeRate=0.001000

[Preview]
Size=0,0,111,52

[PreviewPack]
1=JCAAIABDcEoxb0Yrb0guZ0s3YFRKcXFuf15NqZmLu7Wou7OmubGlvLOitaqWj3tgZ0srbF
2=EyaVAyalAxblIyblIxbFExalAxa1Eya1Eya1Iza1AybFEya1Axa3ACAAAAAAAAAAAAAAAA
3=AAAAAAAAAAAAAAAAAAAAAAAAAAC0MWlPMGtRMrKlkc/JvLy1qLqxpLixpbewpMC3qcC4qZ
4=yXjmVlZDw/QC0xMjo9PmBhYJqXkL23q8G6rLeuoLmxpLatoLetn7uzpb20pb63qL21payj
5=k29tXCgqHXFvYqSckLuypbOqnrWtoLStobevo7euoLqxo7mwo7evorewo7Wrm7qxo8rAsc
6=7Ds46Gem9VOTs5L4B8crSrnsW7rLqzprOsoLeuoLSsnbauor21qMC4qby1qLevorWsnrWs
7=n7euobqxorevory1qbKsn7OsoLKsorWvpLiwo7OpmbWtn7yzpr62qLevorWuoratn7mvoc
8=S5qGBNRW5OPXFMM3BILG1GLGhHNGdZTmtpZImHgqqkmr21qL60orWsmIt5YGJIKmlPMWdO
9=MWVMMGVMMGpPMWlQMmVMMGdOMGdOMGZOMWZOMWlPMGhOMWVML2ZNMGRLLmdOMK2hjc/Kvb
10=y1p722qMW8rL62ppOPiF1fXjk7PS8xMz5BQmtraaKfl8C6rb21qLWuorixprqzpreun7mx
11=pbWsn7Osn7SrnMK3qG5tWS4tGT87Iy44HykzGiUqG4B9b8O7sLu0qbawpbmxpbevpLuzpb
12=WrnLiwpLevosC2pb60o5GMf1RWSyQkGU8/ISouGSUrGi0sI3Vzaayll8S6qr+3qbWvo7av
13=pKacjpSMgKqilb21p7u0psC4q720p7mypq+pmpCNhLCroLeyp7GqnbmypLqyqLixpb22qn
14=l0ZXZxYLCnmL+1pca7qbeunoqFfIB+eF5ZV15NSG1PP29HMWFDKW1NNGlHMl5PQmVhXYWE
15=gaiil6CHcoJsUWBFJmRLLWZNL2VMMGdOMWdOMGVNMGZOMWZNMGdOMGZOMGZNMWZNMGZNMG
16=VNL2lOMGFGJ2FIKaSXhMvEtsW8rrqypIyJg1VXVzQ4OS4xMkRHR3p6dqmlm722qryzpbev
17=o7Srnbatn7WtoLOsoLOqnLauobauorWtn7ixo721p2dgRzs4HkBCKCYuHT1BJVFCIFxUPq
18=WdlLuypr2vjraoiYqIjbGpmMG6rLixo8C1pI+JfV1cWG1rYzc4IDc1FzAyHB8lGDs7IEMz
19=Ez88LUtNTWhoYqGbkLGnlm5iV0U7MUk9Mnx0Z5yWhnl2aYF9cKmjmZ6Ykpx9Rqd2QVBGP7
20=Smk7y0p7SrnLu0pm9rYWdhU29nWFVRPoF5abGpmoSAd1lZV1JSUtjSw8G8sIeEfWBcWltM
21=SGtYRnBSOm5GLG9HLGpJMWFPQGpmYHpeTox9bYd3YWxTNmFHKWRLLWdOMGVMMGhOMGdPMW
22=VMMGVML2ZNMGdNL2dNL2lOMGNIKWJIKXZhR56QfLyzpLCroIGAfE5QUTE0NjAzNEpNTYaF
23=gLCroKOelbevosC3p7mwoLatobOsoLSsn7atn7euobmypbewpbSuo7Orn7mxo7uzpo6BZW
24=VWM3djO2ZWMko+JEw8IU9GMmVgWKefkaufiX14bFpTSldUS7Ovpc/Jv8C4rmxqZD0+PZuW
25=i4qAb1tROD48IDs2HEc8IFBGM4N7bKqbgZKEb15bUWVjXnp1a3htX6GRgJaSjFtbWk9NST
26=08RllYX3Z0akgyGGhLLUgnFGAxErCZgmZnYHBeRVpIMjIuIol7aqGcjmxqY1JUVVVUU2Rh
27=XXFtZ4t4Xr60otnTw8XCto+Oh2VgXVtNSWhOQnFOOHFKL21EKmdALGVSRWdiXH5+fJGMg4
28=l4YnBYOmJNMGZMLWpQMWdOMWVML2dPMm9RMGtRM2dPM2ZOMHtnTaCUgcS9sLOvqHp6eEhK
29=SzAzNTE0NlBTUoWEf62onpiTiltbWjI0NkpLS4F9d7Kqm8W8rbqxorKpmrWsnbSsn7Suor
30=Stn7y1qbasn7qypbStobKrn46Hd5N5UW1SLExDKGRbRIF+gaiejJKAaGlUO2RZSWtjU1ZH
31=NXtmPbSliIWChbuzoqmjl2NhW2VkX4uFeo2DcWhcRXp0Z6qhkcOthKyTaNe8k8CnhGhbSG
32=lnYGZmYJaRhaCak2hncUtLWH11c7WWa4FnUhUUEwMJCw0LBgAAAD87Nk5LQUA6LHpwXpSO
33=gmtqYl9eWllZWW9oU4WAf4uIhrasm19FJmJJK4RwV7ermNnSws/Ju5iVjGhlYlpPTGZOQ2
34=5INmVNMW5OM2xFLmJLOWRcVHt7eI+KgndQN3NXOWRLLWJIKmhNLF1UTndiVXBcSllYU5eD
35=ab22qL24rXV1c0ZKSjc6Oz5AQVpbWo+Nh7y2qsG4qWZlYScrMDY4O0JDRTo7PC0vMz9BQ3
36=Zzbqykl8C4qLeuoLOqnbmwoMC1pbOrnr60pL+3qriypru1qr+4rbauoaCXh6SWfJqPdm1n
37=Y11URlQ9JGNJLG5SMWhPMWhMLGpVOW5qYlBJPFNORLu1p9rPu4eCdjo9OnVzbmxqZGRjYl
38=RQVHJoWYFoSn1mT4RpUGlNMZCGdp+ZjWdlXVxbVYB9d6WflpGGc29LJKt6ObeJQzYoGBsb
39=Fg4OBSwqJWNeVHVyaXBua0JDQV1dWL62qJ+Zj5uPbn51bGVeVIB5bmhOMGdOL19EJmJIKn
40=xnTa2gjdfQws/Lv56dlW5raVpRT2ZTSG9QPG9JMHBHLG5ILmVMOGleVXhnXIyFfY+Ecnhi
41=RmlNK1JMSkNGU01OWkJDQk9KP5GMgI6MhDQ4PD9BPj9DRWZoZ7q1rM/FtruypLWsnbyzo3
42=57dDg7PTg6PDAyNT4/QT5AQS8zNzY5PWdmY7OqnMa7qq6mmHRxbURFRWxqZqefk8K5qbuy
43=o7avoryzpL+0o5qQf2dkX11XSkxDNl5IJIJpRIJ7fGlSNWhOL15FKWJUP4N7apeNe4+JfG
44=5tZUpLSFxcXWpqcVxcX0JCSRkcI0lFQnpqWoVzYot5aI6BcIN7bcC4q8i/rqmgkl5dTlFR
45=RYSAeYN6cZeDaIxtNjMfCT86MWhiVmRhWFdWU1NTU2dkXZeSjGhoZ19eV42IfpKOiHNwaF
46=1WSHx4bmZNL2hPMWZNMWRML19GJ15EJXhiRqaZhtHLvdHLvqqlmnVybVtUUmFORm5OPXJM
47=M2xDKGQ9J2dNPWNXTXBwbYqIgp+Ug2NfVzY6PURERCclHkJCSFdUWVVTUl5dWXJnWEJEQz
48=w+PkpMTHx7dq+oncK4qNDFs5CKgDk8O2hoZGVjYEFCRDQ2Ojo9QFRUU4eEfJyYjmxqZjo8
49=PzI0Nj0+QDU4PC4xNWFgXa+nmravo7CnmrmvoL61p7Wql5aKdW5WOmlSMH1yYGJdVUc/MV
50=U+I4VtT6OSeZOMfmZnYWNkYXBwcWFhZVlZZEZFTlFRVVFQT0M2JTo2LG9rY6ynnbu2qrev
51=ocG4rMK5rrmzqMm/t5ORbztGGTFEGjlKImxrYmxmY1VQTmtnXmZlYF9fX2dlY2toZpeIY5
52=SKfYJ7cpuSg3JvZltaVXt5b6+omcO6q2VNMGVML2ZOMGZOMGdOMGdOMGNJKlo/IGtTNqia
53=hM/IuMa+rq2om4SBemRdW2FPSGtJOmpWOm9OM25FK2ZIMmBRRW9ua399eW1INlhRR1hVSl
54=BPUENDS0tLVj8+Oz06MFFRTU5QUEpNT0ZITEZJSXZ1cqmjl8i9raeej21qYWFgWm1sZ2po
55=ZZiRhpuWjW1saTg7PjEzNzw+Pzg6PDAzNjg5PGZlY5GOhrCpnbWtnrWuobKrnrauobmvob
56=60o7WrmY+EdHBsZWpkVXhwYZOLe4yLgGRmYmdkX6OQgbOtonx+gYGBg1NTVDc0Lz06Mzs5
57=NlpTRY2Heq6pnrqzp7mxo7uxpZ6Yg5aSeruzorqzmnuLXDNNGS9CD0tVL0lGRllaQmVoRm
58=NjXbGqnnp3c1pZWY6JgpGMhWNgW0I8MmtmXcO5qLmxom1rZlJSUa6nmmZNL2ZNMGZNMGlQ
59=MmhPMmFHKWBGJ3NcPpGCbKyjk7iwo62mm6iglp2XiY+Mg4mFfmZhX15OSGtOP3FMNXBILX
60=BILGhIMmlWSHRnWn16dKijmWxoYjk5OEJCPykoIVRUUWFgX15cYWVhaUpLUz0/PzI2Nz5A
61=QW1ta6qkmsrArqmgkHBsY2VjXI2IfWFgXS0wNDk8Pz5AQjI0ODw+QHFva5yXj6KdlL61ps
62=C1o7asnLatn7WtoLevorStobKqnbuzpsO7rr6zoLCnlouKgG1aT2lQSIx9c4tjUZZqVKB1
63=YX52b4eIiFFPS0VBN2FdVJWPhriyp8K6rbmypbevoLatncG1rISDY0RQIWRjOkFJEkpfKV
64=NiO3d5YniEX1xmTEtRHCw5AENEOmtpZJOOg5SOhHFuanFva5OOgqihkL6zop6XjJaIX4mC
65=fHt4dLGpmGhOMGlPMWZNMGNIKGRJKXVgRJyNeL61pcG6rrqzprqypHx5eUhGT09MTlNTU4
66=19Zp+ajZWTjWxnY15RTWlOQXJOOGxCKWE/J2tLN2NPQWNeWHh4dHd1cGBcVF1VS4ODg4CC
67=hHlxcWguIDo1MWNiXFFSUVJUVDc6Ozs+QGRlY6GdlcrCs6ScjkVGRUZISEpLSWdmYlFSUX
68=l2cZ+akI6KglZWVTIzNk1NToWCe7SrncO4p7yyorqxorauobKsoLeuoL+5qsrGt2pnYTxB
69=QKONgM2kjXFeSDMgEj82K0Y6LU5GNqegk5+YjKKckLy1qMS9sLevory0psC3qr+3qcG2qb
70=q1m2qFPTxZFDE/EVlgPYF7cnB5UENOLEhhJ0lhH0BQHTtNGGptT4uEeWFfWWpoYpWQhoWA
71=eZCJfqefkmlnYFhZVnJvY2hiWk9HN2ZjXGZMLl9FJ2NJK3tnTKWXhMa9r8C7sK+qn6ulmr
72=iwosnAr2toZDg4P0pLVTU0MjM1NYVyYKWPdYiHf5WNgG5pZVtQTGZLQW5bQW9ONG5FKmpH
73=LmNMO2tkW3x3cpJpUpOMhH+AgXBubUE5MEI/NmRhWZWUkrW2t1haWj5BQTc6Ozk8Pl9gX2
74=9uaX57dLWsnYmDd15dV29tZqegk2lnZCktMTM1OUNERjg5Oy0vM0NFRnp3cq+nmcO5qbu0
75=p7SsnrizpbycisOOeZSUiUNFRF5eW4CAdaGObaGMY4RvS4V1WJKHcrWtnby0p722qqymnK
76=Odk8O6qb60o6GZi5KOg5OOhYWHcWx9SG15R2hpVWJsU0tbP0FRGSc2AUxNOXZ/U32MU6Sl
77=h7+4psK4qMO4qJGKflBRSzw9MDs8LkJDPYuHgYqGg3l3dIB+dYR9cJuUiGdNLoFtU6ygi8
78=W9sKyponR0cUxNTDo8PDw/PlNUU4OBfHl3cUlIREVEQCooIENDSVdTWFROUEpLTH1vWaGZ
79=iKWhlnNwa2BTUGRMQ3BOOnBJMHBKMGtHM2lMO2ZcUnd0b5KQjIGBd3FwaKGMgJ+QhXl4c5
80=SSj4qHg3Bxbj5DRjU8PjI0NDo8PGBgXpCNhsG4qMC1pIeBdlhYUmFgW3FvalJTUi8xNTAy
81=NUBBQj0/QC4yNzg7P25saLGtn8W6qMe+rJuLfmFMRWFiXoF7aX+GZmtpXldYVmJeVKCVf8
82=K4p8K4qreun7Ssn7mypbatnaOaiJmShV1cVl9eWISAdpSOgXh0bWBcXFlYVWdiY2p4UjJM
83=FkhZI0hYI3BzWLmvpMO6rcG2rLy0qb22qqullklNOkQ9Jjc5ITA6ICwyHkxOPo+LfoR/eX
84=Bua4iEgLCpnrGlk8fAtKSinGlqaT9BQi4xMjY5OmBhX1xeXTM3OC4xM0pMTGJjYWppZI2H
85=eWJfWjg5P0hIUTAvKjg4OXRxc4eDfX56dJSQh3ZzblxUUWFMQ3JVRn1QPWdILG1KMmZJNW
86=VZTGpsZnt7d4ZyWKaYhrWuoZSSil5gYDk/QUA6NYZpYqqrrU1QUTE0NTc6O1BSU4SDfr62
87=p8W6qJKLfmVjW1dXUl9eWl9fXDU3OjM1OTs9QFVZWpB2abF1YpeWimJjXmBeWIZ1aaN1YK
88=J7ZKGdiKagkL22p4aGfFpeW2trZqGajsG3p8K3p7yyoYB7cU1LSGRkX5WRh7y2qb62p72y
89=osa7qrGomIB7c2BfWpSQgpWdc4mVYqmnkL22q7uzp7Oqm7uzprmzp722rK+mk0A8I0RBJj
90=I3ICoyH0pIKEg8HU5LP4J/eJmSiYR/eWlnZZqYk2FiYjo9Pi4xMjw+P2ZnZZ2ak762qsG6
91=rZiWj15fXjc7PDE0NkhKSnh3dHh3clFRS0lIQjAtJEtKT1paaFVVYk5OU2dlYKigkrGroH
92=h1cGZcWmdSS3FfS29NNmtEMF9GOmBdW2JgXGJXTHJpY1NWVjU8PUg5M1JSUXVvaY9dUY+N
93=jXJxb2ZmY0hJR1BQTj8+Q1JTV3l4c7WuocO5qK2lmLuzpLyzpJyXjm1saKCakMO7rJeOg1
94=1OSGRgXIR3ZImLZ6CBa62ekK+om6SWiXdqX7KRfL+chbWYg4d2aGJgWWxrZoB/d2BhWlZR
95=SGpgVrmypsa/sruzpbu0qLmxo72zo8i9rcK5qFxbVmBeWs7Dt8C4sLyzqr62qr22qriwpJ
96=yUhm1lUURGOpuUhG1fQW1eOmRcOlFIK1A/I1NEKkZBNR4iGDg6LX97cZqTijY5Oi0xMkBD
97=RG5ua6ynncvCs8rAsLuypMC2pdLHt8zDs6WflGZmZDs/QC0wMkFDRF1fXW1sZ5uUh2xpY0
98=hITE1NUERAOEVBOFhUTaWdkse+rY+UemRqYGdRTmVJQFRKRmZkX3BvaWJjYUpLTERAQEpG
99=RkxSVmlcTpJ2Zb62qKqpnbConLCnmm9ta2BfXVJSVysqMDY2Ojk7O0ZJSnJyb6eimMG4qr
100=62qM/Fs8O6qI6MglhYU2VjWZN+b6d3YaB5Za2pmbqllLWGc618Y4thTl9RSIhROoxONp9l
101=TKqHcndzaUJFQ2xmXnBoX3dxallUSUhDO311a56Xi7Cpncm/rqqilHFuZlNTTnd1brCpnL
102=61qLavpKKcj6mjlLixo1haRxsaDC4nEicuGiktHDAwIX52XYhvRVVEJkpFMSwvHiUsGzg+
103=JTZBJBsiEi8yJEZJSXd3c6unncW9r6WekmZjYGtoZKqjl56Yi3JvZXBtZaSckMvAr62mmm
104=5uaz9DRC8zNT5BQmNlZHd2c3d2c1FPSUVANl5aUoV+dbOqnL+4rKOjiaOijm9gS21nXGhj
105=YGthXUtKSzo9Pk5PT2FUUWBcWWxfVXBmX3JcTouMequnlreuoKCaj2NjYl1dX1NUVj82K1
106=1YWGFhaFdXWUpMUFFUVmtraZ+bkoeDeVxcVk48MVo7KoeDYpdqT66Zi7Cxpb+9sLWdjJpE
107=LJleRIl2anx2bXVjV3tkVmNeV1ZaVnd4caybi6dzWYBvZT5AQUJBOU9RT2JDNZ10YKGZjG
108=tpYVRVUXx5crKqncW9sLy0pqymlmBdTiIiGi80IF9gSjI0HTY3HSguGyUpGUE8H0AzFnt0
109=ZKuik6+klKqij0M/IkZPKSguHCYqGT9BI0lAILKto8a+sca9rYyIfi8xNCotMjAyNTo7PT
110=Q3OXh1bpyUh2NhWl1cVpiShcq/rrewonl4c0VISC4yMzw+P1laWm9vbKGbkMK5qb22qre3
111=tqKhoKWcksq/r5SPhV9gXkdJSTc2N1c/M2JYVWlrbn9hU3FNNWg/JmZCLmVTRV5cUHFybZ
112=yYk7evoqWglHZ5dFtbWlBIOF5bXllZZldXYlhXVVxZUjk6OD9CQ0JFR5OQipRyX3BCLINl
113=UKaEbqp+Z6yIc7amlbqxo6yDb5lZQZxvWZSDdGZlX15gXIKAebGroL+3qruypbqqnJOHfW
114=pNO2pMPYl0aoB1amNdVVBRTo+Lg7y1qMO8r7Wwpbexormvn15iRiEqFBkeEigtGyEmFTY7
115=I2NZPEhDKUQ7HlNGLWxjUG5qYWZkXW9uZouHfZmOe3lrTk5IKUxCIllMM3BnVbqyprewo7
116=63q7uyoqScjmtpZTg6PS0xNTY5PTQ4O1dYV6WdkZ+YimVjXFxbVY6Ifsa8q763qomHgkRH
117=SC4yNDc6OlJUVHp5dKGemaqpp25tamJhXmRkYj9CQzM2Nz1AQGNmZXFmUHlza11eXmBWUW
118=ZNQWtHNGhVN29JMG1HL2JLOWBYT3Z2dJWKgaKAbLGsoKKdklVUUktMT0ZEQT86MFRRS1BP
119=S1dWV0hAQENESlxgX4B0bYNhUX1XQoppVKN6ZaWCaYuTcX1/YKKOfKidkkhKR4+KgMS7rc
120=C5rLOrnraworWwpLu0p87FtLmol4BuYmhmX2ZoZHJtZlpcWHx5ca6mmcXBsrGFcK6Dc7Sv
121=n3doSFRKL1FWNkNKLEU/KVBCJ2pfTHBoW4B1X2xpX15eW2xqX5mUjpiTjnNwZ1tbV316c5
122=6Tfod9aGhmX11dWbOqnLiworexprKqnMK5qsO6q6ujlW5rZTo8PkFDRW5sZqqkmM7DsLyy
123=op2WiHRwZ2FgW4eDfIOAeGVkX4B9d1ZYWDM2ODAzNUlLS3h4dWRkY0FERTM2NkNFRpqcnq
124=Sko7avpLKso66fg3h1UXd5bnp2c1pTUWNPRW9OOnFKMXBILG5ILmVMOWhZTnJkWZWSjbav
125=o7Com4OAeE9MRFpWTmBgYWZmZlBOUygoLDExMS8yMjU6PFZbW3lwaoNjVX1YQmVqQjVOHy
126=Q6EkNZLmVqSVdWUHd0baOcksK5qb+4qLWcib+ij7uzo4yHfFRUTkNCPZB5a6l4YqpyWK+Z
127=hYB/dlVUT21rZaOShL+qmb21pYh9Z2NUNnBfPGJSL0U4IE5EMFtWTFxaVV9fW3Jwa6OclM
128=KyhpmOgHlya7y1pbexp3NwZ1xcVl9eWnVya6qjmLOrnLatoLevobevorWuobOsn7yzpMi+
129=ra+nmbGpnci/sKmjmGtpZEJDRVRTUZCKgGFfW1RUUktLSW9tZr+1pMe+rZaSilhZWDU4Oi
130=8yMzs9PTo9P1dZWJ+em6qqqWppZ355cHBvd3JiUnFiVFtdWoJ/eKGckYB8dWJaVmFORm5O
131=PHNNM2k+JWRBK2hMPGBTSWppZZGOibewpratnq+onXNyb1RZW29cVmYnEjg1KUlIREdIR0
132=FDRDg9PlNYWm9sYl5rP0VcIy9BEEBTIWx0TX15cklJR0RIO2hlYZmXkJ+Cc3ZKPVpiXmdm
133=YH59d3hxan1VQ31KNYtVP6RfRcGah7u5qYiGellaUWprZaKajsC3qa6ll5GFbn1wVGdiVl
134=ZVUVdYVnl3dKihlsa9q66gjHxyZWJiX0tGPVRPRbyymMnCuKOfm7u0pcK5qruzprWtoriw
135=pLu0qLixp7GqnbSsnrOqnbSrnr20p7+1p8C4p46Jfz9AQDE0OC4wMy4xNTQ3Onp3cKyklX
136=96b1RUT3BtZbGomcnAr56Zj2JiYD0/QDU4OERGRmhpaJqYlKylmb60omJfWDo8RUpMWUJA
137=Pz8/QIqDepiRhI+LgYR+dmFbWF9NR2pLO21bPm9JL25GLGZIMl9QQ2tqZoV4cZZvWLStoJ
138=KOg3RuZ2ZaTpOPg7Ssn7a1s6Slp0dJSjk8Ozk9QE5QUmVrWXyCYISDc2JgW0JINU1dNThN
139=HDpIKllaSISAeH15b5d0YaVuVYtuXXplV3ZQQI9VPZtnUbGbiryzpLinmKmXeZabeGxqYT
140=M2NlJRTZuViqymmnJwaV9fW4F+erSke7OnlI2GgIp3XmdPM11DJWxaQHBgR19GKodxQ4R6
141=bmhiWqqkmMbAs7yzo7awpLOsoLixpLevorWsoLKpnbWtoLavpLSrn7auob22q8S6qr61pI
142=+KgVFSUTA0ODA0OCQpLz5AQqWek8C2pouFeV5cVmhnYKyklszCsKKdk2lpZz1BQi0xMjk8
143=PGFiYZWTjHZzZk5LPk1MSDExMExNVU9LUUxKTlxaVJCAaaWgk46LhGhiX2BOSGpOP3FMNX
144=BILW9JMGhINGhTRWhhWYKBf6qkmqqllbWwpMOsnZCGfHh3dZGQjoSBfWZmZTk/QjI3ODEx
145=NExMT1lYXYCDcVlrMjFLEjBDEjdLGFdoOZGWd7Sjj6WGdI1rWZ5zXqdpUaxhSbCdi7Oxoq
146=ehjamDb6NyW4puXWNjWmBgWpGMgpqUiGFfWFlZU4N/drqxpLyvnJKIdWZiXElEO0g/M19F
147=JXVfSHFbRWVJKWdMLWFURWFgXEtGO2FdVL23rMK6rbWuobSsn7OrnbWrnbOrnrOrnrewo7
148=euobKqnbStobevobiwpLqzp8G4qb+2pZSOgldWU2ZlYZ+ZjcC3qb20pJmTiJ+Xi5SOgU9Q
149=S2hmYMW6qse9q6umnHV1cURHRy8yMzY5O1ZYV2pqZHJwaYF9ck9NTEBBSUdHTzEwKzw8PY
150=iFhIyIgIiFfYiGf2ZiXlxPSmhMP3hXRntKNWZHLWxJNGJNPWRfV2luaH57c450WqqdjrSs
151=n5aTjV9jYz9EREQ7Nop5dpOXmDw/QDY5OUNGR2JmXWt6VGxnQHFHMYh1XJWJbaN4Ya6PfL
152=asnMS/sb+4qcC6rLejlaGMcIyMaYFrW1tZU1lcWJCMg7qzpsO6rcC3p8K4qb+3qsG5q7y0
153=presnJuSgn54aWhdSlM/KX5jLYx/bXRsZGJKLGBFJ2ZMLn1sVZuIbci1lLeqlrawpLewor
154=uzprixpLewo7StorauoLuypLixpbWuorivobOrnLStoLewpbStobeun8K4p8C3p8K6rMO6
155=q4mFfT0/QDAyNjw9P2ZkYExMSn56cMrBsbuzprqxo8i/sLCqnX18d0lMTDA0Njs+P1ZXV4
156=uJhG1sZklIREJAOiooIFNTW11dblRVYldYW3t5drKsoJOQiWZjYmZWU2xSRnFgRm9KMmtE
157=LmBLQF1cXV9bVmVYSnt2cFZZWTc7PEc2M01RUnFbU5hoXo2SlGhoEQAAJSAAIAAAAAAAAA
158=AAAAAAAAAAAAAAAAAAAAAAAAAAAAAAAAAAAA5mWFlXRUdFUU1LaFlUamttgHFqg15OgFVB
159=jWxVo31lpHVenYJun5iBqX9qnW9YfGVYXV1YZWhjn5qPvraptK6hwrqrwLiqurKku7Omub
160=Gkt7Cita6hvLKjyL6sv7WjpZeEgWpNbF9OYV9cRD82RT0wemdPjXphfmdMa1pDyrKInoZk
161=hndhubChvbapubGktKWRvK6YtKmZurOns6ucu7Omt6+ks6ygs6yeubGkt66gta2fuLGlvb
162=aqvbapwbiqopqOaGVgQEJDLC4yLjE1Nzo+W1tZjYmCtKyeuK+ftauevbWmycGywLiqi4mD
163=PkJEMTc5Mjc5T1FQZGVicW9olI1/ZGFVU1JPVlZbVFVVRkhJbmtmsKmetrGjfoNtXWBdbk
164=5LYEU8VUtGY2Bbb21nY2RhTEtLSEFAR0VFS1BRcFpJnIl+uLOnnp6WqqWcp6CVaGdlXVxb
165=T01TLiwwMzQ4PURGXGFieW9ogWBRglxHbUQwZD8sh4hpdWlbV1hUZGZhoZuQwbmsk4+HTk
166=9PPj9Bc3FsqaGUwriovraotq+jtq+jubKmvLOlt7Chta6iu7OmvramqJyKkYh2j4l4pp6P
167=vLesg3VjOSsUMSMSblpFZEw1UD8pu7CksaORjXhhgm1S2b+TppFxnZGAvLSmuLCjubOqtK
168=yftKqaubCjuLCktKydt62eurGiubGjuK+hwLeox7yrrqibdXJsP0BCLC80Ki4zSUpKo56T
169=v7iqtq6ixburwrinmJKFbW1mbGtmiHduX1hTPUFDNjk6TlBPe3p4gH52enhpVVROSEhJWV
170=dShX93tayhtK2bl5t9iIZ2Z1VAZmFbamNea2VhSUxNPEBBTkxMW1JRXlxaamNcb2Jael5K
171=mZqHtK6gta2elI6DWltcYmJkSktNQDYtVFFVW1BGT1BPSlFUXWJid21ngm5idG9mXlxYcH
172=BqqKKXyL+xo56TQkRGKi4yPD5BP0BCMDI1Nzo9ZmViopyQwLalvbOjtaydubGkvraowLal
173=v7aov7equ7OmvLOjv7apuLCjuLCjt7CliIJ1gXdpmop5mo+AkYl7nJ6BdGJKUz0lPi8fhn
174=JZaVE2WEcxnZaKvLOkva+OrKSfrqifw7qptq6gtaydt66hs6qbt66gtayds6qbtaydvrao
175=x7+ws6qafnlwko2DvranwbiqxrysvrSjjIZ7XFxWZmZhfnRsj2pZhFtIpndfZlRKWV1bP0
176=FCMDM0R0lKaGlofHt2pp6SvLGguLClv768o6Ger6acyL6tiYN4YWFfR0dHPjk5Wz81W1dY
177=b2tsfl1NbU02aT8oaEk4YlhNYGNZfn55rKWcta6hko+Ea29sTUxJV0s4VVNXTUxVal5ab1
178=tHNTk7Oz9ATFFSTVBQop6V0ci6w7mrtqyet66fm5SKU1NSNDY5MjU3ODk7P0BBMjU4NTg8
179=W1tako2DwLenwrmprKWYcG1oXVtZmpSJvramvLSltayfs6yetq+jubGlwLisvLarurSpt6
180=+hu7OlN08IMTsRKiwVSkQof21bg3NieW9dkYl5urGhp5p4d29nY1xRsK2jycS7u7OkubGj
181=tKues6qcs6uct6+jtq+kta6itq6gu7Kjwrinw7qrxLqrt66fgX1yT1BMbmxmo52Rn5mNhH
182=BZQy4cOC0gTUU5QzgneHNoiYaAamlqRUdIODo9Q0VHaGlnko6Hq6iknJybZmRib2xobW1q
183=QkVHLjEyOj0+Wl1bbl9HdHBsXFpaYFFLbU08aUQuZ1M1cEYuako1Xk5CZWFdh4iFnot8nY
184=JvqaabjouAR0U6SEhHT0lFSD41SElKSkpKX19lXV5pUFFWcXFupqGXwLamxruqx76tVlZS
185=RklIa2lmSEhJNTc7Oj1ANjg8UFBQlI+Io5ySZ2ViOjw+NDU4ODo9Nzo+TE1Mj4qAu7Kiur
186=Onsqygta+juLGjt6+gt6+jsqqcuLChTWAeLj8ONUYajJNwwbimvLWurqihtKiSk4FqZlxR
187=Y2JbT0k9W08+vK2GqaSjpJ+ZwrmouLCjs6udu7Kkw7mpvrWnvbSlvrWnyL6tsaiYe3duXF
188=xXdHFqZmRddHJsg4B6RkdIY1pJh3ZUkn1VhmtMl4pznpWKi4R6cnRZS1w5OkQtPEE8MjQ3
189=ODs8XF5diomFYGFgP0JDLzIzSUxMnJ2fnJyavbaorqabjox/Y2tUd3dvaWRiWk5KalNDb0
190=s1cEgucEgsa0kyY1JEa15Ufm5jrKiiu7Sojod5Y2BRSUpIV1hXh4eHdXV4UVJbOz5COjk5
191=LzEyPUBBaGlnn5qQxLustKubeHRqX15YbmxmZ2ZkZWRhlY+GnZiPamlnNDc7MTQ3OTs8Oz
192=w+MTQ3OTs9Xl5dl5OMurKlu7Oota2gta6gtayftKqct66guLCjtKydXHcvcn5UsKuauLCl
193=taV4kId+eHFncFxCYEQnY0YkbFY5a1U5YUYmf25Oa2ReVk9EiYR808q7x72tqqOTiIN4jo
194=p+n5qQraaZcnFqWFhTdnRtjYd9koyAendxMTQ3LTAzODk7Oj5DNTk9XlpRg3NnmZOLmZOF
195=VWY2L0ILIzYPMEEONkkcYmZcRkdLOTo/OTo9Oz0/Oj5AXl9eoqGfoqKjamhnh4F3e3mBcH
196=B4WFlcampolZKMj4uDbWhlX1JNaE1BcU03cUovZzwkZ0YyZFBCYltUeXh1pJ+Ytq2frKaZ
197=pqSceHh5eH+CeVRLVygaNDcvPj47OTs6MzY3Oz4/YWJhnZiPyL6ttaube3dsXFtVgn51l5
198=KHQ0RGKCwxPkBCP0FDLzI2PT9AcnFsn5qSurKmzMKyvLOkt6+isaqctqycta2gr6eZt66h
199=t66gurKkR2YoS1s6opiNs6aSenRpWlhTSUU8RzssZkskgG9hb11JZ0sqZk0vXVBAZF9Tam
200=NTj4h6pZ+SbWtjWlpXbWpZ0LpudVg5Qjw0g3tvsKqfioR6pqCUeXdyMTQ4MzY6QEFCNjg8
201=OT5BSEtMa2pok4+Fn5iMqaOXl5h+dH9RTmMrYm1BdHZdbWxmVFdMRVM6QEY6Q0REPD5AUF
202=JRgYF/pKGcp5+SqJ+RWFdVU1NeWlplWFhZY2NjpZ6SmJOHiYd/cm5qXFFOZk1Cako2bVk7
203=bkQsbEguYUo4YVlQeHp4kHlspoNtuLOmmJaQbGFablxQkIt/sKmdtra2jo+ROz09NTg4Oz
204=4+V1pZko6Gxr2uwbenc3BoQkREREVGV1dUWFdWRUdIfHp0o56UjYmCTk5NQUJDeHZwq6OW
205=w7mqv7eptKuet66guLGktK2gs6mat6+gYHYxL0oHLj8UkI19r6SRmZB+dWRMWD8ihGw+fH
206=RtaGJUVkEnYUYnf2ZHmo59m5eLdXNrWVhUh4J5t7GobWpeTkMrbU4vz51s1pdag3pul5KI
207=pJyPrqaYq6SYfnt1SUtNPDUyUz82lYx/j4yAaGhha2lign5zenVvYmBdcXJjaGZgb21oSl
208=g2P04cMEcVNUUUKzwcRUlGP0FCNTg4REZFenl1pKCVc3BhYF5STU1MRkdIWFhiYWBqVFRc
209=Z2dnlJCGn5yRendzYVhVZE5Ebk06cUsxcUgsbUkxZEo5aVlNcWhelJGLtKydqqOTuLGkwq
210=6ghoJ7g4KBi4qJe3l1WVtbNzw/LTExLzExWFlYenhzY2JcioZ9lo+CZWNcXV1YlZCEqKGV
211=R0lKKCwwPD5BPj9BLzE0Oz1Aa2llpp+UwrmqvLOlt7CkuK+hua+fxbuqVGwcO00TUFg0dG
212=xReXVvjod8mI+AlYJndmxhYV5XUks+ZFlJn5B6hoBzu51oZEw2XFxYw7+12tC02ryLg2dG
213=AAAAGBcWQzswNioZMjArT09Mbmxkjol+pJyPrqaalY+FcVVFYy8YXDMgXDwwj4V6vriru7
214=KkwbemrqSVdG9pTExLj4x+kJltU2QuLkcQR1Uld39ZsKybc3JwSkxNVVZaRkhMQUNEbG1r
215=goF5cm9pdnFqT09SUlNdUE9VTUpDWlhVn5SGkIt/k4+HgXt1XVZUYU1Fbk48elVDc0MtZk
216=YvaEs5YFNIbWxjc3ZvjYZ6mX9lq6OVsamdlZOOYWZlQUVFRj47iIOEeXt8MzY3MjU2SElK
217=iIaAurKkx7yql5CCYmBZV1dTa2plYmFePT5AMTM2OTo8P0BBMTQ4Njo+XV1bmZOJvbOkxL
218=qpt6+iiYaAfotVdHhmd3NqtY9noJKCjnxqV09HaGpli4R1qaCNp5+NiIV6ZGhnRUI6gVYj
219=h1w0US4cm21HjoNwsqGB4cWGyq5lbVUvIxwUCAkDQj86ZWBZeHNqZGJcdHJqkIqBe3dqX1
220=dDXUkrQSMOaTYnTTgnpZ2LvbWptK2hxLqq1Mm3n5iMPD4+vrWtvbadmp58oKONxb2zk5CO
221=YGBgW1tkVlZgR0dMQkRENjk5Q0VGbGxqmJSMbWxnWVhXPjszPTkxUFBbW1FOTUxPZmBWlo
222=l2qaSXgH12XlhWaFNNb1RCb11Bb0Yua0QuYVFIXF1fX1pRbF9PhYJ8WVxbOTs7QzQzRk9R
223=ckxAqXpzh42PX19dT1FQQkRCPkFDTE5QdnZys6ygyr+toJiJa2hgYWBaTE1LU1NSPkBCMj
224=U5Oz1ANjg7VVRTn5qRtrCjgoB7TlBQMjU2aWdlU0I6i3dqm4x8fmlWaFVGc2NXdW5kZ2Zf
225=YGBaXl5bfXVktaCEc2leAAIFHBkTFAoEFAYAcGZZh3dpfG1hqZ+BXFExQToybGZbk4t+ub
226=Gi1Mi3rqWVR0lGR0xLc29oQjowOzYgVU8yVEMtAwAAXFNHuK+gyL2sq6OUfHhvXF1ab2ph
227=fG1ZZFRCg3JjgHhngnRgfn6Ag4OFYGBjNjQzPzs1b2tlVldWOT0+LjEzOz4+Y2RjdnZ0dH
228=BnhH5yQ0JDQ0VPQUFGLi4qKCciiIF3wLepqaWTcnVlXVpbcE1GX0Y7V0xGZWFccnBqYmJh
229=T0tLSkFBQkNFS01LdFlIn5SLq6WanZiPoZ2XhYJ+VVRVYmJqXV1nQUJFMzY2QUNEa2toqa
230=SYyb+tpZ2PoJmNwbmrq6WZbGpmZGNgqKKYtK6kgH56RklKLzI0MzY3UVNTa2dih2xXbFA7
231=Z05AQjMnVU9IcmJXyr+x0cSymY+Bop6Vm4lslWUxsH1AYUgoEhEOFBQPCQsIOzk3gnt2sK
232=SWhHhpR0dGmJOL0MW1yr+tqaGSa2lhVVZSg353mH1lhXNQeGhKWE9AgHFiYVhBRzkcUUc7
233=WVZQcm9nWlpUS0o+d25bh3JVgF42XEUrXEQmgV41ZU4zdW5mfn19X19eRUA2VVBGXVpSVV
234=VQZWRgdXVxREdIMDM0Oz0+YmNii4mDYF5ZSklFPTs0KCchSkc/hH50s6ygr6uWmJ5+fHls
235=ZFE8YV5bb2diamdkSU1OPkJCTUtKVlNTXl1bbGlkcl1SiXBap6aTwbiopJ+Yd3h6dHR4TU
236=xVNDM1TkxIWFlXR0lIRkhLQ0dIZGRioZyTxb2uwLenxbuqy8Cvraedd3d0Q0VGLjEyNTg5
237=WFpakI6JvbapUVFQc3Jycm1nZlRImIt9t6+hno6CpJCCr5iF0cW1uq+igXdpZ1dFpYhRo3
238=UyMiMTNTIqKikYR0o1W2VBiolxzcK6wLarw7moopuNZWNcV1ZSgoB4ta+jwruuuqWWlnlg
239=hGVAgmxOcFo6fW5ZbWNTTEtHUVFMQkE3a2VYjHxbp49ix6yF1buVemNGa1AwZkckQS4abl
240=5JvLKinJaLZ2RbV1dSbmxlm5WMwLiqyL+wtq+ifXt2SUtMMDM0Njk5VVZVZWZjdnNroZmK
241=tq6gvLetycjGqKSfwLWmwrimenRpZGVkSUdGRj07Vj84Vllcd2pnfl1MbE44a0QuaVFEYl
242=9VZ21ilZKKop2UfHt7foKETU1LSkY/ZmRgWFhaYmJsV1dhQkNGNzk5Nzw/WFxdmJSNn5uT
243=aWlnPUBBLTAyODs8X2FgmZaQv7isx72sv7Sgi4Z+YV9cT09OW11bgX95pZ2Pin1wdGlfhH
244=Vpm4h8RC4gUEE1sq2kjoV4PzcuPzo2npWIbHlMP1MgITcENEIdcHdSsq2TgX10V1dSlpGG
245=urSnv7equK+gtq6iu7WoxLyuxbKhrI10dmtaYWBbY2RgU1RRY2FaOjgvVkg4qo5vlX1ceW
246=FImoNpc1Y6TjslX1RFr6STv7epiYV7YF9ZeHVtoJmOqaKXxLyux76utaubpZ2Ow7mowLip
247=h4V+TlFRMzY4Nzo7UlRUg4J9pJ+Vr62qjo6OY2JfgH12c3NwREdJLTAwOD0/UFBKcmBJbm
248=5vYFtZZE5DcEs2ZUIqalA0b0YwZk07X1VNdHNvkZGOg3BoWko+gX96g4SHeXl8SUhONDIx
249=VFFMWFtaVE9GW1FIOj5BLjEzKi4vPD9AaGlmoJyUwbmqxruruq6dpZaAgm5WvrSlsamakY
250=yHaWhpVFNTUFFRdXRugn1ylYZ4b1pOVU1Ag3tws6qgaW1FcnVXi4Zed4FIQV8nOUwgUF4r
251=bH1FNEkFRk8nRURBbWpntq6ixLqsvLGjtauburGjxLmourCghoN5W15aaWlknZiPxr6xw7
252=mrdnJoMzIrbmpjoJKEjHpofmpZgGxakH1qgnhlp6KVh4R7V1dSbmxmop2SjYmBUFBPNjg6
253=VVRSd3RtYGBZc3BnX15YfnpyvrSkxr2tkY2FVVdXNDc5LzI0QURFeXl2lZOOWltaPUBBLT
254=AxT1JTk5WXmZiUt7CioZWEkIRraG5ac3JtXlZVX09FcFVAb0gwcEgsbkgtZks3ZVxSdWNX
255=jXxuop+YgYB+fH1+SUdCRUI6W1pWWlpaVE5LQTc1U1RWe3p0hIN9qqacysGvw7qotqyZop
256=N9fmlPZEsuX0Uns6qduquAn5aOgXx2iYJ3d3NvUlJQVFROb25njoh9wbiozsS2tLCaXHQ1
257=QFEdMDkOSVArTl0uf4djaHNFP1EcPk4aUl8yfXtnR0orP0I2cXJkop6OvLKorqWXfHhuVF
258=RPamlkoZ2Tv7irwLeppqGVdHFkYF5LJCsWKTAdPT41bGtjqaSZxr6vs62fdXNqV1dSdHFq
259=qqOXw7mpvrWke3ZuQkNEMjU4LC8yLTA1PkBDiIN7oZqMdXJpVVRQdXJptaydyb+vm5eNXV
260=9dPkFENTo/Oj1AQENGREZHZGRjoqKhn5+gcG5rk46Gd3N4g2tQVFhTjIJxppqIe3p3YlpY
261=Yk9HbU49cUszcEcsZjwlZ0s6Y1ZNbWpmiYiDk5CMeXRrcnNwX2NlY2JkPT1CJCMiWVVMpp
262=+QwLalx7ypt6yYm4x2eWRLYUgsXkUoZUwvZ04wtq6hioV6XFhSSEE0YmBZp6CVq6OXmZKG
263=WVdRQURDaGdjlY6HkZxqV3UnRVsfL0sKVmE6Q08cO0Uhf39qi5djg4tjcW5lUlFNOEgUT1
264=oyK0MZMj0nWFxOampfeXRsrKWaxLyvv7epv7aoxbqqcW5ZHCAKPzkeMjgiN0EnKS0VPz4q
265=Z2VeYWBbUFBMgX12ta6jw7yuuLGls6yftq6hxbysu7KhiIV9TU5OLzM3LDA1IyguXFxawL
266=env7WkiIJ3W1pVbmtjsqqcycGyfHp0Oj5BPkFFOT1CQUREYWJhmpmVo6CZnJSFk4yBP0BI
267=SEpXRkZOREA3aGJYta+ilZKIgn94ZV9cXk1IbE0+aEoybFU3bkMraEozX09Ca2dhkZOQkH
268=NlaVZMZGdpRkM9TD8pVE9HjYV3rqKQmIdvclxCYEYpYEYpZk0vaE8xZ04xZ04xvLWoqqKW
269=k46BmpOEqaKWkYuBfnpwX1xNdHJyn5uVb2xoSEhKXl5ce3lsoqKGU2YuLkEPRVYhX2o8en
270=hnZGRBS048XWJQaHlGL0sLJzkMPFUefYFiPU0VXWNEs6mgvLOmwLamv7aodW9lopuSnI5z
271=VEgpUk8yNTsmPz0jX00qWEsyg3tvioR4QUI/e3hvyL6vu7Kkt6+juLCiuLGltq6gurKkx7
272=6vvbOijoh9YF9bj4qBu7OlwrmqnpeLg394pJyOiIN4SktKTk5OUVFOpp+Tsqufbm5qQENE
273=MTM0Nzo6XF1bnZmRnZiNQ0I/Q0NENjQvKiomWlplZ2VrWFdceXd0m5eMi4qDamVhYFJNal
274=BBcEw1cEkucEgsa0kyZFJEcGBTfXJnhoaCgn50j4Z2q56JmIVrcFo+X0YoYUcqZUwwZU0x
275=ZUwwZ08xZ08yZ04yuK6gua+fxbups6uceXZtW1pVeXZvqpx2j4iCcGtek42BjYiBZGJhVV
276=RXWlhWeXhqi5Rnh45paGZdV1VTQlInSVwoSF8iVGMuUVswanxEV3QtU2QxRFIfQ1Alj4t7
277=urKmbWhdSEg6IywUSVA6VU9BYFc8gmxDfl8yRjofQzkkXlZGX1xWYWBbY2NhlZCIxb2vu7
278=KltayguLGlt7CkurOnt7Cks6udtaudwriowbenyL+vta6gXVxZKi0yLzE1QUJDVFNRWFdV
279=lI2Ccm5mZWRdmJGGyr+uta6heHdyRUhJLjI0NDc5VFZWZ2hkYmFbXFhOXFlRT1BXVVViT0
280=5UTk1HbWdgu6WKkY2BjIiBbmpmXE9LaE5CcU04cEguYzojaUk1ZVBCZmBZhIOAop2TkoNu
281=Y0svXUMlZEorZk0wZk0wZ04xZ04wZk0waU8xalAyta2fxr6wrKSWNTc2XV1ZxLyu0Me4h4
282=R/XltTTUY5dXBon5qQb2xnZGBdfnhsVlVUR0hOQEFHc3Bsm6R0Q2MkLkQVQFYhhIpoTFUg
283=SVIqaGtQbX1DSVQsTVM3hYRxdXJfIigQLjsfLjEfKTMcICYRUE44oZN+i3NScGhWXVlRUF
284=FOaWlllY16vq2GkIyQopyPv7iqubCht6+gsqygsKmcta6htrCls6yfta+jurKnu7Omu7Kh
285=npaJaWdiOz1AKy4yMTU5PD5BX15clY+EmJKFZGJbWllUjoh+xryrvLSlgX95TE5OMjU2Oj
286=09UFJSgYB7mpWMX15bUE9PPDkwQD03V1VebFdLTU5SgHVkpZmGmpiQa2hlW1BNZkxCa1I7
287=b1c6bUIqbEguYko4Y1tTfH9+hGNShGVLd2FGYkgpZEkqaU8xZ08xZk0wZk0vZk0vtq+jwr
288=WWraaheXd0aWddZGNempSJv7altK2coJqMc3BqamZheXVscGxlWVlVWVVPkH9pnI52ZGBW
289=ZWdceoBip6WJUGg1PE8jRFUdR1QpeHZkY2lPISIYFxYQKi0aNzsmSkkrTU4rLC4aPzwgTU
290=MkY1c/iIJ5g4F5X19eb21oop2SwrqrraGNfnluW1ZNT0pBmpeN1dDDtK2nvLSntK2es6uc
291=ubGjt66gtKyfuLGls6ygtKuewrqsxr6uqqOWb21oOz0/LDA1Oz0/cnBrw7qr0MSxpZ2PcW
292=5lXVxWjoh9wrioubGjiYZ/UlRUMzY4MTQ1SEpLc3RydXRwcGpfa2ZePD1CRUlWPz9CLi4p
293=PDo0pp6SwLemnpmPbWtnW1FOY0tDb047cUoxcEcsbUguZ0s5a1xQdXNvjoyGkIJweWJHZE
294=orZEstZk0wZk0wZUwvt7Goopd2enJqZF1OjIR2mZKGWllWYF9amJKHvrWnjoh/aWVfXl1X
295=amljf3Jdf2lQhHBT3sSYloBfbWJUbGhnZ2Vmf4RsfoxTlJ5tsa+cnpaCSkksLTEdMj8kLT
296=MfMTMeWFE1dmtYbGBCaFtCdW1eZ2VeV1hVb2xgp5x+pqKlrKCNjntgaVI2YVA7bmVUXU05
297=a1QwrZx1fHl+mZKEx7+wvbOktaydtKuds6matKudtq+jtK2hsqygsqugvbWnycCwraSVio
298=V8sqqcw7utpqCUcG1oWFdWlI6DioV6NTc1jYh+yb6ux76uwLmtkpCJXV5cQEJCOTs7R0hI
299=fHt2pJ6TSklDPz89NDMtJiUfSkc9hn90tamWyL6r19HBqKWbc3FsW1NRYU1Fb089cUkxYT
300=wkakszaEk3YVVLcnJvj42Ikod1cFQ6YkYoYkgqZEsuvrWmkI2GbmtiZF1PbmtkiYN8gn12
301=lY6BVVVQUFFOZWNdbmtjh4R6wbCdfWpUPC4XNygWe2dQW0MqYlI8opqHn5VvTkU8U1dXkp
302=GNx72yraGKZVQzZlg5ZWE/UUgsUUIpS0AsgHNcalxDVlZOTlBPfXt1t66gtaeQl4x0YVtX
303=V09DUj4oY0gsbFM4aE0uZ0wtZU4yaGRfWVNHR0A0npiKysKzwrenwLamurOls6ufta2gtb
304=Cksaugtq+iurKmt66furCgwrmpw7usr6iaUVBOJSkuMDI1MjQ3NTg6VVRSsqqcxr2tuLCj
305=vrWo0ca1t7KmX2FhOTw9Njg0JSouop+WvLSkiIN5cWxgjIh8opqKnpB6dl9EcVo9n5B7zM
306=W319PHr6yhendxXFZTX0tFbFZDcVY7bUQrbkcsZ0gyYlRHc3RygWRVjnRegG5VZ08xu7So
307=u7Kko56Uf3x3cG1ncWxldnFpa2liYF5Xf3pwmZSJdHFqU1RWWU9JSENHYFxTi35uk4Nxko
308=h7hn91c21XybJphV42g2NFhGVFWllUgn93kYl4e25Uc2E8TkEnPjwpIiQZQzkfPTgfJzAd
309=KCQWWFdMl5GEp52LfHZsYVxRUEY4XEgogmY3hX+Ccl1EaE0uYEYoYk40gXlnjYd4b2xjbW
310=limHlihX98uLCitayetqydu7Sntq6gt66guLCjtK2gt6+iubGivbaqv7epu7GgkIqBUlJR
311=LzI2MjU6MzY6MzY6endwxr2urKeceHdySEpLNzk6Nzo7TlFRjIqEvreqv7anwbipuq2Zm4
312=t0dl9EX0YoYkgrZUorXkQlbVU5lYZxx8Cx2dTJuLSqgX94XldWXUtHbE9AcUw1cEgtbkcs
313=aEQvZ1ZKbGplhIWClY2Am5aPe3h0a2djdnFqdXFpXltUVlRPcW5miIN5ta6kf35+XFxcXF
314=xfLy82IB8hgXx0s62jt7KnxLqlwbCbYFlTAAADRxEAAKwDpAMAAAAAlTclr4plm2o4dm1f
315=e3hwXl5ZenhympKBsKaXdnJbKikQSUMiHSIWLDMeU0EdRTshUU9KXFxXkIl8qp2JfWhNZk
316=4ueXBdXVdQTEQ3Tzoie2ZKo5N9sambbW1sWFhXS0tRICEoOjo+ubKlvLSotq6huK6fubCh
317=ta2gsqmcta6gtq+jt66hvLaqt7CkuK+gx76vwLiqlI6DVlVSREVGb25qg4J8b3BtQ0ZHLz
318=IzNjk6WFlZjo2HubOnwbmqubCfrqKNjX1mb1g8X0UnY0kraU8xaE8xaE8xZ04xZEstXUMk
319=aFAyj35owLip2dTIwbywiYZ/YV1aW05Jak9BcEk0YkMqbE40a0YwYU4+ZmJcamZhdnFocG
320=tjW1pVXFtUh4F3paGZd3Z0Tk9VWltlSkpUVVVWZGZnRz8zSTokTEpDiYN4r6eaurCX5ciS
321=wZtbTDgXIx0WGxoUCAsIRUM8k4t/qaGTeXRrWlpWfHpzm5KEaV9MUkwvNDEYRzwgU0gwcm
322=lXcW1kQUM/cG5nycCxvraoopaFf3hrcGxfc2xelY19u7OmwrywrKedYGBgXl9hUlJVOzMr
323=NjAmZWFYlo6Ctq2es6mZtaycuK+gtK2gtq+iubGjuK+itq6fta2guLGkta2gvbWozMCuxr
324=2sk5CIcXBtRUdHLTEyOTw9X2FglpSOvLWowrekt62bn5OAg3FYZEsvW0AhX0QmYUgrYUYo
325=aE4wZ04walAyZUwvZ04wZk4wY0otXEIkZEsthXJaua+e2NPHw76yko+GZmNgW05LaVVHcV
326=M8b0cub0cra0cvb2xlWFZPWllUioZ8wLepyMCyi4mHeXp8dHR4Pj1BNTMwV1RLaGdiYl5U
327=ioR4r6eZv7aptK6jg3lqf3BgtaaC79qWh207KCAXIyEZVlJJf3pyurOoy8KztaubfnlvW1
328=pVbWxmi4R4gnVfe3FdZWJaW1tXbm1npaGWwLmrtK6itayevbSlwbenvbOjv7eqwLmstq+j
329=t66fuLGlnZmOcXBrVldWS0Aua2NVkIuBsqmbt6+htq6guK+gurKkurKmtq2htKqct6+gur
330=KlubCju7OnwLepvLSmlpKKYWJhPT9ALjEyPUBBaWpnnZuTv7iqwLWiua6aurGgubChh3Vc
331=blc8fmpQeGJHf2tSd2NKhHFZZk4wXkQmYEYoY0osZ00wZkssZUwvZEstZEsuXEEiX0UmfW
332=hOvrWm08u9x8G0m5iPbGhlXFFPZU5EcE46cEowEQAA

[Map]
Theater=URBAN
Size=0,0,60,62
LocalSize=2,4,56,52

[Waypoints]
0=78085
1=78034
2=45041
3=44087
8=23067
9=101061
10=73062
11=49063
12=62041
13=62085
98=62063
99=62063
699=61061

[IsoMapPack5]
1=KQ0AIAABPAABAP//AAAABAA7AAIA//8AAEkBPCgpAD0oKwA6AAPhBDsoKQA8KCkAPSgpAD
2=5KAa4BkQk5QArdCjooKQA7KCkAPCgpAD1JAay5Bj5JAaWpAT9JAQurATgABe0QOSgpADoo
3=KQA7KCkAPEgB0Qk9SQGipQg+SAEnXgEFAN0KQFQCaAEDAQQANwAG6Qw4KCkAOSgpADooKQ
4=A7SAHJDDxIAckMPSgpAD5IASe1AQYotAGoAVUNQUAEwyU2AAfhDzcoKQA4KCkAOSgpADpI
5=AcEPO0gBwQ88KCkAPSgpAD5IAScNAgcoDAKoAY8QBwCrtSNCTQWmqwE1AAj5ETYoKQA3KC
6=kAOCgpADlIAdkROkgB2RE7KCkAPCgpAD0oKQA+SAEnZQIIKGQCqAGFEwgoZgIIAN0KQ1gG
7=0xQ0AAnxFDUoKQA2KCkANygpADhIAdEUOUgB0Qk6KCkAOygpADwoKQA9KCkAPkgBJ70CCS
8=i8AqgBnRUJKL0CCSi8AicpAERECMsXMwAK6Rc0KCkANSgpADYoKQA3SAHJFzhIAckXOSgp
9=ADooKQA7KCkAPCgpAD0oKQA+SAEnFQMKKBQDqAGVGAooFQMKKBQDJykAREQIzRBFSAHDGj
10=IAC+EaMygpADQoKQA1KCkANkgBwRo3SAHRCTgoKQA5KCkAOigpADsoKQA8KCkAPSgpAD5I
11=ASdtAwsobAOoAY0bCyhtAwsobAMnKQBERAjZEUUoKQBGSAHbHDEADPkcMigpADMoKQA0KC
12=kANUgB2Rw2SAHdCjcoKQA4KCkAOSgpADooKQA7KCkAPCgpAD0oKQA+SAEnxQMMKMQDqAGF
13=HgwoxQMMKMQDJykAREQIxRNFKCkARigpAEdIAdMfMAAN8R8xKCkAMigpADMoKQA0SAHRHz
14=VIAckMNigpADcoKQA4KCkAOSgpADooKQA7KCkAPCgpAD0oKQA+SAEnHQQNKBwEqAGdIA0o
15=HQQNKBwEJykAREQI0RRFKCkARigpAEcoKQBISAHLIi8ADukiMCgpADEoKQAyKCkAM0gByS
16=I0SAHVDTUoKQA2KCkANygpADgoKQA5KCkAOigpADsoKQA8KCkAPSgpAD5IASd1BA4odASo
17=AZcjDgCvob9CTQWnqQFDKCkARCgpAEUoKQBGKCkARygpAEhIAc0bSUgBwyUuAA/hJS8oKQ
18=AwKCkAMSgpADJIAcElM0gB0Qk0KCkANSgpADYoKQA3KCkAOCgpADkoKQA6KCkAOygpADwo
19=KQA9KCkAPkgBJ88EDwDIITQjAQAEAEBUAmgBjyYPAOm1AkJUAskBQygpAEQoKQBFKCkARk
20=kBxLkGR8gBUQlISAHR8ElIAcUeSkgB2yctABD5Jy4oKQAvKCkAMCgpADFIAdknMkgB0Qkz
21=KCkANCgpADUoKQA2KCkANygpADgoKQA5KCkAOigpADsoKQA8KCkAPSgpAD5IASclBRCFKQ
22=JkKagBAQMEAEFABHgnXSBCKCkAQygpAEQoKQBFKCkARkgBZClRCUfIAVEJSEgBJyUFEOF9
23=SlUCorVaS0gB0yosABHxKi0oKQAuKCkALygpADBIAdEqMUgB0QkyKCkAMygpADQoKQA1KC
24=kANigpADcoKQA4KCkAOSgpADooKQA7KCkAPCgpAD0oKQA+SAEnfQURKHQPqAFRKkFABMkX
25=QkkBpL0gQygpAEQoKQBFSAHVI0ZJAQqtBUfIAVEJSEgBJ30FESh8BScpAEtABNUjTEgB0w
26=krABLpLSwoKQAtKCkALigpAC9IAd0VMEgB0QkxKCkAMigpADMoKQA0KCkANSgpADYoKQA3
27=KCkAOCgpADkoKQA6KCkAOygpADwoKQA9KCkAPkgBJ9UFEijUBagBQSVBQATBJUJIAdUYQy
28=gpAEQoKQBFSAHRCUZIASfWBRIAaAFRCUhUAtEJSUgB0QlKKCkASygpAEwoKQBNSAHDMCoA
29=E+EwKygpACwoKQAtKCkALkgBwTAvSAHVDTAoKQAxKCkAMigpADMoKQA0KCkANSgpADYoKQ
30=A3KCkAOCgpADkoKQA6KCkAOygpADwoKQA9KCkAPkgB2Sc/SAEiKDeNtROYMlknQVQC2SdC
31=SAHBGkMoKQBEKCkARUgB0QlGSAFgMFEJR8gBUQlISAHRCUlIAdEJSigpAEsoKQBMKCkATS
32=gpAE5IAdsyKQAU+TIqKCkAKygpACwoKQAtSAHZMi5IAcEPLygpADAoKQAxKCkAMigpADMo
33=KQA0KCkANSgpADYoKQA3KCkAOCgpADkoKQA6KCkAOygpADwoKQA9KCkAPkgB0So/SAEnhQ
34=YUKIUGFCh9JhT5ikNMBdkcRCgpAEVIAdEJRkgBJ4UGFCi0DCcxAUlABMUISigpAEsoKQBM
35=KCkATSgpAE4oKQBPSAHTNSgAFfE1KSgpACooKQArKCkALEkBsLWnLUgBJUklLigpAC8oKQ
36=AwKCkAMSgpADIoKQAzKCkANCgpADUoKQA2KCkANygpADgoKQA5KCkAOigpADsoKQA8KCkA
37=PSgpAD5JAam1GD9IASfdBhUo3QYVKOYoFQDZHENMBckBRCgpAEVIAdEJRkgBJ90GFSjcBi
38=cxAUlABMUISigpAEsoKQBMKCkATSgpAE4oKQBPKCkAUEkBqrcYJwAW6TgoKCkAKSgpACoo
39=KQArSQHqJKkmLCgpAC1JAcm1Ai7IAVGCL0gBzQUwKCkAMSgpADIoKQAzKCkANCgpADUoKQ
40=A2KCkANygpADhIASKYJFWROSgpADpIAcEPOygpADwoKQA9KCkAPigpAD9JAcy1GEDIAVUY
41=QUgB0QlCKCkAQygpAEQoKQBFKCkARkkBy7EJR8gBUQlISAHRCUkoKQBKKCkASygpAEwoKQ
42=BNKCkATigpAE8oKQBQKCkAUUgBzzEmABfhOycoKQAoKCkAKSgpACpIAWQTURQrKCkALCgp
43=AC1IAXwKAQIEAC7IAQEDBAAvSAHZBjAoKQAxKCkAMigpADMoKQA0KCkANSgpADYoKQA3KC
44=kAOEgBbDxFEzkoKQA6SAHBDzsoKQA8KCkAPSgpAD4oKQA/SAFsPFUYQMgBVRhBSAHRCUIo
45=KQBDKCkARCgpAEUoKQBGSAFsPFEJR8gBUQlISAHRCUkoKQBKKCkASygpAEwoKQBNKCkATi
46=gpAE8oKQBQKCkAUUgBzTFSyAFDDyUAGPk9JigpACcoKQAoKCkAKUgB3eYqSAEl/SsrKCkA
47=LEgBybwtSAHBky7IAU0xL0gBxQgwSAHFCDEoKQAyKCkAMygpADQoKQA1KCkANigpADcoKQ
48=A4KCkAOSgpADooKQA7KCkAPEgB3RU9SQH3qZs+SQHxqQE/SAEnrRYYKK4WGADNBUJABM0F
49=Q0gBbHdZikRIAdkcRUgB2RxGKCkARygpAEgoKQBJKCkASigpAEsoKQBMKCkATSgpAE4oKQ
50=BPKCkAUEgBzRtRSAHVGFLIAU0xU0gBJc9cJAAZ8UAlKCkAJigpACcoKQAoSAHNGylJAaKh
51=JSooKQArKCkALEgBJYEhLUgBJz0IGeHVL1QCJQkoMEgB0QkxKCkAMigpADMoKQA0KCkANS
52=gpADYoKQA3KCkAOCgpADkoKQA6KCkAOygpADxIAd0VPUkB9q0bPkkB8KkBP0gBxSlAyAFF
53=KUFIAc0FQkgBzQVDSAEnPQgZJlEmRVQC2RxGKCkARygpAEgoKQBJKCkASigpAEsoKQBMKC
54=kATSgpAE4oKQBPKCkAUEgBzRtRSAHVGFLIAVUYU0gBzTFUSAHPRyMAGulDJCgpACUoKQAm
55=KCkAJ0gByUMoSAHZHCkoKQAqKCkAKygpACxIAcUTLUgBJ5UIGiiVCBr5JzBABN0KMSgpAD
56=IoKQAzKCkANCgpADUoKQA2KCkANygpADgoKQA5KCkAOigpADsoKQA8SAHdFT1JAfqpQz5J
57=AfSpAT9IAd0rQMgBXStBSAHNBUJIAc0FQ0gBJ5QIJ5kDRVQC2RxGKCkARygpAEgoKQBJKC
58=kASigpAEsoKQBMKCkATSgpAE4oKQBPKCkAUEgBzRtRSAHVGFLIAVUYU0gBJ5UIGiZ9MVVU
59=AsNGIgAb4UYjKCkAJCgpACUoKQAmSAHBRidIAcUeKCgpACkoKQAqKCkAKygpACxIAd0VLU
60=gBJ+0IGyjtCBsmXS0wQAQlKSwxKCkAMigpADMoKQA0SAHZETUoKQA2KCkANygpADgoKQA5
61=KCkAOigpADsoKQA8KCkAPUkBqKFGPkgBJV0tP0gB1S5AyAFVLkFIASURNEJIAdkGQ0gBzc
62=tESAHdFUUoKQBGKCkARygpAEgoKQBJKCkASigpAEsoKQBMSAHNJk0oKQBOKCkATygpAFBI
63=ASVZMlFIAdUYUsgBVRhTSAEn7QgbKOwIJykAVkAE20ghABz5SCIoKQAjKCkAJCgpACVIAd
64=lIJkgB3SAnKCkAKCgpACkoKQAqKCkAKygpACxIASdHCRwAsXBzIvQqqAFVGC9ABCKoJggA
65=BAAwABwA6gAAABEAABAOACAGAAQAMQAcAOoAQAAEBAAyABwAxEQBVQIzyAEBAQQANEoBqw
66=FbAgQANUkBoqkBNigpADcoKQA4KCkAOSgpADooKQA7KCkAPEkBpbEJPUkB96kBPkkB8akB
67=P0kBNkgBAREEAEDIAQESBABBSAHNBUJIAc0FQ0gB0RRESAHRFEUoKQBGKCkARygpAEgoKQ
68=BJKCkASigpAEtIAdEUTEkBvVggVSNNyAFVI05IAdknTygpAFAoKQBRSQG0uQZSyAFZBlNI
69=Ad0VVEgB3RVVKCkAVigpAFdJAaZcIEAPAyAAHQD//1cJBAAhKCkAIigpACMoKQAkSQGsuQ
70=YlSAHJDCYoKQAnKCkAKCgpACkoKQAqSQGnpQgrKCkALEkBqbUCLUkBsVQRAQIEAC7IAQED
71=BAAvSAFoIlkcMCgpADEoKQAySAF8TFkGM8gBWQY0SAHJIjVJAaKpDDYoKQA3KCkAOCgpAD
72=koKQA6KCkAOygpADxIAck4PUkB9r0KPkkB8KkBP0kBCqkBQMgBSRdBSAHNBUJIAc0FQ0gB
73=0RRESAHRFEUoKQBGKCkARygpAEgoKQBJKCkASigpAEtIAdEUTEgBfEwBAgQATcgBVSNOSA
74=HRKk8oKQBQKCkAUUgBfExZBlLIAVkGU0kBr60bVEgB1TlVKCkAVkkBoqEEVygpAFhIActO
75=HwAe6U4gKCkAISgpACIoKQAjSAFZQQBFVSRIAcElJUgByQwmKCkAJygpACgoKQApSAHdIC
76=pJASd3CQMAK0oBCQJPAQMALCgpAC0oKQAuKCkALygpADAoKQAxSQEoQggAA1ecHgALpR4z
77=VAJoAVk9NEgB3RU1SAHdFTYoKQA3KCkAOCgpADkoKQA6KCkAOygpADxIAcEaPUkB+qEPPk
78=kB9KkBP0gBJ/YJHgBoAVkRQVQCzQVCSAHNBUNIAdEUREgB0RRFKCkARigpAEcoKQBIKCkA
79=SSgpAEooKQBLSAHRFExIAWgiSThNyAFZEU5IAc0xT0gBzTFQKCkAUSgpAFIoKQBTKCkAVC
80=gpAFVIAc0xVkgBwRpXSAHBGlgoKQBZSAHDUR4AH+FRHygpACAoKQAhKCkAIkgBdD1VGCMo
81=KQAkSAHVDSVIAdUNJigpACcoKQAoKCkAKUgB1SMqSQEGoVErSQGNbAxvUh8AhakBLVQCyQ
82=EuKCkALygpADBJAYetBTFJAQCxCTJIAdUuM8gBVS40SAHdFTVIAd0VNigpADcoKQA4KCkA
83=OSgpADooKQA7KCkAPEgBxbg9SQG+exEEAD7IAUEPP0kBy7UCQMgBVQJBSQHCtQJCyAFVAk
84=NIAcWMREgB0RRFKCkARigpAEcoKQBIKCkASSgpAEooKQBLSQGlqWRMSAHVI03IAUEPTkgB
85=zTFPSAHNMVBJAYVzFAMAUSgpAFIoKQBTKCkAVEgBzTFVSAHNMVZIAdUuV0gBwRpYKCkAWS
86=gpAFpIAdtTHQAg+VMeKCkAHygpACAoKQAhSAFsFFlTIigpACMoKQAkSAHNECVIAc0QJigp
87=ACcoKQAoKCkAKUkBpa0mKkgB1SMrSQGMeA1nVSAAg6kBLVQCyQEuKCkALygpADBJAYatBT
88=FIAdUjMkgBzTEzyAFNMTRIAd0VNUgB3RU2KCkANygpADgoKQA5KCkAOigpADtIAdUYPEkB
89=uG8QBAA9yAFVDT5IAXBWAQMEAD9IAWVVAiKOKCAAaAFVAkFUAmRVVQJCyAFVAkNJAcVQCU
90=UIREgB3RVFSQGirSZGKCkARygpAEgoKQBJKCkASigpAEtIAd0VTEgB1SNNyAFVDU5IAc0x
91=T0gBzTFQSQGDWBFJ0lEoKQBSKCkAUygpAFRIAc0xVUgBzTFWSAHVGFdIAdUYWCgpAFkoKQ
92=BaKCkAW0kBpqceHAAh8VYdKCkAHigpAB8oKQAgSAF4FVFWISgpACIoKQAjKCkAJEgBxRMl
93=SAHFEyYoKQAnKCkAKCgpAClIAcUpKkgBzSYrSAHNJixIAc0mLSgpAC4oKQAvKCkAMEkBhm
94=MWAwAxSAHNJjJIAcU0M8gBRTQ0SAHdFTVIAd0VNigpADcoKQA4KCkAOSgpADooKQA7SAHV
95=GDxIAX1XAn5XIQBpAQNnrSEArKEwP0EEpKkBQCgpAEFJAaa1AkJIAXBWRQhDyAFFCERIAd
96=0VRUkBoq0FRigpAEcoKQBIKCkASSgpAEooKQBLSAHdFUxIAdUjTcgBVSNOSAHNMU9JAYyx
97=KlBJAYOpAVEoKQBSKCkAUygpAFRJAYatBVVIAc0xVkgB1RhXSAHVGFgoKQBZKCkAWigpAF
98=soKQBcSQGmsx8bACLpWRwoKQAdKCkAHigpAB9IAXQRSVkgKCkAISgpACIoKQAjKCkAJEgB
99=3RUlSAHdFSYoKQAnKCkAKCgpAClIAd0rKkgBxSkrSAHFKSxIAcUpLSgpAC4oKQAvKCkAME
100=kBhm0XA1ZaIgDFKTJUAt02M8gBXTY0SAHdFTVIAd0VNigpADcoKQA4KCkAOSgpADooKQA7
101=SAHVGDxIASKcKlknPcgBVQ0+SAHVDT9IAdUNQCgpAEFIAcUIQkgBxQhDyAFFCERIAcUIRU
102=gBxQhGKCkARygpAEgoKQBJKCkASigpAEtIAdUNTEgB1SNNyAFVDU5IAc0xT0gBzTFQSAHN
103=MVEoKQBSKCkAUygpAFRIAc0xVUgBzTFWSAHVGFdIAdUYWCgpAFkoKQBaKCkAWygpAFwoKQ
104=BdSQGmo1waACPhXBsoKQAcKCkAHSgpAB5JAay5Bh9IAcWMICgpACEoKQAiKCkAIygpACRI
105=AckXJSgpACYoKQAnKCkAKCgpAClIAdUuKkgB3SsrSQGMsVYsSAHdKy0oKQAuKCkALygpAD
106=BJAYa5BjFIAd0rMkgB1TkzyAFVOTRIAdUuNUgByRc2KCkANygpADgoKQA5KCkAOigpADtI
107=AdUYPEgBxVU9yAFVDT5IAdUNP0gB1Q1AKCkAQUgBxQhCSQEJrTFDyAFFCERIAcUIRUgBxQ
108=hGKCkARygpAEgoKQBJKCkASigpAEtIAdUNTEgB1SNNyAFVDU5IAc0xT0gBzTFQSAHNMVEo
109=KQBSKCkAUygpAFRIAc0xVUgBzTFWSAHVGFdIAdUYWCgpAFkoKQBaKCkAWygpAFwoKQBdKC
110=kAXkkBpq8mGQAk+V4aKCkAGygpABwoKQAdSQEmWAYBAgQAHkgBxRMfSQGiVAJZlSAoKQAh
111=KCkAIigpACMoKQAkKCkAJSgpACYoKQAnKCkAKCgpAClIAc0xKkgB1S4rSAHVLixIAdUuLS
112=gpAC4oKQAvKCkAMEkBhuVgJCi1FyQoBEOoAU08NEwFxR41SAHFHjYoKQA3KCkAOCgpADko
113=KQA6KCkAO0gB1Rg8SAEnBQwkJoFCPlQC1Q0/SAHVDUAoKQBBSAHFCEJIAWRgAQIEAEPIAQ
114=EDBABESAHFCEVJAaKlNEYoKQBHKCkASCgpAEkoKQBKKCkAS0gB1Q1MSAEnBAwndQROVALN
115=MU9IAc0xUEkBg70rUSgpAFIoKQBTKCkAVEgBzTFVSAEnBgwkANUYV1QC1RhYKCkAWSgpAF
116=ooKQBbKCkAXCgpAF0oKQBeKCkAX0kBprcjGAAl8WEZKCkAGigpABsoKQAcSAFwYUlDHckB
117=An1iJf0VH1UCor0KICgpACEoKQAiKCkAIygpACQoKQAlKCkAJigpACcoKQAoKCkAKUgBxT
118=QqSAHNMStJAZChMCxJAYipAS0oKQAuKCkALygpADBJAYqtBTFIAc0xMkgBxT8zyAFRHzRI
119=AcU0NUgBxR42KCkANygpADgoKQA5KCkAOigpADtIAdUYPEgBJ10MJSheDCUAJTlEP0EEp7
120=0rQCgpAEFIASXxRUJIAcUIQ8gBXRVESAHdFUVIAd0VRigpAEcoKQBIKCkASSgpAEooKQBL
121=SAHdFUxIAdUjTcgBVQ1OSAHNMU9IAc0xUEgBzTFRKCkAUigpAFMoKQBUSAHNMVVIAc0xVk
122=gB1RhXSAHVGFgoKQBZKCkAWigpAFsoKQBcKCkAXSgpAF4oKQBfKCkAYEgBy2QXACbpZBgo
123=KQAZKCkAGigpABtIAWhkRcMcyAFJIh3JAQJ1ZSYotwwmAKK1OSBABMkBISgpACIoKQAjKC
124=kAJCgpACUoKQAmKCkAJygpACgoKQApSAHdNipJASatXStJAQMkxVAsKCkALSgpAC4oKQAv
125=KCkAMCgpADFJASWxCTJIAd1BM8gBUR80SAHdVzVIAd1XNigpADcoKQA4KCkAOSgpADooKQ
126=A7SAHNXTxIAc1dPcgBVQ0+SQHYsSo/SQHQqQFAKCkAQUkB0rUCQkgBxQhDyAFFCERIAd0V
127=RUgB3RVGKCkARygpAEgoKQBJKCkASigpAEtIAd0VTEgB1SNNyAFVDU5IAc0xT0gBzTFQKC
128=kAUSgpAFIoKQBTKCkAVCgpAFVIAc0xVkgBJ7QMJ50JWFQC3UxZKCkAWigpAFsoKQBcKCkA
129=XSgpAF4oKQBfKCkAYCgpAGFIAcNnFgAn4WcXKCkAGCgpABkoKQAaSQGuuTIbSAEnDA1QWV
130=QCQSUd1QICbWgnKA0NJygMDScpACFNBaJYBlVwIigpACMoKQAkKCkAJSgpACYoKQAnKCkA
131=KCgpACkoKQAqSAElETQrKCkALCgpAC0oKQAuKCkALygpADAoKQAxSAHNJjJIASIAdEkXM8
132=gBUR80SQHJc2wEADXIAVUCNkgBIgRvTQU3KCkAOCgpADkoKQA6KCkAOygpADxJAcq9Cj3I
133=AV0KPkkB17knP0kBFnyDIjZUJwDJAUFVAtGhBEJIAQnIAAAAAAQAQwAnAMgRAAABDwAgCA
134=AAAAEEAEQAJwDqSAECAAQARQAnKQBGKCkARygpAEgoKQBJKCkASkkByaUIS8gBAQEEAExJ
135=AbS1Ak3IAVUCTkoBrAFbAgQAT0kBpKkBUEkBpqkBUUgBWQMAWRFSSAHNBVNIAc0FVCgpAF
136=UoKQBWSQGipQhXKCkAWCgpAFkoKQBaKCkAWygpAFwoKQBdKCkAXigpAF8oKQBgKCkAYUkB
137=paEPYkkBJqgBAxUAKAD//18YBAAWKCkAFygpABgoKQAZSAHZHBpIAdEJG0gB0QkcyAFZJx
138=3IAQECBAAeSQGrtQ0fSQGiqQEgKCkAISgpACIoKQAjKCkAJCgpACUoKQAmKCkAJygpACgo
139=KQApKCkAKigpACsoKQAsKCkALSgpAC4oKQAvKCkAMCgpADFIAdEfMkkBsVQnAQIEADPIAQ
140=EDBAA0SAF8TFUCNcgBVQI2SAF8V1UjNygpADgoKQA5KCkAOigpADsoKQA8SQHKtQ09yAFd
141=Cj5JAdexKj9KARYCRwQEAEAoKQBBSQHRoQRCSQHIXANFE0PIAUUIREgBxRNFKCkARigpAE
142=coKQBIKCkASSgpAEpIAcUeS8gBXQpMSAFka1UNTcgBVQJOSAHdQU9JAaKlE1BIAdEqUUgB
143=TBSmaygAzQVTVALNBVQoKQBVKCkAVigpAFcoKQBYKCkAWSgpAFooKQBbKCkAXCgpAF0oKQ
144=BeKCkAXygpAGAoKQBhSAHJF2JIAdFhY8gBWz0UACnxbBUoKQAWKCkAFygpABhIAdFsGUgB
145=xR4aSAHJDBtIAckMHMgBSQwdyQECfW0p7SYfVQKivSsgKCkAISgpACIoKQAjKCkAJCgpAC
146=UoKQAmKCkAJ0kBp70KKCgpACkoKQAqKCkAK0gBzRAsKCkALSgpAC4oKQAvKCkAMCgpADEo
147=KQAySAHZqzNIAcmxNEkBC7kRNcgBSSI2SQHatQI3SQGuqQE4SQG7qQE5yAFNBTrIAQECBA
148=A7yAFFVTxJAQqtBT3IAU0FPkkB27UCP0kB06kBQCgpAEFJAdW1AkJIAcUIQ8gBRQhESQG8
149=oQRFyAFVAkbIAU0QR8gBTRBISAHJF0lIAcEaSkgBxR5LyAFFCExIAc1HTUgBwSVOSQGitQ
150=1PKCkAUCgpAFFIAc0FUkgBzQVTKCkAVCgpAFVIAcU/VigpAFcoKQBYKCkAWUgB0QlaKCkA
151=WygpAFwoKQBdKCkAXigpAF8oKQBgKCkAYUgB0WFiSAHRYWPIAV0gZMgBAwIEABMAKulvFC
152=gpABUoKQAWKCkAF0gB2ScYSQGirSYZKCkAGkgBwQ8bSAHBDxzIAUEPHckBAnVwKigXDioA
153=orEJIEAEyQEhKCkAIigpACMoKQAkKCkAJSgpACZIAc0QJ0kBuL0KKMgBTRApygECBEIBKg
154=BgBFlIK1ABwaksSQGiuQYtKCkALigpAC8oKQAwKCkAMSgpADIoKQAzSAHZETRIAc1SNcgB
155=WRE2SQHZtQ03SQGtqQE4SAF0cAEEBAA5yAEBBQQAOskBBnZwKgBgBAEHBAA8VALNaD3IAV
156=0KPkgB0TU/SQGkvQpAKCkAQUkBprUCQkgBxRNDyAFFCERIAXVwBCI+KSoAaAFNEEbUAgEG
157=BABHyAFNEEhIAckXSUgBwRpKSAHdCkvIAV0KTEgByS1NSAHJLU4oKQBPKCkAUCgpAFEoKQ
158=BSKCkAUygpAFRJAaWhGlVIAWA7AQAEAFbIAUEPV8gBAQIEAFjIAUU/WUgB2RFaSQGipQhb
159=KCkAXCgpAF0oKQBeKCkAXygpAGAoKQBhSAHZEWJIAdFhY8gBWRFkyAEBAgQAZUgB05gSAC
160=vhchMoKQAUKCkAFSgpABZJAbC9FRdJAaKpARgoKQAZKCkAGkgB2REbSAHZERzIAVkRHckB
161=Am1zKyhtDisobA4nKQAhTQWitQ0iKCkAIygpACQoKQAlKCkAJkgBzRAnSAFkNFFLKMoBBQ
162=RZkiuAclFLKtQCUUsrSAHFNCxIAcEPLSgpAC4oKQAvKCkAMCgpADEoKQAyKCkAM0kBpbUY
163=NEkBC6kBNcgBSSI2SAHJWTdIAcFcOEgBaW8IbXMrlXAJbHOqAQoEROSpAQtvcysACr0KPV
164=gGaAFdCj5JAau1Aj9IAcEaQCgpAEFIAcUTQkgBeAZJWUPIAUUIREgBYHJNEEXIAU0QRsgB
165=TRBHyAEBCwQASEgByRdJSAHBGkpIAcUeS8gBXQpMSQGrpRNNSAHFE04oKQBPKCkAUCgpAF
166=EoKQBSKCkAUygpAFRIAcEaVUgBxT9WyAEBBQQAV8gBRT9YyAFFP1lIAdkRWkgB2RFbKCkA
167=XCgpAF0oKQBeKCkAXygpAGAoKQBhSQGluRxiSAHRYWPIAV0gZMkBAm5zKwDZJ2ZVAgYi+D
168=ACAwARACz5dBIoKQATKCkAFCgpABVJASQiwy4DABZJASipARdJAa+tEBhJAaKpARkoKQAa
169=SAHRFBtIAdEUHMgBURQdyQECZXYsKMcOLACnsQkgQATJASEoKQAiKCkAIygpACQoKQAlKC
170=kAJkgBzRAnSAF8NklOKMgBSU4pyAFJTirKAQsEWCQnOQIsVALNEC0oKQAuKCkALygpADAo
171=KQAxKCkAMigpADNIAdkRNEgB3Vc1yAFJIjZIAcFcN0gB3TY4SAFldgxldiyFdg1kdqkBDm
172=R2qgEPBFXpLCjEDqgBXQo+RQirsSo/SQGiqQFAKCkAQUgBxRNCSAEnxA4nBQFEVAJkdk0Q
173=RcgBTRBGyAFNEEfIAU0QSEkBrakMSUgBwRpKSAHFHkvIAUUTTEgBxRNNSAHJLU4oKQBPKC
174=kAUCgpAFEoKQBSKCkAUygpAFRIAcEaVUgBxT9WyAFFP1fIAUU/WMgBAQsEAFlJAaupF1pI
175=AdkRWygpAFwoKQBdKCkAXigpAF8oKQBgKCkAYUgB2RFiSAHRYWPIAV0gZMkBAmV2LCjGDi
176=wAxXZnQQSupxMQAC3xdxEoKQASKCkAEygpABRJAY2ldhVJAYepARZIAcl6F0gByXoYSQGv
177=qQwZSQGiqQEaSAHJFxtIAckXHMgBSRcdyQECfXgt6RcfVQK1pQggyAFNBSHIAU0FIsgBAQ
178=MEACPIAVXpJMgBAQUEACXIAU2qJkkBrbEJJ0gBdDlBUSjJAQ1l7y2F7w4iVCypAQ98eCc5
179=AixMBdkRLcgBWREuyAFZES/IAVkRMMgBWRExyAFZETLIAVkRM0kBrbkRNEgB1Vo1yAFdCj
180=ZIAdleN0gBzQU4SAF9eBB9eC2deBF8eKkBEnx4qQETfngtAN0KPVgGaAFdCj5IAdlTP0kB
181=oq0QQCgpAEFJAaW1AkJIAScdDy2QgkUIRFQCfHhNEEXIAU0QRsgBTRBHyAFNEEhIAckXSU
182=gBwRpKSAF4EUX6S8gBXQpMSAHNBU1IAcktTsgBQQRPyAEBAgQAUMgBSS1RyAFJLVLIAQEF
183=BABTyAFJLVRIAd0KVUgBxT9WyQENZO+4PUU/WNQCRT9ZSQGtvSBaSAHZEVvIAVkRXMgBWR
184=FdyAFZEV7IAVkRX8gBWRFgyAFZEWFIAd0KYkgB0WFjyAFdCmTIAV0KZUgBzQVmSAEnHw8t
185=ALGlE2hUAnxxRykPAC7pehAoKQARKCkAEigpABNJAY1/BgMAFEkBg6kBFSgpABZIAcF9F0
186=gBwX0YSAHBfRlJAa+tEBpJAaWpARtIAcEaHMgBQRodyAFBGh5JAa2tBR9IAXAqAQcEACDI
187=AUHrIcgBWasiyAFZqyPIAQELBAAkyAFRdyXIAQENBAAmSQGtvQonSAFsPFlTKMkBEXV7Lp
188=R7WVMq1AJZUytIAdkGLEgB2REtyAFZES7IAVkRL8gBWREwyAFZETHIAVkRMskBDSKlVy7x
189=mDRUAs1dNcgBSSI2SAHRYTdJAa2pFzhIAXV7FHV7LpV7FXR7qQEWdHupARd3ey4Asn82BA
190=A9WAZoAV0KPkgB2TI/SQGnvQpAKCkAQUkBqbUCQkkBs6UIQ8gBRQhESAF0e00QRcgBTRBG
191=yAFNEEfIAU0QSEgByRdJSAHBGkpIAcUeS8gBXQpMSAHNBU1JAbVMEAEHBABOyAFJLU/JAQ
192=l2ey4AYARJLVHUAkktUsgBSS1TyAEBDQQAVEkBrVAJRWBVSAHFP1bIAUU/V8gBRT9YyAFF
193=P1lIAdkGWkgBdA1ZEVvIAVkRXMgBWRFdyAFZEV7IAVkRX8gBWRFgyAEBDQQAYUkBrbkRYk
194=gB0WFjyAFdIGTIAVFhZUgBzQVmSAEndw8uAI97MgMAaFQCZAFNG2koKwAOAC/hfQ8oKQAQ
195=KCkAESgpABJJAY1rCAMAE0gBwX0UKCkAFSgpABYoKQAXSQGHuQYYSAHZfxlIAdl/GkkBrb
196=kcG0gB2RwcyAFZHB3IAVkcHkgBzQUfSAFoLUWtIMgBAQ8EACHIAUV2IsgBXTYjyAFdNiTI
197=AV02JcgBWVMmSAHdCidIAWQ/VQIoyQEVbX4vjH5RVirUAlFWK0gB2QYsSQG1VBhZES3IAV
198=kRLsgBWREvyAFZETDIAVkRMcgBWREyyAFBDzNIAd0KNEgBxWA1yAFJIjZIAclkN0gBzQU4
199=SAFtfhhtfi+NfhlsfqkBGmx+qQEbbX4vjH5RKj1YBmx+AQMEAD5JAb9QNUkMP0gBIpBlQU
200=ZAyAFVAkFJAblABFUCQsgBVQJDSAF4f0UIREgBbH5NEEXIAU0QRsgBTRBHyAFNEEhIAckX
201=SUgBwRpKSAHFHkvIAUkMTEgBzQVNSAHJLU7IAUktT8gBSS1QyAFJLVHIAUktUsgBSS1TyA
202=FJLVRIAd0KVUkBuEg4VQJWyQEVZPon5QdY1AJFP1lIAdkGWkkBtVgGRT9byAFZEVzIAVkR
203=XcgBWRFeyAFZEV/IAVkRYMgBQQ9hSAHdCmJIAdFhY8gBXSBkyAFdNmVIAc0FZkgBJ88PLw
204=CMZDRvfi8AhakBaUAE1XBqSAFwAks4DQAw+X8OKCkADygpABAoKQARSQGNfwYDABJJAYOp
205=ARMoKQAUKCkAFSgpABYoKQAXKCkAGEgB2REZSQEAJBlAGkkBrUQpRRMbSAHRHxzIAVEfHc
206=gBUR8eSAHNBR9IAWEwFXX/MJS9WXQh1AJRNSLJARgibC+gBE1SJNQCTFIKJQAwALUBAAAb
207=BAAmABEAAEYOACAAAzAAsQEAAAAEACcAMAC4AQAAGAQAKMgBARkEACnIAQEaBAAqyAEBGw
208=QAK0gB2QYsSQG1WAYBFQQALcgBARYEAC7IAQEXBAAvyAFdCjDIAV0KMcgBXQoyyAFdCjNJ
209=Aa1QCVkRNEkBC6kBNcgBAQEEADZJAdm1AjdJAa+pAThJAaipATkoKQA6KCkAOygpADxJAa
210=qtBT1IAQW/AAAAAgQAPsgBAQMEAD9JAcm1AkDIAVUCQUkBubUCQsgBVQJDSQGwsQlESAHN
211=EEUoKQBGKCkARygpAEhJAam5BklIAcEaSkgBxR5LyAFFHkxIAckiTUkBtVgGARUEAE7IAU
212=ktT8gBSS1QyAFJLVHIAUktUsgBSS1TyAFJLVRIAck4VUkBuFwKARgEAFbIAVkGV8gBWQZY
213=yAFZBllIAdkGWkkBtVgGARUEAFvIAVkRXMgBWRFdyAFdCl7IAV0KX8gBXQpgyAFdCmFIAd
214=kcYkkBJlwKUUBjyAFdIGTIAVE1ZUgBzQVmSgEGAl8yAwBnSQGMRAEBAAMAaEkBg6kBaSgp
215=AGpJAYe1AmtIAWQBSAwDDAAxAP//UwEEAA0oKQAOKCkADygpABBJAY1IBUkMEUgByQwSKC
216=kAEygpABQoKQAVKCkAFigpABcoKQAYSQGGvQoZSQEAoRoaSQGtvSAbSAHJIhzIAUkiHcgB
217=SSIeSQGrrQUfSQGkqQEgSQGmqQEhSQGxawwEACLIAUUII0kB6rUCJCgpACUoKQAmKCkAJy
218=gpAChJAcy5BinIAVEJKkgB0QkrKCkALCgpAC0oKQAuKCkAL0kBtLEJMMgBUQkxSQGsqRcy
219=SAHBGjNJAaW1AjRIAdVlNcgBWQY2SQHboQQ3SQHUqQE4KCkAOSgpADooKQA7SQHWrQU8SQ
220=H3qQE9SQHvqQE+SQHxqQE/SQEGqQFAyAFBD0FIAdkGQkgB2QZDSAHZBkRJAdy5BkVIAcUT
221=RigpAEcoKQBIKCkASUkB1bkGSkgBxR5LyAFBD0xIAcU/TUgBwSVOSAHFP09IAcU/UMgBWQ
222=ZRSAHRNVIoKQBTKCkAVCgpAFUoKQBWSAHFP1fIAVEJWEgB0QlZKCkAWigpAFsoKQBcKCkA
223=XUgBxT9eyAFRCV9IAcU/YEgBwRphSAHFP2JIAdFhY8gBWQZkyAFRYWVIAcFnZkgBJ38QMQ
224=CMfEx+gzEA0XdpQATJAWooKQBrSAHJhWxIAXQGS4ULADLphQwoKQANKCkADigpAA9JAY1/
225=BgMAEEgByQwRKCkAEigpABMoKQAUKCkAFSgpABYoKQAXKCkAGEkBhqkMGUgBJ9cQMgCtoU
226=YbVALBJRzIAUElHcgBQSUeSAHNRx9JAaK5BiBIAcktIUgBbUcCdoYyAGgBAQMEACNUAng9
227=UQkkKCkAJSgpACYoKQAnKCkAKEgBbEdRCSnIAVEJKkgB0QkrKCkALCgpAC0oKQAuKCkAL0
228=gBbEdRCTDIAVEJMUgBwRoySQGioRozSAHBGjRIAc1oNcgBVRg2SQGsrQU3SAHJTjgoKQA5
229=KCkAOigpADtJAaa5BjxJAfapAT1JAe2pAT5JAfCpAT9IAcEPQMgBQQ9BSAHZBkJIAdkGQ0
230=gB2QZESAHFE0VIAcUTRigpAEcoKQBIKCkASUgBxRNKSAHBD0vIAUEPTEgBwSVNSAHBJU5I
231=AcElT0gBeD0BAgQAUMgBXStRSAHRNVIoKQBTKCkAVCgpAFUoKQBWSAHFP1fIAVEJWEgB0Q
232=lZKCkAWigpAFsoKQBcKCkAXUgBxT9eyAFRCV9IAcEaYEkBorUuYUgBwRpiSAHRYWPIAV0g
233=ZMgBAQIEAGVIAcFnZkgBJ9UQMijVEDIo1BAnKQBqTQWDtXBrKCkAbEgBwYhtSAF8A0OICg
234=Az4YgLKCkADCgpAA0oKQAOSQGNfwYDAA9IAckMECgpABEoKQASKCkAEygpABQoKQAVKCkA
235=FigpABcoKQAYSQGGtQ0ZSAEnLREzKC4RMwDZJxxABGgBWScdyAFZJx5IASU5Lh9JAaehMC
236=AoKQAhSAElgSwiKCkAIygpACQoKQAlKCkAJigpACdIASXpLihIAdVaKcgBWREqSAElOS4r
237=SAHVDSwoKQAtKCkALigpAC8oKQAwKCkAMUgB1RgyKCkAM0gBJekuNEkBNVgcQQ81yAFdID
238=ZIAd0gN0gBxQg4KCkAOSgpADooKQA7SAHdCjxJAfpcCkFGPUkB8qkBPkkB9KkBP0gB0R9A
239=yAFNEEFIAdkGQkgB2QZDSAHZBkRIAcUTRUgBxRNGKCkARygpAEgoKQBJSAHFE0pIAcUeS8
240=gBRR5MSAHdCk1IAd0KTigpAE9IAc0xUCgpAFEoKQBSKCkAUygpAFQoKQBVSAHFP1ZIAdEf
241=V8gBUR9YSAHFP1lIAdUNWigpAFsoKQBcKCkAXSgpAF4oKQBfSAHVGGAoKQBhSAHdIGJJAT
242=GtMWPIAU0QZMgBSSJlSAEllTRmSAEnLREzKC0RMygsEScpAGpMBcF9aygpAGwoKQBtSQGH
243=uXRuSAFkAVdECQA0+YoKKCkACygpAAwoKQANSAHZig5IAdUNDygpABAoKQARKCkAEigpAB
244=MoKQAUKCkAFSgpABYoKQAXKCkAGEgBJ4YRNAAnhRE0KIcRNAAusSocTAVoAVEqHcgBUSoe
245=yAEBAwQAH0kBJa0FICgpACEoKQAiKCkAIygpACQoKQAlKCkAJigpACcoKQAoSQEqqQwpyA
246=FZESrIAVkRK0gBzRAsKCkALSgpAC4oKQAvKCkAMCgpADEoKQAyKCkAM0gBcmwEBEIBNABo
247=AQEFBAA1UAFpAQYiDES0AgEHBAA3VALNEDgoKQA5KCkAOigpADsoKQA8KCkAPSgpAD5IAc
248=UeP8gBRR5AyAFFHkFIAdUNQigpAEMoKQBEKCkARSgpAEYoKQBHKCkASCgpAElIAWwbRR5K
249=yAFFHkvIAUUeTMgBRR5NSAHNEE4oKQBPKCkAUCgpAFEoKQBSKCkAUygpAFRIAcUeVcgBRR
250=5WSAF4EU0QV8gBTRBYSAHBD1koKQBaKCkAWygpAFwoKQBdKCkAXigpAF8oKQBgKCkAYSgp
251=AGJIAWSMTV1jyAFVI2TIAUUTZUgB2X9mSAEnhRE0KIURNCiEEScpAGpNBYN/BgMAaygpAG
252=woKQBtSQGGoQRuSAFkAUWMbygpAAhIUSW9RAkoKQAKKCkACygpAAxIAdGNDUgBwQ8OKCkA
253=DygpABAoKQARKCkAEigpABMoKQAUKCkAFSgpABYoKQAXKCkAGEgBwRoZSAEn3RE1KN0RNZ
254=yOXSscQAR8jl0rHcgBAQYEAB7IAVVPH0gBcEBVRCAoKQAhKCkAIigpACMoKQAkKCkAJSgp
255=ACYoKQAnKCkAKEgBbVIDIu5VNQBoAUUTKtQCRRMrSAHNECwoKQAtKCkALigpAC8oKQAwKC
256=kAMSgpADIoKQAzSAF5Xgh9jjWdjgl8jqkBCnyOqQELfo41AM0QOFgGyQE5KCkAOigpADso
257=KQA8KCkAPSgpAD5IAXgcRR4/yAFFHkDIAUUeQUgByQxCKCkAQygpAEQoKQBFKCkARigpAE
258=coKQBIKCkASUgBxR5KyAFFHkvIAUUeTMgBRR5NSAHNEE4oKQBPKCkAUCgpAFEoKQBSKCkA
259=UygpAFRIAcUeVcgBRR5WyAFFHldIAdUNWCgpAFkoKQBaKCkAWygpAFwoKQBdKCkAXigpAF
260=8oKQBgKCkAYSgpAGJIAXyOWV5jyAFZXmTIAUlDZUgB0YJmSAEn3RE1KN0RNSjcEScpAGpN
261=BYN8BnyOJ1UAbChVAG0oKQBuSQGHrQVvSAFkAUmQcCgrAAcANia9IwgoKQAJKCkACigpAA
262=tJASJrCAMADEkBkKkBDUgB2REOKCkADygpABAoKQARKCkAEigpABMoKQAUKCkAFSgpABYo
263=KQAXKCkAGEkBhq0QGUgBJzUSNig1EjaUkUktHEAEdJFNUh3IAU1SHsgBTVIfSAF0REnzIC
264=gpACEoKQAiKCkAIygpACQoKQAlKCkAJigpACcoKQAoSAFlVQZ1kTaVkQciJGioAVEUK0AE
265=zRAsKCkALSgpAC4oKQAvKCkAMCgpADEoKQAyKCkAM0gBbXMMdZE2lZENdJGpAQ50kakBD3
266=WRNpSRXSA4WAbZETkoKQA6KCkAOygpADwoKQA9KCkAPkgBxR4/yAFFHkDIAUUeQUgByQxC
267=KCkAQygpAEQoKQBFKCkARigpAEcoKQBIKCkASUgBxR5KyAFFHkvIAUUeTMgBRR5NSAHNEE
268=4oKQBPKCkAUCgpAFEoKQBSKCkAUygpAFRIAcUeVcgBRR5WyAFFHldIAdUNWCgpAFkoKQBa
269=KCkAWygpAFwoKQBdKCkAXigpAF8oKQBgKCkAYSgpAGJIAXSRRWBjyAFFYGTIAUVgZUgBdG
270=ldg2ZIASc1EjYoNRI2KDQSJykAakwF2X9rKCkAbCgpAG0oKQBuKCkAb0kBh3sNAwBwSAFk
271=AUEPcSgrAAYAN+GTBygpAAgoKQAJKCkACkkBriR9MQtJASZ0CW6UNwDZlQ1UAtmVDkgB3R
272=UPKCkAECgpABEoKQASKCkAEygpABQoKQAVKCkAFigpABcoKQAYSQGGuREZSAEnjxI3AKu9
273=FRtVAqSpARwoKQAdKCkAHigpAB8oKQAgKCkAISgpACIoKQAjKCkAJCgpACUoKQAmKCkAJ0
274=kBpq0QKEgBIjxKTTEpyQEBbZQ3I8BKUYIrVQKsrQUsSAHJFy0oKQAuKCkALygpADAoKQAx
275=KCkAMigpADMoKQA0KCkANSgpADYoKQA3KCkAOCgpADkoKQA6KCkAOygpADwoKQA9SAHFHj
276=5IAcUeP8gBRR5AyAFFHkFIAcUeQkgBxR5DKCgAB0QANwCkAQAAAAQRAADWDAAgCgBFADcA
277=pAEAAAAEAEYoKQBHKCkASCgpAEkoKQBKKCkASygpAEwoKQBNKCkATigpAE8oKQBQKCkAUS
278=gpAFIoKQBTSwGmAQBlE1RJASapAVXIAQEBBABWyAEBAgQAV0kBrKEEWEkBpKkBWSgpAFoo
279=KQBbKCkAXCgpAF0oKQBeKCkAXygpAGAoKQBhKCkAYigpAGMoKQBkKCkAZUgB1RhmSgEGAk
280=MaAwBnSQGMRAEBAAMAaEkBg6kBaSgpAGooKQBrKCkAbCgpAG0oKQBuKCkAbygpAHBJAYe9
281=CnFIAWQBTTxyKCgAAwUAOAD//18CBAAGKCkABygpAAgoKQAJSQGssSoKSQGiqQELSAHNGw
282=xJASZMCUEaDUkBIqkBDkkBkKkBD0gB2RwQKCkAESgpABIoKQATKCkAFCgpABUoKQAWKCkA
283=FygpABhJAYa1DRlJAQCpLRpJAau9FRtIAckXHCgpAB0oKQAeKCkAHygpACAoKQAhKCkAIi
284=gpACMoKQAkKCkAJSgpACYoKQAnSQGluREoSAHVWinIAVVaKsgBAQIEACtIAckXLEkBorkG
285=LSgpAC4oKQAvKCkAMCgpADEoKQAyKCkAMygpADQoKQA1KCkANigpADcoKQA4KCkAOSgpAD
286=ooKQA7KCkAPCgpAD1IAcUePkgBxR4/yAFFHkDIAQECBABBSAHFHkJJAaKlHkMoKQBEKCkA
287=RSgpAEYoKQBHKCkASCgpAEkoKQBKKCkASygpAEwoKQBNKCkATigpAE8oKQBQKCkAUSgpAF
288=IoKQBTSAHFHlRIAcUeVcgBRR5WyQECZpc4AMUeWFUCoqUeWSgpAFooKQBbKCkAXCgpAF0o
289=KQBeKCkAXygpAGAoKQBhKCkAYigpAGMoKQBkKCkAZUgB1RhmSAEn5xI4AIyxbGhUAsl6aS
290=gpAGooKQBrKCkAbCgpAG0oKQBuKCkAbygpAHAoKQBxSQGFtQ1yKCkAc0gBy5sEADnxmAUo
291=KQAGKCkABygpAAhJAay9KwlIAcktCigpAAsoKQAMSQGmrQUNSAHJmw5IAcmbD0gByZsQSQ
292=GIsRQRKCkAEigpABMoKQAUKCkAFSgpABYoKQAXKCkAGEkBir0KGUgBJz0TOeFGG1QC1Rgc
293=KCkAHSgpAB4oKQAfKCkAICgpACEoKQAiKCkAIygpACQoKQAlKCkAJigpACdJAaWhJShIAc
294=1dKcgBTV0qyQECfJkn6QIsVQKiuQYtKCkALigpAC8oKQAwKCkAMSgpADIoKQAzKCkANCgp
295=ADUoKQA2KCkANygpADgoKQA5KCkAOigpADsoKQA8KCkAPUgBxR4+SAHFHj/IAUUeQMkBAn
296=yZJ8UDQlUCoqUeQygpAEQoKQBFKCkARigpAEcoKQBIKCkASSgpAEooKQBLKCkATCgpAE0o
297=KQBOKCkATygpAFAoKQBRKCkAUigpAFNIAcUeVEgBxR5VyAFFHlbJAQJ8mSfFA1hVAqKlHl
298=koKQBaKCkAWygpAFwoKQBdKCkAXigpAF8oKQBgKCkAYSgpAGIoKQBjKCkAZCgpAGVIAdUY
299=ZkgBJz4TOQDdeGhUAt14aSgpAGooKQBrKCkAbCgpAG0oKQBuKCkAbygpAHAoKQBxKCkAci
300=gpAHMoKQB0SQGLr34DADrpmwQoKQAFKCkABigpAAdIAcmbCEgB1S4JKCkACigpAAsoKQAM
301=KCkADUgBwZ4OSAHBng9JAQMkHSUQKCkAESgpABIoKQATKCkAFCgpABUoKQAWKCkAFygpAB
302=goKQAZSQElsR8aSQGrrUcbSAHBGhwoKQAdKCkAHigpAB8oKQAgKCkAISgpACIoKQAjKCkA
303=JCgpACUoKQAmSQGnrRAnSAHNRyhIAcVgKcgBRWAqyQECdZw64bQsVALFCC1JAaKxCS4oKQ
304=AvKCkAMCgpADEoKQAyKCkAMygpADQoKQA1KCkANigpADcoKQA4KCkAOSgpADooKQA7KCkA
305=PCgpAD1IAcUePkgBxR4/yAFFHkDJAQJ0nCfFA0JVAqK5HEMoKQBEKCkARSgpAEYoKQBHKC
306=kASCgpAEkoKQBKKCkASygpAEwoKQBNKCkATigpAE8oKQBQKCkAUSgpAFJIAcU0U0gBxR5U
307=SAHFHlXIAUUeVskBAnScJ8UDWFQCxQhZSQGisR9aKCkAWygpAFwoKQBdKCkAXigpAF8oKQ
308=BgKCkAYSgpAGIoKQBjKCkAZCgpAGVIAdUYZkgB3XhnSAHdeGgoKQBpKCkAaigpAGsoKQBs
309=KCkAbSgpAG4oKQBvKCkAcCgpAHEoKQByKCkAcygpAHQoKQB1KCsAAgA74Z4DKCkABCgpAA
310=UoKQAGSQGwqS0HSAHBMAgoKQAJKCkACigpAAsoKQAMKCkADSgpAA5JAai9Cg8oKQAQKCkA
311=ESgpABIoKQATKCkAFCgpABUoKQAWKCkAFygpABgoKQAZKCkAGkgBwRobKCkAHCgpAB0oKQ
312=AeKCkAHygpACAoKQAhKCkAIigpACMoKQAkKCkAJUkBqbEfJkgBZLEBAAQAJ0kBsbUCKEgB
313=3WIpyAFdYirJAQJunzsAzQUsVALFCC1JAa+lCC5IAc0bLygpADAoKQAxKCkAMigpADMoKQ
314=A0KCkANSgpADYoKQA3KCkAOEkBoqEPOSgpADooKQA7KCkAPCgpAD1IAc1oPkgBxR4/yAFF
315=HkDJAQJtnzv1vUJVAqK1DUMoKQBEKCkARSgpAEYoKQBHSAHJIkgoKQBJKCkASigpAEsoKQ
316=BMKCkATSgpAE4oKQBPKCkAUCgpAFFJAamxFFJIAcU0U0kBsbUCVEgBxR5VyAFFHlbJAQJs
317=nyeNB1hUAsUIWUkBr6UIWkgBwRpbKCkAXCgpAF0oKQBeKCkAXygpAGAoKQBhKCkAYigpAG
318=MoKQBkKCkAZUgBzRtmSAHFE2coKQBoKCkAaSgpAGooKQBrKCkAbCgpAG0oKQBuKCkAbygp
319=AHAoKQBxKCkAcigpAHMoKQB0KCkAdSgpAHYoKwABADz5oAIoKQADKCkABCgpAAVIAdkcBi
320=gpAAcoKQAIKCkACSgpAAooKQALKCkADCgpAA0oKQAOKCkADygpABAoKQARKCkAEigpABMo
321=KQAUKCkAFSgpABYoKQAXKCkAGCgpABkoKQAaKCkAGygpABwoKQAdKCkAHigpAB8oKQAgKC
322=kAISgpACIoKQAjKCkAJCgpACUoKQAmKCkAJygpAChIAdVlKcgBVWUqyAFVZStIAcU0LCgp
323=AC0oKQAuKCkALygpADAoKQAxKCkAMigpADMoKQA0KCkANSgpADYoKQA3KCkAOEkBq7l0OU
324=kBoqkBOigpADsoKQA8KCkAPUgBJ0YUPADFHj9UAmgBRR5AyQECZaI8KEcUPACiqQxDQATJ
325=AUQoKQBFKCkARkgByQxHSAHNJkgoKQBJKCkASigpAEsoKQBMKCkATSgpAE4oKQBPKCkAUC
326=gpAFEoKQBSKCkAUygpAFRIAXgcAQAEAFXIAUUeVskBAmWiPJgVQQRYVAKPAQQAWSgpAFoo
327=KQBbKCkAXCgpAF0oKQBeKCkAXygpAGAoKQBhKCkAYigpAGMoKQBkKCkAZSgpAGYoKQBnKC
328=kAaCgpAGkoKQBqKCkAaygpAGwoKQBtKCkAbigpAG8oKQBwKCkAcSgpAHIoKQBzKCkAdCgp
329=AHUoKQB2KCkAdygrAAIAPfGjAygpAARIAdUuBSgpAAYoKQAHKCkACCgpAAkoKQAKKCkACy
330=gpAAwoKQANKCkADigpAA8oKQAQKCkAESgpABIoKQATKCkAFCgpABUoKQAWKCkAFygpABgo
331=KQAZKCkAGigpABsoKQAcSQGsvW0dSAElGWweKCkAHygpACAoKQAhKCkAIigpACMoKQAkKC
332=kAJSgpACZIASXJQCdIAcEwKEgB1WUpyAFVZSrIAVVlK0gBzQUsKCkALSgpAC4oKQAvKCkA
333=MCgpADEoKQAyKCkAMygpADQoKQA1KCkANigpADcoKQA4SAEnRRQ9+ZU6VQKipSk7KCkAPC
334=gpAD1IAdmVPkgBxR4/yAFFHkDJAQJloj0oRBQniQFDQQSiqQxEKCkARSgpAEZIAckMR0gB
335=zSZIKCkASSgpAEooKQBLKCkATCgpAE0oKQBOKCkATygpAFAoKQBRKCkAUigpAFMoKQBUSA
336=HFHlXIAUUeVskBAmWiPZgVhKInKQBZQASbAgQAWigpAFsoKQBcKCkAXSgpAF4oKQBfKCkA
337=YCgpAGEoKQBiKCkAYygpAGQoKQBlKCkAZigpAGcoKQBoKCkAaSgpAGooKQBrKCkAbCgpAG
338=0oKQBuKCkAbygpAHAoKQBxKCkAcigpAHMoKQB0KCkAdSgpAHYoKQB3KCkAeCgrAAMAPpgr
339=VS4EKCkABSgpAAYoKAAEBwA+AAAAABEAAN4MACAGAAAEAAgAPgAAYAACBAAJAD5gAXUCCi
340=gpAAsoKQAMKCkADSgpAA4oKQAPKCkAECgpABEoKQASKCkAEygpABQoKQAVKCkAFigpABco
341=KQAYKCkAGSgpABooKQAbKCkAHEoBqwFPGgQAHUkBoqkBHigpAB8oKQAgKCkAISgpACIoKQ
342=AjKCkAJCgpACUoKQAmSQGlqQwnSAFYDmUpKEkBJrUCKcgBAQEEACrIAQECBAArSAHNBSwo
343=KQAtKCkALigpAC8oKQAwKCkAMSgpADIoKQAzKCkANCgpADUoKQA2KCkANygpADhIAc0mOU
344=kBoqkXOigpADsoKQA8KCkAPUgB0R8+SAHFHj/IAUUeQMgBAQIEAEFIAckMQkkBoqkMQygp
345=AEQoKQBFKCkARkgByQxHSAHNJkgoKQBJKCkASigpAEsoKQBMKCkATSgpAE4oKQBPKCkAUC
346=gpAFEoKQBSKCkAUygpAFRIAcUeVcgBRR5WyAEBAgQAV0gB3RVYKCkAWSgpAFooKQBbKCkA
347=XCgpAF0oKQBeKCkAXygpAGAoKQBhKCkAYigpAGMoKQBkKCkAZSgpAGYoKQBnKCkAaCgpAG
348=koKQBqKCkAaygpAGxJAbK1OW1IAcUebigpAG8oKQBwKCkAcSgpAHJIAcUIc0gBxQh0KCkA
349=dSgpAHYoKQB3KCkAeCgpAHkoKwAEAD+MCUGeBSgpAAYoKQAHKCkACCgpAAkoKQAKKCkACy
350=gpAAwoKQANKCkADigpAA8oKQAQKCkAESgpABIoKQATKCkAFCgpABUoKQAWKCkAFygpABgo
351=KQAZKCkAGigpABsoKQAcSQGvpTQdSQGnqQEeKCkAHygpACAoKQAhKCkAIigpACMoKQAkKC
352=kAJSgpACZJAampDCdIAYcwBAAoSAHVZSnIAVVlKsgBVWUrSAHNBSwoKQAtKCkALigpAC8o
353=KQAwKCkAMSgpADIoKQAzKCkANCgpADUoKQA2KCkANygpADhIAdmVOUkBoqEaOigpADsoKQ
354=A8KCkAPUgB2ZU+SAHFHj/IAUUeQMkBAmaiPwDJDEJVAqKpDEMoKQBEKCkARSgpAEZIAckM
355=R0gBzSZIKCkASSgpAEooKQBLKCkATCgpAE0oKQBOKCkATygpAFAoKQBRKCkAUigpAFMoKQ
356=BUSAHFHlXIAUUeVskBAmSiJ0EOWFQCyRdZKCkAWigpAFsoKQBcKCkAXSgpAF4oKQBfKCkA
357=YCgpAGEoKQBiKCkAYygpAGQoKQBlKCkAZigpAGcoKQBoKCkAaSgpAGooKQBrKCkAbCgpAG
358=0oKQBuKCkAbygpAHAoKQBxKCkAcigpAHMoKQB0KCkAdSgpAHYoKQB3KCkAeCgpAHkoKwAF
359=AECQLkWiBigpAAcoKQAIKCkACSgpAAooKQALKCkADCgpAA0oKQAOKCkADygpABAoKQARKC
360=kAEigpABMoKQAUKCkAFSgpABYoKQAXKCkAGCgpABkoKQAaKCkAGygpABwoKQAdKCkAHigp
361=AB8oKQAgKCkAISgpACIoKQAjKCkAJCgpACUoKQAmKCkAJygpAChIAclkKcgBSWQqyAFJZC
362=tIAYs0BAAsKCkALSgpAC4oKQAvKCkAMCgpADEoKQAyKCkAMygpADQoKQA1KCkANigpADco
363=KQA4SAHNlDlJAaKtlDooKQA7KCkAPCgpAD1IAc2UPkgBxR4/yAFFHkDJAQJ5oEAoGxRAAK
364=KpDENABMkBRCgpAEUoKQBGSAHJDEdIAc0mSCgpAEkoKQBKKCkASygpAEwoKQBNKCkATigp
365=AE8oKQBQKCkAUSgpAFIoKQBTKCkAVEgBxR5VyAFFHlbJAQJ4oCcVDlhUAskXWSgpAFooKQ
366=BbKCkAXCgpAF0oKQBeKCkAXygpAGAoKQBhKCkAYigpAGMoKQBkKCkAZSgpAGYoKQBnKCkA
367=aCgpAGlJAbCxNWpJAaipAWsoKQBsKCkAbSgpAG4oKQBvKCkAcCgpAHEoKQBySQGqvQpzSA
368=HBJXQoKQB1KCkAdigpAHcoKQB4KCgAAQYAQQAllSkHSgEIAlsJAwAISQEJqQEJKCkACigp
369=AAsoKQAMKCkADSgpAA4oKQAPKCkAECgpABEoKQASKCkAEygpABRJAShUEQEAAwAVSQGspR
370=4WSQGkqQEXKCkAGCgpABkoKQAaKCkAGygpABwoKQAdKCkAHigpAB8oKQAgKCkAISgpACIo
371=KQAjKCkAJCgpACVJAaaxFCZIAXAYTcsnSQGutQIoSAHRYSnIAVFhKsgBUWErSAHZBiwoKQ
372=AtSAHdIC5IAd0gLygpADAoKQAxKCkAMigpADMoKQA0KCkANSgpADYoKQA3KCkAOEkBoqkX
373=OSgpADooKQA7KCkAPCgpAD1IAdWRPkgBxR4/yAFFHkDJAQJhnkEowRNBKMATJykARE0Foq
374=0QRSgpAEYoKQBHSAHJIkgoKQBJKCkASigpAEsoKQBMKCkATSgpAE4oKQBPKCkAUCgpAFFI
375=Ac08UkgB0TVTSAHNPFRIAcUeVcgBRR5WyQECYp5BAM0FWFQCxQhZSAHNPFpIAcEaWygpAF
376=woKQBdKCkAXigpAF8oKQBgKCkAYSgpAGIoKQBjKCkAZCgpAGVIAc0bZkkBJ2sTAwBnSAHR
377=gmgoKQBpKCkAaigpAGsoKQBsKCkAbSgpAG4oKQBvKCkAcCgpAHEoKQByKCkAcygpAHRIAW
378=ATRWt1KCkAdigpAHcoKAACBwBCAAe9mQhIAd0rCUgB2RwKSQGNdwkDAAtJAYWpAQwoKQAN
379=KCkADigpAA8oKQAQKCkAESgpABIoKQATSQGHvQoUSQEAuREVSAElKSEWSQGioVwXKCkAGC
380=gpABkoKQAaKCkAGygpABwoKQAdKCkAHigpAB8oKQAgKCkAISgpACIoKQAjKCkAJCgpACUo
381=KQAmSAHZUydJAaWpFyhIAdleKcgBWV4qyQECIpJPQgDBMCxUAsUILUkBoqUILigpAC8oKQ
382=AwKCkAMSgpADIoKQAzKCkANCgpADUoKQA2KCkANygpADgoKQA5KCkAOigpADsoKQA8KCkA
383=PUgBxR4+SAHFHj/IAUUeQMkBAmmbQihpE0IoaBMnKQBETQWisR9FKCkARigpAEcoKQBIKC
384=kASSgpAEooKQBLKCkATCgpAE0oKQBOKCkATygpAFAoKQBRKCkAUkgBxTRTSAHFHlRIAcUe
385=VcgBRR5WyQECaJsnxQNYVALFCFlJAaK5HFooKQBbKCkAXCgpAF0oKQBeKCkAXygpAGAoKQ
386=BhKCkAYigpAGMoKQBkKCkAZUgB1RhmSQEGtXBnSAHZf2hJAYW5dGkoKQBqKCkAaygpAGwo
387=KQBtKCkAbigpAG8oKQBwKCkAcUgBxYFySAEl+SVzSAF8Dl2ZdCgpAHUoKQB2KCgAAQgAQw
388=Al7UoJSQGlsSoKSQGQaAhzmEMAg6kBDFQCyQENKCkADigpAA8oKQAQKCkAESgpABIoKQAT
389=SQGGvQoUSAEnERND4VwWVALNPBcoKQAYKCkAGSgpABooKQAbKCkAHCgpAB0oKQAeKCkAHy
390=gpACAoKQAhKCkAIigpACMoKQAkKCkAJSgpACYoKQAnSAHFKShIAcFcKcgBQVwqyQECcJgn
391=xQMsVQKioTAtKCkALigpAC8oKQAwKCkAMSgpADIoKQAzKCkANCgpADUoKQA2KCkANygpAD
392=goKQA5KCkAOigpADsoKQA8KCkAPUgBxR4+SAHFHj/IAUUeQMkBAnCYJ8UDQlUCoqUeQygp
393=AEQoKQBFKCkARigpAEcoKQBIKCkASSgpAEooKQBLKCkATCgpAE0oKQBOKCkATygpAFAoKQ
394=BRKCkAUigpAFNIAcUeVEgBxR5VyAFFHlbJAQJwmCfFA1hVAqKlHlkoKQBaKCkAWygpAFwo
395=KQBdKCkAXigpAF8oKQBgKCkAYSgpAGIoKQBjKCkAZCgpAGVIAdUYZkgBJxMTQwCMrXNoVA
396=LNfmkoKQBqKCkAaygpAGwoKQBtKCkAbigpAG8oKQBwKCkAcUkBirUNckgBZAFFl3MoKQB0
397=KCkAdSgrAAkAROWXCkkBprEqC0gBxZcMSAHJFw0oKQAOKCkADygpABAoKQARKCkAEigpAB
398=NJAYZrEwMAFEgBJ7kSRCi5EkT98RdABM08GCgpABkoKQAaKCkAGygpABwoKQAdKCkAHigp
399=AB8oKQAgKCkAISgpACIoKQAjKCkAJCgpACUoKQAmKCkAJ0gB0UAoSAHJWSnIAUlZKskBAn
400=iVJ8UDLFUCorUuLSgpAC4oKQAvKCkAMCgpADEoKQAyKCkAMygpADQoKQA1KCkANigpADco
401=KQA4KCkAOSgpADooKQA7KCkAPCgpAD1IAcUePkgBxR4/yAFFHkDJAQJ4lSfFA0JVAqKlHk
402=MoKQBEKCgAAUUARAARAAAIDgAgCKIBAAAABABGAEQAyQFHKCkASCgpAEkoKQBKKCkASygp
403=AEwoKQBNKCkATigpAE8oKQBQKCkAUSgpAFIoKQBTSQGlpRNUSQEmqQFVyAEBAQQAVsgBAQ
404=IEAFdJAauhBFhJAaKpAVkoKQBaKCkAWygpAFwoKQBdKCkAXigpAF8oKQBgKCkAYSgpAGIo
405=KQBjKCkAZCgpAGVIAdUYZkoBBgJLLQMAZ0kBjEQBAQADAGhJAYOpAWkoKQBqKCkAaygpAG
406=woKQBtKCkAbigpAG8oKQBwSQGKvQpxSAFkAQEABAByKCkAcygpAHQoKAACCgBFAK+5JwtJ
407=AaapAQxJAZBrCAMADUgB3RUOKCkADygpABAoKQARKCkAEigpABNJAYaxCRRJAQCpIhVIAc
408=k4FkkBp6EPFygpABgoKQAZKCkAGigpABsoKQAcKCkAHSgpAB4oKQAfKCkAICgpACEoKQAi
409=KCkAIygpACQoKQAlKCkAJigpACdJAampFyhIAdFWKcgBUVYqyAEBAgQAK0gByS0sSAHFHi
410=0oKQAuKCkALygpADAoKQAxKCkAMigpADMoKQA0KCkANSgpADYoKQA3KCkAOCgpADkoKQA6
411=KCkAOygpADwoKQA9SAHFHj5IAcUeP8gBRR5AyAFFHkFIAcUeQkgBxR5DKCkARCgpAEUoKQ
412=BGKCkARygpAEgoKQBJKCkASigpAEsoKQBMKCkATSgpAE4oKQBPKCkAUCgpAFEoKQBSKCkA
413=U0gBxR5USAHFHlXIAUUeVsgBRR5XSAHFHlhIAcUeWSgpAFooKQBbKCkAXCgpAF0oKQBeKC
414=kAXygpAGAoKQBhKCkAYigpAGMoKQBkKCkAZUgBJ2ISRQAnYhJFACdiEkUAwX1pTAXJAWoo
415=KQBrKCkAbCgpAG0oKQBuKCkAb0gB1ZFwSAF0f1WRcSgpAHIoKQBzKCsACwBG9ZEMSQGmpW
416=sNSAHVkQ5IAcUTDygpABAoKQARKCkAEigpABNJAYZzEAMAFEgBJwsSRgCtqQwWVQIyqQEX
417=yAFBOxjIAUE7GUkBJaEEGigpABsoKQAcKCkAHSgpAB4oKQAfKCkAICgpACEoKQAiKCkAI0
418=kBNlQNAQQEACRIAcEPJUgB1QImSAHVAicoKQAoSQEsWAZJLSnIAVUYKsgBVRgrSAHZBiwo
419=KQAtKCkALigpAC8oKQAwKCkAMSgpADJIAdkRM0gB3Qo0KCkANUgBYAQBBwQANkgBwQQ3KC
420=kAOCgpADkoKQA6KCkAOygpADwoKQA9KCkAPkgBxR4/yAFFHkDIAUUeQUgBwQ9CKCkAQygp
421=AEQoKQBFKCkARigpAEcoKQBISAFgGlkySUgB3QpKKCkAS0gBYARFHkxIAcEETSgpAE4oKQ
422=BPKCkAUCgpAFEoKQBSKCkAUygpAFRJASetPFXIAUUeVsgBRR5XSAHBD1goKQBZKCkAWigp
423=AFsoKQBcKCkAXSgpAF4oKQBfKCkAYCgpAGFJAS+5EWLIAVkRY8gBWRFkyAEBAwQAZUgB3W
424=1mSAEnCRJGKAkSRigIEicpAGpNBYOxd2soKQBsKCkAbSgpAG5IAd2Ob0kBrKUTcEkBpKkB
425=cSgpAHJJAaq3AgwAR/2ODUkBprUCDkgB3Y4PSAHNEBAoKQARKCkAEigpABNJAYa9FRRIAS
426=exEUcoshFHAHCNAQMEABdABGgBAQQEABjIAQEFBAAZSAFoOEUpGigpABsoKQAcKCkAHSgp
427=AB4oKQAfKCkAICgpACEoKQAiKCkAI0gBcVYIco1HAGgBAQkEACXUAgEKBAAmSAHZEScoKQ
428=AoSAFob1UYKcgBVRgqyAFVGCtIAdkGLCgpAC0oKQAuKCkALygpADAoKQAxKCkAMkgBZBNR
429=FDPIAVEUNMgBURQ1yQELco1HAMEPN1QCyQE4KCkAOSgpADooKQA7KCkAPCgpAD0oKQA+SA
430=HFHj/IAUUeQMgBRR5BSAHVDUIoKQBDKCkARCgpAEUoKQBGKCkARygpAEhIAcUeScgBRR5K
431=yAFFHkvIAUUeTEgBwQ9NKCkATigpAE8oKQBQKCkAUSgpAFIoKQBTKCkAVEgBcI1NPFXIAU
432=UeVsgBRR5XSAHBD1goKQBZKCkAWigpAFsoKQBcKCkAXSgpAF4oKQBfKCkAYCgpAGFIAXCN
433=TRBiyAFNEGPIAQEGBABkyAFdr2VIASeyEUcAJ7ERRyixEUcosBEnKQBqWQaDsXdrKCkAbC
434=gpAG1JAYahBG5IAcWMb0kBorWGcCgpAHFJAam3Ag0ASOWMDkkBprUCD0gBxYwQSAHBDxEo
435=KQASKCkAE0kBhqEPFEgBJ1kRSChZEUiZigZ4iqgBXSAYTAVkjEFnGUgBcDUBAgQAGigpAB
436=soKQAcKCkAHSgpAB4oKQAfKCkAICgpACEoKQAiKCkAI0gBfVcMeYpImYoNeIqpAQ55ikiY
437=dFkRJ0wFxRMoSAFwbFUYKcgBVRgqyAFVGCtIAc0FLCgpAC0oKQAuKCkALygpADAoKQAxKC
438=kAMkgB0RQzyAFRFDTIAVEUNckBD3iKJ70CN1QCzRA4KCkAOSgpADooKQA7KCkAPCgpAD0o
439=KQA+SAFsEEEPP8gBQQ9ASAF8IEUeQUgB1Q1CKCkAQygpAEQoKQBFKCkARigpAEcoKQBISA
440=F0DVkyScgBQQ9KyAFBD0vIAUUeTEgBwQ9NKCkATigpAE8oKQBQKCkAUSgpAFIoKQBTKCkA
441=VEgBzRBVyAFNEFbIAU0QV0gBwQ9YKCkAWSgpAFooKQBbKCkAXCgpAF0oKQBeKCkAXygpAG
442=AoKQBhSAF4ikktYsgBAQkEAGPIAUWtZMgBRa1lSQGtsXdmSAEnWRFIKFkRSChYEScpAGpM
443=BdV7a0kBiL14bCgpAG1JAYq1Am5JAaupDG9JAaKpAXBJAamrAQ4ASe2JD0kBprUCEEgBzY
444=kRSAHVDRIoKQATSQGGqQwUSAEnARFJKAERSYGICWCIqQEKIlwiqQELIl8iSQCstQ0aRQik
445=qQEbKCkAHEkBqLUCHSgpAB4oKQAfKCkAICgpACEoKQAiKCkAI0kBqrEJJEgBYUYRYYhJjY
446=kSY4hJALChBCdABMEPKCgpACkoKQAqKCkAKygpACwoKQAtKCkALkgBzRsvKCkAMCgpADEo
447=KQAySQGmrRAzSQELqQE0yAEBAQQANUgBzSY2SAHdCjcoKQA4KCkAOSgpADpIAd0KO0kB97
448=0KPEkB76kBPUkB8akBPkgB1SM/yAFVI0BIAdkGQUgB2QZCSAHZBkNIAcUTREgB1Q1FSQGP
449=d0QEAEZIAcEER0gByRdISAHNBUlIAcEPSsgBQQ9LSAHZBkxIAdkGTUgBxTROKCkATygpAF
450=AoKQBRKCkAUigpAFMoKQBUSAHJQ1VIAdUuVsgBVS5XSAHJQ1hIAcEPWSgpAFooKQBbKCkA
451=XCgpAF0oKQBeKCkAX0gBwRpgKCkAYUgBySJiSAElhUhjyAFZEWTJAQIiEDQnvQ1mVAInAx
452=FJAIx0LiKBWEkoABEnKQBqTQWKoQRrSQGspT9sSAHZEW0oKQBuSQGioQRvSQGpqwEPAEr1
453=hhBIAd0VEUkBkL0KEkgB1YYTSQGGtQIUSAEnqRBKKKoQSgDZHBdABGgBWRwYyQECa4VKAK
454=uhDxpVAqKpARtJAaWpARxJAb1rDAQAHcgBRQgeSQHqtQIfKCkAICgpACEoKQAiKCkAIygp
455=ACRJAcylCCXIAV0KJkgB3QonKCkAKCgpACkoKQAqKCkAKygpACxJAcS9Ci3IAV0KLkgB2R
456=wvSAHZHDAoKQAxKCkAMkgB0R8zSAHRVjTIAVEJNUgB0Qk2SAHRCTcoKQA4KCkAOSgpADpI
457=Ad0KO0kB9r0rPEkB7akBPUkB8KkBPkkBCqkBP8gBQQ9ASAHZBkFIAdkGQkgB2QZDSAHFE0
458=RIAdUNRUkBjqkiRkgBwQRHSAHJF0hIAc0FSUgBxR5KyAFBD0tIAdkGTEgBzQVNSAHJQ07I
459=AU0FT0gByThQKCkAUSgpAFIoKQBTKCkAVCgpAFVIAclDVsgBXQpXSAHdClgoKQBZKCkAWi
460=gpAFsoKQBcKCkAXUgByUNeyAFdCl9IAc0bYEgBySJhSAHZHGJIAWFnACKsIbhpWQZk1QIC
461=aIUnvQ1mVAInqRBKKKkQSiiqEEoA3YNqTAXdg2tJAaK5PWwoKQBtKCkAbkgB34MQAEv9gx
462=FJAaa5BhJIAd2DE0kBhng9IhJVSwAnURBLKFEQSyhQEKgBQRoYWAZ5HAJxgksoUxBLAKep
463=DBtABM0QHEgBZD9NBR3IAQEDBAAeSAFkNFEJHygpACAoKQAhKCkAIigpACMoKQAkSAFkP1
464=0KJcgBXQomSAHdCicoKQAoKCkAKSgpACooKQArKCkALEgBZD9dCi3IAV0KLkkBr60bL0gB
465=2RwwKCkAMUkBoqEEMkgB3UEzSAHJZDTIAUUeNUgB2Ug2SAHZBjcoKQA4KCkAOSgpADpIAd
466=0KO0kB+rUNPEkB8qkBPUkB9KkBPkgBJ1IQSwBoAUEPQFQC2QZBSAHZBkJIAdkGQ0gBxRNE
467=SAHVDUVIASdQECe5B0dUAskXSEgBzQVJSAHFHkrIAUEPS0gB2SdMSAHJQ01JAb1UTwECBA
468=BOyAFJLU9IAck4UCgpAFEoKQBSKCkAUygpAFQoKQBVSAHJQ1bIAV0KV0gB3QpYKCkAWSgp
469=AFooKQBbKCkAXCgpAF1IAclDXsgBXQpfSAHNG2BIAclDYUgB2RxiSAF0ZZCCJw0NZNQCUR
470=9lSAEnAjJLACdSEEsA2XRoQATFgWlIAcSBCWoASwCiAQAAAAQAaxEAAJ0OACAIAEsAogEA
471=AAAEAGwoKQBtSwGpAQB0AgIRAEwAr6kBEkkBpqkBE0kBklwDAQADABRKAQACTwEDABVJAa
472=2hBBZJASapARfIAQEBBAAYyAEBAgQAGUgBzQUaSQGzrQUbyAFNBRzIAU0FHcgBAQMEAB7I
473=AQEEBAAfyAEBBQQAIMgBAQYEACFJAa6xCSJIAd0KI8gBXQokyAFdCiXIAV0KJsgBXQonyA
474=FdCijIAV0KKUgB3QoqSAHdCivIAV0KLMgBXQotyAFdCi7IAV0KL8gBXQowyAFdCjFJAau9
475=FTJJAaWpATNJAQupATTIAUkMNUgBzQU2SQGnoQQ3KCkAOCgpADkoKQA6SQGirQU7SQGqqQ
476=E8SQG+WDZFPz3IAUkMPkkBy7UCP8gBVQJASQHCtQJByAFVAkJJAbCxCUNIAdkRREgBzUdF
477=SQGOuQZGSAHZSEdIAc0FSEgBxR5JSAHFHkrIAUkMS0gByS1MyAFVAk3IAQECBABOyAFJLU
478=/IAUktUMgBAQUEAFHIAUktUkkBrr0VU0gB3QpUyAFdClXIAV0KVsgBXQpXyAFdCljIAV0K
479=WcgBXQpaSAHdCltIAd0KXMgBXQpdyAFdCl7IAV0KX8gBXQpgyAFdCmHIAV0KYkgBzWhjyA
480=FRCWTIAVEJZUgBzWhmSQEGtXBnSQGsuRxoSQGkqQFpSQGiqQFqKCkAaygpAGxIAd82EgBN
481=7X4TSQGmuQYUSAEnog9NAMEPFlQC0RQXyAFRFBjJAQJgfSetABpUAnQjAQcEABvIAQEIBA
482=AcyAEBCQQAHckBCmJ9TQBtBQtgfakBDGB9qQENYH0nXQEi2AZdCiPIAV0KJMgBXQolyAFd
483=CibIAV0KJ8gBXQooyAFdCilJAa2lHipIAWwQXQoryAFdCizIAV0KLcgBXQouyAFdCi/IAV
484=0KMMgBAQ0EADFJAau9CjJJAaWpATNIAdleNMgBWSc1SQGxoQQ2SQG4qQE3yAFBBDjIAV0r
485=OcgBRUo6SQGtrQU7SQG4qW88yAFZBj1IAWx+TQU+SAFgfUUIP8gBVQJASAFgfVUCQcgBVQ
486=JCSQHFUAlFCENJAY1IAVWGREkBhakBRUkBg6kBRkgB1QJHSQGHtQJISQGtpRNJSAHFHkrI
487=AV0KS0gByS1MyAFJLU3IAUktTsgBSS1PyAEBCwQAUMgBSS1RyAEBDQQAUkkBrbUNU0gB3Q
488=pUyAFdClXIAV0KVsgBXQpXyAFdCljIAV0KWcgBAQ0EAFpJAa29CltIAd0KXMgBXQpdyAFd
489=Cl7IAV0KX8gBXQpgyAFdCmHIAQENBABiSAHNaGPIAUkiZMgBTTFlSQGtoQ9mSAEnow9NAK
490=u1AmhVAqKpAWkoKQBqKCkAa0kBqaEEE1CmybEUSAHdgxVJAaWhBBZIAdkRF8gBWREYyQEC
491=aXpO+X8aVAJ9IA5pek6Fdg9oeqkBEGh6qQERaHqpARJoeqkBE2h6qQEUaHonXQEiKF0BI8
492=gBXQokyAFdCiXIAV0KJsgBXQonyAFdCijIAV0KKUgB2ScqSQGzWBxdFSvIAV0KLMgBXQot
493=yAFdCi7IAV0KL8gBARMEADDIAV0KMUgBwTAySAHZJzNJAci5XjTIAVknNUkB6rUCNkgBaH
494=pBRjfIAQEJBAA4yAFBRjnIAQELBAA6SAHJFztIAWh6QTA8yAEBAwQAPUkBrEAaQXI+SAHV
495=OT8oKQBASAHFuEFIAXx4RQhCyAFFCENJAYylE0RJAYOpAUUoKQBGKCkAR0kBhqEESEgBxR
496=NJSAEnSg9OAGgBRR5LVQKzRBNJLUzIAUktTcgBSS1OyAFJLU/IAUktUMkBE2z3J2kIUlQC
497=1Q1TSQGzvQpUyAFdClXIAV0KVsgBXQpXyAFdCljIAQETBABZyAFJOFpIAd0KW0kBs70KXM
498=gBXQpdyAFdCl7IAV0KX8gBXQpgyAEBEwQAYcgBXQpiSAHNaGPIAUkiZMgBQTBlSAHBD2ZI
499=ASdJD04oSQ9OJmUuaUEEokQTTTxqSQGpqwEUAE/19BVIAdVPFkgBwQ8XyAFBDxjJAQJxd0
500=8o8Q5PhXYVcHepARZwd6kBF3B3qQEYcHepARlwd6kBGnB3qQEbcHcnXQEiVQ2zUBRdCiPI
501=AV0KJMgBXQolyAFdCibIAV0KJ8gBXQooyAFdCilIAcElKkgB3QoryAFdCizIAV0KLcgBXQ
502=ouyAFdCi/IAV0KMMgBXQoxSQGrUBRRKjJIAdknM0gBcHdBJTTIAQEDBAA1SAFwd0UpNkkB
503=uFgGAQwEADfJAQ1yd08AdAJNXTnUAk1HOkkBrUwFSQw7SQEKqQE8yAFRCT1IAc0QPkkBoq
504=EEPygpAEBIAcUTQUgBxQhCyAFFCENJAYyhckRJAYOpAUUoKQBGKCkAR0gBJ/AOJ7EGSVQC
505=ZHZRFErIAV0KS0gByS1MyAFJLU3IAUktTsoBGARAAbBASS1QUAF4BkktUcgBSS1SSAHdIF
506=NIAWAESUNUyAFdClXIAV0KVsgBXQpXyAFdCljIAV0KWcgBXQpaSAHdCltIAd0KXMgBXQpd
507=yAFdCl7IAV0KX8gBXQpgyAFdCmHIAV0KYkgBzWhjyAFJImTIAQECBABlSAHdNmZIAdGuZ0
508=kBoqk4aCgpAGlIAcR2AhUAUACxoQQWSAHJDBfIAUkMGMkBAnl0UOWBGlQCyQwbKCkAHCgp
509=AB0oKQAeKCkAHygpACAoKQAhSQGirRAiSAHdCiMoKQAkKCkAJSgpACYoKQAnKCkAKCgpAC
510=lIAd0KKkgB3QorKCkALCgpAC0oKQAuKCkALygpADAoKQAxSAHdCjJIAdFhM0gB0VY0yAFZ
511=JzVJAa6tGzZJAbhIAVm2N8kBEXl0UJh0WbY51QITbexQ5aI7VALRbDzIAV0KPUgB2T0+SA
512=HZET8oKQBASAHFE0FIAcUIQsgBRQhDSQGQrXNESQGIqQFFKCkARigpAEdJAYqhBEhIAcFc
513=SUgBxR5KyAFdCktJAaxYHFF3TEgB1S5NKCkATigpAE8oKQBQKCkAUSgpAFJIAc0bU0gB0Q
514=lUKCkAVSgpAFYoKQBXKCkAWCgpAFkoKQBaSAHdCltIAd0KXCgpAF0oKQBeKCkAXygpAGAo
515=KQBhSQGmpR5iSAHNaGPIAUkiZMkBAnh0Jw0NZlUCorkGZygpAGhIAc9zFgBRbC5tABdIAX
516=wKUQkYyQECYXJRKEEOUenzG0EEor0KHCgpAB0oKQAeKCkAHygpACAoKQAhKCkAIigpACMo
517=KQAkKCkAJSgpACYoKQAnKCkAKCgpACkoKQAqKCkAKygpACwoKQAtKCkALigpAC8oKQAwKC
518=kAMSgpADJIAdleM0gB2VM0yAFZJzVIAd1XNkgBYXIYfeZRlHBdrzjUAl2vOcgBXa86SAHZ
519=BjtIAdlpPMgBXQo9SAEnQA4nLQY/VALNMUBIAcUTQUgBxQhCyAFFCENIAcFnREgBzVJFKC
520=kARigpAEcoKQBISAHdCklIAcUeSsgBXQpLSAHFE0xIAdkRTSgpAE4oKQBPKCkAUCgpAFEo
521=KQBSKCkAUygpAFQoKQBVKCkAVigpAFcoKQBYKCkAWSgpAFooKQBbKCkAXCgpAF0oKQBeKC
522=kAXygpAGAoKQBhSAHJImJIAWBnVZFjyAFJImTJAQJgcicNDWZVAqKhZ2dIAddwFwBSZHBt
523=ABhIAXEJAmlvUijpDVIo6A0nKQAcTQWisQkdKCkAHigpAB8oKQAgKCkAISgpACIoKQAjKC
524=kAJCgpACUoKQAmKCkAJygpACgoKQApKCkAKigpACsoKQAsKCkALSgpAC4oKQAvKCkAMCgp
525=ADEoKQAySAHVLjNIAcFRNMgBVS41SAHBUTZIAcFcNygpADgoKQA5KCkAOkgB3Qo7SAHBZz
526=zIAV0KPUkBr6ktPkkBp6kBPygpAEBIAdU5QUgBxQhCyAFFCENIAcUTREgB3TZFKCkARigp
527=AEcoKQBISAHFE0lIAcUeSsgBXQpLSAHdCkxIAd0KTSgpAE4oKQBPKCkAUCgpAFEoKQBSKC
528=kAUygpAFQoKQBVKCkAVigpAFcoKQBYKCkAWSgpAFooKQBbKCkAXCgpAF0oKQBeKCkAXygp
529=AGAoKQBhSAHJImJIAXRlim9SAGgBSSJk1QICaG8nDQ1mVALENAIYAFMAsKk4GUkBoqkBGi
530=gpABsoKQAcKCkAHSgpAB4oKQAfKCkAICgpACEoKQAiKCkAIygpACQoKQAlKCkAJigpACco
531=KQAoKCkAKSgpACooKQArKCkALCgpAC0oKQAuKCkALygpADAoKQAxSAHVWjJIAcElM0gByU
532=40yAFdKzVIAdFhNkgB2QY3KCkAOCgpADkoKQA6SAHdCjtIAclkPMgBXQo9SQHYrTE+SQHQ
533=qQE/KCkAQEkB0rUCQUgBxQhCyAFFCENIAcUTREgBxRNFKCkARigpAEcoKQBISAHFE0lIAc
534=UeSsgBXQpLSAHdCkxIAd0KTUgBzUdOKCkATygpAFAoKQBRKCkAUigpAFMoKQBUKCkAVSgp
535=AFYoKQBXKCkAWCgpAFkoKQBaKCkAWygpAFwoKQBdKCkAXigpAF8oKQBgKCkAYUgBJ5ENU4
536=RrkGyoAUkiZEAEfW0CcWxTJoM3GQBUJnVGGkkBorE1GygpABwoKQAdKCkAHigpAB8oKQAg
537=KCkAISgpACIoKQAjKCkAJCgpACUoKQAmKCkAJygpACgoKQApKCkAKigpACsoKQAsKCkALS
538=gpAC4oKQAvKCkAMEgBzSYxSQG9f/kEADLIAU0mM0gBIvRhRSk0yAFVAjVIASKYRVUCNigp
539=ADcoKQA4KCkAOSgpADooKQA7SQHKtQ08yAFdCj1JAdehMD5JARYin2wEAD8oKQBASQHRoQ
540=RBSAEiAEhNEELIAUUIQ0kB6b0KRCgpAEUoKQBGKCkARygpAEgoKQBJSAHFHkrIAV0KS0kB
541=xL0KTMgBVQJNSAHF2U5IAc1HTygpAFAoKQBRKCkAUigpAFMoKQBUKCkAVSgoAAZWAFQAog
542=EAAAARAAD3DQAgAAEEAFcAVACiAQAAAAQAWABUAKIBiQFZKCkAWigpAFsoKQBcKCkAXSgp
543=AF4oKQBfKCkAYCgpAGFJAaWpDGJJASapAWPIAQEBBABkyAEFAgQAGgBVAK+hBBtJAaKpAR
544=woKQAdKCkAHigpAB8oKQAgKCkAISgpACIoKQAjKCkAJCgpACUoKQAmKCkAJygpACgoKQAp
545=SQGnpRMqKCkAKygpACwoKQAtKCkALigpAC8oKQAwSQGpsQkxSQG9SDEBAgQAMsgBAQMEAD
546=NJAcu1AjTIAVUCNUkB6lQCWSc2KCkANygpADgoKQA5KCkAOigpADtJAcpECFUNPMgBXQo9
547=SQHXuRE+SgEWAkcEBAA/KCkAQEkB0aEEQUkByFwDRQhCyAFFCENJAelUAkUTRCgpAEUoKQ
548=BGKCkARygpAEgoKQBJSAHFHkrIAV0KS0kBxFwKVQ1MyAFVAk1IAcFGTkgB2TJPKCkAUCgp
549=AFEoKQBSKCkAUygpAFQoKQBVSQGiuRxWKCkAVygpAFgoKQBZKCkAWigpAFsoKQBcKCkAXS
550=gpAF4oKQBfKCkAYCgpAGFIASfiDFUAJ+AMqAFfKxsAVvVlHEgB3RUdKCkAHigpAB8oKQAg
551=KCkAISgpACIoKQAjKCkAJCgpACUoKQAmKCkAJygpAChIAd0VKUkBJ1A1AQADACpJAQl7SA
552=MAKygpACwoKQAtKCkALigpAC8oKQAwSQEosQkxSQELuTIyyAFdIDNJAay1AjRJAaSpATUo
553=KQA2KCkANygpADgoKQA5KCkAOkkBpqUIO0kBCqkBPMgBVQ09SQHbtQI+SQHTqQE/KCkAQE
554=kB1bUCQUgBxQhCyAFFCENIAd0VREgB3RVFKCkARigpAEcoKQBIKCkASSgpAEpIAd0VS0gB
555=1Q1MyAFVDU1IAc0xTkgBzTFPKCkAUCgpAFEoKQBSKCkAUygpAFRIAc0xVUkBq7kcVkgB1U
556=9XKCkAWCgpAFkoKQBaKCkAWygpAFwoKQBdKCkAXigpAF8oKQBgKCkAYUkBpa0QYkgByWQc
557=RNzRgh1JAaKhBB4oKQAfKCkAICgpACEoKQAiKCkAIygpACQoKQAlKCkAJigpACcoKQAoSA
558=HFEylJAQalYCpJAY2pWStJAYWpASwoKQAtKCkALigpAC9JAYetBTBJAQCxCTFIAScyDFcA
559=aQEBfsVXANkyNEAE0R81KCkANigpADcoKQA4KCkAOSgpADpJAaW5JztIAdFLPMgBVQ09SA
560=HJWT5JAaStBT8oKQBASQGmtQJBSAFwFAEABABCyAFFCENIAd0VREgB3RVFKCkARigpAEco
561=KQBIKCkASSgpAEpIAd0VS0gB3RVMyAFVDU1IAc0xTkgBzTFPSQGFvStQKCkAUSgpAFIoKQ
562=BTSAHNMVRIAc0xVUgB1RhWSAHVGFcoKQBYKCkAWSgpAFooKQBbKCkAXCgpAF0oKQBeKCkA
563=XygpAGAoKQBhSAElKyEdAFjlwx5IAdkRHygpACAoKQAhKCkAIigpACMoKQAkKCkAJSgpAC
564=YoKQAnKCkAKEkBpbk9KUgByS0qSQGMvSsrSQGDqQEsKCkALSgpAC4oKQAvSQGGrQUwSAHJ
565=LTFIAdlIMsgBQTszSAHBMDRIAcUeNSgpADYoKQA3KCkAOCgpADkoKQA6SAHVGDtIAdlIPM
566=gBVQ09SAHVDT5IAdUNPygpAEBIAcUIQUgBxQhCyAFFCENIAcUIREgBxQhFKCkARigpAEco
567=KQBIKCkASSgpAEpIAdUNS0gB1Q1MyAFVDU1IAc0xTkgBzTFPSAHNMVAoKQBRKCkAUigpAF
568=NIAc0xVEgBzTFVSAHVGFZIAdUYVygpAFgoKQBZKCkAWigpAFsoKQBcKCkAXSgpAF4oKQBf
569=KCkAYEgBz10eAFntXR9IAc0QICgpACEoKQAiKCkAIygpACQoKQAlKCkAJigpACcoKQAoSA
570=HJLSlIAdEqKkgB0SorSAHRKiwoKQAtKCkALigpAC9IAdEqMEgB0SoxSAEngQtZKF0XWShd
571=F1km0TY1TAXFHjYoKQA3KCkAOCgpADkoKQA6SAHVGDtIAcFGPMgBQUY9SAHBOz5IAckMPy
572=gpAEBIAcUIQUgBxQhCyAFFCENIAcUIREgBxQhFKCkARigpAEcoKQBIKCkASSgpAEpIAdUN
573=S0gB1Q1MyAFVDU1IAc0xTkgBzTFPSAHNMVAoKQBRKCkAUigpAFNIAc0xVEgBzTFVSAHVGF
574=ZIAdUYVygpAFgoKQBZKCkAWigpAFsoKQBcKCkAXSgpAF4oKQBfSAHXWh8AWvVaIEgBwQ8h
575=KCkAIigpACMoKQAkKCkAJSgpACYoKQAnKCkAKEgB0SopSAHZJypIAdknK0gB2ScsKCkALS
576=gpAC4oKQAvSAHZJzBIAdknMUgBJykLWigpC1ooKQtaKCgLJykANlgGxR43KCkAOCgpADko
577=KQA6SAHVGDtIAdUNPMgBSUM9SAHJOD5IAd0KPygpAEBIAcUIQUgB0UtCyAFFCENIAcUIRE
578=gBxQhFKCkARigpAEcoKQBIKCkASSgpAEpIAdUNS0gB1Q1MyAFVDU1IAc0xTkgBzTFPSAHN
579=MVAoKQBRKCkAUigpAFNIAc0xVEgBzTFVSAHVGFZIAdUYVygpAFgoKQBZKCkAWigpAFsoKQ
580=BcKCkAXSgpAF5IAd9XIABb/VchSAHVDSIoKQAjKCkAJEkBpyTRICUoKQAmKCkAJygpAChI
581=AdknKUgBwSUqSAHBJStIAcElLCgpAC0oKQAuKCkAL0gBwSUwSAHBJTFIAdlIMsgBWTIzSA
582=HZJzRIAcEaNSgpADYoKQA3KCkAOCgpADkoKQA6SAHVGDtJAbIikyMEADzIAVUNPUgBJQkz
583=PkgB1SM/KCkAQEgByS1BSQGzpQhCyAFFCENIAd0VREgB3RVFKCkARigpAEcoKQBIKCkASS
584=gpAEpIAd0VS0gBJ9IKWwBoAVUNTVQCzTFOSAHNMU9IAc0xUCgpAFEoKQBSKCkAU0gBzTFU
585=SAHNMVVIAdUYVkgB1RhXKCkAWCgpAFkoKQBaKCkAWygpAFwoKQBdSAHbJyEAXOVVIkgByQ
586=wjSAHFHiRJAff7U1wA76kBJlQCyQEnSQHxtQIoSQGtqQEpSAHJIipIAckiK0gBySIsKCkA
587=LSgpAC4oKQAvSAHJIjBIAckiMUgBJ3kKXChNFVwoTRVcKEwVJykANlgGzRs3KCkAOCgpAD
588=koKQA6SAHRHztIAXlTAnpTXABoAQEDBAA9VQK/SE5FPz5JAclJAQAimlBcAGgBVQJAVQK5
589=tQJByAFVAkJIAWRVRQhDSAHBO0RJAaKtJkUoKQBGKCkARygpAEgoKQBJKCkASkgB3RVLSA
590=FsUlkRTMgBQQ9NSAHNMU5IAc0xT0kBg3MUAwBQKCkAUSgpAFIoKQBTSAHNMVRIAc0xVUgB
591=1RhWSAHVGFcoKQBYKCkAWSgpAFooKQBbKCkAXEgBz1IiAF3tUiNIAc0bJEkB+qElJUkB8q
592=kBJkkB7akBJ0kB8KkBKEgBJyIKXQDRHypVApClHitJAYipASwoKQAtKCkALigpAC9JAYqt
593=BTBIAdEfMUgBJyEKXSghCl0oIQpdKCAKJykANlgGwSU3KCkAOCgpADlIAcGeOigpADtJAa
594=atGzxIAXVPAmJRXQBoAQEDBAA+VAJ0T1UCP8gBVQJASAFgUVUCQcgBVQJCSQGssQlDSAHV
595=DUQoKQBFSQGioQRGKCkARygpAEgoKQBJKCkASkgB0TVLSAEnIQpdKJwUJy0GTkAEzTFPSA
596=HNMVAoKQBRKCkAUigpAFNIAc0xVEgBzTFVSAEnIAonqQVXVALVGFgoKQBZKCkAWigpAFtI
597=AddPIwBe9U8kSAElUUclSAHBMCZIAcFRJ0gBJ8oJXgAnywleACahRipBBAMkwUorKCkALC
598=gpAC0oKQAuKCkALygpADBJASWxCTFIASfJCV4oyQleKMkJXijICScpADZYBt0gNygpADhI
599=AdE1OUgBybw6SAHRuTtIAcEaPEgBwQQ9SAHBBD5JAQa1RD/IAVGNQEgBzQVBSAHNBUJIAd
600=EJQ0gBwQRESAHBBEVIAck4RkgB3RVHKCkASCgpAEkoKQBKSAHVGEtIASfJCV4oyAknLQZO
601=QATNMU8oKQBQKCkAUSgpAFIoKQBTKCkAVEgBzTFVSAHdFVZIAd0VVygpAFgoKQBZKCkAWk
602=gB30wkAF/9TCVIAcUIJkgB3UwnSQH4vSsoSAElQSQpSQGotQIqKCkAK0kBqrUCLEgBIiBt
603=TcAtyAFZMi5IASLIbFUCLygpADAoKQAxSQG0fEwi/m1fAGgBWQYzVALZHDRIAdEUNSgpAD
604=YoKQA3KCkAOEgB2TI5SQH2pRM6SAHVZTtIAd1BPEgBwQQ9SAHBBD5IAXFLAmLrXwBoAUWX
605=QFQCzQVBSAHNBUJIAdEJQ0gBwQRESAHBBEVIAdUYRkkBorkRRygpAEgoKQBJKCkASkgB1R
606=hLSQGxtSNMyAFVI01IASK0b1EqTigpAE8oKQBQSAEi2G5BBFHIAVkGUkgB3a9TSAHFjFQo
607=KQBVSAHRFFYoKQBXKCkAWCgpAFlIAcdKJQBg5UomSAHJFydIAckiKEgBJdUmKSgpACooKQ
608=ArSAHBcixIAXhIAQIEAC3IAUEwLkgBeEhVGC8oKQAwKCkAMUgBbEdZBjLIAVkGM0gBwTA0
609=SQGioTA1KCkANigpADcoKQA4SAHVGDlIAdGuOkkB9KUIO0gBxT88SAHBBD1IAcEEPkgBCg
610=YBAAAEBAA/AGAABgERAABzDAodAAMAAAUEAEAAYAD6AQAAAAQAQQBgAPSpAUJJAa2pAUNI
611=AcEEREgBwQRFSQGroQRGSQGiqQFHKCkASCgpAEkoKQBKSQGlrQVLSQGxXA4BAgQATMgBAQ
612=MEAE1JAelUAgEBBABOKCkATygpAFBJAcRABFkGUcgBWQZSSAHZEVNJAaKpDFQoKQBVKCkA
613=VigpAFcoKQBYSQGpuAYCJgBhALGpASdIAdEfKEkB8rUCKUkB7akBKigpACtJAfC1AixJAQ
614=upAS3IAUEaLkkBrLUCL0kBpKkBMCgpADEoKQAyKCkAM0gBwRo0KCkANSgpADYoKQA3KCkA
615=OCgpADlJAai1DTooKQA7SAHdCjxIAcEEPUkBqq0FPkkBBkgBAQYEAD/IAQEHBABASQGwVA
616=KCRmEA2QZCVALRCUNIAdUCRCgpAEVIAcEERigpAEcoKQBIKCkASSgpAEooKQBLSAHNJkwo
617=KQBNKCkATigpAE9JAaaxFFBJAQqpAVHIAU0xUkgBJ8IIYQDFE1RUAskBVSgpAFYoKQBXSA
618=HURAEnAGIA3SAoSAHVDSlIAcFGKkgB1UQrSAEnaghiACdoCKgBWREuQATZES9IAc0QMCgp
619=ADEoKQAyKCkAMygpADQoKQA1KCkANigpADcoKQA4SAHVcDlJAfe1IzpJAfGpATtIAdl/PE
620=gBwQQ9SAHBBD5IAWhDUUA/yAFVGEBIAc0FQUgBzQVCSAHRCUNIAcEEREgBwQRFSAHRH0ZI
621=AdEfRygpAEgoKQBJKCkASigpAEsoKQBMKCkATSgpAE4oKQBPSAHRH1BIASdqCGIAaAFVGF
622=JUAtkRU0gB2RFUKCkAVSgpAFZIAdxBAigAYwCvuScpSAHNaCpIAd1BK0gBJxEIYygQCKgB
623=QQ8uQATBDy9IAcEPMCgpADEoKQAyKCkAMygpADQoKQA1KCkANigpADcoKQA4SAHdIDlJAf
624=apFzpIAdEUO0gB3TY8SAHBBD1IAcEEPkgBcUACfoNjAGgBSbFAVALNBUFIAc0FQkgB0QlD
625=SAHBBERIAcEERUgB0R9GSQGiuRFHKCkASCgpAEkoKQBKKCkASygpAEwoKQBNKCkATigpAE
626=9IAdEfUEgBZD9JWVHIAU0xUkgB2RFTSAHZEVQoKQBVSAHHPykAZEDSSwAEACooKQArSQH8
627=tRgsSAEnzQ9khD9JDC5UAsFGL0kBp60FMCgpADEoKQAyKCkAMygpADQoKQA1KCkANigpAD
628=coKQA4SAHdFTlIAc1SOkgBxfo7SAHV3jxIAcEEPUgBwQQ+SAFtPAR5PWSZPQV5wWQo/SBk
629=KP0gZOnoQ1gG0QlESAHRCUVIAdEfRkgB0R9HKCkASCgpAEkoKQBKKCkASygpAEwoKQBNKC
630=kATigpAE9IAdEfUEgBJ7oHZABoAU0xUlQC2RFTSAHZEVRIAdgGAioAZQDqSDxVRCsoKQAs
631=SQHLtQItyAFRCS5IAc0FLygpADAoKQAxKCkAMigpADMoKQA0KCkANSgpADYoKQA3SQHJoQ
632=84yAFBDzlIAcEPOigpADsoKQA8KCkAPSgpAD5JAcyxCT/IAVEJQEgB0QlBKCkAQigpAEMo
633=KQBEKCkARSgpAEYoKQBHKCkASCgpAEkoKQBKKCkASygpAEwoKQBNKCkATigpAE8oKQBQKC
634=kAUSgpAFIoKQBTKCsAKwBmlDlZHCxIAWg4AQIEAC3IAVGYLkgBcB9BBC8oKQAwKCkAMSgp
635=ADIoKQAzKCkANCgpADUoKQA2KCkAN0gBaDhBDzjIAUEPOUgBwQ86KCkAOygpADwoKQA9KC
636=kAPkgBaDhRCT/IAVEJQEgB0QlBKCkAQigpAEMoKQBEKCkARSgpAEYoKQBHKCkASCgpAEko
637=KQBKKCkASygpAEwoKQBNKCkATigpAE8oKQBQKCkAUSgpAFIoKwAsAGcmzSUtSQGkqaYuKC
638=kALygpADAoKQAxKCkAMigpADMoKQA0KCkANSgpADZJAaapDDdIAcW4OMgBSUM5SQGsoQQ6
639=SAHZETsoKQA8KCkAPUgB0Qk+SAFgqZE1Z4CpkjVnANEJQUAE0QlCKCkAQygpAEQoKQBFKC
640=kARigpAEcoKQBIKCkASSgpAEooKQBLKCkATCgpAE0oKQBOKCkATygpAFAoKQBRSQGqvyAt
641=AGgmFSQuSQGitQIvKCkAMCgpADEoKQAyKCkAMygpADQoKQA1KCkANkkBpb0KN0gBJ1kGaO
642=HrOVUCq6EEOkgBzRA7KCkAPCgpAD1IAdEJPkgBeTIEfdtomTIFfttoANEJQUAE0QlCKCkA
643=QygpAEQoKQBFKCkARigpAEcoKQBIKCkASSgpAEooKQBLKCkATCgpAE0oKQBOKCkATygpAF
644=BJAamzHy4Aae0xL0gByRcwKCkAMSgpADIoKQAzKCkANCgpADUoKQA2SQGlqQw3SAEnAQZp
645=KAEGae0mOkAEwQ87KCkAPCgpAD1IAdEJPkgBYTAGYTBpgTAHYDAnMQFBQATRCUIoKQBDKC
646=kARCgpAEUoKQBGKCkARygpAEgoKQBJKCkASigpAEsoKQBMKCkATSgpAE4oKQBPSAHXLi8A
647=avUuMEgB3RUxKCkAMigpADMoKQA0KCkANSgpADZIAdUjN0gBJ6kFaiipBWooqQVqJh07O0
648=wFwQ88KCkAPUgB0Qk+SAFpLQBpLWqILV2ZQFQCJ6wLJzEBQlQC0QlDKCkARCgpAEUoKQBG
649=KCkARygpAEgoKQBJKCkASigpAEsoKQBMKCkATSgpAE5IAd8rMABr/SsxSAHFEzIoKQAzKC
650=kANCgpADUoKQA2SAHdIDdIASdRBWsoUAUniQE6QQSnrV07KCkAPCgpAD1IAcUTPkgBJ1EF
651=ayhRBWvlNEFABN0VQigpAEMoKQBEKCkARSgpAEYoKQBHKCkASCgpAEkoKQBKKCkASygpAE
652=woKQBNSAHfFTEAbOUpMkgBxRMzKCkANCgpADUoKQA2SAEn+gRsACIMT1lIOFQCaAFZSDlI
653=ASLYIVUCOigpADsoKQA8KCkAPSgpAD5JAcomGipsAGgBUQlAVAInTQps4VxCVALdFUMoKQ
654=BEKCkARSgpAEYoKQBHKCkASCgpAEkoKQBKKCkASygpAExIAc8mMgBt7SYzSAHNEDQoKQA1
655=KCkANkgBJ6EEbYAlAQIEADhUAmAlSf45SAFgJVkcOigpADsoKQA8KCkAPSgpAD5IAXQjUQ
656=k/yAFRCUBIASehBG0ooAQnKQBDQQSiqVlEKCkARSgpAEYoKQBHKCkASCgpAEkoKQBKKCkA
657=S0gB1yMzAG71IzRIAdUNNSgpADYoKQA3SQGkuRE4KCkAOSgpADooKQA7KCkAPCgpAD1JAa
658=alCD5IAWlvBn2ZbolvB2nHbijpDW4oSAQnKQBDWAbRFEQoKQBFKCkARigpAEcoKQBIKCkA
659=SSgpAEpIAd8gNABv/SA1SAHJDDYoKQA3KCkAOCgpADkoKQA6KCkAOygpADwoKQA9SAHRSz
660=5IAXAfXW0/yAFFSkBIASc9CG8o8AMnKQBDQATFE0QoKQBFKCkARigpAEcoKQBISQGntS5J
661=SAHHHjUAcOUeNkgB3Qo3KCkAOCgpADkoKQA6KCkAOygpADwoKQA9SAEnmQNwgTsCbDyoAZ
662=lecCiNB3AomAMnKQBDRQiivRVEKCkARSgpAEYoKQBHSAHVDUhIAXCRUyo2AHHtGzdIAdEJ
663=OCgpADkoKQA6KCkAOygpADwoKQA9SAHJDD5IAX02BGEacY0bBXFWcShBA3EoQAMnKQBDWA
664=bNEEQoKQBFKCkARigpAEdIAcc0NwBy9Rg4SAHFCDkoKQA6KCkAOygpADwoKQA9SQGlpSk+
665=SAFoF51tcokXB2kXcijpAnIo6AInKQBDWAbBD0QoKQBFKCkARkgB3xU4AHP9FTlIAdkGOi
666=gpADsoKQA8KCkAPUgBJ5ECc4QTSTg/VAJ8FZ1icyiRAnMokAInKQBDTAXVDUQoKQBFSAHH
667=EzkAdOUTOkgBzQU7KCkAPCgpAD1IASc5AnSZEQJ4PagBnVd0KDkCdCg4AicpAENFCKK1Lk
668=RIAc8QOgB17RA7SAHBBDwoKQA9SAEn4QF1gA+cTKkBBXE1dSjhAXUo4AEnKQBDRAjXDTsA
669=dvUNPEgB1Q09SQGlpRM+SAF8K51BdpQNnUF2KIkBdiiKAXYA3wo8AHf9Cj1IAScxAXeECJ
670=w2qAGdNncoMQF35wg9AHgmoVE+SAFsEJkGeIQImAYpgQB5lQICYDAKeQAGAQAAAwQAAAAA
671=ABEAAA==

[Terrain]
74060=TREE26
74065=TREE27
75064=TREE18
75065=TREE17
75066=TREE18
74066=TREE17
73066=TREE18
73065=TREE17
73064=TREE18
74064=TREE17
74061=TREE17
75060=TREE17
74059=TREE17
73060=TREE17
75061=TREE18
73061=TREE18
73059=TREE18
75059=TREE18
99061=TREE03
99057=TREE03
95057=TREE03
95061=TREE03
99064=TREE03
99068=TREE03
95064=TREE03
95068=TREE03
100065=TREE05
98065=TREE04
96065=TREE06
94065=TREE05
100067=TREE05
98067=TREE02
96067=TREE04
94067=TREE05
100060=TREE06
98060=TREE05
96060=TREE02
94060=TREE04
100058=TREE04
98058=TREE08
96058=TREE05
94058=TREE06
92039=TREE04
94039=TREE03
93038=TREE06
97043=TREE06
96041=TREE05
98043=TREE07
50066=TREE27
50061=TREE26
50062=TREE18
51061=TREE18
50060=TREE18
49061=TREE18
49066=TREE18
51066=TREE18
50065=TREE18
50067=TREE18
51065=TREE17
49065=TREE17
49067=TREE17
51067=TREE17
51062=TREE17
49062=TREE17
49060=TREE17
51060=TREE17
29061=TREE03
25061=TREE03
29066=TREE03
25066=TREE03
26065=TREE04
30065=TREE05
28065=TREE06
24065=TREE08
28062=TREE08
24062=TREE06
26062=TREE05
30062=TREE04

[Units]
0=Neutral,PTRUCK,256,57,90,0,Sleep,None,0,-1,0,-1,1,1
1=Neutral,PTRUCK,256,54,105,160,Sleep,None,0,-1,0,-1,1,1

[Structures]
1020224=Neutral,GAGATE_A,256,62,64,0,None,1,0,1,0,0,None,None,None,0,0
1020225=Neutral,GAGATE_A,256,62,60,0,None,1,0,1,0,0,None,None,None,0,0
1020226=Neutral,CAGARD01,256,65,65,0,None,0,0,1,0,0,None,None,None,0,0
1020229=Neutral,CAGARD01,256,61,65,0,None,0,0,1,0,0,None,None,None,0,0
1020232=Neutral,CAGARD01,256,61,59,0,None,0,0,1,0,0,None,None,None,0,0
1020235=Neutral,CAGARD01,256,65,59,0,None,0,0,1,0,0,None,None,None,0,0
1020238=Neutral,CAGEFGL,256,68,62,0,None,0,0,1,0,0,None,None,None,0,0
1020241=Neutral,CAGEFGL,256,58,62,0,None,0,0,1,0,0,None,None,None,0,0
1020244=Neutral,CAGEFGL,256,74,62,0,None,0,0,1,0,0,None,None,None,0,0
1020247=Neutral,CAGEFGL,256,80,62,0,None,0,0,1,0,0,None,None,None,0,0
1020250=Neutral,CAGEFGL,256,52,62,0,None,0,0,1,0,0,None,None,None,0,0
1020253=Neutral,CAGEFGL,256,30,62,0,None,0,0,1,0,0,None,None,None,0,0
1020256=Neutral,CAGEFGL,256,36,62,0,None,0,0,1,0,0,None,None,None,0,0
1020259=Neutral,CAGEFGL,256,46,62,0,None,0,0,1,0,0,None,None,None,0,0
1020262=Neutral,GAGATE_A,256,40,64,0,None,1,0,1,0,0,None,None,None,0,0
1020263=Neutral,GAGATE_A,256,40,60,0,None,1,0,1,0,0,None,None,None,0,0
1020264=Neutral,CAGARD01,256,43,65,0,None,0,0,1,0,0,None,None,None,0,0
1020267=Neutral,CAGARD01,256,39,65,0,None,0,0,1,0,0,None,None,None,0,0
1020270=Neutral,CAGARD01,256,39,59,0,None,0,0,1,0,0,None,None,None,0,0
1020273=Neutral,CAGARD01,256,43,59,0,None,0,0,1,0,0,None,None,None,0,0
1020276=Neutral,CAGARD01,256,83,65,0,None,0,0,1,0,0,None,None,None,0,0
1020279=Neutral,CAGARD01,256,83,59,0,None,0,0,1,0,0,None,None,None,0,0
1020282=Neutral,CAGARD01,256,87,65,0,None,0,0,1,0,0,None,None,None,0,0
1020285=Neutral,CAGARD01,256,87,59,0,None,0,0,1,0,0,None,None,None,0,0
1020288=Neutral,CAGEFGL,256,108,62,0,None,0,0,1,0,0,None,None,None,0,0
1020291=Neutral,CAGEFGL,256,90,62,0,None,0,0,1,0,0,None,None,None,0,0
1020294=Neutral,CAGEFGL,256,102,62,0,None,0,0,1,0,0,None,None,None,0,0
1020297=Neutral,CAGEFGL,256,96,62,0,None,0,0,1,0,0,None,None,None,0,0
1020300=Neutral,CAPARS04,1,47,67,0,None,0,0,1,0,0,None,None,None,0,0
1020301=Neutral,CAPARS05,1,51,67,0,None,0,0,1,0,0,None,None,None,0,0
1020302=Neutral,CAPARS04,128,55,67,0,None,0,0,1,0,0,None,None,None,0,0
1020303=Neutral,CAPARS06,1,55,55,0,None,0,0,1,0,0,None,None,None,0,0
1020304=Neutral,CAPARS06,1,47,55,0,None,0,0,1,0,0,None,None,None,0,0
1020305=Neutral,CAPARS05,128,51,55,0,None,0,0,1,0,0,None,None,None,0,0
1020306=Neutral,CAPARS14,64,61,83,0,None,0,0,1,0,0,None,None,None,0,0
1020307=Neutral,CAPARK01,256,62,86,0,None,0,0,1,0,0,None,None,None,0,0
1020308=Neutral,CAPARK01,256,63,86,0,None,0,0,1,0,0,None,None,None,0,0
1020309=Neutral,CAMSC03,256,64,86,0,None,0,0,1,0,0,None,None,None,0,0
1020310=Neutral,CAMSC03,256,61,86,0,None,0,0,1,0,0,None,None,None,0,0
1020311=Neutral,CAEUR04,256,69,81,0,None,0,0,1,0,0,None,None,None,0,0
1020312=Neutral,CAIND01,64,52,93,0,None,0,0,1,0,0,None,None,None,0,0
1020313=Neutral,CAIND01,256,53,87,0,None,0,0,1,0,0,None,None,None,0,0
1020314=Neutral,CAPARS06,256,70,74,0,None,0,0,1,0,0,None,None,None,0,0
1020315=Neutral,CAGAS01,256,54,74,0,None,0,0,1,0,0,None,None,None,0,0
1020316=Neutral,CAPARS07,256,57,76,0,None,0,0,1,0,0,None,None,None,0,0
1020317=Neutral,CAMISC04,256,57,74,0,None,0,0,1,0,0,None,None,None,0,0
1020318=Neutral,CAMISC03,256,68,76,0,None,0,0,1,0,0,None,None,None,0,0
1020319=Neutral,CAFRMB,256,68,78,0,None,0,0,1,0,0,None,None,None,0,0
1020320=Neutral,CAMISC05,256,68,79,0,None,0,0,1,0,0,None,None,None,0,0
1020321=Neutral,CAMISC05,256,70,78,0,None,0,0,1,0,0,None,None,None,0,0
1020322=Neutral,CATS01,256,67,81,0,None,0,0,1,0,0,None,None,None,0,0
1020323=Neutral,CATS01,64,67,83,0,None,0,0,1,0,0,None,None,None,0,0
1020324=Neutral,CABUNK01,256,60,68,0,None,0,0,1,0,0,None,None,None,0,0
1020325=Neutral,CABUNK01,256,65,68,0,None,0,0,1,0,0,None,None,None,0,0
1020326=Neutral,CABUNK01,256,38,68,0,None,0,0,1,0,0,None,None,None,0,0
1020327=Neutral,CABUNK01,256,43,68,0,None,0,0,1,0,0,None,None,None,0,0
1020328=Neutral,CABUNK01,256,82,68,0,None,0,0,1,0,0,None,None,None,0,0
1020329=Neutral,CABUNK01,256,87,68,0,None,0,0,1,0,0,None,None,None,0,0
1020330=Neutral,CABUNK02,256,82,55,0,None,0,0,1,0,0,None,None,None,0,0
1020331=Neutral,CABUNK02,256,87,55,0,None,0,0,1,0,0,None,None,None,0,0
1020332=Neutral,CABUNK02,256,65,55,0,None,0,0,1,0,0,None,None,None,0,0
1020333=Neutral,CABUNK02,256,60,55,0,None,0,0,1,0,0,None,None,None,0,0
1020334=Neutral,CABUNK02,256,38,55,0,None,0,0,1,0,0,None,None,None,0,0
1020335=Neutral,CABUNK02,256,43,55,0,None,0,0,1,0,0,None,None,None,0,0
1020336=Neutral,CAPARS06,256,66,113,0,None,0,0,1,0,0,None,None,None,0,0
1020337=Neutral,CAPARS06,64,66,109,0,None,0,0,1,0,0,None,None,None,0,0
1020338=Neutral,CAEUR04,64,65,104,0,None,0,0,1,0,0,None,None,None,0,0
1020339=Neutral,CAIND01,256,71,105,0,None,0,0,1,0,0,None,None,None,0,0
1020340=Neutral,CAOILD,256,58,111,0,None,0,0,1,0,0,None,None,None,0,0
1020345=Neutral,CAOILD,256,52,105,0,None,0,0,1,0,0,None,None,None,0,0
1020350=Neutral,CAOILD,256,58,105,0,None,0,0,1,0,0,None,None,None,0,0
1020355=Neutral,CARUS04,256,71,97,0,None,0,0,1,0,0,None,None,None,0,0
1020356=Neutral,CARUS05,64,71,87,0,None,0,0,1,0,0,None,None,None,0,0
1020357=Neutral,CARUS06,256,71,92,0,None,0,0,1,0,0,None,None,None,0,0
1020358=Neutral,CARUS06,64,76,97,0,None,0,0,1,0,0,None,None,None,0,0
1020359=Neutral,CAPARS06,1,87,89,0,None,0,0,1,0,0,None,None,None,0,0
1020360=Neutral,CAGEFGL,256,24,62,0,None,0,0,1,0,0,None,None,None,0,0
1020363=Neutral,CAGEFGL,256,18,62,0,None,0,0,1,0,0,None,None,None,0,0
1020366=Neutral,CAGEFGL,256,12,62,0,None,0,0,1,0,0,None,None,None,0,0
1020369=Neutral,CAPARS04,256,69,67,0,None,0,0,1,0,0,None,None,None,0,0
1020370=Neutral,CAPARS05,128,73,67,0,None,0,0,1,0,0,None,None,None,0,0
1020371=Neutral,CAPARS05,1,77,67,0,None,0,0,1,0,0,None,None,None,0,0
1020372=Neutral,CAPARS05,256,33,67,0,None,0,0,1,0,0,None,None,None,0,0
1020373=Neutral,CAPARS05,64,29,67,0,None,0,0,1,0,0,None,None,None,0,0
1020374=Neutral,CAPARS05,1,25,67,0,None,0,0,1,0,0,None,None,None,0,0
1020375=Neutral,CAPARS05,64,91,67,0,None,0,0,1,0,0,None,None,None,0,0
1020376=Neutral,CAPARS05,256,95,67,0,None,0,0,1,0,0,None,None,None,0,0
1020377=Neutral,CAPARS05,1,99,67,0,None,0,0,1,0,0,None,None,None,0,0
1020378=Neutral,CANEWY21,256,50,98,0,None,0,0,1,0,0,None,None,None,0,0
1020379=Neutral,CANEWY20,64,46,97,0,None,0,0,1,0,0,None,None,None,0,0
1020380=Neutral,CAEUR04,1,37,89,0,None,0,0,1,0,0,None,None,None,0,0
1020381=Neutral,CARUFGL,256,67,59,0,None,0,0,1,0,0,None,None,None,0,0
1020384=Neutral,CARUFGL,256,81,59,0,None,0,0,1,0,0,None,None,None,0,0
1020387=Neutral,CARUFGL,256,89,59,0,None,0,0,1,0,0,None,None,None,0,0
1020390=Neutral,CARUFGL,256,59,59,0,None,0,0,1,0,0,None,None,None,0,0
1020393=Neutral,CARUFGL,256,45,59,0,None,0,0,1,0,0,None,None,None,0,0
1020396=Neutral,CARUFGL,256,37,59,0,None,0,0,1,0,0,None,None,None,0,0
1020399=Neutral,CAUSFGL,256,37,65,0,None,0,0,1,0,0,None,None,None,0,0
1020402=Neutral,CAUSFGL,256,45,65,0,None,0,0,1,0,0,None,None,None,0,0
1020405=Neutral,CAUSFGL,256,59,65,0,None,0,0,1,0,0,None,None,None,0,0
1020408=Neutral,CAUSFGL,256,67,65,0,None,0,0,1,0,0,None,None,None,0,0
1020411=Neutral,CAUSFGL,256,81,65,0,None,0,0,1,0,0,None,None,None,0,0
1020414=Neutral,CAUSFGL,256,89,65,0,None,0,0,1,0,0,None,None,None,0,0
1020417=Neutral,CAGEFGL,256,114,62,0,None,0,0,1,0,0,None,None,None,0,0
1020420=Neutral,GAGATE_A,256,84,64,0,None,1,0,1,0,0,None,None,None,0,0
1020421=Neutral,GAGATE_A,256,84,60,0,None,1,0,1,0,0,None,None,None,0,0
1020422=Neutral,NAPSYA,256,62,38,0,None,0,0,1,0,0,None,None,None,0,0
1020425=Neutral,CAOILD,256,67,18,0,None,0,0,1,0,0,None,None,None,0,0
1020430=Neutral,CAOILD,256,72,18,0,None,0,0,1,0,0,None,None,None,0,0
1020435=Neutral,CAOILD,256,67,13,0,None,0,0,1,0,0,None,None,None,0,0
1020440=Neutral,CAIND01,64,59,18,0,None,0,0,1,0,0,None,None,None,0,0
1020441=Neutral,CATS01,64,61,15,0,None,0,0,1,0,0,None,None,None,0,0
1020442=Neutral,CATS01,1,61,13,0,None,0,0,1,0,0,None,None,None,0,0
1020443=Neutral,CATS01,256,61,11,0,None,0,0,1,0,0,None,None,None,0,0
1020444=Neutral,CATEXS08,128,56,19,0,None,0,0,1,0,0,None,None,None,0,0
1020445=Neutral,CATEXS06,0,52,19,0,None,0,0,1,0,0,None,None,None,0,0
1020446=Neutral,NAPSYB,256,68,44,0,None,1,0,1,0,0,None,None,None,0,0
1020449=Neutral,NAPSYB,256,58,44,0,None,1,0,1,0,0,None,None,None,0,0
1020452=Neutral,CARUFGL,256,68,49,0,None,0,0,1,0,0,None,None,None,0,0
1020455=Neutral,CARUFGL,256,73,49,0,None,0,0,1,0,0,None,None,None,0,0
1020458=Neutral,CARUFGL,256,73,41,0,None,0,0,1,0,0,None,None,None,0,0
1020461=Neutral,CARUFGL,256,73,45,0,None,0,0,1,0,0,None,None,None,0,0
1020464=Neutral,CARUFGL,256,54,41,0,None,0,0,1,0,0,None,None,None,0,0
1020467=Neutral,CARUFGL,256,54,45,0,None,0,0,1,0,0,None,None,None,0,0
1020470=Neutral,CARUFGL,256,54,49,0,None,0,0,1,0,0,None,None,None,0,0
1020473=Neutral,CARUFGL,256,59,49,0,None,0,0,1,0,0,None,None,None,0,0
1020476=Neutral,CARUS04,128,72,34,0,None,0,0,1,0,0,None,None,None,0,0
1020477=Neutral,CARUS05,64,72,24,0,None,0,0,1,0,0,None,None,None,0,0
1020478=Neutral,CARUS06,64,72,29,0,None,0,0,1,0,0,None,None,None,0,0
1020479=Neutral,CARUS06,256,77,24,0,None,0,0,1,0,0,None,None,None,0,0
1020480=Neutral,CARUS06,64,47,24,0,None,0,0,1,0,0,None,None,None,0,0
1020481=Neutral,CAGAS01,128,53,36,0,None,0,0,1,0,0,None,None,None,0,0
1020482=Neutral,CAPARS06,64,53,29,0,None,0,0,1,0,0,None,None,None,0,0
1020483=Neutral,CAEUR04,128,53,25,0,None,0,0,1,0,0,None,None,None,0,0
1020484=Neutral,CAPARS06,256,53,32,0,None,0,0,1,0,0,None,None,None,0,0
1020485=Neutral,CAEUR04,64,87,34,0,None,0,0,1,0,0,None,None,None,0,0
1020486=Neutral,CAPARS04,64,73,55,0,None,0,0,1,0,0,None,None,None,0,0
1020487=Neutral,CAPARS06,256,77,55,0,None,0,0,1,0,0,None,None,None,0,0
1020488=Neutral,CAPARS06,1,69,55,0,None,0,0,1,0,0,None,None,None,0,0
1020489=Neutral,CAPARS06,256,91,56,0,None,0,0,1,0,0,None,None,None,0,0
1020490=Neutral,CAPARS06,256,95,56,0,None,0,0,1,0,0,None,None,None,0,0
1020491=Neutral,CAPARS06,1,99,56,0,None,0,0,1,0,0,None,None,None,0,0
1020492=Neutral,CAPARS06,256,34,56,0,None,0,0,1,0,0,None,None,None,0,0
1020493=Neutral,CAPARS05,1,30,56,0,None,0,0,1,0,0,None,None,None,0,0
1020494=Neutral,CAPARS05,64,26,56,0,None,0,0,1,0,0,None,None,None,0,0
1020495=Neutral,CARUS05,64,38,34,0,None,0,0,1,0,0,None,None,None,0,0
1020496=Neutral,CAOILD,256,43,31,0,None,0,0,1,0,0,None,None,None,0,0
1020501=Neutral,CAOILD,256,47,31,0,None,0,0,1,0,0,None,None,None,0,0
1020506=Neutral,CAOILD,256,43,36,0,None,0,0,1,0,0,None,None,None,0,0
1020511=Neutral,CAOILD,256,47,36,0,None,0,0,1,0,0,None,None,None,0,0
1020516=Neutral,CAOILD,256,79,31,0,None,0,0,1,0,0,None,None,None,0,0
1020521=Neutral,CAOILD,256,83,31,0,None,0,0,1,0,0,None,None,None,0,0
1020526=Neutral,CAOILD,256,79,36,0,None,0,0,1,0,0,None,None,None,0,0
1020531=Neutral,CAOILD,256,83,36,0,None,0,0,1,0,0,None,None,None,0,0
1020536=Neutral,CAOILD,256,78,87,0,None,0,0,1,0,0,None,None,None,0,0
1020541=Neutral,CAOILD,256,82,87,0,None,0,0,1,0,0,None,None,None,0,0
1020546=Neutral,CAOILD,256,82,92,0,None,0,0,1,0,0,None,None,None,0,0
1020551=Neutral,CAOILD,256,78,92,0,None,0,0,1,0,0,None,None,None,0,0
1020556=Neutral,CAOILD,256,42,92,0,None,0,0,1,0,0,None,None,None,0,0
1020561=Neutral,CAOILD,256,46,92,0,None,0,0,1,0,0,None,None,None,0,0
1020566=Neutral,CAOILD,256,42,87,0,None,0,0,1,0,0,None,None,None,0,0
1020571=Neutral,CAOILD,256,46,87,0,None,0,0,1,0,0,None,None,None,0,0

[OverlayPack]
1=GAAAIIH//kAM/4Hx/v8B//8AEEEM/r4B/4H/gB4AACCB//5AAv+B8f7/Af//AQZBAhABQA
2=cwC/6sFf+B/4AJAAAggf/+/h//gf+AZwAAIIH//jUE/4Hw4iQE/toB/4HwIAHTLgb+1A//
3=gfHIIRbzHBb+nQH/gfHfBRjTAhjpKBjORhj+iQH/w0QG2gkaIdT6FhrNaBr+igH/cZPXBx
4=xB1PgYHMxjHP+VAXca/2wADRr/hwF5HIBFAAAggf8QAYHx3wUA0wIA6SgAz0UA/qoB/zGu
5=zXgA6SYC/s0P/4HLIAH++gH/Ifv/CQY6EggK//QBORJyAP/2ATcY/8YBOhyAKQAAIIH/8Q
6=AAgctgBSAJEAH+7QH/yzUA/vIB//8BAjUC//IBQwD+1xf/gf+AHwAAIIH//isO/4HxcAFA
7=Df7/Af//AAg9Dv4ABP//wwM9FIAXAAAggf/5AACB8f7/Af//ABA9AP7CDf+B/4AJAAAggf
8=/+/h//gf+ACQAAIIH//v4f/4H/gAkAACCB//7+H/+B/4AJAAAggf/+/h//gf+ACQAAIIH/
9=/v4f/4H/gAkAACCB//7+H/+B/4AJAAAggf/+/h//gf+ACQAAIIH//v4f/4H/gAkAACCB//
10=7+H/+B/4AJAAAggf/+/h//gf+ACQAAIIH//v4f/4H/gAkAACCB//7+H/+B/4AJAAAggf/+
11=/h//gf+ACQAAIIH//v4f/4H/gAkAACCB//7+H/+B/4AJAAAggf/+/h//gf+ACQAAIIH//v
12=4f/4H/gAkAACCB//7+H/+B/4AJAAAggf/+/h//gf+ACQAAIIH//v4f/4H/gAkAACCB//7+
13=H/+B/4AJAAAggf/+/h//gf+ACQAAIIH//v4f/4H/gAkAACCB//7+H/+B/4A=

[OverlayDataPack]
1=IAAAIIEA/kAMAIEE/v8BAIEF/v8BAP8ADEEOgQH+vQMAgQCALQAAIIEA/kACAIEE/v8BAI
2=EF/v8BAP8ABEEEiAMKCgoIAAACAAcQAQAL/qwVAIEAgAkAACCBAP7+HwCBAICmAAAggQD+
3=NQQAgQTiJAT+2gEAggMKAAGBCFAOgQIQDoEJ/twPAMNJBM1JBOkmFv6dAQDCRAbZCRiCCw
4=wAJoIGC/gXGMxnGMY7Bv6EAQCCBg4wAYEK1gcaggwFACeCBQb4FxrNYhoSJf6HAQCCAg8w
5=AYMNAAfVCByBDSHUgQf4FxzMYhyCDw//iwF4GoIDCzABgQrWBx6BCSHUgQP4Fx7NYh6BC/
6=+HAUkGgGAAACCBABABggIK3AYAgg4JACaCAw74FwDNZwCBCP6tAQCBAcghAvMcAv7NDwCB
7=BsF0AIEM/voBAIEFYAX+9gEA/wAENRTCWAJiAIQGCAAC//MBOhJiABAJ//MBOhj/xgE6HI
8=AyAAAggQDxAACBBBAFgQVQDoUDCgoKCf7tAQAh+2IA/vIBAP8AAjUCFfL/7wFGAP7XFwCB
9=AIAyAAAggQD+Kw4AggIKUAGBCDANgQz+/wEAgQX+/wEA/wAEPRCBAf7/BQCBBP7/AQD/ww
10=E9FIAZAAAggQD5AACBBf7/AQD/AA49AIEB/sEPAIEAgAkAACCBAP7+HwCBAIAJAAAggQD+
11=/h8AgQCACQAAIIEA/v4fAIEAgAkAACCBAP7+HwCBAIAJAAAggQD+/h8AgQCACQAAIIEA/v
12=4fAIEAgAkAACCBAP7+HwCBAIAJAAAggQD+/h8AgQCACQAAIIEA/v4fAIEAgAkAACCBAP7+
13=HwCBAIAJAAAggQD+/h8AgQCACQAAIIEA/v4fAIEAgAkAACCBAP7+HwCBAIAJAAAggQD+/h
14=8AgQCACQAAIIEA/v4fAIEAgAkAACCBAP7+HwCBAIAJAAAggQD+/h8AgQCACQAAIIEA/v4f
15=AIEAgAkAACCBAP7+HwCBAIAJAAAggQD+/h8AgQCACQAAIIEA/v4fAIEAgAkAACCBAP7+Hw
16=CBAIAJAAAggQD+/h8AgQCACQAAIIEA/v4fAIEAgA==

[AITriggerTypesEnable]
0CAD0DCC-G=yes
0CAD0C7C-G=yes
0CAD0B2C-G=yes
0CA6621C-G=yes
0CDF8EDC-G=yes
0CDF8D8C-G=yes
0C0C7AEC-G=yes
0D62199C-G=yes
0CDF899C-G=yes
0D6216FC-G=yes
0D6215AC-G=yes
0D62145C-G=yes
0D0803CC-G=yes
0C32599C-G=yes
0CE23AAC-G=yes
0CA1F84C-G=yes
0CE26CAC-G=yes
0CE26B5C-G=yes
0CAD145C-G=yes
0CAD130C-G=yes
0CE2395C-G=yes
0D084B5C-G=yes
0D084A0C-G=yes
0D0848BC-G=yes
0CAD2AEC-G=yes
0D08461C-G=yes
0D0873DC-G=yes
0C8E2C3C-G=yes
0CAD25AC-G=yes
0D087D8C-G=yes
0C8B81BC-G=yes
0CADDEDC-G=yes
0C92C45C-G=yes
0C9565AC-G=yes
0C92C1BC-G=yes
0CADD99C-G=yes
0C9561BC-G=yes
0CE2EA2C-G=yes
0CE2E8DC-G=yes
0C955C3C-G=yes
0C955AEC-G=yes
0C8C71BC-G=yes
0C8C6EDC-G=yes
0D052AEC-G=yes
0CE44D0C-G=yes
0CA5945C-G=yes
0CAD2C3C-G=yes
0D535EDC-G=yes
0AA846FC-G=yes
0AA845AC-G=yes
0C8C645C-G=yes
0AD2BAEC-G=yes
0C96F5AC-G=yes
0C96F45C-G=yes
0CB2CEDC-G=yes
0C91D45C-G=yes
0CAD5AEC-G=yes
0D2C45DC-G=yes
0D2C448C-G=yes
0C8C56FC-G=yes
0D2C41EC-G=yes
0CA6AEDC-G=yes
0C0D251C-G=yes
0C8C51BC-G=yes
0CA24D8C-G=yes
0C8BC5AC-G=yes
0C8C4C3C-G=yes
0D53430C-G=yes
0ECCFCAC-G=yes
0ECCFA7C-G=yes
0C8EEEDC-G=yes
0C0D184C-G=yes
0ECCF68C-G=yes
0C8C430C-G=yes
0C87B99C-G=yes
0ECCF29C-G=yes
0ECCF14C-G=yes
0C8EEAEC-G=yes
0C87B45C-G=yes
0ECCBC3C-G=yes
0C8EE1BC-G=yes
0ECCB7FC-G=yes
0C32D84C-G=yes
0ECCB55C-G=yes
0ECCB40C-G=yes
0ECCB2BC-G=yes
0CB29EDC-G=yes
0C8C2C3C-G=yes
0C8C2AEC-G=yes
0A31295C-G=yes
0C87E5AC-G=yes
08A3EEDC-G=yes
0D022B1C-G=yes
0C1246FC-G=yes
0C1245AC-G=yes
0D0B3B9C-G=yes
0CA2A04C-G=yes
0CA2B06C-G=yes
0CA2FEDC-G=yes
0D2769BC-G=yes
0A452E5C-G=yes
0A452C6C-G=yes
0A44F2CC-G=yes
0A44F17C-G=yes
0D53099C-G=yes
0612B11C-G=yes
06C551AC-G=yes
0612CD8C-G=yes
0ABC484C-G=yes
05FFB18C-G=yes
05FFA7DC-G=yes
06002BFC-G=yes
07C0372C-G=yes
07C04EDC-G=yes
07C04C7C-G=yes
07C0B14C-G=yes
05FC1A8C-G=yes
05FC50EC-G=yes
05FC3C9C-G=yes
05FC37CC-G=yes
05FC333C-G=yes
05FC0C9C-G=yes
05FC088C-G=yes
05FC75CC-G=yes
05FC747C-G=yes
08B9154C-G=yes
08B911BC-G=yes
08B9213C-G=yes
08B9356C-G=yes
08B9305C-G=yes
08B9483C-G=yes
08B9423C-G=yes
08B940EC-G=yes
08B9586C-G=yes
0611A33C-G=yes
0611A1EC-G=yes
08B9641C-G=yes
08B97C6C-G=yes
08B9767C-G=yes
08B9708C-G=yes
05FC1C5C-G=yes
0612EAEC-G=yes
0612F9AC-G=yes
05FC13EC-G=yes
08B90B1C-G=yes
08B902EC-G=yes
0612F46C-G=yes
044082BC-G=yes
07C310BC-G=yes
07C329FC-G=yes
07C3266C-G=yes
07C33DDC-G=yes
0616004C-G=yes
07C330CC-G=yes
07C30A5C-G=yes
07C4853C-G=yes
043F521C-G=yes
043F874C-G=yes
043F40BC-G=yes

[Triggers]
0649E72C=Americans,<none>,Start Ambients,0,1,1,1,0

[Events]
0649E72C=1,47,0,0

[Actions]
0649E72C=11,99,7,_Amb_UrbanMurmur1,0,0,0,0,A,99,7,_Amb_UrbanMurmur1,0,0,0,0,B,99,7,_Amb_UrbanMurmur1,0,0,0,0,C,99,7,_Amb_UrbanMurmur1,0,0,0,0,D,99,7,_Amb_UrbanMurmur2,0,0,0,0,I,99,7,_Amb_UrbanMurmur2,0,0,0,0,J,99,7,_Amb_BirdsPark,0,0,0,0,K,99,7,_Amb_BirdsPark,0,0,0,0,L,99,7,_Amb_UrbanMurmur2,0,0,0,0,M,99,7,_Amb_UrbanMurmur2,0,0,0,0,N,99,7,_Amb_UrbanMurmur1,0,0,0,0,CV

[Tags]
0649DE9C=0,Start Ambients,0649E72C

[Digest]
1=CpNSpHKrXHfSPhc/0ia8CyK00c8=
