[General]
DefaultMirageDisguises=TREE34,TREE35,TREE36

[GAYARD]
Name=Allied Shipyard
TechLevel=11

[NAYARD]
Name=Soviet Shipyard
TechLevel=11

[YAYARD]
Name=Yuri Submarine Pen
TechLevel=11

[Header]
StartX=228
StartY=35
Width=55
Height=52
NumberStartingPoints=4
NumCoopHumanStartSpots=4
Waypoint1=234,65
Waypoint2=256,45
Waypoint3=276,65
Waypoint4=256,84
Waypoint5=0,0
Waypoint6=0,0
Waypoint7=0,0
Waypoint8=0,0

[SpecialFlags]
TiberiumGrows=yes
TiberiumSpreads=yes
TiberiumExplosive=no
DestroyableBridges=yes
MCVDeploy=no
InitialVeteran=no
FixedAlliance=no
HarvesterImmune=no
FogOfWar=no
Inert=no
IonStorms=no
Meteorites=no
Visceroids=yes

[Ranking]
ParTimeEasy=00:01:00
ParTimeMedium=00:01:00
ParTimeHard=00:01:00
UnderParTitle=GUI:NoUnderParTitle
UnderParMessage=GUI:NoUnderParMessage
OverParTitle=GUI:NoOverParTitle
OverParMessage=GUI:NoOverParMessage

[Houses]
0=Americans
1=Alliance
2=French
3=Germans
4=British
5=Africans
6=Arabs
7=Confederation
8=Russians
9=YuriCountry
10=GDI
11=Nod
12=Neutral
13=Special

[Americans]
Country=Americans
TechLevel=0
Credits=0
IQ=0
Edge=North
PlayerControl=yes
Color=Gold
Allies=Americans
PercentBuilt=0
NodeCount=0

[Alliance]
Country=Alliance
TechLevel=1
Credits=0
IQ=0
Edge=North
PlayerControl=no
Color=Gold
Allies=Alliance
PercentBuilt=0
NodeCount=0

[French]
Country=French
TechLevel=1
Credits=0
IQ=0
Edge=North
PlayerControl=no
Color=Gold
Allies=French
PercentBuilt=0
NodeCount=0

[Germans]
Country=Germans
TechLevel=1
Credits=0
IQ=0
Edge=North
PlayerControl=no
Color=Gold
Allies=Germans
PercentBuilt=0
NodeCount=0

[British]
Country=British
TechLevel=1
Credits=0
IQ=0
Edge=North
PlayerControl=no
Color=Gold
Allies=British
PercentBuilt=0
NodeCount=0

[Africans]
Country=Africans
TechLevel=1
Credits=0
IQ=0
Edge=North
PlayerControl=no
Color=DarkRed
Allies=Africans
PercentBuilt=0
NodeCount=0

[Arabs]
Country=Arabs
TechLevel=1
Credits=0
IQ=0
Edge=North
PlayerControl=no
Color=DarkRed
Allies=Arabs
PercentBuilt=0
NodeCount=0

[Confederation]
Country=Confederation
TechLevel=1
Credits=0
IQ=0
Edge=North
PlayerControl=no
Color=DarkRed
Allies=Confederation
PercentBuilt=0
NodeCount=0

[Russians]
Country=Russians
TechLevel=1
Credits=0
IQ=0
Edge=North
PlayerControl=no
Color=DarkRed
Allies=Russians
PercentBuilt=0
NodeCount=0

[YuriCountry]
Country=YuriCountry
TechLevel=1
Credits=0
IQ=0
Edge=North
PlayerControl=no
Color=DarkRed
Allies=YuriCountry
PercentBuilt=0
NodeCount=0

[GDI]
Country=GDI
TechLevel=1
Credits=0
IQ=0
Edge=North
PlayerControl=no
Color=Gold
Allies=GDI
PercentBuilt=0
NodeCount=0

[Nod]
Country=Nod
TechLevel=1
Credits=0
IQ=0
Edge=North
PlayerControl=no
Color=Gold
Allies=Nod
PercentBuilt=0
NodeCount=0

[Neutral]
Country=Neutral
TechLevel=1
Credits=0
IQ=0
Edge=North
PlayerControl=no
Color=Grey
Allies=Neutral
PercentBuilt=0
NodeCount=0

[Special]
Country=Special
TechLevel=1
Credits=0
IQ=0
Edge=North
PlayerControl=no
Color=Grey
Allies=Special
PercentBuilt=0
NodeCount=0

[Basic]
NextScenario=GDI2A.map
AltNextScenario=GDI9C.MAP
NewINIFormat=4
CarryOverCap=0
EndOfGame=no
SkipScore=no
OneTimeOnly=no
SkipMapSelect=no
Official=yes
IgnoreGlobalAITriggers=no
TruckCrate=no
TrainCrate=no
Percent=0
Theme=No theme
MultiplayerOnly=1
TiberiumGrowthEnabled=yes
VeinGrowthEnabled=yes
IceGrowthEnabled=yes
TiberiumDeathToVisceroid=yes
FreeRadar=no
InitTime=10000

[Lighting]
Ambient=1.250000
Red=0.950000
Green=0.850000
Blue=0.850000
Ground=0.050000
Level=0.008000
IonAmbient=0.720000
IonRed=0.300000
IonGreen=0.400000
IonBlue=0.750000
IonGround=0.000000
IonLevel=0.000000
DominatorAmbient=1.500000
DominatorRed=0.850000
DominatorGreen=0.200000
DominatorBlue=0.300000
DominatorGround=0.000000
DominatorLevel=0.000000
DominatorAmbientChangeRate=0.001000

[Preview]
Size=0,0,111,52

[PreviewPack]
1=sR0AIAb9y3z9zH39zH3AAQBJy3z+y339ynr7w3L5v2v6wW7/ynf/yHb5v277w3L7xXP7xH
2=P7xXT9y3v9y3v9y3z/z33itHW4jV3er2byx3n/1oP/14P/0H7+z3/+0X//3IL/3YP/3YP/
3=3YT/3JUA3ZgBB96D/9WB/9CA/9LoAAAC2oLgvXhnVUrjuXj/2YP+0H/+z35oAKABABzTfv
4=/Ygf/VgP/Vgf7Sf/7VgP7RgP/Rf/PHfdmyd//RgP/Pfv7Pff/TgP/ehP/ciAwC3IP/3IJy
5=Bc9/dgnQf3sH0oD+uQHSkAIBz4D+zuQCAA7Qff7PfPLAbeezZcCKS9+ybP/Tgv/Ofv/NfP
6=/Me//Ne5QABHz+y3z9ynuIAAABev3Sev7Rff/fh//ahP/bi/i+apwClgPLfHwpABjJefvE
7=dPzIdPzSff3Qf//SgPPHfffOf//YgP3LePrCcPvGdPm/bve3Zf6cLwAF/9aApYRhpGtM4J
8=NVwZJe7b1w8cJ3/dBkKQb+0H7+0n7/3IKIAIAcABrehP/dg//agv/WgffJe/bGe/XFfPjI
9=e/PCe/rQftW0dWdVSbGTYujCdfzOfngHCNF+/9aB/tF//s994CuTLM59/pAjDuK5eZh6Xv
10=XKff3Tf//bgv/b/DWgDQHeg//TryWA/tGIAGgzB4D+zoH+zn//zoR0OQXWe//Phf7OgmoM
11=0H5gKAAO1oHds2zSqGjtsmT0vnT2w3n1wXj1wnj2w3jyv3b7yHpgSQvNfP7Vgf3RgP7Me/
12=7Vg3g0CNiG/tN+/9N+/9R+cAIFyXv+zXz+14NoIQBAzXz/2on/44vXs3V/aFKskWv/24X/
13=2YP8xXX2tWH9yHn5v236wXD/0H32xXmugVO6hlG+eknAfU/iol7OllL0xHX9z339z37+zn
14=7+0oD+0n//2ogqAtmC/9mCYBwAHtB/+Ml67b126bVx77x19sZ788F2/dGA17Fuzqho3bRu
15=/dB+/tB+/tB+/9J//9R//4wiBfvNfv3PgPrMZClkUw7TgfLHfKeJXbOaX+fId//hhnALDt
16=iC/taA/daB/taB/NaA/9aAczLPf/5oAAAMfv7Pgv7Qe/3SdP3QffrZX/PiPvHjNvffUP3W
17=c/7QeC4AkvzPffnMedunZb6MWdiBP9SRUdyqZ+u3c+eycPO/du+6c/O+dP/Nff/Ofv/WhP
18=/fiv7NfP/Rfv/Se//Sev/Ugf7PfP/Rfv/Qf/7KfP3Ke//Xhf/fif7Ofv/Pffzdibicb2NS
19=RXpmUceqb/jaif/ZgfzIdfvBcvzMdv7Kdv/NfOe1cOKoYPO8bMOQV8+MTee0YPTEa/7Ofv
20=3Nfv7Qfv7Uf/7SgP7Rfyn+0X5uTM5/dhvQfmxzBNOB+8x8/9F8X3x9CdOC/9mF/9iF/9WC
21=/nACABB//9KB/s9+/c9//c9//tKA7Lt07Lhz88F3/c9+/M19/c5/cAgJ1YD71X/903/+14
22=H/YE8Nfv7Of/LBeO69duy5dPC9dKw3kCkACoL81W/15Dvs4Sfm2ybu6Rjv6xLj3xLn4hnz
23=4EecFABbgvbJevHHc9aUUbdzRMx7P9aWVffJe/7Le/zJef/Pff/Rgv/NgfnEevG8df3Kev
24=/Zhv/ej/nUdejPn97Flf/ljf/OfvfDdeWwa+Kxbv7Nff3Kev/Yif/dkf/XhP/ikObEgKKD
25=V5h+U7WXXvDIemR0ABTXh/7RfPnCbfG8b/HAcf/Rfv/Ne/TCeOWoZtGXV+K0cPvNfv/bg3
26=qX04BwNQPRf/7Ofv2Ac2h1cSN9bCUA49OB/c59/M59+819/M19+8x88b1w6rNo879w+sp6
27=/dJ++s587bdr569l5axi5qlg46lf561j5aph67Jm7rls8Lps8r5x7rdr6a5l67Fm8bxw9L
28=9y8r9y8Ltu6bFm7LNn875x/s59+8x8/tJ//tGA/tCA/s6D+tho7+Um6OMV6+cRysIctasj
29=6eMU6OIb8t5I/dSB/9KB8L959MZ53ZFNxYNH4a1n4Ktr+MV5/sx9/8qB/siB/dNu/dZu7s
30=Nk3LJW/s6C/82C/s+A2L12pZuLd3RssJhm9chq1LmVxKeF/MZy/8t+/86D/9GA/9hw/NBz
31=/9GJ/+CPZJ4L3YX/4pH/1X7+0X7/2Yh8bgAO0n7vv2vquW7/1X3yv3TcqGreoGPYl1jZpG
32=PcsG7/1X90J2fIff7OmJ1gvmzEfSnQdAMAV+24bOauZOWsYuetYuiuY+OnXeWpYOOmXemt
33=YeuyZeesYuqwZO65a/jHePzMfvK8b+esYPzLevzLevzMfP3Off3Off3NfPrJefvKef7Pff
34=/Sf/3Sfv3QffvNe/vKevW/cuKjWfjFdv/RgIQOACR+/s9//9KD+tho8OUp5d8Z6eMW0sY4
35=s6FF5Nwc7ucg9eJH/c5/9cR63atj3aNgsnJGp4FY9MJ1pfxgdgA6fPvSa/TcRe7jJurjHO
36=zkHvLoJvXhQfrZaf3OeL+kfoCAfHZvX5qCW82xd5SMgnJsYrmaZvrPdvrZYvTiPfDjJ/TX
37=UPrVYvrba//SgWzZADfafP/bfv/YfP/ZfP/We/rIfNyZf7lgf7hle8BtfOaqfPG9ZO2eUN
38=GCTbqDVuGrZdehX+y+c/7Xh/7Ug/7Vgv7VhP7Ugf7Tg/7OfCAH9b9x8Llt+sl6/XZ1ff1x
39=U3zQWQAI0H79zXzwvnTvunT0wXj/0H/ptnHyvXHyum1iItGAjHmt8X1qhNF/aTzUmLIO24
40=P/1ID/04HwuWvmqV/4xnd+1NKBvKEAzP/Pg/rXZ+3kJ+bhFOTgEenjF/DpHuzkJPHdQfXN
41=ZfzRfpVrR9GPT96hX3tXQ3BfT/zNf//Qfv7Jg/nSYfDkJ+njF+rmEbuxJbSqJOvmEunjFe
42=riIPjaVf/PgOS6etasb/vJecWre4qGfH1yX7CZZ/LbUO3kHejjE+TfEeLdFufhF+jfGO3a
43=NPfiPd6uYOKogtaTftuWfNCIfKdKfI8mfooefokdfpQsf71lgNaYdd+jW6t1Scd7RuieUr
44=6HSt63bv/mlv/gjP/dhv/fjP/bhP/kk//Yhf7Pff7Uf//WgiK1I9KKw9B/eCJ9IIBkgArQ
45=fv3RfvfMe/3Sfv/TePcG+MZ28bpt/Mx8JJAjdAAihCNkZYBPbARiAc9+gLIMf/vNfPXBcv
46=K8bvC4bPjEnFN8ywC+gvvUcPXhOu3iJ+3iKu3jKPbiSf7bcfzQgdSeZL6KVpppQM6TT8yf
47=YriTZZF1UsOdYue6df3WbfPgPOvjHObgFenjFtfHP8SyPejhF+bgGezfK/naX/7QgfC6b9
48=GZV9epZf/bhf7UhP3Wiv/YhP3aYu7fLuriGu3mFqSXM7mvJuvnE+bhFe7nH8OFXpUvgo8j
49=fIkbfYoafYkafosefowffosefYkbfowffZ05gOOhfOSzZumvY9OXS9WmXfzejv/mlf/fi/
50=/ag//gj/7SgP7XgSL0IgLRf//fhSKOJN6DIuQjJBQkaMyUSwnZgf/agf/eg//ghf8k0CgF
51=1ID3w3XvuWx4JWTXiifQfnSNAdWA/9CE/nAyI1wqfCkACn/+0oH/04L/0H/4xnbwtWn1vn
52=H9zX3+zn7+zX+U+QBDdf/ZgP/aePrMgc6lbLWFVt6LSMF4RtaaTuC4a/3Off/Vf/rLevC6
53=be+3bv7Ue/fcTOrjHObiEuXgEOnkEuvnEuXfFOniHfbbVP/Lg/7LffrGef3JeyJQKgAo2Y
54=r/1n//3Yz/2on+yoL62lXu4yfr4h7Xx0HTxDPp5Bbm4Bbs5h7Bg12SJoKKGnyJGn2JG36H
55=F32IGJQAABoZfIsdfZcwfLpmfPC3fPjFdPHDdevBc/7biv/hkP/ch/7Tgv7Qfv/ah//chy
56=J+JeKLeBwE04D/03//2CQMKQF+/tB/Ij0m0Gv2/tOAIsUo2iMqJduCIgQuBdaC98V36rFm
57=YCIC0H/uu3No+Q7PfvXFefG/efbGe++/d/XFeYxSaAl9VtCRpNQjkC8AAAbOfvrLeP7XhP
58=/Xg/7ahv/YhfzJd7mQXLqHVsWFTdF+Q5FdRcB3Qap0Re26af3Le//Rfv7Ofv/Pfv7JevrG
59=eP3JgfzTbvbiPvHgM+3dMvDhMO7eM/DeNvrWWvzNdv7KfP7MfP/OfP/Pff3NfP3Jev3Ief
60=/Pfv/agv/Nfv/XfvXfS+riG+fiEOnlEOTfEejhGvPjQMuJcJo0f5IpfZInfpoyfbVefK5T
61=fLNbfbNYfb1rfOiqev/Pev/TfP/Rf//PgP/Xhv/bh//Wgv/fi//WhP/Vgf/cif/nlPTThd
62=etaem8de2xZ/DDdv/Vgv7Ofv3Pfv7Nfv7Pfv/RgP7Qf/7Pf/7RgP7Sf//Xgv7SgP7Rf//R
63=gPjGd+21af50TgAHfvrKe/7Qf/DAd+e1b+u3cvXDePbGefXFeNEpzyLwIGxYkAUAIv7Off
64=vGcv/Xfv/civ/dhv/ijf/fiP7Xep16TVs9Mbp1QN+KRrmDTt2sad+ta/bDeP/Nff0lgDMN
65=e/3MfP7OfP3Le/7KgP7MfCJIKQ7Pfv/PfP/Ofv3Me//KhP/MfyIwIyLwLAA0gf/Ygf/XgP
66=/LevfCc/S5au+7bffGe/vJgfvcVfTnLOviIu3jI/HdRvbhTPzebPzQhuSlfeqtfeSlfeuu
67=e//VfP/Lev/WfWQIAAvchf/dgf/Wh//Tff/Xgv/ejv/ZhP/div/ahf7ThCIwJgAG2YP/5Z
68=T+3ImceEmDXDqxflHIn2L70H7/fJgNfv7Sf//Zgf/VgfjHe/nKfGwiIgAgqcx+ZMgI0YD5
69=x3fwuGz8y3uEqpglv33Ofv8imTZ/cWvbI0Yw2oNu0NWBfVPPIjQrBvm7ZvrAb/3KeWh7AB
70=bgjf/bhP/bgf/VfLCIUqNxQee0afvKeO+7dfjEePzIe/3Je/3LfP7MjijMfCJYNACey3z+
71=ynr/zH37yHzvunbwunfwu3b4yX72xXfuvG/isGfitmm9mmfVq3LqvXXjsmrqs2zChlHKmF
72=7nsmjZn13tv2T1xmz80mz913H/1Ib/0oD+0nz/1X//133/0nv/1Hz/03z+0X/8yXj7xG7/
73=1H//14X/14P/2or+z3v9ynr8z3z9zHv+0H7/3ov/1ob/0YD/2H//35LVp2WkdUCNZD6mYj
74=urf0/8zHj9zn7/0X7+0n4irD0F04D1xXrvvnWcfZSftH4i9C4HgPfGduapYPvKenzysC8B
75=0oD+zWx5ZqHOfXCGIgg5B4T/3oT1z3/atHRsqQ3Qf/zQffnIb//OePrGcPvGJJgzAX35wW
76=0izDINznXmsWP2wXL/0IH/zH3/zCQVJ31wUABrzHz/zHz+yXv+ynv+y3z7yHr2w3f0wXjn
77=sXDosnD1wXfntGbYqF7tt2nDjFDaq2eyjWKScEyEZkLvyFnuw1DkwUb731z7ynTepVjGg0
78=vosnL6xX7/zIH9zHn8xXX6vm77wnD+zXz9ynz7xHT8ynX/2YX/24v6w27+zHr/0nxsGQLc
79=jv7YiiKgQwAa3In+1ob/1X//4ZP/3I342Vfz3jb13UHnxVflql3aqWbXlVHSmVjuvnbvu3
80=YiOCoB0H/+ziK8JI1MgKdK/tB+9CoIff/RgPbDdeasYvwkujTXgHvT1oD+I7Q4Bv/WgP/U
81=fv/agYTacCkADLmZaWhXSvjLf//Vfue1a7aFTe7Ecf/dgv7Rev/biWymAALNdfvCcvzCcf
82=/Gc/3JeP/Sfv/Yf2YI2IB0VwCw2IH7znz5yHj+y3v+yXv9ynn7yXnvuXLut3Duu3TuuG/2
83=vG7Xk034x3f6yXzquXL5x3vrvnfGoGXYsmr74Vjz7SPFviTSyiPz4zPsv1Dbm1PztWH3u2
84=n7ynn90Hr9yXr9yHj1s2H8xXb+z339zHn6wW76wnL9y3v6wnH3vWj+zXz8x3f9ynr/1Yb/
85=3Y3/4pP/2of+zHv+0YP51mzx3S/o4Rbp3R3y2Db400j/2nrssGvSl1vfr2rhrGn+0ID/0n
86=//1IBsjpiOI5xHpFOVAM90gQb4xXbwuGv8ynoi1DkC2oP/14Fw1ALZgvzVgGIH2oJ1jdqg
87=lwAHgsCebW9cS8OgZuK8atuhW4haPsWUUvnPd3glAt2L/tWCcFYAAtN+/9eG/tB++sRv/c
88=V08sV75r15IoBIABrTf/zJeOGnYNqkYf7Pf/3NevzHdPzHdv3Fc/zFc/3HdPm+Z/nHb/rL
89=d/3Oe3ER0yLQRniUAAvfg//jhvvkWvftKL2sS7enPPHpJ/nUVfy8a/vCcCJAQwLHd/3NeH
90=gNBch4/c97/MRvIvUu1iIIPAAC/cd3/cd5/cl797lo97tq+b5t9bMiAER0jQAmzn790X38
91=zHn61FHt2yjt3iTz1z32z1L7x3L8yG36xHLtr2Xom1Xeo2DYm1nhsGfrumvltW3ovXV4Ig
92=TXgf/Wgf/UJnVC0ISnBdB++8p698J0bKYiVDUi/EQixD0I04DnsnHtuXL3xXl0WgA91IH9
93=zn/6ynz/04Hes23DkVblvnPjnVbIgUXSpmHjr1/3yHL+1H7+zn77wnD+03v/2Yn/2YP/1H
94=7puneJb1aFbFjtv33/0n/4xHfvt27ptCOMMCMWMP7VIuw2AAL/z4D+24X/3or/4Y3/4Y3+
95=0X79zyIcQGQpAd2C/90iQEwABPriWOziI+viJurhJOviJfTNVfi1af0iaD8AHHb5vWn6x3
96=L7yXT0sV36vWbot2verGnzwHv6xHr4xnj+znv7y3z7wXH6tmL/zXoitFMAQMR1+sBv+b5t
97=/c17/tyK/dl8+9Zk+9Jo+NRO8988+ctf/Mh6/tFp57pj5aVd561i965c1ohF349LzoFNy5
98=Ra0aVm7MJ2/9mD/tR//9SA/s18/s4jKzrQfv1h6Hy4owH+zXv+I6Q/YLUALNB//Mx98cJ2
99=/NB+9MZ478J56rt088B3+M9+47Bm2qZk04JGzYlN/9GA+8l3/dSC/9WE/+CO+8t++sFw/s
100=t8IvxHACbRftu1eXlkUGdURK2OZOCvZeCgVcGQVeGxafnId/zOefrDbvnDbfi8aPzHdf7S
101=gfzQevzKdf3PemHlzyLUMHApeLUijFEABfriWOniH+bhE+XgE+bgHO7WO/XAWv3JIthTA/
102=3Nev3JeSIAUwAAAIfAbPvAbvnHd+y2adKcXKV+VOGvY8iVVtCkX+67ad+jW9SocPfEef7I
103=dfzFd/3Fdf3Jev7Jef/Of//Ngf7UgfbeTO/iJPLbM/bOSPfKVPvWUPTSV+C5WuyzZ+ysZN
104=6jXZZsT8mFUotbQM2QVeCuaNqkYfPGef7Xh/7SgP/Wgv/Vgv/Ufv/bhv/bhv/fiP7biv7T
105=gf3PeuGybN6tZ8yWWe+uXuKaUJlhOtubVOmvYd6jX9mfWq9+TtuhYMx9SdOiZvrJfOq6Yv
106=ffSvLcRfLfPfnYYf/OffzIe+7BdO7HeezCcqmJVqKCTsidUey6bO69dOe1ceCqZ/HBdv3P
107=f/zMe/3OfvvHdfrFc/zJd/zJdf7Sfv7RgP7Qf/7Qf/7Rf/rOf/zVgf/bgv/Zgf3jVuzlH+
108=TfFufhFOfhF+rjHfbYV/7Ngf7PfvzMe/zMe//Tf//ag//chf/ahf/Qeeq7aNGqaPnIeeaz
109=bvC8dOixZ9CgX5R0WMmeZ/rMev/VgfnMffbDdemzZei7b/vXgv/chv/jkfzec//efP/iff
110=3PfPrGZ/TcOffjOuy8aOazcZ1/X2pXSaiFY4poTuaTTuObUryITOjCdv/ol//eiP/eiP/d
111=iP/Wff7WhP7ZhP7YhP/hkf/gi//ZeqiBT1o+M69qPO6bS96GQa9mNdt7O+WVSdePS+6iUr
112=t2SsyaYdqzW/bbROzYL9rGJujgFuPeDezlFuzTPeuzaeOuYOm8cPXHeOivZ+m1a/7Ld/7M
113=efS/dfrLffrJfPrJev/Qf/7Pf/7PgP7Pf//RgP7QgP3Nff3Ofv/SgP/Rgf7QgP7QgP/Vgs
114=GebtGsdP/chf/Ofu7SWuXdJOfiEuTfEunjHPXjS/zaev7PgPjEdfO+cPrKev4i4DYBgP7U
115=gCJuMtaBcGsAa9eD/s9++sl7/tB+98d3+9F/wp9qmXxRoX9K3rpw5btq4a5h78F13q9mvp
116=Va5rVt+Mp9/9uQ5LRx9M9z9t1O7eAo6eAX5uEV6NYw4tE0lH1Wb1hEhW1Rd2FJsoNLwotD
117=3K9l/uKR/+WT/92I/9yF/96O/9OB/9N8/9qG/9mFfFMAQ96K/9uA9813lnNJlGM74KVe3a
118=hm4q5p4aZj4alp4qdq77Zu5blS69Q67+Qg6OIT5eIO6OUS6uIX7Nw537xN3bFb6791+ch5
119=6rdx/9F/8sF5/c19/9Ntwf4iWS5/Iioi24Fyicx9Ihss1oD/IqBkCn/8ynr7x3j1vW/6yH
120=kibFYAINB+/9eDvZpqnIBZ2LZt/dWAuJpoyLg/+vIh6OAe8uM4+t1v/9qJ/c5977hr9sN1
121=/tGAI6wiIzg8Ivk8gG3cz3zCImFW0yLfW/TFemgAAF/Eeuy+d9mta/TFd/zMffPCefTDee
122=y4cOiyZNedU+WuZu3NT+zdJejhFebhFO7jHN3MMn1yONa+SJt/VYhuUp16UoFqUbCSYeG8
123=b//ikP/kkv/jkv7Yhf7Rfv/djf/ciP/Tff7Tgv/XhP7Ugf/Yg//ZfyJsUAAm1XrUoFnqs2
124=f9xXbdomHyvXfstm3tx1ns1znw5x/o4xLo4hXu3yby1EnxzVvVrkvtumjpsm3+zn50MyTZ
125=L88jjkXWgCLcOgXbgv/Ygv7VgHigAdyD/9gjkCB1AIJiSdJ/ItRFCNF/9L9x6Kxi+sh4I9
126=ArAAeB8MN50axr2rRt8cV6to9mmX5TzbRP+NRlI30xgyLMWQXQgOuyZvK7byOINyUoRicY
127=BXgrJBwoAAHPf/vMfvLCeOq3cu26dPrLfP/VI49C2oL/IwAjACr7z338zHjbnlPOjEr5xW
128=Lzykn50mD40VT902jWrXlcTEi3km2qiGBYSkOBalhyW0m5l3D/2Yv/4Y7/2IUiQDoO2YX+
129=zX3/0n3/2Ib/1YX/1Hxw6Qjahv/Ue/3PeP/XfyJGJNF8InQzABzOffG9ctuoafTJZPTmJ+
130=jjFOnhFu3dLPTQTe63Yv/NhduWV+auafnGe+Gsav3RJLVffSL6XdJ/IqQqIvFogyL5Rd8k
131=4W+DjCsNg//fhP/bg/7Rf/jHe++7dHAsCNuC/9OC77dr9L9yegfOfiLANQAC0YDuuHPmsG
132=zZpmfSo2nmuHf+zYJ8gyI0IiJcWgLnrWPyvZApI5A7Ihogz35wfSJ4a4JV0X9oYCLINnDv
133=IgxNbwd//9dwzmYy0n+QOwAkg/vFcve5Yva1ZfSuYPq9cvzGffq9cPW8bruWZ35lUb+baY
134=90VXplTGRSO31pSrqVXPzTff/Vawz/345oKgfUe/7Whf7ah/7ReB8kUGMD+cBt+sVxIqFG
135=0JhzAB7NfPrHedmnZvnLdfnXT/PYO/XOUfvGcPvDe/e9bfnCbPPDbvjHde+9dvPCe/K/df
136=4nmnLPfiI5bN0iKHMiLDAG3IT/1oL/0oD+dSR/hAIGg//bgv7ZgfzVI9g7CNSA/9GA7rZq
137=7rVqImRVI/BQDPbGee66c+66cvrKe//NfiIGWNSAIsAsIkBMB3/9zn7ttGf4xne9Bf4kNW
138=rUI4FvzyPWddqCItks3WANfjXcgiLoaiJMPSKlLf0ibGKINgvYgP/chf/gjfzJc/3LdiLs
139=eAAav2/3uGX8xnb+xnP/z3mmgVayj1vSqmbswnThu3Ttwnf0xnn+14T/343+1YIiSmjbiy
140=IQImQ4BH7/0H3/03wiqF8C2oj/0nsiGnrTe34L3Y0iJjXKemA6Dsp+/8+C/ct6/8uC/cl5
141=/MV0JUB2BOGI/9yJ/9N8oSP0SXwUZaTTI91P3CJIegn70X/wwHjsu3X2xXlkLCJVNYJyid
142=aCZG4C1oH+1YEkgFoE6rJn7rhr/yLZWX99dM6aSdR/Is5Q24IjdDAi2ClwCIghA+WpX/G5
143=a680/tN/IvFQ2rBffA59X9iIDH16hCLtUd8i+HJwMiJQdQSB+8Ry+8pyIvgtACjPfvzLef
144=7Wff/ag/7Nev7PfPzIdvvDcve7afzIcem1aseXWeiyZ//Yff/jgv/di//afv7fjf/bif7U
145=I+5O24xqKtmGIrR0AArWfv/Tg//Pgf/Thv/QgvvCd/nCaf3YWf/bhP/ZEQAAtR4AIABDi/
146=7Off7Pe/7MfP/Ygv7Tf/3Qev7Rff/Wgv7WhP7Pf/7WhP/jjf7Wgv7Of/7Qf/7Pff/Sfv7P
147=f/3Sf//agv/cg//Xgf3MffnJevnKfPvMfP/Zgv/ehGgDBdiB/tB//s5+cAgNz37/04D/0o
148=Hvtmn1wnP+0ogDCs9+/tB+/9qB/96D/92KANuCeAcO2IL/1oH/0oH/0YDnrGLzvm99CM/k
149=BQDj3oX70H7zx3vzxXn/1YD/1IH3xHb0wHP1xnbywHHzwXH0w3TzwHP5x3j9zn78xnT3uG
150=T9zHv/0n/9yHj7xXP8yHb/03//1ID/z3/9ynn7yXP3uWT2vWv1u2z5w3X4vmf30E713UT3
151=3ED81nv/2Yv/1on/15D/z4H/0of/0YP/0oT/1H7+2nz/2YT/33r/2of62Gfz1z3w3C342l
152=P71oH+0YD+zHv9x3f8yHb+1oD+14X+zn3/1YH/4pD/4Y7+0X7/2YX/4o7+1ID+z3/+0H/2
153=x3zpuHXyv3b/0oD/0n/+0H/+0H//0X//0oD/1oH/1IH/1IH/0H+MKHwvABL/0H79zn3xwX
154=f5ynzprmTssmb+0ID+0H7+0H3/2YD/34T/3ITQKQPYgv7Ofv9oNgAEf/bGd+exZu62af/Q
155=f//Tgf/Vgf/bgnAFAAAAAAAAHtmD+ch79sZ88sJ59MN26bBl5q1j6rFn7LFn67Jo7LNn6K
156=5l6K1i87xu+sd3/c9+/c18+8Z0/c58+8Ry+8Z0+sBu+Lto/85//s1/+8Rx+8hy/Mdz/s93
157=/MZz/85++r9y+Ldl8Nw36+Ah7ts6689b+N9M+d9u/tqB/dt2/NiB+thi9d497N4l59kp49
158=Yn7N8o6eEZ6OMW69ss+NNm/ct5/sp8/tJ9/cx6/sp6/tF//taD/tF+/s17/cZ1/M15/tF+
159=/Ml3/c56/tGA/tB//c5+8sJ58sF49cJ3/M59+8t7/c9+/s9//9GA+8p78Lpu77pt+cd4/c
160=1+/9KA/s9+/M5+/c9+/M5+8sJ5/c9/7LRp8btt/tCA/s9+/s5+/9SA/9mC/9yD/92D/9mC
161=/tB//tF/+8t76rBl5axi561i8Lhr98R18bxv8b9w98d3+Md498V29sV28bxu67Rn7LVq9c
162=J0/tF//9aC/9uE/9eC/9qD/9mC/9eC/9GA/s9+/s59/tF//tOB/9OB/Mh0+Lpm+sBu97hl
163=/cl5/9N9/9iA/Md1+btq97hm/8+A+8Fx/Mt0+dJZ7t8s6+UX3NQclIQ329Ea6eEX6d0i6+
164=Ad6N0i6+IX5eAS5+MS1M0hk4M729QW6uMY7N0p99hc+85+/sx9/c99/dB8/s99/tF//9eC
165=/tmH/tSE/9uE/tqH/tB//9mB/tN+/Mp7+8l6+cZ39sBy8rts7bNn561i67Rp7bVp8Lps7b
166=Zp6q9l46le4qVd4qVc669i6bBk56xi7LVp7rls8bxu8bxw7bZp5qpg5qxh8bxu/s9//s5/
167=/s1+/tJ/88d78819/9mB/tOA/tGA/s9/77Zq871v/9OC/89/98Nz8bxu8rxu9sN1+MZ29s
168=R19cJz7rlt77dq+MZ3/9SA/9SB/9N//9WA/tF//tJ//9eB/9WC/tGA/tB//tJ//9aA/9eB
169=/9WB/NB5/92C/tJ6/tJ7+sRw+8Rz+cJu/cp4/9F//st7+sJv+sJw/Ml6+sRw+M1S7t8r6e
170=IX5t8e28084tke5+IX5d0Z6OMV6OQQ5eQP5eIS5eAS6eAk3MxA4Nkb6eQY69wq9dhj/9+N
171=/tF//tKA/+CQ/9yI/96G/taE/9iJ/+GN/teD/96I/9qG/+OL/9yJ/89//c59/M59/cx8+8
172=p6+sp5+857/s5+/tCA+sl99sV69MJ298R3/9J//9B+/Mx8+sp6+8l5/cx8/c59/cx9/M58
173=+sx6+cV367Jm9MBy/s5+/9SA/9aB/9+Gj3taoopi/9qC/tSA/tOA/s596rBk9MBy/9F//9
174=J//9WC/9KA/9OA/9F//9J//9SA/9GA/9OB/9OC/9OA/tKA/s9//tB//tJ//s9+/9N/88N5
175=6rhz7bt0/M59/9R//9yD/9qE+8t6xZVW2qxi/9+E/9qA/9qE/9qJ/tJ6+sNu/9J+/9Z//9
176=V+/Mh2+sBx+8pz+dJV8OAq6uEc69kr9NRA990/8spN9bte8sVI9NpA89JD7Ngu8OMn7tku
177=9tQ88dg7789B8Nov89s6+9N2/tF//ch6+8h79cJ1/9iD/96L/898/taC/+CM/+OO/+aU2r
178=NtyZ5j7L11/tWA/9OB/tCA/9J//9iB/92D/9SA+s195LBt7Ld18L12+sp7/9eA/9OA/tGA
179=/9OB/9KA/tB//s9+/9F+/9mC/9yD/9GB7bRo8rxv/s+A98x+9sx8+dCAhnFXf2xS/96E/9
180=+E/9qC/s5+5Khf8Lhq/9SD88F48sB1/9KA/tB//W2sfic4GyggAGW2foTUcN0D/c5++Mh6
181=feDTaNgADPjMe7WRXdiUVZ9iPqR4SPDCbP/agP/bhf/di//Sfnaox3F0twA3y3z/0X//y3
182=z6wnH4zFr32Ev3zVj9xnT1t3P4wHT9x3z9x3n3tmr3uGv9xX/5vmr7y2n4vmz7vnX7wnX9
183=w3v9xnP7zWz7x3T9ynz4DP3LevzFdf/Tgf7ZhPPOg3SQAALejf/nlt+2bXlZOKZwQdyoZf
184=rKeWaq0H9q0tV/aPYL3YP/24P70376znz/1n9wyALcg//XgmgAfeyAjRx+dQnYeMcAKP7P
185=f+itY+2zZvzNfvC+d+++dfrKfOnFesSraP/Xgf/YgfvPffrKfO+3avC5bPrLe/jKfPjIev
186=/Rf/6+/tJ/fDiEBQP/1YD+04BsuwXPfv7RgP3QgH7d1oB8CACk0n/8zH39y33itm+zekqa
187=YEC6cUfUfj3InFvdqV3wwGr/2IT/4JD/2oj+03z7wnH9yHr+zX7hrmXvv3P/0IH+yYD+yX
188=7+x4D+0YD+0Hv8yHf9yXb9zHn+z377xHP7xnX8xnf8xXn8xnb8x3X7xXX3uGb6wXL/zYP+
189=y33/z33/0X3+1oDRrnG2lWjQqnSxlm//6o3TsnWHc1jCkU+pekS7fUrgrWbvv3T/04H8zX
190=3/0ID/2IL/3oR569iOvtuDfOwE3oT/24L+0mwoYv3UgHEvz4ghD9R//9mB/9SB7rhr8rxv
191=/9CA/3krgyIIJAPagv/lhv54JQAEf/bFePPCd/7OffS+ceuwZe62affEdSL4JAAI1IH2xn
192=vvvXbzxHzzw3n70X3/3IP/2YL+1IFoDCQAJgAa0H7/2oP80X75yHzqunPSqGm7i1WOVzbR
193=gkeYd1nxum/Om1jhsWn4yHj+zH1kLwB+0oL+znz+zHz+zHv/zX3ywHX5x3r3w3f/zX3/zX
194=7+z339znn+1X790Xz/0H7/1X/9zHn9yXf8zHj+zn34vGn6wW/8yXj2t2P3uGX4uWj8xXX+
195=y3vyunD9zXzpvXqCalVvWUm2lXCXelrHpW2dgFxiUUS9m2e6kGDnoVvfmVjNmWDitG3zw3
196=nxwHj7zX3/0oD+IwwjIjAjAtN//9uBxFML3YP7zH3uvHXwv3j4yn1wHWAlDH770H/6zn/s
197=tWnttmn/0Z4szn4iDSbYYAd6ds19bCsE1YL+z3//02RNAAz1wHPssWXorGH4x3f8z37zw3
198=jsuXPuunTstnL4xnlwCG18fyOgJQC3f//XgP/Wgu+6cei5b+SsZZJiRLZ1SMiZUfTDdJR0
199=VsafaOvDcv7Yg//akP/Wg//djP7QgP3Je/7NfPK+dvO8deu5cOKnWsyRUcqdXvbDc/rNev
200=zKdPnBbPnCbfzId/3Lev3Me/zLdv7Re//VgP3KePvFc/nAbPSyXfa1Yfq8aPa/bfnGduas
201=Z/3MfO/BepV5WWxXRI52XoBqUnFcTcusd7qYYa+NYYpuVdOaU+GPS7BvSc+QUea3bOi1ce
202=q1cvXEef/Rf/7Ofv7PfDgi/Cwk7C0J3oT+14H1x3nzwnf9IlwqIkgpC//VgfnKfuu3b+mv
203=Y/bDcE11J9OGINqCZVzVIsApC7mcacmpb//ghP/XgP7UI2wpDtOB9sBy7rNo98R0/s59/c
204=59IhQqAtF+/tWAaAAC0H7/z35sfwBj0n/6z4Dww3PrvGrIlFfej1K6azyzglP5xm3+0ILO
205=p22zjVrYpmL83Vb13k/43Ej923b/1oT9y3z9y3zksGvfq1votmPtvXXwvHLdo1/isGr8zn
206=/9y3r9zHv9zHr7xXP6xXP+14H90nv7x3T9zXv9zHn9zn3+aDkAN337y3nxvHH7zn3fsWXU
207=o2L5xnj/z3/6zHvMo2p8YU90XkxgTT2cg13nunP3xH+6k2a0jFzDjla5fkvQiE7TnmLZqG
208=PjsG34xXhurM5+Ijst2IH/InwiAYH+1IB1KtkjCjPRf2270CPYLAjKevbCdO21avjDdmx8
209=BtOF/9OF/9aD/mxtAAGA/s5+/92C+9+HcWFPjXla/+aIwrLdg3SBfKEDfvzMe/3SIzo203
210=8iljTbg2hReKMAQ3z1xHv6yn7vvHfnt3TywXDFfES5g1LnrWHrtmj/033/2n7/34//3Xz8
211=11Tv3Sjm4BXu3yX82Gz/1YP/0H/wtmrQl1fpvnPsu3Pgrm/ywHfwvXL2yXx5XtF0Y7heeF
212=IFzHv7ynv8y3siDzjTgf50A3i1AEb+0oD8zn390YDvvnXnt2/ksmnkr2bywnX9zn7EnGSz
213=kFungle6kmXcs2X912H/2Gb2zlfuu2zstnXTmVzqpF7ipF7ZomG+l2H5y3n/03/5z3z/1I
214=H/0oD+Iuc4fv7PKcwdDtN//c58+8l5/M18/Mp+/s98YMQL24P84Wv74Gn+2oH/3IR46wAF
215=14X+1YD51YK2mWiXf1bKr2jx0Xz/4IZ0onD4AASA/cp5/c93/96F/+WT/92I+sV1+sd6cD
216=gAU9qF98d667xz7bx08bpwuItZ0pBTyXY84LBs9sZ89LZr+Lpk99pN9d8+7d8o6OIW5+AU
217=6t8b8Ng4+stp/sx9/9GA7rJq1p1c8b90+sx9+st8/M18/9OB/9B//tB9/9qC/9uD/9eBaG
218=B8vwt+/cx898Fz7bFm9cFy/iNcNmTsbEYioDcASf3Pf++8ePvNfd2cVdiVUv/Yg//Sgv/P
219=f+G2TvzYV/zaV/HeLOzYKuziHe7fK/DOStirW+esY+qxZM6JToJROOemXcSUXOOnYtGgZO
220=u9cv/Ygf/Zg/7Qfv7Pff52AH7+fc6FIjA4ACDYhPzdbfTiOvDjNOzgMOfgHenjGu3iLu/i
221=NfHjOfrgaum3cu67dfG/dvTGePbSfv7cgyJ0P4SnYGoAU9F8+cRt/cl6/tKB/+WN7b9067
222=5w6rlsupJcwYlS3JpV2p1Y6qFWxHhC0odIxIJH9MR5/s18/sx5+Ltq9Ng+5+AV5uAS5N8T
223=7d8k7M1ZhGxU3bB0/9F+/9CAv5VmrIRX8sBz/9J/IvRAZA4ixEBmF9uCgGQBhP/hhXnB2G
224=DoAAP+0H74xnfttGjqsGTwuGz8z33/1YIiOCEAg85++cx627Brq4FV2YZHz4lM/tOB/dBy
225=9dtA8OMk7+An9dxJ+sxn+8Rx9slT7dQy8eYh8OQr6tBB6cJdz5ZXqG082Z1auX9P6JFPsX
226=FK1Jte1qFe3q5o+NCB/9uK/9WA/9d//9l//+KP/+CN/8+B+dpZ7uch5uET5+MQ5+IS4NsT
227=4t0S5eER6OAb9N5W/9KA/M5+/tB/cIB5QH+caHQAA/vGdPnBa2CjAFPRfv/Vf//jkf/mk/
228=/gg+e6aV1HOIRSNdWLSdiSTPGjUqdrPcqTVOi1a/zKfPzCdPrEb/nXVfDgKubgFujiFefe
229=HvTiLti2ZVlKSbOSZfnNeu+8ZtiqYei8df/Qf/rLffvPffrOfnG5ziM4JySQOwXUgei1cP
230=rLemF/znwRbEMAJtKB+8t68LZp5qlf+Md3/9J//dB988l00KNclGpI04JEy5hc/86C/NFq
231=8N8r7N8i89lA/c58/82CIjQrAGfShf3Fd/TAU+/VOOzhIPDhKfXRT/K7dOe1bey4Zs2VVq
232=xvRO+bT8yOSsibWfrdjP/llP/cgv/af//Yhf7Ugv/gif/djP7XgPfeUOrjHObhF+znFbap
233=Nq6hL+rlGerhIvfgV/LEeP/VgP3Sf//Vgv/Rf//Qfv/Qfv/QIvBECf3Levm8aPrAbvvJc3
234=SEAt6N/+GPI4READSC3rNpkmhBwYtP6rVr6bFt26lp6LNv77p1/cx7/9B/+r1v9Lda8dw3
235=6+Qd6uIf89VY/dln/NNzwZhjtYlO5LRk8MJz9cBxbA0I04DywXfptXHywHciVizVgGziCt
236=2E/92E/9qC+Mp6/dEi0kD+1JDpDtGA/9OC+sx88Lxv5Kdc9sN0ZJsAFNB+/9OC9sd33K9s
237=15xW2qFf/9CD+9Bq8+Au79k3+9d2/tiJ/s9+IjlO2XAaABj5unP3wVvy4C/p3h7x3jP71W
238=fvtXzXl27eqmL90XbfplfQnVP00IL/6JZ0UQCY2oP+1H3/24n/5JL/5JH/4Iz/3Y381HLz
239=3z7p4h3o4hbg1DnUxzTm4Brr4yL34VazfUjjp1/nsGfYrGz0xXb3xXr5y336zH34yXz+0o
240=D7z3n7xW36xnH5wG79y3r/04L8x3b7yHL/1330wGzjrGH7xnn5x3z5xHj5w3j/zXz+zXv+
241=zXz9y3z7wXP3yVbz2D321Eb41VH7zXHbsnfFl17xv27xv3fsuXf6zH1iJdSAIhgsAtqD/9
242=iAIownJFgiJVVQg6sq/9qDZI8N1YH6yXrqs2bqsmbwvG/9zSOIKHnEfSLsKgAK0IDvwnLe
243=m1XUiU33xoD/0m/z3jbt3yT020n93CM0TwLPfv/WhHRsAMzNffezZvfIWO7hK/LsHt29Pa
244=1Pfp45f69Vet2cfu3Ad/vZh//gjv/fiv7TgP7Qff7Rfv7Pff7Qfv3Tfv/YgP/Sfv/Phvza
245=ZvPnK+rlGermEezmGeriIfDlKfjdX8CGR8qDRtyITLp/Us2cXsSbY+u7cuy6cum5cvfJe8
246=+fXcucWv/dgv7Ue/7Uf//aiv/UfvvFcPzKd/vCbf/Le//OffnFdvzJev/NfP7Je/7Ke/3K
247=e/7LfP7Nf/7Jgv3Jff7Hfv7MfuWzbIZnVKxxS9uiXO67c/PDeP7QgP7RgP/UgP+mpN+Eeq
248=PZgm4r2YF+a9WBdCQiZEwi0DoJ+8p667Bl9L5w/tCAIpVAz4Gsz51W0CJ8TADz+cx35bNp
249=yZRU16Rm88F7+sp2+9da+NtG+dtd/d+G/tiD/t2C/96U/9SI/s15+M9S9ekp69I2uHBplS
250=5+iRt9jiF+o0J92Zd//dB9/s16/9qF/9+O/9aF/9R//taD/t2I/+SQ9tKB7cV7+s1+9MN7
251=7b9p89VP/OFQ/dhx+dJw68Fm77x37L5w7bZitn5MvnhHpmlCn2c/9rli56lb355Z7KVar2
252=xAlGpE5rVj/9uA/9qD/9yM/9N//MRy+sNu/sx6/s17/9N/77pw9MJ3/sx9/cp8/sx8/sx7
253=/Ml4+8Rz+8R0/sp8/ct8/sx8/s17t4lXuI5V1J1Y+8p5/9KB/s9//tJ//9yCek/bgyJhNd
254=4kPCYi4zD/1YEidCcllCIHf//RgfTAcu62aiN0UWAobFVs5SLcMSKUWwDF24L/1IH/1oHr
255=v3HPo2PZoVzns23+zIX+zXr81F/43Ev43Ez33kf03Vf/42by2Ubr0Tjz4y3OmFeXMYKNIX
256=6OIHyRKX7GeH7/44D/1n3/14H/0IH/14X/34//3IX/4Y7/6ZbgvXaSbUKsfE7hrWjEiFC4
257=g1Prsm7ru3bvv3jvuXTbpGj4x3v+xnT/ynrrsmfrs2a3gkm7dzz6tVjcmFDfolf4s1jSeD
258=vFllXYp17sumb+1n//24b/04H9zX31s2D9yXr/0n7+y3v/zH3/y3v+y3r9ynv9ynwiPDgK
259=0nz9y3z5vWz3uGb+ziOAYAjSgO2vY9yfVfnMemDKAdB//tMiFCRkJgAC0X7+0n//14H7z3
260=/zxHr1xXrzwXdyodF/IhBAIoQmCn//0YD4xHbxum38y3xqddiBev3fhSMoPYAxdAkBfv7N
261=fiKYYACS14PvumTHhkPhqWX/0YH6xn7ywHD8zm/8yHT501ztv064aW6gQXygRXOSJ4GNIX
262=6MHn2NH36SJ363YHztxIb60oL0y4n/3or+zHv9x3n7xnH/4I301YSwgEV8XDmcYj3piUOn
263=XDW1ekHLgUfjomDSl1fnqV7ChUu2hlD7w3L6wnH8wm/4t2P6wnDqv4HksnPnsWnksGrtuW
264=zxuW35xHX5x3j1w3QiaCcO2IT/1oL/24r8ynb9yXn/1IBoAAXQff/Vfv/TfiLEPQAOzX39
265=zXn9zHr9y3n6wG/1tWH8xnb6wnD4vmnyuGTyvGwiGDUFz37+0n7/038iOmbPfyKwNg7Pf/
266=/Rf+25dOeyb+q1cfjIepAsIgwpAAP+zn3+z37/0oD4xXbwumz9zn7+0oAiGCwAAtSA88R5
267=77559sZ5/9aB/9aA/teAIrRiIhBGAOt/+8t55Ktf56dW9LFc7rBh4a1m+8Fy/MZ3/8yA+c
268=F6459zumJ4kiaAjBx9ihx+ih5+jB19jB98jB5+mTJ9p0Z8x3p9/+GG/+KL/9F/+cNu/cp5
269=675016Ze0Z1cyI5T7KJV1JVX2KZg4KdZ6qta7q5g/aVJwmwzsGQ0/92M/tN9+sRt979r78
270=ZnxLOeo5iF4bNu+MR998B+/82G/82A/8uA/8t//ch+/sh//sh6/sp6/s59/89/4bBp1p1b
271=67Vs+s17/s59/sp7/9N+/9yG/9aD/96K/9iH/s19/cx6+8p0/dF6/9qC/9OC/tCA/tKA/9
272=aB/9SB/9OA/9OA/9GAInBGCNKA+cp8+cl79cJ3InwrJLQsJKxGCM9+/9GB9sJ06rBlaQPP
273=dDAJ/c199sh5+Mh79sp7IhEx2/XV3SI0bQDM/s5//9R+/tB3+L9p+cFq/8l3/ch4+L1q/M
274=d3/chy+sx404l4okJ+kil+kSh+ix19ihx8kCV/kSh9jCF8kyd+nTp7xHeA6bqK/tiC/s99
275=/8yA/9OC/9SF/9KE/st+7rt86rd17rZz8b924LNk57Vg7bp5uoth3ZtR/9uK/9eC/cp4/c
276=ZutaWBd3Z1W1pTkHpc/dZs/tVr+dNf89499eE7898589tD+9Vq/c17/ct8/ct8/s1+5rZu
277=3ahm87xx+sd4/8x8/8t8/9B+/NeJ/tSG/Mt8+8hz+8R0/9eD/9yEkdeCImBoAAvOfv3RgP
278=3Nfv3Le/zNfPrNfPbFdvfGd/jIePzMfH2e2iStcIJ4oyIMPoSkCNSC9MF046Vb/Mp6ZC8L
279=0X//1oD/4oX/3oP/4IVkUyKRUIB0KngBAAAGgv/Qf/i8Z/zKdfzIdP3Qef3Lev7LevWzX/
280=a2Y/i4Yu2ucOutgvK4f+SlfeuzfM2AfcNwfeGifu2xe+Oke+mufeOifOyve+enef3Ke/7L
281=evvXa/biRe/ePPHfPvTfPvvTY/fDePnCe/jFee63c+fAacS0m5yTg+W5cfrBcP7Ne/7PfP
282=/Ld+KxabyjfLyid+S7b/beR+3kI+jiGenlEMS/FtrVFOjjFO/kJ/fXY/7MgP3Ke/7MfPS/
283=cfbFeP/Ofv/Of/nIfOvAdeOtavfJcPnQWPjJXf/Lc/q7bfvDd//WiP7Sg/7Ngv3NfvvKef
284=nGd/rEdfO9b+61aOqwZuiuZOmuZOWqYemvY+62afjGdvvNe/XGdvfGd/rKIrRZAKr7zHv5
285=zHzuuW3nrWL3xXb4yXn4yHf4yXj4ynj6y3r80H39zHv2xHb0wXP3xXX2x3b3yXj6yXv2vG
286=v5v238yHb8x3b8yHf6xXD6xXL6wW/9ynj5y3fbsGLpvG7zwXP6yHb/1n3/0Hv/1Hz/0Xz/
287=03v/03z/03v/z3v/znr/z4T822Xt4iXp4hbl4RDm4xDl4BPo4Bnz4Dj82mn/14X/zHmznH
288=1zdXdYVVCQelf9znn6w277xHT9xnH/0nv/ziKETQBX/99P6eEd5d8U5uEU6uUYq5lHuKkx
289=6+Mb7+Um+Ndf/sqB/ct8/st8+Md5+8p698J33qps0KVo7sNi6stA8uQs6+Qd6+EhybdC8N
290=Nk9tNJ9tRX991W+tVj/s+A/s+B/tB+8cZ8i3RY37V1alHSgSJEMJj3AEP3wXPwuGvutGnu
291=tWnzwHL1wnPzwHPxvG/ormTorGLwu27uuWzpsWXrsmfwu23yvG/0v3Lqs2nbpWTrsmbqsG
292=brsWbkp1/lp17rsWbpsWb4w3P8y3n+iI0iGibSgCLwXAAB04H/1IHjtWzMn2HVpF/UnWD9
293=yojkAc18/cx+5v3JiG8ANMx8/st+/NZr9OM56eEa5eAV7OcUtqosrqEr6eQU5+Aa9OBF/N
294=d47rt006ZozrWExq165bhu/9uE/ct3/cp06rdo6LNr/9UiiEAAHPrXYPDgMu3lGuXgEuTf
295=FOzhKubcIuXeF+rhIfnYXv7JgP7KfP3Lff7Mff/SgfIRAACaA6QDAHm3bsqMU+KzbfTcQ+
296=zmG+biFObiFOjjHKqYSMm+Ku3pGOXhE+XgE+nhHfTgPfvUdP/Yhdm0d1pLRa6JYPjKev7R
297=f//eg//fhP/dhP/ag//Zg//TgP/RgP/QgP/PgP/Pfv/WgP/Xgf/bg//Vgf/Qf//Rf//SgP
298=/RgP/RgP/VgeS7eKqNaP/bh//ZhP/TZAUACf7QfvvJefzNfP7Off7Pf/7Pf//Uf//dg//c
299=grUA/mwHD4LywHfjtG7hsmrfpF7sunH/1nAOAOP9ynv9yXv/0X3/1n//1oP832Du5CHn4h
300=Tl4BPm4BTazDrLujrm4Bbo4Rfp4hrz207/1IP/0H//zHf/03f/znv4vGr9yHn+yXbiq2Hd
301=qGL+zn7+y33+yoH+zXr83F/x4jjs4xzp4xXn4hbr4iHy3UH6z27/zoD/zX39yXz/zX73xn
302=buuGrWmlbvu2/y2z/q5Bji4BDl4hHl4hPs5Cbl3xjl4RHj4Q7k4RDm4Rbx5S3xzWvvv3vr
303=vXeykWC0lV7Srmj71X//3IL/3IL/3oT/3YP/34P/1ID+zX7+0H7+14H/2IH/3YP/34T/2Y
304=L6y33+z37/0oD+0GgkbAEABdOA68F7lHdXu51h6sh3/9aB/tOA/tF/eCUO04D+0H/+zn7/
305=1YD/24L/2oFkKQBT3oT/3IL+1ID/04D9z37vvHb6znrWj0zhn1v0xXncrGf9zH39yXv9yn
306=v+zHz/03//2Hz722f04UDv5CHo4hno4hbr5hbm4Bjq4h304jn502b9ynz8xnX7y3X8yXf8
307=xnT3uGP8xHR0DwCwz37/y3f5wGz9ynn+ynz+yX3/z4X/0H781mP82Gn82mX61Gn+zYD/zI
308=Dtu3TtvHT+0n390H/Po2PgsmH+znP/1oT92GT34j/24EP25Dzx3UH15Dnz30H25Dvz4EP3
309=5j/64FD1yGztu3PtuXPxvnX6xnn/1ID/2IL/24L/4IX/34T/4YX/34T/4Yb/24P/3oT/2o
310=H/4oX/4IX/3YX3yXzvvHjotXPwu3T0xHj/1YL/0X//1YH/0n//04DqwHbnvXT3yXqcAgSA
311=/9SC/9SBjQF/YgHRgHQAAFPSf//Zgv/cg//fhf/TgP/Xg//OfNeiYdy4b92WTt6aVfTEeN
312=urZv7Qff/Rff7Off3Le/7Pff/VgP/Thf/Vg//da/vaZ/vZaPjXY/vbavzaZf/UgP/Mgv7V
313=fv3Nev/bif/hkf/agxEAAA==

[Map]
Theater=DESERT
Size=0,0,60,62
LocalSize=2,4,56,52

[Waypoints]
0=86043
1=44045
2=44085
3=83084
26=51052
27=48077
28=73073
29=76049
30=64021
31=105065
32=19064
33=64106
699=62063
700=62063

[IsoMapPack5]
1=zg4AIAk8AAEA//8AAAACADtMAAH//wAAWQA8TADJAT0oKAABOgADANUCOygpADwoKQA9KC
2=kAPigrADkABPkGOkkBIUQMTQo7SgHhAU8BAgA8KCkAPSgpAD5JASJcA00FP0gBZAFLATgA
3=BfEJOSgpADpJAd6xCTtIAYkMA18KBQDidwIDAD1UApMJAwA+SQEmdwkCAD9IAZcCAgBASA
4=FwAksMNwAG6Qw4KCkAOSgpADpIASe3AQYA36kMPFQChQgEVg0GAIgMdg0GAIkMA1QN1AJ0
5=DdcCAgBB+AYCAgA2AAfhDzcoKQA4KCkAOSgpADpIAScPAgcAJGQPZx4HACipAT1BBCepAT
6=5JASOpAT9JAdm9FUBIAZAUbxAHAON3AgIAQlQCaAVfIDUACPkRNigpADcoKQA4KCkAOSgp
7=ADpIAZgRZUoIuBFtPAjxFD1ABNkRPkkB12APdyMIAM2pAUBVAtWpAUFIAZkRA0cTCADmdw
8=ICAEP0AgICADQACfEUNSgpADYoKQA3KCkAOCgpADkoKQA6SAGIDH8VCQDgqQw89AJvRwkA
9=23QCdTkJ8RQ/QQTUtQJASAGILWcpCQDpdAJmKQkAmBx9FQmEDFEqREwFjAECAgAzAArpFz
10=QoKQA1KCkANigpADcoKQA4KCkAOSgpADpIAd0KO0gBwTA8SAHZET1IAYlDAkdgCgDccBR2
11=LgoAyRdAQATdFUFIAdEJQigpAEMoKQBEKCkARSgrADIAC+EaMygpADQoKQA1KCkANigpAD
12=coKQA4KCkAOSgpADpIAdkROygpADwoKQA9SAHFHj5IAcUeP0gBwRpASAHFCEEoKQBCKCkA
13=QygpAEQoKQBFKCkARigrADEADPkcMigpADMoKQA0KCkANSgpADYoKQA3KCkAOCgpADlJAY
14=x7MgIAOkkBiqkBO0gBhHZtaAyQGFlIPVQCjAF0OSdVAD9UAs0FQEgBwQRBKCkAQigpAEMo
15=KQBEKCkARSgpAEYoKQBHKCgAAjAADQBIYwsGADHIAQEBBgAySQFFtQIzyQEBbXMN4SU1VA
16=LJxzYoKQA3KCkAOEgB0R85SQGFsR86SAGdgwJX0w0A0LUCPFQCcA2dIA2EAUkBPlQCzQU/
17=SAGMiWetDQDPuQZBVQLRqQFCSAGcBmxzJwUBRChVAEUoKQBGKCkARygpAEgoKwAvAA67HA
18=YAMCgpADEoKQAyKCkAM0gBYiUEBkaXDgBoAQEFAgA1VAIndATTCQIAN1UCkL0VOEkBh6kB
19=OUkBiakBOkkB1qkBO0kB0qkBPEgBxR49KCkAPkgBySI/KCkAQCgpAEEoKQBCSAHFCENIAc
20=0mREgBzSZFKCkARigpAEdIAdVPSEgBzQVJKCsALgAP4SUvKCkAMCgpADEoKQAySAGFCAZd
21=pA9U5FABbCaoAVFLNUAEJ8wE3ApsJicpADgogQA5SAGEuGZrDwCYtmVKD1AKSABmaw8AxS
22=k9TAXBJT4oKQA/KCkAQCgpAEEoKQBCKCkAQ0gBxVVESAFBDABZU0UoKQBGKCkAR0kB2L02
23=SEgBzQVJKCkASigrAC0AEPknLigpAC8oKQAwKCkAMUgBkAltcxCFAQBlKRCFKQJkKakBA3
24=RP3AoiBCInKQA3RAjdKzgoKQA5KCkAOkgBgAtkKcgMZSkQKCUFELDlbJQnKQA/WAbdK0Ao
25=KQBBKCkAQigpAENIASckBSeJAUVUAsEPRkgBzX5HSAHdCkhIAdFWSUgBzQVKKCkASygrAC
26=wAEfEqLSgpAC4oKQAvKCkAMEgBkAltnxGEAVEqMihVADNJAVh8An8rEQBHqQE1VAJoAV2k
27=NkkBSbUCN8gBVQI4SQFGtQI5yAFBXDpJAY6pQztIAXwDWUg8SQHatQI9SAHFHj4oKQA/KC
28=kAQCgpAEEoKQBCKCkAQygpAERJAdO9CkUoKQBGSAHJDEcoKQBISAHZMklIAcUTSigpAEso
29=KQBMSQFWZAQCBgArABLpLSwoKQAtKCkALigpAC8oKQAwSAFgCEktMSgpADIoKQAzKCkANC
30=gpADUoKQA2KCkANygpADhJAUBjCwYAOcgBly4SAI29IDtUAsVgPEgBaAUBAAIAPUgByYU+
31=SAHVIz8oKQBAKCkAQSgpAEIoKQBDSAHZJ0RIAd0KRSgpAEZIAckMR0gByQxISAHFl0lIAd
32=kGSigpAEsoKQBMSQFVZwQGAE1IAWQBWycqABPhMCsoKQAsKCkALSgpAC5IAdkGLygpADAo
33=KQAxKCkAMigpADMoKQA0KCkANSgpADYoKQA3KCkAOEkBQFgNQZM5yAFBkzpJAZHsMcgXZY
34=wTRAVIAG0xE/GNPkwFwSU/KCkAQCgpAEEoKQBCKCkAQygpAERIASPVMQJY8ieJAUZUAt1t
35=R0gBwTBISAFEEH26SSgpAEooKQBLKCkATEgBbDFBfU1IAZsGBgBOKCsAKQAU+TIqKCkAKy
36=gpACwoKQAtSAHFCC4oKQAvKCkAMCgpADEoKQAyKCkAM0gBlPRtlBSMCUlDNVQCjwEGADYo
37=KQA3KCkAOEgByZs5SQFFcwUGADrIAUFnO0gBcQIAZDTcCmY0FADZJz5ABCeFBhTlw0AoVQ
38=BBKCkAQigpAENIASe0DCddAUVUAtUNRigpAEcoKQBIKCkASSgpAEooKQBLKCkATEkBUFQJ
39=hDTIDGQ0JykAT0AEXQMAQyUoABXxNSkoKQAqKCkAKygpACxIAdkGLSgpAC4oKQAvKCkAME
40=gBhNluyxUAgFFt9xWACEEPM0AEkIJ9NhUkTysGADVUAiOoJn42FQCX3gYAN1QCnwYGADgo
41=KQA5SAGAyn02FVBcAwAABAYAO1QCdTkFfDbUDXw2JykAPkAEyTg/SAEllSlASAHVOUEoKQ
42=BCSAHBBENIAdVlREgBmBFmaxUAjxACAEYoVQBHKCkASCgpAEkoKQBKSQFMSAhFNEtIAXA1
43=SYVMyQEDdJzcFX42FQDBXE9ABFQGfTZQKCsAJwAW6TgoKCkAKSgpACooKQArSAHFCCwoKQ
44=AtSAHRNS5IAdUuL0gBzQUwSAEjhD11ORaQAkk4MlQCjAEiJSYWpJd1ORawYXQ5JykANkwF
45=nCt1ORb5PThUAtUNOUgBkKN1ORYjWCdJDDtVAkFNDAF0OcAPdDknKQA+QARcA2WXPygpAE
46=BIAc08QUgB3TZCSAHNBUMoKQBESAElpTZFSAElpTZGSAHNBUcoKQBIKCkASUgBaDhdNkrI
47=AV02S0gBn0EGAExIAYQIdjkWAN0rTlQC3SBPSAHNXVBIAd0gUUgB2wYmABfhOycoKQAoKC
48=kAKSgpACpIAdkGKygpACxIASOjMAYALUgBi1kGAC4oKQAvSAHBDzBIAcUIMSgpADIoKQAz
49=SAEnxQ4XKIwHJykANkAEzRs3KCkAOEgBgJ4iXSIXhAxBOzpVAkFQAVknO8gBReQ8SAGAJW
50=08F7REIrUtF6CIIoRTxAgiJDwnKQBBWAZMCXFAQigpAENIASW9I0RJAY+l70VJAYKpAUZJ
51=AYapAUdIAcUISEkBa1QCAQECAEnIAVEUSkgBI/M6BgBLSAEjxDpsPMwQbTwX5WBOQATdIE
52=8oKQBQKCkAUUgB1S5SSAGADwIGACUAGPk9JigpACcoKQAoKCkAKUgB2QYqKCkAK0gByYUs
53=SAHBBC0oKQAuKCkAL0gBI6Q2IpU/GIgFWTIxVAKMAWy1J1UAM1QCJ+UHGCjkBycpADZABM
54=UeNygpADgoKQA5SAHFHjpJAURtDAZOtRgAaAFJLTxUAsV2PUgBgEZkP8wQZD8nKQBAQATV
55=REFIAZwKInxSJ4EAQ1QCJ+QH0CpvtRgAi0A7RfpGQASLOAIAR0gBeD0BBAIASMgBScdJyA
56=EBBgUASsoBBwVEP9AJZT8YJBBVZD8nHQROTAXdIE8oKQBQKCkAUSgpAFJIAYsXBgBTSAFk
57=IkMwJAAZ8UAlKCkAJigpACcoKQAoSAHZBilIAYsiBgAqSAHZiitIAdkRLEgB1Q0tSAHZBi
58=4oKQAvSAHJvDBIAcEEMSgpADJIAckMM0gB3Qo0KCkANSgpADYoKQA3KCkAOCgpADlIAYw8
59=db0ZkA1RHztVAkRQAVn4PMgBTTE9SAGEE3xBzAV9QRmsqmaBGQCImyK9WhkmOURCWAZMCX
60=GCQygpAERIAZx4fkEZANFARlQCzQVHSAF9QQh+QRkAagEJA0SBqgEKBFxBqQELfEEnsQZM
61=WAaECH1BGSSMKG33GfVlT0AEzSZQKCkAUSgpAFIoKQBTSAElxSRUSAHfCiMAGulDJCgpAC
62=UoKQAmKCkAJygpAChIAd02KUgBzRAqKCkAKygpACwoKQAtSAHBRi5IAc0QLygpADAoKQAx
63=SAHZzDJIAYwxIk0gGvEfNFQCwQ81KCkANigpADcoKQA4KCkAOSgpADpIAdkRO0kBQH8RBg
64=A8yAFBiD1IAXECAHREwCV2RBoAlJx1RBqcA0EEQSitAEIoKQBDKCkAREgBjCZ1RBrxz0ZU
65=AiMobnWGGly1XAl3RBoAHUUBAHREyAF1RBokIG10RNgRdIbMEHREJykATlwK2atPSAHBJV
66=AoKQBRKCkAUkgBIzgjdIYnXQFUVALBv1VIAXQRW2kiABvhRiMoKQAkKCkAJSgpACYoKQAn
67=SAHFCChIAZeyBgApSAHFEyooKQArKCkALCgpAC0oKQAuSAHVkS9IAck4MEgByQwxKCkAMi
68=gpADNIAcEPNEgBwQ81KCkANigpADcoKQA4KCkAOSgpADpIAdGNO0kBQEQPRfo8yQEDIq0h
69=GyYVLz5UAsnHP0gB3Y5ASAFUBm2JQSgpAEJIAZQuItVdG54DAAJB2hskNGpuRxsAwUZGTQ
70=UlaARsR9UCA0XOG7hIbUcbuEhtRxskbHFvRxsA6G/WBQBMRAgjw2sFAE1IAWwJTTxOSAHB
71=JU9IAclvUCgpAFFIAdEfUkgBjBttRxu3pwYAVFQC3StVSAHFNFZIAcsMIQAc+UgiKCkAIy
72=gpACQoKQAlKCkAJkgBxQgnKCkAKCgpAClIAckXKkgBzRArKCkALCgpAC0oKQAuKCkAL0gB
73=xB4FMAAcANMBAAARAACADwAgCAAGADEAHADRAQAASwEyABxcAEsABgAzKCkANEkB1qEENU
74=kBzakBNigpADcoKQA4KCkAOSgpADpJAdC5BjtJAT9EDFUNPMgBAQECAD1JAY1jBAIAPkoB
75=//9HBAIAPygpAEBJAdehBEFJAc+pAUJIAZ8KAgBDSAFQBgIAAAIARCgpAEVJAeCtBUZIAY
76=MEAwBHSAGXAgMASEkB3WMEBABJSQEkZwQEAEpJAee1AktJASi1AkxJAd93AgUATUkB2WsB
77=BgBOSAF8AwEABgBPKCkAUCgpAFFJAditBVJIAY8bBgBTSAHRKlRIAdEqVUkB1K0FVkgB3Q
78=pXKCgAASAAHQDFCCEoKQAiSAGXIwYAI0gBlyMGACRIAcE7JUgB0QkmKCkAJygpACgoKQAp
79=KCkAKkgB0RQrSAHRFCwoKQAtKCkALkgByRcvSQGMtRgwSQGKqQExSAHdIDJIAdkRMygpAD
80=RJAdqtBTVJAdKpATZIAcEPNygpADgoKQA5KCkAOkgBzRA7SAF8TAECBgA8yQEDf0wdAJF8
81=CnxMxCl+TB0AmycCAEBMBZcNAgBBKCkAQkgBJ50JHYQXnkwdAI9HAgBFQASPRwIARkgBgU
82=YCXUwdUDBYBX5MHQCVAgNfTB0A22wQf0wdANWpAUtZBt6pAUxIASeeCR0AzSZOVAJICXl0
83=TygpAFAoKQBRSAHZJ1JJAdNwCX5MHQCDGgYAVFQC1SNVSAHFNFZJAYatBVdIAYcTBgBYSA
84=HPRx8AHulOICgpACFIAY8mBgAiSAHJDCMoKQAkSAGPJgYAJUgByRcmKCkAJygpACgoKQAp
85=SAHNECpIAd0KKygpACwoKQAtSAHBGi5JAZC1GC9JAYmpATBIAdEJMUgBzQUySAHZETMoKQ
86=A0KCkANSgpADZIAdEqN0gBzVI4KCkAOUgB3Qo6SAHNcztJAWdNEAF2Tx4AaQECdU8enA5N
87=Rz5ABIwFdk8eAJBsdU8esDV0TycpAEJMBYQpdJwnBQFEVAKUCXRPJ1UARlQCwVFHSAGJTg
88=JVnB5cOVQFd08eACFFAQB3Tx4A4VAUSQFLTQUltQJMSAEn9AnEE3WcHqRVdJzXDQYAUEwF
89=dAZNn1EoKQBSKCkAU0kB3GgMdE8n2QBVVQKLtQJWSQGCqQFXSAHBUVhIAdleWUgBywweAB
90=/hUR8oKQAgSAHBUSFIAcFGIigpACMoKQAkKCkAJUgBwVwmSAHJDCcoKQAoKCkAKSgpACpI
91=AZM1BgArSAHVDSxIAYc0BgAtSAGDOwYALkgBn4MGAC9JAaJvDAYAMMkBAWfvHwCotQIyVA
92=JoAVUCM0gBcAJRKjQoKQA1SAHRCTZIAcEENygpADgoKQA5SAHNEDpIAXRPAQQFADvKAQUF
93=RaIfjVIGbFKpAQdloh/5oD9MBYwbbVIfKE4KHwCHYAIAQkAEmF5tUh+UEVVaRFQCjAFsUi
94=dVAEYoVQBHSAGUnG1SHyhMCsgBbVIfu1MFAEtNBeJrQwUATEgBmFNm7x8AxUpOVAKUDWxS
95=1A1sUicpAFEogQBSKCkAUygpAFQoKQBVSQGPdw0GAFZJAYKpAVdIAc2JWEgBJ0wKJ4kBWl
96=QCzxAdACD5Ux4oKQAfSAHZUyBIAZEqBkkcILAqdKcnKQAjKIEAJCgpACUoKQAmSAGfxQYA
97=J0gBwQ8oKCkAKUgBwZ4qSAHVDSsoKQAsKCkALUgB0QkuSQG4VgkCBkZVIABpAQNnVSAAol
98=QCSQExQAR4U0EEMsgBVQIzSAHVDTRIAdEJNUgBVAZh1TYoKQA3KCkAOCgpADlIASelCiCN
99=UghkVaoBCQREVagBAQoDAD1NBWdZMgtmVSAAlLJ1pyDtUkBABM1SQUgBjBBlVSCEAVlTQy
100=hVAEQoKQBFKCkARigpAEdJAWxVDQRmVSAAagEFAk/3IABtVAIBAAUASkAEaQEBZFUn5QdM
101=VAKbDQYATSgpAE5JAdJ4AmRVXBVIAUF9UNQCUSpRSQGmVAJNflLIAUEEU0gBzX5USAF8A0
102=EEVSgpAFZIASM7IwYAV0gBwQRYSAHNlFlIASU1KFpIAcGeW0gBzQUcSFHBMB0oKABoxNQC
103=eHHRCSBABMVKISgpACIoKQAjKCkAJCgpACVIAZsyBgAmSAHBDycoKQAoKCkAKSgpACpIAY
104=w8Za0h9WUsVALRCS1IAWVVBWWtIZFWBnxXqgEHBkatIQAlkS4xTQWVZw8GADLIAV0rM0kB
105=y7UCNMgBVQI1yAFZMjZJAdChBDfIAUEEOEgB2TI5SQEnYwQFADpJASOpATtIAYSEfFdw0l
106=gCfVchQCBIAX9XIQDjeEh8VycpAEBZBiJcA0VVQUgBZAFJAUIoKQBDKCkAREgBmIpmrSEA
107=gDsi7CmJ+wBZBkdABMUISEgBfVcJflchAHBWTRtKVALNPEsoKQBMSAHJek1IAZwKdv8hAH
108=1XA3xXqQEEZK2oAUEwUUwFfFddClLIAU0FU0kB2VAQTSZUSAHdClVIAcmFVkgBXANphVdI
109=AcEEWEgB3UxZKCkAWigpAFtIAcUTXEgBxwgbACL9rxwoKQAdKCkAHkgByQwfSAHJDCAoKQ
110=AhKCkAIigpACMoKQAkSAHd/CVIAcEPJigpACcoKQAoKCkAKSgpACooKQArSAHF2SxIAWlZ
111=CCL9ICKJWQl0WqkBCnVaIqjzdloiAM0QMVgGdFpVLjLIAVUuM0gBdFpJATTIAVE1NcgBUT
112=U2SAF0WlkGN8gBTQU4SAHJWTlIAclZOkgBlwIEADtIAZQCdVoiqFl0WmglRyEDAD5ABI9S
113=AwA/SAGPPAMAQEkB5q1dQUgBRQUAWVNCSAGMBSL+ICIAjJQi5T4ioH12WiIAgH10WpRieQ
114=ZHWQZLawgGAEjIAVFLSUkBUbUCSkgBZAFdpEtIAdl0TEgBzV1NSAHdmU5IAYAPdloiACXB
115=NFAoVQBRSAHdTFJIAWhZRSlTyAFFKVTIAQEGBgBVSAHBD1YoKQBXKCkAWEgBwQ9ZSAHVT1
116=ooKQBbKCkAXEgBwQ9dSAHfChoAI+FcGygpABwoKQAdKCkAHkgB2QYfSAHBqSBIASMAJyIF
117=IiOoLSIFIiOo6CL0QCcpACRMBYAwIvw2nD55dCZUAt0KJygpACgoKQApKCkAKkgBwTArSQ
118=G3XAZJTizIAUlOLUgBeV4NbV0j4VwvVALVIzAoKQAxSAHFNDJIAZBLIpRKJ2UCNFQCRAxx
119=FDVIAcF9NkgBzTw3SAHRKjhJAeZvUgUAOUgBkBRmuCMAlAJtXSMmjT48QASXDQQAPUgBgA
120=RtXSMkYD5uXSMAiGQirSwjSARUECL8NsQTIgUiIyaBN0NYA4wbbV0jvHhsXSetAEZABFwH
121=rl0jAGxdTSZIVAIluT5JSAElQUVKSAHd20tIAcFcTEgB0R9NSAGUDWS41A1sXScZCVBABM
122=lDUUgBzQVSSAHBJVNIAXheVZFUyAFVkVXJAQsirCzIFyIEIicpAFhABCesCyedCVpUAskM
123=WygpAFwoKQBdSAHBD15IAZ8gBgAZIQxFzRsaKCkAGygpABwoKQAdSAHZBh4oKQAfKCkAIC
124=gpACFIAd2vIkgB2QYjKCkAJCgpACUoKQAmKCkAJygpAChJAY5nSgYAKUgB0QkqSAF4XkmF
125=K8gBAQYGACzJAQd1vST5Xi5UAs1zLygpADBIAdVwMUgB3QoyKCkAMygpADQoKQA1KCkANk
126=gBzTw3SAHRCThJASZ0CWRgeNpMAWVgJLy6ZGDUAnW9JKBcdL14gkwFZWAkJCA2ZWAkoGdk
127=YCP0QX1XQUgMRAVpAUJIAZxBdb0kvI5lYCS8jmVgJCgMIycFAUdZBlRoCHW9JCTjTgYASV
128=QCcAJJvEpIAZ0KBkRlxwgGAExUAsFGTUgBwQROSAHd5k9IAcEEUEkBkr02UUgBzQVSSAHN
129=BVNIAdUNVEgBcWEOdr0kAGkBD2dgJADYRARd0FdABN0KWEgB0QlZSAHBO1pIAScEDNMfBg
130=BcKFUAXSgpAF5IAdFhX0gBRAxrmxgAJe3AGSgpABooKQAbKCkAHEgB2QYdKCkAHigpAB8o
131=KQAgKCkAISgpACJIAc2JI0gBwakkKCkAJUgB0RQmSAHVDSdIASUxTihIASUBPSlIAXBhAQ
132=gGACrIAVmKK8gBWYosSAHVDS1IAcVVLkgB3QovKCkAMCgpADEoKQAyKCkAM0gBzTE0KCkA
133=NSgpADZIAd0KNygpADgoKQA5SAHJZDpIASMPIgUAO0gBJ2wvIhBJTAh9YiWoZCJtLyUkpF
134=cibS8luGl8YiXAKGTDIyhDvWIlJh07Q1wKhB58YieBAEVUAoyUIhQkJ1UAR1QCfGJJTkhI
135=AUQQaUNJSAHZJ0pIAclOS0gByU5MSAHJOE1IAdUCTigpAE9IAcEEUCgpAFFIAc0FUigpAF
136=NIAZjiImRPxBN9YiWRYQR8YqgBTZ9XTAVoZE2fWEgBgxoGAFlIAcU0WkgB1QJbSAHVAlxI
137=Ac1oXUgBzRBeKCkAX0gB3RVgSAHBURdMLsUIGCgpABkoKQAaKCkAG0gB2SccKCkAHSgpAB
138=4oKQAfSAEjpyAGACBIAdgGJUw3YDAlTCxpASNABMgXZKrMMXRBjDwiJDyIS20FJ0wF0Qko
139=SQGxTAFBOynIAVX/KkgBYWcNIiQ8J9kALFQCSAVlCC0oKQAuKCkALygpADAoKQAxSAHVIz
140=IoKQAzKCkANCgpADUoKQA2KCkANygpADhIAc0QOUgB3Qo6SQFmbKp2ZSYAaQEBdMipAQJ0
141=ZakBA3RlJTxqdWUm7WhARAgjMCF0ZcQeIhwlJykAQ0AEgA90ZSdVAEUoVQBGSQFPZwQGAE
142=fIAVEqSEgBcAJJx0lIAd0VSigpAEtIAd02TEgByU5NKCkATigpAE8oKQBQKCkAUSgpAFJI
143=Adk9U0gBwQ9UKCkAVSgpAFZIAWhkRaJXyAFFoljJAQt1ZSYks2kGAFpUAskXW0gBzX5cSA
144=HdFV0oKQBeKCkAXygpAGBIAd3bYUgBxRMWWC/dChcoKQAYKCkAGSgpABpIAdkGGygpABwo
145=KQAdSAHFEx5IAc1zH0gB2QYgSAEl9SohSAHVAiJIAdgGIlQt2Ccl/CFsXdysaAHYRWkBJ1
146=gGYmcDBk6vJwBoAUmQKdQCSZAqSAHJDCsoKQAsSAHJei1IAcEELkgBzRAvSAHFjDBIAdUY
147=MUgBwSUyKCkAMygpADQoKQA1KCkANkkB2X9iBgA3SAHFCDgoKQA5KCkAOkgBYGcj3V4njG
148=gj3F6pAQYi3F6pAQdsaCUgKmxoJVQ2ZM4jUDJ5zEFQCYwbbGgnVAACQwAnAAARAABUDwAg
149=BgAAAAACAEQAJ1wASAAEAgBFACcATUQBAQAGAEZJAU9IAQECBgBHSgGOAU8BBgBISAFBAQ
150=BBBElJAde1AkpJAc+pAUtJAc2pAUwoKQBNKCkATkkB0qEET0gBzQVQKCkAUUkB0KEEUkgB
151=1Q1TKCkAVCgpAFUoKQBWSAHRFFdJAdhcBgEOBgBYyAEBDwYAWUkBslQCAQEGAFpJAd2pDF
152=tKAf//WwIGAFxJAda1Al1IAcUTXigpAF8oKQBgSAHRFGFIAVwHaSJiKCgAARUAKADdChYo
153=KQAXKCkAGCgpABlIAcUIGigpABsoKQAcKCkAHSgpAB5JAdq9FR9IAcEwIEgBxRMhSAHdCi
154=IoKQAjKCkAJCgpACUoKQAmSQGcfQYGWhkoAGgBTSYoVQKxVAIBBwYAKcgBAQgGACpJAdpU
155=AkEEK0gBRAF9ICwoKQAtKCkALkgBySIvSAHJLTBJAdS1GDFIAcEEMkkBjLUCM0kBiqkBNE
156=gByU41SAHFHjZIAdE1N0gB1QI4SQHRuQY5SAHdCjooKQA7SQFmQAQBCQYAPMgBAQoCAD1I
157=AZcYAgA+SAGXRAIAP0gB1QJAKCkAQSgpAEIoKQBDKCkARCgpAEVJAVVoCGRrJ2kIR1UCkU
158=wQWWlISQHbqQFJSAHBGkooKQBLKCkATCgpAE1IAdk9TkgB2RxPSAHdK1BIAdEJUSgpAFJI
159=AdUjU0gBYBNNEFQoKQBVKCkAVkgB0RRXSAGIImZrKAB5aQNka6kBBGRrqAEBBQYAW0wFwR
160=pcSAHNEF1IAdl/XigpAF9IAcEEYCgpAGFIAdU5YkgB3RVjSAHdFRRIUcUeFSgpABYoKQAX
161=KCkAGEgB2QYZKCkAGigpABsoKQAcKCkAHSgpAB4oKQAfSAHJbyBIAd1XIUgByQwiSAHBJS
162=NIAdUCJEgB3VclSAHBGiZIAXBsRa0nyAFRKihIAcUIKUgBcGxdKyrIAV0rK8gBAQYGACxI
163=AckMLSgpAC5IAcEwL0gB0RQwSAHNJjFIAdFsMkkBhbVPM0gBwQQ0SAHZSDVIAcU0NigpAD
164=coKQA4SAHBUTlIAcUIOkgBxRM7SQFYbAF/bSkARakBPVQCaQEBfW0pbAJp0j9UAo8BAgBA
165=KCkAQSgpAEIoKQBDKCkARCgpAEVIAXxtQZNGSQGSrRtHSAGcCmTZ1w0GAElUAtkcSkgB2R
166=xLKCkATCgpAE1IAdkcTkgB2RxPSAHdQVBIAcUIUSgpAFJIAdkGU0gBzRBUKCkAVSgpAFYo
167=KQBXSQG3UAVJQ1jIAUlDWUkBslQCSbFayAFJsVtIAXTeRR5cSQHcpR5dSAHNPF5IAcGpX0
168=gBxR5gSAHdFWEoKQBiKCkAY0gBxVVkSAFcDmm8E0i/fCtVhhRIAd0gFSgpABYoKQAXSAHZ
169=BhgoKQAZKCkAGkgB3WIbSAHVDRxIAdkGHSgpAB4oKQAfSAHNGyBIAc0bIUgB2QYiKCkAI0
170=gB0WEkSAHJkCVIAd1iJkkBl3wGdt4qAGgBRSkoVALNGylJAZKxKipIAWBySccryQEKdnAq
171=AHQCAQsGAC1UAmwJVSMuKCkALygpADBIAd0KMUkBi70KMkkBiakBM0gBwQQ0SAHRSzVIAc
172=kXNkgB3TY3KCkAOEgB3Uw5SAHFCDpIAdkROygpADwoKQA9SAF0cEWMPskBBXXeKpUGAHRw
173=JykAQUAEmwICAEJJAdl/FQIAQ0gB1QJEKCkARUkBVngCdd4qJkEkR1QCcAJVI0goKQBJSA
174=HNUkpIAc0bSygpAEwoKQBNSAHZHE5IAdFAT0gB0UBQSAHRCVFIAdEJUkgB2T1TSAHNEFRI
175=AZcYBgBVSAHVAlZIAWhvRa1XyAFFrVjIAUlvWUgB2QZaSAFob1knW8gBWQZcyAFZBl1IAc
176=noXkgBzV1fSAHFE2BIAcE7YUgB1QJiKCkAY0gBxR5kSAHRFGUoKwASACu/KwIAE0gBbHNd
177=VxRIAdFAFSgpABZIAc0QF0gBzewYKCkAGSgpABpIAdkRGygpABxIAdkGHUkB1XNABgAeSA
178=HNMR9IAcHKIEgB3RUhKCkAIigpACNJAbpnBAYAJMgBSRclyAFNnybIAU2fJ0gBbHNJAShI
179=ASXFLylIAc0xKkgBxR4rSAFhcg5tcyuNcw9vcysA21QNSQwuQAREAX2ZL0gB1XswSAHFCD
180=FIAd02MkgB1QIzSAHJ8zRIAdUCNSgpADZIAdVPN0gB2Sc4KCkAOUgB1Zw6SAHNEDsoKQA8
181=KCkAPUkBQWcEBgA+yQEBbXMrbQIAjHMnKQBBQASYAm5zKwCMEG5zKwCXDQIARCiBAEVJAV
182=NwBWxzxAgirDcnKQBIQAR8A1l0SUgByZBKSAHFVUtIAc0bTCgpAE1IAcVVTkgB2SdPSAHB
183=JVBIAdEJUUgBwXJSSAHVDVMoKQBUSAHF2VVIAWBySd1WyAFdr1fIAV2vWEgBybxZSAHFE1
184=pIAZAfIkYqKwB4dFkGXFQCaAFZBl3IAVm2XkgBxRNfSAHVGGBIAckXYUgBkyoGAGJIAckM
185=YygpAGRJAdOxYWVIAd1iZkgBzxsRACz5dBIoKQATSAHdpBRIAdUNFUgB2QYWSAHBDxdIAc
186=EPGCgpABkoKQAaKCkAGygpABxIAcEaHUkBkLEUHkkBh6kBH0gB0c8gSAHBDyEoKQAiKCkA
187=I0gBZHZBniTIAUGeJcgBQZ4myAFdpCdIAdUNKEgByQwpSAHBGipIAc2JK0gB0TUsSAF4dE
188=kMLcgBSQwuyAFJDC9IAdEUMEgBzSYxKCkAMigpADMoKQA0KCkANSgpADZIAdkRN0gB3Ss4
189=KCkAOUgB2Sc6SAHVDTtIAc0QPCgpAD1JAUFYAkWXPskBA2V2LEwCSAB06ScpAEFABEwCfX
190=hCSAGMEGZ2LACUDWR2J60ARUAEZHZFl0ZIAZgGZHbABCJMKycpAElABNEUSigpAEtIAYsM
191=BgBMSAHZHE0oKQBOSAHBME9IAcUIUCgpAFFIAcEPUkgBcEBdg1PIAUUTVMgBUR9VyAFNtV
192=ZIAXB3AQ0GAFdIAcUIWEgByQxZSAHFE1pIAcUTW0gB2RFcSAFkdlG5XcgBUbleSQHcVAlB
193=D19oAalZYEgB3QphSAHdCmJIAd0KY0gB3Y5kSAFACG3AZSgpAGYoKQBnKCsAEAAt8XcRKC
194=kAEigpABNIAWQ0SSIUSAHdChVIAcGTFkgBzRAXKCkAGCgpABkoKQAaKCkAGygpABxIAYtD
195=BgAdSAHJDB4oKQAfKCkAICgpACEoKQAiKCkAI0gBaDhNqiTIAVGjJcgBUaMmSAHB6ydIAd
196=EqKEgBJf0gKUgBwRoqKCkAKygpACxIAck4LUgBaHpJDC7IAUkML8gBXa8wSAHJDDEoKQAy
197=SAHVDTNIAdEJNEgBzQU1SAHBBDZIAdkRNygpADhIAc3WOUgBxT86SAHZJztIASXhIjxIAS
198=URKT1JAUJkBGbvLQBpAQF9eC1sAmV2QEAEjwECAEEoKQBCSAGUyH54LQCUDX94LQBrWFNF
199=CEVABGgBSWRGSAHJQ0dIAcnHSEgBycdJSAHZHEpIAc0FS0gBwRpMSAHFHk0oKQBOSAHVRE
200=9IAcUIUCgpAFFIAcE7UkgBcEBFrVPIAUWtVMgBRa1VyAFRuVZIAYQefngtAMUIWChVAFlI
201=AZAfIi5ILQDRFFtUAtEUXEgByThdSAFwd12DXsgBTRBfyAFNEGBIAckXYUgB3QpiSAHNG2
202=NIAdkRZEgB0UBlSAHBymZIAdUNZ0gBzQVoKCsADwAu6XoQKCkAEUgBjwUAABJIAYwQIl4t
203=LgB0e1GNFFQCgwQGABUoKQAWSAHRjRdIAcUeGCgpABkoKQAaKCkAGygpABwoKQAdSAHdQR
204=5IAd1BH0gBwQ8gKCkAISgpACJJAbxnBAYAI8gBXRUkSAFsPF2vJUgBwSUmSAHFKSdIAZsc
205=BgAoSAHVGClIAdUYKigpACsoKQAsKCkALUgB0RQuSAFgfU21L8gBTbUwSQHZRBNZETFIAd
206=UNMkgBwTszSAHVDTRIAck4NUgB1QI2KCkAN0gBh2sGADhIAVgKZbg5KCkAOigpADtIASUZ
207=KjxJAVJzBQYAPUkBPGsBAgA+SAEjJDF1ey5sArR7JykAQUAEmAIiXC0nVQBDVAJ9eAR1ey
208=6VewUiDGWoAQEGBQBGwAQBBwUAR0gBxYxISAHFjElIAd0gSigpAEsoKQBMSAHVI01IAdlp
209=TkgB0R9PSAHFCFAoKQBRSAEl2SxSSAFkP0m8U8gBXa9UyAFdr1VIAY8bBgBWKCkAV0kB2F
210=iVRdlYSAHBBFkoKQBaKCkAW0gB0RRcSAHRFF1IAclvXkgBYH1BiF/IAVkRYEkBqUALXUFh
211=SAHVGGJIAdVPY0gB0UBkSAHRQGUoKQBmKCkAZ0gBzQVoSAHBD2lIAUQMa0MOAC/hfQ8oKQ
212=AQKCkAESgpABJIAZgGb34vAFRvAQYAFPQCbX4vbAJ9ChZUAtEfF0gB0RQYKCkAGSgpABoo
213=KQAbKCkAHEgB1XAdSAGACyIsPSeJAR8oVQAgSAHRriFIASLYWEU0IsgBRSkjSAF4f02qJE
214=gB0QklSAHRFCZIAcU0J0gBzSYoSAHJFykoKQAqKCkAKygpACxIAd0VLUgByQwuKCkAL0gB
215=YH1RuTDIAVG5McgBQcoySAHZPTNIAdk9NEgBzRA1KCkANkgB1Q03SAElJTE4SQGEuVM5SA
216=HZaTpIAdkRO0kBOm8BBgA8yAFF7z1IAZRwb34vAIlnCAIAP1QCaAUjLD3ULmT6JykAQiiB
217=AENIAW1+CG1+L4x+AQkDAEXWAgoETH61Agtufi8A3Y5IQATRrklIAdlTSkgB3SBLKCkATC
218=gpAE1IAYOTBgBOSAHNBU8oKQBQKCkAUUkBuVgYAQIGAFLIAVFAU0gBeH9Bv1RIASX9IFVI
219=Ac0QVkgBVAZpWVdIAc0xWEgByUNZKCkAWkgBybxbSAHZBlwoKQBdSAHVhl5IASVBRV9JAa
220=lQBUUTYMgBRRNhSAHJImJIAcU/YygpAGQoKQBlKCkAZigpAGcoKQBoSAHVRGlIAVANYRpq
221=KCsADQAw+X8OKCkADygpABAoKQARSAGFCAJV/zCEAUlDE1QCZIFRbBRIAckXFUgBxSkWSA
222=GTBQYAF0gB3W0YSAHdbRlIAdkcGkgB1QIbSAHVAhxIAdUCHUgByS0eSAHdCh8oKQAgSAHJ
223=vCFIAWSBXSsiyAFdKyNIAdkGJCgoAAolADAAAAAAAAAGACYAEQAAIxAAIAEwAAAAQAAFBg
224=AnADAA2gGJAShJAc2pASlJAdKpASpIAdUCK0gB1QIsSQHQoQQtSgH//4UILigpAC9JAdmh
225=BDBoAVwDAQkGADHIAQEKBgAyyAEBCwYAM0gBzRA0SAHVDTVIAdUNNigpADdJAdG9CjhJAZ
226=GpATlIAUQMAgAABgA6SQFSbwEGADtJATpIAQECAgA8SQGQbwUCAD1JAYmpAT5IAVwDAgAA
227=AgA/KCkAQCgpAEEoKQBCSQEhcwUCAENJASWpAURJAR1rAQMAResBBABGSQEkdwIFAEdJAS
228=ipAUhIAdkcSUkB1G8QBgBKSAF8A0kXS0kB27UCTEkB1akBTUkBi6kBTkkBiqkBT0gB1S5Q
229=SQG5SAgBBQYAUcgBAQYGAFLIAQEHBgBTSQHduQZUSQGOqQFVSQHWqQFWSQHPqQFXSAHBMF
230=hIAcEwWUgB3RVaSAFQDWktWygpAFwoKQBdSAHZHF5IAdUYX0kB838GBgBgyAEBAQYAYUgB
231=zRBiSAHBD2MoKQBkKCkAZSgpAGYoKQBnKCkAaCgpAGlIAdVEakgBfA5dK2soKQAMSFGbJw
232=IADSgpAA4oKQAPKCkAEEgBhwgCABEoKQASKCkAE0kBVWcEBgAUSAHRHxVIAc0mFkgBfANN
233=EBcoKQAYKCkAGUkB3KEwGkgBzQUbSQHYtQIcSAHVAh0oKQAeSAHRbB9IAcEEICgpACFJAf
234=V7AgYAIsgBVS4jSAFwAlkRJEgBxQglSAHVAiYoKQAnKCkAKEgB0RQpSAHNBSpIAdUCK0gB
235=1QIsSAHVAi1IAYstBgAuSQHXoRovSAHVIzBIAdkGMUkB2U0BDn6DMQBpAQ9/gzEA31QCSR
236=c0QATdCjVIAVACYVE2KCkAN0gBwQQ4SAHBDzkoKQA6SQFnTBBRCTvIAZ2DMYwJRYE9VAKP
237=AQIAPigpAD8oKQBAKCkAQSgpAEJJAeBcCkUIQ0gBkyoDAERJAd50An6DMQCQgn6DMQCRgg
238=Rcg9cCBQBITQXpbwUFAElIAYEEBV6DMQDRd0tUAocTBgBMKCkATUgB2aBOSAHFHk9IAXCC
239=AQgGAFDJAQl+gzEAdAJdr1JUAt0KU0kBjGMPBgBUSQGFqQFVSAHNc1ZIAc1zV0gBwb9YSA
240=HZEVkoKQBaKCkAW0gB0Y1cSAHNBV0oKQBeKCkAX0gBfYMCfoMxAGkBA36DMQDNEGJABM0Q
241=YygpAGQoKQBlKCkAZigpAGcoKQBoKCkAaSgpAGpIAcmFa0gB0RRsKCkAC0jVkyoCAAwoKQ
242=ANKCkADigpAA9IAYcIAgAQKCkAESgpABIoKQATSAF0hkFRFEgBmwYGABUoKQAWKCkAFygp
243=ABgoKQAZKCkAGkgBxWsbSAHFNBxIAd0KHSgpAB5IAdmKH0gBwQQgKCkAIUgBdIZNMSLIAU
244=0xI0gByQwkSAHNMSVIAdknJkgB0QknKCkAKCgpACkoKQAqKCkAKygpACwoKQAtKCkALkgB
245=yXovSAHJDDAoKQAxSAHJWTJIAWmFBHWGMpSGWeI01AJZ4jVIAcUINigpADcoKQA4SAGbPQ
246=YAOUgBaIUBBAUAOsgBAQUFADvJAQYiViEyAGEEByJVITKYCll/PkAEjAEiVCEnVQBAKFUA
247=QSgpAEJIASfWEDIAmBx2hjIAlAJ1hjK4f3SG1AJ2hjIAI6Qgd4YyANVkdnWGMqSMd4YyAO
248=m1AktIDM2JTEgBhxMGAE1IAc0mTkkBwVgCWT1PyAFZPVBIAWmFDXaGMgCcmSJWITIA1SNT
249=QQSPaAx2hjIAI0slBgBVVALFdlZIAdVEVygpAFhIASWtIVlIAc1HWkgBI38mBgBbSAHRCV
250=xIAUATAgAABgBdKCkAXkgB2RFfSAFohVk9YMgBWT1hSAHNEGJIAc0QYygpAGQoKQBlKCkA
251=ZigpAGcoKQBoKCkAaSgpAGooKQBrSAHVGGxIAd0VbSgrAAoAM68mAgALKCkADCgpAA0oKQ
252=AOSAGHCAIADygpABAoKQARKCkAEigpABNIAYRNIgciMwA2aAhsiagBAQEGABZBBDW1AhfI
253=AVUCGEkBV7UCGUgBZAFJLRpIASUNIxtIASctETOcA0EEHVQCl08GAB5IAcEEH0gBhwQGAC
254=AoKQAhSAHNBSJJAdOhRiNIAdkyJCgpACUoKQAmSAHRKidIAd0KKEgB0VYpSAHVAiooKQAr
255=KCkALCgpAC0oKQAuKCkALygpADAoKQAxKCkAMkgB1Q0zSAF4igEJBgA0yAFJ6DXKAQsGRS
256=4z6WQ3VALJZDgoKQA5SQFnUR8IbYkzloYJBEyJqAEBCgMAPMEEC26JMwCErSIGIjMAnCBs
257=icMwAgBATAWTHwIAQUgBk2ECAEJIASODIQIAQ0gBj34CAERIAZQCbYkzJNshAwBG9AJtiT
258=OrhQQASFUC6VAUAQAEAElIAYcIBABKSAGLDAUAS0kB4GMEBQBMSAHVI01JAcFcEUlvTsgB
259=Ra1PyQEHIgUiM7iVbokzAMU/UkAExYFTKCkAVCgpAFVIAc0FVigpAFcoKQBYKCkAWSgpAF
260=pIAd0KWygpAFxIAYQpbInHKQYAXlQCzeFfSQHzVBhJF2BIAYAwIgQiJ70CYlQC2RFjKCkA
261=ZCgpAGUoKQBmKCkAZygpAGgoKQBpKCkAaigpAGtIASXJNWxIAZ+6BgBtSAFAE3mgbigpAA
262=lIUZ9MAgAKKCkACygpAAwoKQANSAGHCAIADigpAA8oKQAQKCkAEUgBmz0CABJIAdkGE0gB
263=ZIwBAQIAFEgBZIwBAgIAFcoBAwJGjDQAZIxVAhdUAmgBVQIYSQFUawgGABlIAZ8KBgAaSA
264=FwAgEABgAbSAHBMBxIAdUCHSgpAB5IAZviBgAfSAHBBCBJASdvAQUAIUgBk1YFACJIAZNW
265=BQAjSAHRmCRIAd02JUgB3SsmSAHFlydIAWwJWREoKCkAKUgB0UAqSAHNRytIAcHVLEgBJT
266=U+LUgBxQguKCkALygpADAoKQAxSAGcNiKNMzSUBkEPM1QCjAFljDQj4iIOBkAqqQEPZYw0
267=JHsgBgA3TAXRHzhIAdEfOUkBI2gIZYw0UCVMAWSMyAFnjDQA5HB3ZYw0JFwtZow0ACMgNm
268=SM2BFkjCcpAEFcCpTpZYw09ZFDVAKYimWMNLuKAgBFVQLfaAxljDSsfmeMNADTdAJkjMQI
269=Z4w0AOC1AkpYBpBAZIzUAmaMNAB5iggitCKoAQEJBgBOTAV0Al2vT0gBxUpQSAHRKlFIAZ
270=wVIrUiNPGNU1QC0UBUKCkAVSgpAFZIAclDV0gBzQVYKCkAWSgpAFooKQBbKCkAXEgBxUpd
271=SAFaLwAAZYw0JoFNX1QCnCAijjM0ANUNYVQCyQFiKCkAY0gBzRBkKCkAZSgpAGYoKQBnKC
272=kAaCgpAGkoKQBqSAHFE2tIASWtN2xJAYZgMGSM2z0GAG5VAj9vFwYAb8gBTX4ISFGfKwIA
273=CSgpAAooKQALKCkADEgBJaVMDUkB42gMfo41AMkBDyhVABBJASJ0DSJtRTWgJX2ONSRPKw
274=IAE0AEfQMAfI5wilABfo41AJRwfo41AJcYAgAXKK0AGEgBfY4BfI7cCn6ONQDFwxtABMki
275=HEgBjxsGAB0oKQAeKCkAH0gB3W0gSAHRbCFIAVIRAAB9jjUm4S0jVALJkCRIAcWXJUgByQ
276=wmSAHBkydIAcm8KEgBkwkGAClIAd1XKkgB0UArSAHNBSxIAc0FLSgpAC4oKQAvSAHdYjBI
277=AcEPMSgpADIoKQAzSAHQCXy3wZ41VALBnjZIAdEfN0gB0R84SAGbBgUAOUgBgwQEADpIAY
278=AEfY41qJB9jjUo3RE1sJh+jjUAmwYBAD9ZBul3RAEAQEgBmycBAEFIAYAlfY41tGUiZSM1
279=6ZBEQAQjbUUCXI7AMH2ONSQ7IwMAR0AEkwkDAEhIAYSMf441AOB0DSJkI9gRfI7ECH2ONb
280=+ZBQBNWQbBXRwNfY41v5kGAE9UAs1HUEgBXgMAACJkIyedCVJUAsl6U0gByThUKCkAVUgB
281=xQhWSAHFNFdIAcU/WEgBxQhZSAHFCFooKQBbSAHBBFxIAYS4ImQjyGR8jicpAF9ABNEUYE
282=gBly4FAGFIAZcuBQBiSAGDJQUAY0gBly4GAGRIAckMZSgpAGZIAdkRZygpAGgoKQBpKCkA
283=akgBxRNrSAEltThsSAElgTdtSAHFE25IAX2OAn2ONUxCAwAAAwIAcFQCgwQCAAchkC2DJQ
284=IACCgpAAkoKQAKKCkAC0gByZAMSAElsV4NSAEjLzIDAA5IAYuxAwAPSAGHawMAEEkBJngN
285=dZE2+ZUSVALNlBNIAXwDlZE2hAFJARUoVQAWSAEjsF51kTbhkxhUAiN8UXeRNgCSdE91kT
286=agniIWJDYAwSUcTAWYHHeRNgBkTAUBAQUAHlQCagECBVZqNgCTbAUAIFQClzkEACFIAZc5
287=BAAiSAGVOQRdBDbhkyRVAmVQCVmVJcgBXQomSAHVDSdIAYUaBlRfzBt2kTYAzVIqQATRFC
288=tIAc0FLCgpAC1IAcGILkgBxa0vSAHNXTBIAdUNMUgBzZQySAHUAiS8OkQLIhQkJ3UENUAE
289=wQ82SQHmtRg3SAGHCAUAOEgB3SA5SAGUI3SR1Bh3kTYA5XgGdpE2AM08PUwFwTs+SAEjbC
290=R1kTYkxEV0kdgndZE2u4oBAEJMBZ8rAQBDSAGYiiIXJDYA4GgMdZE2q4UDAEZABICpdJHA
291=BHWRNrigdJHIDHeRNgDoZwgEAEtYBosMBABMSAEjoCV2kTYAyThOVAJoAUk4T0gB2cxQSA
292=FSJwAAdJHQHyIUJCcpAFNABNV7VEgB3XhVSAHdK1ZIAc0xV0gB3QpYSAHVAllIAd1BWkgB
293=wTtbSAHBD1woKQBdKCkAXkgByUNfSAGIIiIWJDYA1TlhVAKECHSRyCJ0kckiBVSRJykAZU
294=wFlyMFAGZIAcEaZ0gB2ZVoKCkAaUgBzRtqSAGLDAYAaygpAGwoKQBtSAEivHBZJ27IAQEB
295=AgBvSAGYBnSRxykCAHEoVAAiQC6UI22UNyaqRwgAJykACSgpAApIAcGTC0gBwZMMSAGXAg
296=MADUgBI5gkbZQ3qJBslCcpABBABJNWAwARSAEjCz4DABJIAYQpIsUkN5gVQZMUVAKMASLE
297=JCdVABZUAoixbZQ3JONOAgAYVAJslAECAgAZyQEDbJR4bEwIbJSoAQEBBgAcQAR0kUEEHc
298=kBBG2UN5qVBQRNlDdQk1kGBFkAN1iQiQEhTAWEdm2UN6CTbJQnrQAkQAR0WgEDBAAlyAFd
299=CibJAQUitHoi7DNQCWyU3CttlDe7aQYAKkwFjzEGACtIAUQFcWEsKCkALUgB3VcuSAHFYC
300=9IAc1HMEgBxZcxSAHBBDJIAdFWM0gByQw0KCkANUgBiZAFQEPFHgVMAsQTbZQ3r10EADlc
301=At0gOkgBmwYDADtIAYSXbJTTNQMAPVUC5XCCIsUkN6SXbZQ3WLxUG22UNySwSG2UNyRsJG
302=+UNwDgeAZslMwQCQIARAA3ACQAAAAAAhEAAHgQACAKAEUANwAoAAAAAAIARkgBBdgBAAAA
303=AwBHSQEkRAFJAUhJAei1AklJAeepAUpJASihBEtIAY8FBABMSQEgdwIEAE1JAWVMBQEDBA
304=BOyAEBBAUAT8gBAQUGAFBJAVdvBQYAUUgBZAEBAAYAUigpAFMoKQBUSQHcUAlBBFVIAc0F
305=VigpAFdKAf//XwIGAFhJAdutBVlJAc2pAVpJAdSpAVtIAUUFAFEJXEkB17UCXUkBz6kBXk
306=kB0qkBX0gB2QZgSQHldwIFAGFJASdrCAQAYkgBiyIEAGMoKQBkSAGXIwQAZUkB37kGZkgB
307=0RRnKCkAaEkBjGMEBgBpSQGKqQFqSQFSawwGAGtJATWpAWzIAQEBBgBtSQE6VAIBAgIAbk
308=gBRAFpOG8oKQBwKCkAcSgpAHIoKAABBQA4AJkRAkQhJykAByhVAAgoKQAJSAHJDApJAd5z
309=FAIAC0kBIXsCAwAMSQElqQENSAGTKgQADkgBkyoEAA9JAdF7BgQAEEkBJq0FEUkBIqkBEk
310=gBlwICABNIAZcCAgAUSAF8A1lTFSgpABZIAYsMAgAXSAGfCgIAGEgBzQUZSQExTAEBBQIA
311=GkkBNkgBQSUbyAEBAwIAHEkBZFgRAQYCAB3IAQEHAgAeyAEBCAMAH0gBi1kDACBIAZc5Aw
312=AhSAGDUQQAIkgBk0ADACNIAc0FJEkBZX8KAwAlyAFdCibIAQEIAgAnSQE0uREoyAEBAwYA
313=KUgB0WEqSQGORAhRMitIAUgFZVUsKCkALUkB2qEELkgB2VMvSAHNBTBIAcEEMUgByVkySA
314=HNBTNIAXAfAQEFADTIAQECBQA1SQEjawgFADZIAY0bBFtFOADpdQ0ETQI4SB1HBAQAOVAB
315=3SA6SQHmYwQDADtJAdmpATxIAYcIAgA9SAGfCgIAPkgBXAdlVT9IAZsGAQBASQHWewYBAE
316=FJAdCpAUJIAZuKAQBDSAGDMAEAREgBxQhFSQHgbAVmlzgAmBFllzhMLEsEAgBIQASbBgIA
317=SUkB3W8FAwBKSAGfCgMAS0gBkXcDRZc4XDxZBgNGlzgAyThOQARoAUk4T8gBSThQSAFxSw
318=BllzhMBkgAZJcnKQBTQQSQdw0GAFRJAYipAVVJAYSpAVZJAYapAVdIAVwHbTxYKCkAWUgB
319=gxoGAFpIAcEEWygpAFxIAc08XUgBwTteSAHBO1/IAUE7YEgBgDBnlzgA5GAPZpc4AIxoZp
320=c4AI9oBABkTAWUe2aXOACDJQUAZlQCfCABAAUAZ8gBTUdoSQGRcAlllzhMQlsUBgBqVQI5
321=RgEBAkWXOFZKAABJb2xUAnCYSW9tSAFcA1gCRJfPJgIAbyhVAHAoKQBxKCkAcigpAHMoKA
322=BoUdGYBUQQyQEGKCkABygpAAhIAcEPCSgpAApIAYQefpk5AIy1fZk59SMNQASMaH6ZOQCA
323=ynyZJykAEEEE1X8gBAARSAGXWgMAEkgByU4TSAGUAn6ZOQCX0wIAFVUC03sGAgAWSAGcCn
324=yZ3Ap+mTkAl6cCABlABMkBGkgBlw0CABtIAcEaHCgpAB1IAXFACn6ZOQBqAQsCXpk5ANFh
325=IEAEgDt+mTkA0fsiVAKURH2ZOe1oJFQCZj8JAl2ZOZxiXQomVALBDycoKQAoSAFqmwUCXp
326=k5AMlkKlUCj3scBgArSAHd2yxIAYcIBgAtSAHJ3S5IAWy1RWsvyAFJ3TBJATdxBQZNCjlG
327=kgAAVQIyVAJsG1WnM8oBBAVcmaYeBQRGTzkAlbIEXZk55Zc3TAWAMH2ZOfleOVQCm5UDAD
328=pIAd0gO0gBJUEkPEgByTg9SAF0EUnSPkgBmwYBAD9IAZgGfpk5ACc8E9c5AQBCQASQbH+Z
329=OQDgaCJ8mWxlWwkCAEVABJgyfZk5s64CAEdUApwKfZk5oHJ8mSeBAEpABME7S0gByU5MSA
330=GFEwJcmbw2SThOVQJlQA9JOE9IAY+1AgBQSAFwNVl0UcgBUSpSSAHNMVPIAVUuVEkBM1gV
331=AQAGAFVIAcE7VkkBh1wKVQJXSAHNPFhIAWgFVQJZKCkAWkgB2T1bSAHJDFzIAUkMXUgBwT
332=teyAFBO1/IAUE7YEgBwTthSAGUI3yZ1C5+mTkAlMh8mcwmfJknPQhmWAZ+IAMEXJm0I0kM
333=aNUCBXyZZEJJlAJemTkAI3wmf5k5AIR7HAIAbEwFn7oCAG1IAYQeIiQmJzUHb1QCkx8CAH
334=AoKQBxSAEjxyQCAHJJAeOxCXNIASW9I3RIAdgGaFHdmQRUUskBBSgpAAYoKQAHSAHZBggo
335=KQAJKCkACkgBJ5UTOiiVEzq/5gQADUAEhAh2nDoAjMt2nDoAj8sEABBABIVKA1WcOrhpdZ
336=w66YUTQASMMXScImgqWAl0nCcpABZABJwKdZw6oKl0nCcpABlABJw2ItUmOiZxKhtUAtEf
337=HEgBVApeMgAdSAGY13acOgDFoh9UAs1oIEgBl0QCACFIAclkIkgByWQjSAHJeiRIAd0KJU
338=gB1Q0mKCkAJygpAChIAc0FKUgBwWcqyQEDdZw6TI9LBAYALFQCdN5VWi1JAT1QAlWGLkgB
339=eF5dbS/IAVniMEkBN0AEVQIxyAFVAjJIAXBhAQYCADPKAQcCVZw6nroIA0UNOrWcA1ScJy
340=kAN0wFhR4DSOUnjQc5VAKEHmlLOr/bAwA7VAKPPAMAPEkB5a1SPUgBmz0BAD5IAYA7dJzY
341=BnSc3DYi1CYnKQBCTAWIOHWcOriVdZw6vZkBVZw6v9ABAEZMBUAedTlHKCkASCgpAEkoKQ
342=BKSAHBO0tIASNHKgIATEgBhBN0nMcTAgBOVALR5U9IAZgRdJwnIQpRVAJ8NgEFAgBSSAHN
343=MVPIAVUuVEgBdJxNMVXIAUE7VkgBdDldmVfIAUE7WEgBfDZVAlnIAVUCWkkBPnMbAgBbSA
344=HJDFzIAUkMXUgBwTteyAFBO1/IAUE7YEgBn1cDAGFIAdU5YkgBjGh0nCdtDmRUApM1AwBl
345=SAHZBmZJAWVWOQYDVpw6AGgBSQxo1AIBCAIAaUgBI5wqdpw6AIS4d5w6AIlYBkVVbEAE0W
346=xtSAGY13ScJyUFb1QCdBxNBXAoKQBxSQHgpQhySAGDBAMAc0gBJYE3dEkB46EEdUgBgQQC
347=TQg77H50UtVwBEBUyQEFKCkABkgB2QYHKCkACCgpAAkoKQAKSAEn7RM7rFIihSc7rVIDTZ
348=87r1IDAA5MBcUpD0gBnUwDTZ874Z4RVAKAD26fOwCYaSLFOju4aW2fOyRUIWyfJ0EDFvgG
349=bZ87JHggbZ87+aAZQATFVRpIAcUeGygpABxIASPgIiLFOju8222fO7+vAQAfQAQjNTMBQI
350=LBGgFMn8ceAgAiQAQjsScCUBnBGgJYISeRAiVABMEPJigpACdIAc3WKEgB3TYpSAHN1ipI
351=AdlpK0gBaGRBZyzIAU1dLUgB3UwuSAHJ6C9IAcnoMCgpADFIASNrNAIAMkgBiC1tnzuBng
352=psn6oBCwJOnzsAhR4CTJ/HHgIAN1gGiIVsnyeNBzlUAoiFbZ87tN50TNknAkyfJ0kEPUwF
353=I5Q0bJ/AO2yf0DVsnycpAEFMBSPoLiKEJydVAENUAoiQbJ/cQWyfzDFsn98VAQBHTAXZHE
354=hIAd1tSUgBhwgCAEpIAclvS0gBzQVMKCkATUgBI8ApbJ/PEAIAT1QCxUpQSAHZBlEoKQBS
355=SAHZMlNIAc0xVEgBJTkjVUgBeKABBQIAVkgBwTtXyAFBO1hIAWyfWT1ZyAFVAlpIAd0KW0
356=gB0QlcSAHNEF0oKQBeSAF4oEE7X8gBQTtgSAGBngJMn88mAwBiVALBcmMoKQBkSAHBO2VI
357=AZN3AgBmSQFlRowJAk2fO4yfSQxoVALNEGlIAcktakgB3StrSAHBBGxIAdEqbUgBjDxsn9
358=Q5IsU6O4gFXZZwQASPAQIAcUgBlE8ihCfNPAJMn88FAwB0QASPBQMAdUgBxaJ2SAGXAgIA
359=AUhR1HB0UsgBcPPJAQQogQAFSAHZBgYoKQAHKCkACCgpAAkoKQAKSAHBtAtIAZiKZaI8JB
360=wlZaI8QINEC2WiPFiFiQEPTAVAASKBWBAoKQARSAHVLhJIAYwxZaI89ZwUVALBURVIAdUY
361=FkgBkAllojwkwCllojwoRRQ8JOwpIjUoPIgFSS0bWAYl3TIcSAGYAmWiPKh6ZaI8tLJkot
362=gGZaI8Jsk1ISjZACJIAYkXAUkcPK2JAUEfPLvBAQAlQATVRCZIAdVEJ0gB2ScoSAGbEQMA
363=KUgB2cEqSAHFEysoKQAsSAGLLQIALUgB0QkuSQGRRFVNGy9IAdUjMCgpADFIAcEEMkgB3Q
364=ozKCkANEgB0RQ1SAHdCjZIAcFRN0gB2Wk4SAGHCAMAOUgBkR8CSfA8reECWFDYPWxP2Cci
365=DE8nUQU+WAacYmSi0DVkoicpAEFABJRlZKInVQBDKFUAREgBI0BFZKLITmSiJ4UGR0AEkB
366=QizDsnGQlJVAKcCmWiPOHgS1QCzQVMSAHdIE1IAc0FTkgBlA1kotgRIjQoww8CAFFABMUI
367=UigpAFMoKQBUKCkAVSgpAFYoKQBXKCkAWCgpAFkoKQBaKCkAWygpAFwoKQBdKCkAXigpAF
368=8oKQBgSAHJTmFIAZhIZqI8ACMLSQMAY1QCyQFkSAEjPDQiNig8AMWMZlQCwfZnSAHBJWhI
369=AdnMaUgBzSZqKCkAa0gBwQRsSAHBBG0oKQBuKCkAb0gBzQVwSAHBUXFIAd0rckgBJSUmc0
370=gBI1QhZqI8ACNUIWaiPACTFAMAdkAEk/ACAHdIAcQIaFHLZAMAPSa5KARIAcEEBSgpAAYo
371=KQAHKCkACCgpAAkoKQAKSAHVZQtIAZvMAgAMSAHBZw1IASXhOA5IAcFnD0gBzQUQSAHNBR
372=FIAckXEkgByS0TSAHZJxQoKQAVSAHNJhZIAZw2ZKIjrDgiaTQYVAIjEEoiFFAnVQAaVALF
373=HhtIASOsWCJUYyeBAB1UApMUAQAeSAGUsmSiwARloj1EnUwIIo0oPSQVUAFRLz1IoZUCI1
374=gGQQEAQdIkSAGUT2WiPf26JlQCI+A4IlVjPbmrAkanPQCcFWWiPfVPKkwFjzwCACsoKQAs
375=SAGYPWWiPeW4LlQCgw8CAC9IAdk9MCgpADFIAcEEMigpADNIAZxiIo0oPfXINVQC1S42SA
376=HNUjdIAdk9OEgBJVUsOUgBgCVloj0mnVY7VALZMjxIAdEqPUgBjAUijCjIImSiwA9koicp
377=AEFMBYwQZKInVQBDVAKYJyKOKD0AkGFloj2wYWaiPQAjTG0ijCjcNmSi1A0iFlA9AMmbSv
378=MJAgBLSAHVI0xIASO3OAIATUgBlA0ijCgnMQFPVALNR1BIAdkGUSgpAFIoKQBTKCkAVCgp
379=AFUoKQBWKCkAVygpAFgoKQBZKCkAWigpAFsoKQBcKCkAXUgBwWdeSAHJZF9IAc0xYEgByT
380=hhSAHJb2JIAYU0AkWiPfHaZFQCwQRlSAHdeGZIAcH2Z0gBwSVoSAGQNSJ8PNA1Inw8JykA
381=ayiBAGwoKQBtKCkAbigpAG8oKQBwKCkAcUgB1RhySAEnRRQ9Jl1OdFQCjzEEAHVIASNIRm
382=WiPSTwZmSiJwkHeEAEjwUCAAMhqEbJAQQoKQAFKCkABigoAAQHAD4A1wEAEQAAgg8AIAgA
383=AAIACAA+AM8BAGgBAgkAPgDRqQEKSAFMAnUCC0kB3bUCDEkBJHsCAgANSQHptQIOSQEjtQ
384=IPSAFkAV0KEEgBzQURSAHBBBJJAda5BhNJAc2pARQoKQAVSQHQtQIWSAHRCRcoKQAYSQHa
385=oQQZSQHTqQEaSQHVqQEbSAHZBhxJASdvAQEAHUgBjxABAB5IAZcCAAAfSAGXGAAAIEkB52
386=cIAAAhKCkAIigpACNJAShzCQAAJEkB328FAQAlSQHcawECACZIAZ8DAgAnSQHgtQIoSAGf
387=FQMAKUgBiy0DACpIAYstAwArSAGbBgMALEkB5rkGLUgBlwICAC4oKQAvKCkAMEkB2a0FMU
388=gBzQUyKCkAMygpADRIAdUuNUgB1S42SQHUpQg3SAGLIgEAOEgBnyABADlIAYceAQA6SAHB
389=BDtIAY8mAQA8SAHRKj1JAddxCQFCAT4AiwwBAD9QAckBQCgpAEEoKQBCSAGbPQEAQ0kBIX
390=sYAQBESQElqQFFSAFkAUVKRigpAEcoKQBISAHBMElIAc0FSigpAEsoKQBMKCkATSgpAE4o
391=KQBPKCkAUCgpAFEoKQBSKCkAUygpAFRIAYsXAgBVSQHjfyACAFYoKQBXKCkAWEkBIncUAg
392=BZSAFkAU0bWigpAFsoKQBcKCkAXUgByTheSAGPJgIAX0gBxQhgKCkAYUgByW9iSAGHNAIA
393=Y0gBzQVkSAHBBGVIAZc5AgBmSAHNBWdIAc0FaEgBwQ9pSAGXOQIAaigpAGsoKQBsKCkAbS
394=gpAG4oKQBvKCkAcEgB1RhxSAHVDXJJAd65J3NIAZMUAwB0SAGTFAMAdUgBkxQDAHZJAeSt
395=BXdIAcUIeCgpAHkoKQAESFHBBAUoKQAGKCkAB0gBmHRloj+/VwIACVQC0RQKSAHFCAsoKQ
396=AMKCkADUgBh2ACAA5IAYN9AgAPKCkAECgpABEoKQASSAHRKhMoKQAUKCkAFSgpABZIAd0K
397=F0gBwZ4YSAHFExkoKQAaKCkAGygpABxIAYSMZaI/lQYAZqI/AJQCZqI/AJQYZqI/AJirZK
398=InKQAiRAiHlwAAI0gBkDVloj9UolwJZqI/AJE1AUaiPwDBiCdMBZU5AkQC1QICRqI/AJQu
399=ZqI/AJSRZaI/RKhRCQJFoj9YDIkBLUQIQAFp0i4oKQAvKCkAMEgBkwkCADFIAcElMkgBwS
400=UzSAHFCDRIAdVaNUgBgw8CADZIAdWcN0gBnExmoj8AhK1koieZAzoogQA7SAGMJmaiPwCD
401=DwEAPVQCgDtkosRKZKInKQBAKIEAQUkB0mtZAQBCSAGYEWaiPwCcK2WiP1jSUxcCAEVABM
402=WMRigpAEdIAdmKSEgBRAVhJUkoKQBKKCkASygpAEwoKQBNKCkATigpAE8oKQBQKCkAUSgp
403=AFIoKQBTKCkAVEgBweBVSQHbbRsDRKLXIwMAV1QCm0gDAFhJASZgFmaiPwDNG1pUAsEaW0
404=gBfANdpFwoKQBdSAHJOF5IAYgtZKLHVQIAYFQCxT9hSAHFCGIoKQBjKCkAZCgpAGUoKQBm
405=KCkAZygpAGhIAcEPaUgBwQ9qKCkAaygpAGwoKQBtKCkAbigpAG8oKQBwKCkAcUgBlyMCAH
406=JIAcFnc0gBmWkCRKLQd2SiJ7UMdkAEk1YCAHdIAcUeeCgpAHkoKwAFAECcAwEAAgAGKCkA
407=BygpAAhIAdkcCUgBj1ICAApIAZ8GAgALKCkADCgpAA1IAdVwDkgB1SMPKCkAECgpABEoKQ
408=ASKCkAEygpABQoKQAVKCkAFkgB1bIXSAHZERgoKQAZKCkAGkgBJfUqG0gBzQUcSAGITnqg
409=QACcTHqgQACAynqgQAAjVCF5oECob3igzQUASAYngQAjUQngYFx5oECEDE2qJVQCjAF6oE
410=AAgQQBWJrABHmgQLR7eaBARANXBQIAKlgGl6cCACtIAdU5LEgBWAMEAAACAC0AQIUBACJh
411=KECvtQIAL1QCwUYwSgH//0wEeKDTFAIAMlQCTQIAWwYzAECEAQEAAgA0SAGbHAIANUgBmA
412=J5oEC7wQEAN1QCkHd6oEAAzZQ5VALVnDooKQA7SAGYPXmgQKjoeKAnKQA+KIEAP0gB0QlA
413=SAGTSwEAQUgBIxwleaBApIF6oEAAJTUoREEE32gteqBAAIcTAwBGVAKDfQMAR0gBgzsCAE
414=hJAeGtBUlIAY88AgBKSAHZHEsoKQBMKCkATUgBk7kCAE5IAZscAgBPSAHdK1BIAcUIUSgp
415=AFIoKQBTKCkAVEgB0XdVSAHRd1ZIAYRreKDUI3mgQKvHAwBZQASXDQMAWkgBwRpbSAHVGF
416=xIAc0QXUgB3W1eSAHdYl9IAcEEYCgpAGFIAc0bYkgBiAwiYShAiAUBAAIAZFQCjwECAGVI
417=AcFnZkgB1QJnKCkAaEgBwQ9pSAGEPyJgKMMaAgBrKFUAbCgpAG0oKQBuKCkAbygpAHAoKQ
418=BxKCkAckgBjzwCAHNIAdEqdEgB1WV1SAHVZXZIAd0VdygpAHgoKQAGRE3BBAcoKQAISAHR
419=YQlIAcEECkgBlP9hnkGQAkElDFQCjAEiJDwnVQAOVAKAOyLdJ0GnYAIAEFQC1SMRKCkAEi
420=gpABMoKQAUKCkAFSgpABYoKQAXSAHNUhhIAck4GUgB2REaKCkAGygpABxIASVlIx1IAYAl
421=Yp5BAJBLYp5BAJRlYZ5BvG1gnieBACJYBojzItwnJ4EAJFQCxXYlSAGABGCewARgnid1BC
422=hABN02KUgBjBBgnieBACtUAtUYLCgpAC1IAdFWLkgBlIZhnkEkuygCADBUAowQYp5BAIwQ
423=YZ5BULRbCQIAMyiBADRIAc1oNUgBWQMAVTk2SAGcIGCexAhgnsQIIt0nQSScKiIkPMM7AQ
424=A7WAaAO2CeJ1UAPShVAD5IAYByIt0nQbfIAQBAVAKILWCeJ6EEQlQC2RFDSAHBGkRIAYyf
425=YJ7ECGCe0BRjnkEA4nWcA0Ce3xUDAElYBoAaYJ7DOwIAS1UCaUwFAQECAExIAdEqTUgBlB
426=hgntQYYJ4nKQBQQATJTlFIAclOUkgB3RVTKCkAVCgpAFVIAZTeIiQ82CdhnkG0yGCeyAxg
427=nidVAFpYBoN9AwBbSAEjWzICAFxIAdUNXSgpAF5IAcV2X0gBwQRgSAHNG2FIAc0bYkgBzU
428=djSAHVGGRIAdkGZSgpAGZIAc1+Z0gBwQRoKCkAaUgBwX1qSAHJDGsoKQBsKCkAbSgpAG4o
429=KQBvKCkAcCgpAHFIAYBGIt0nQZwOWVNzVAKMASLcJydVAHUoVQB2KCkAdygrAAcAQpQGRQ
430=gIKCkACSgpAApJAdhcQUEEC0gBkwUCAAxIAdknDUgBxT8OSAHZHA8oKQAQKCkAESgpABIo
431=KQATKCkAFCgpABUoKQAWKCkAFygpABhIAd0gGUgBxRMaKCkAGygpABxIAZREIiwnxB5omy
432=cpAB9ABJtpAQAgSAGVZQFRcUK9gwFYACetACNABJcNAQAkSAGcVyJKO0IAzeEmVAKABCKQ
433=T9gGIiwnJykAKSiBACooKQArKCkALCgpAC1IAd1XLkkBaE0xAWqbQgBpAQJpm0KosWmbQp
434=wOAQADADJMBdV7M0gB3YM0SAEj9CoiLCfMBSIsJycpADdABIsIAgA4SAGECGibJx0EOlQC
435=lFppm0K412ibJykAPUAEkEAiSTtCvK9pm0IkICtpm0JAK1EMAllQQqGTAlEGQq/LAgBDUA
436=HdFURIAZsyAwBFSAGUAmmbQiRbJwQAR1QCh4EEAEhIAZwVa5tCAB5EDF0gSlQCyQFLSAFp
437=mwRpm0KvtQIATVQCzX5OKCkATygpAFAoKQBRSAEjGyoCAFJIAWQMXWJTKCkAVCgpAFVIAc
438=XZVkgBJQUiV0gBJYUnWEgBgDtpm0ImbS9aVALNBVtIAcHgXEgB1Q1dKCkAXigpAF9IASOk
439=KyJJO0K3pwIAYVQC3RViSAHFCGNIASVRJmRIAZgnIiwnJxEIZlQChxMCAGdIAdkGaCgpAG
440=lIAZBAIiwnxD8iLCcnKQBsQASTQAIAbSgpAG4oKQBvKCkAcEgBwTBxSAHdFXJIAcEPcygp
441=AHQoKQB1KCkAdigpAAhUR9kGCSgpAApIAcEaC0gBwQQMSAHVGA1IAd0VDigpAA8oKQAQKC
442=kAESgpABIoKQATKCkAFCgpABUoKQAWKCkAFygpABgoKQAZSAHBqRpIAdHPG0gB3RUcSAGA
443=XHGYQyQMI3CYJykAH0AEiGRxmEOUBllTIVQC2QYiSAEjZyMBACNIAYQEcZhDJuk5JfQCIq
444=ViQybhOCdUAtkRKEgBmAYiQDoniQEqKFUAKygpACwoKQAtSAF5lQMiQjpDAGgBVXAv1AIB
445=BQMAMEgB2XQxSAEj6CNxmENAr18NAwAzVAJBAQBJejRIAYAacZhD9YY2VAKbBgIAN0gBmB
446=xxmEOUBl0gOVQCzcA6SAGEYHGYQ7RlcZhD/Zk9QASMy3GYQ7iVcZhDpK1ymEMAJZE5QUwF
447=IyEgA1hQzQUDTQJDq5sDAERQAZgycZhDs8QEAEZUAoibcJjYHHCYxwgEAElABIsiBABKKC
448=kAS0kBakzAAQAFAEzKAQEGU5hDAEhjHQYATlQCaAFVAk9JAUq1AlBJAUWpAVHIAVXIUkgB
449=cAJVI1MoKQBUKCkAVSgpAFYoKQBXSAHJm1hIAdmVWUgB2ZVaSAHdClsoKQBcKCkAXSgpAF
450=4oKQBfKCkAYCgpAGEoKQBiKCkAYygpAGQoKQBlSAHR8GZIAc0QZygpAGhIAd2kaUgBzX5q
451=KCkAaygpAGwoKQBtKCkAbigpAG9IAZdEAgBwSAHVDXEoKQByKCkAcygpAHQoKQB1KCkACV
452=xExQgKKCkACygpAAxIAZBWIjk5RKRVIhhhJykAD0AEwakQKCkAESgpABJIAcUeEygpABQo
453=KQAVKCkAFigpABcoKQAYKCkAGUgB1Q0aSAHZthtIAdUYHEgBJY0oHUgByZseSAHNiR9IAc
454=0FIEgBzQUhSAHBBCJIAYB9eZVE4Z4kVAKYaSLNJUSACF1XJlQC1SMnSAHZHChIAdEJKUgB
455=kAUiOTlEWGRTAQYAK1UCSUQBAQAGACzIAUFnLUkBaFBsAQYGAC7IAQEHBQAvygEIBFmVRC
456=SDIQQAMVQCk40EADJIAZwVeJXfFQMANFQCIz8pAwA1KCkANkgBmQYDWZVEJEhReJUnQQM5
457=QASQCSI4OdAJeZVEpKJ6lUQAmNci/kxEAIBReZVE8bk/RAhoG1UjQEkB4EAaSQFBSAEjQC
458=94lcwFeZVEJP1iBFgDCkQAAAAAAAAEAEUARAARAACWEAAgCSEAAAAABABGAEQAJUQBAQAE
459=AEdJASapAUhIAdUCSUgBjwUFAEpKAeIBRwQFAEtJAWpIAQECBQBMSQHZSAEBAAYATUgBWQ
460=MASQFOSQGQtQJPSQGIqQFQSQGGqQFRSQFFUAUBBAYAUsgBAQUCAFNIAVACAgAAAgBUKCkA
461=VSgpAFYoKQBXKCkAWCgpAFkoKQBaKCkAWygpAFwoKQBdSAGPGwIAXkkB42cTAgBfSQEicx
462=ACAGBIAWQBWRFhKCkAYigpAGNKAf//SwQCAGRIAUABaRdlKCkAZigpAGcoKQBoKCkAaUkB
463=2qEPakkB0qkBaygpAGxJAc21Am0oKQBuSAHNBW9JAdShBHBIAc0QcSgpAHIoKQBzKCkAdC
464=grAAoARZQGWRwLKCkADCgpAA1IAdEUDkgB1Q0PSQEnYwcBABBJAelvEAEAEUkBKLUCEkgB
465=2QYTSAHVGBQoKQAVKCkAFigpABcoKQAYSAHVDRlIAdE1GkgB0TUbSAHRNRxIAdUNHUgB1S
466=MeSQHQZxMCAB9IAWATWRwgSAHNBSFIAckMIkgBwQQjKCkAJCgpACUoKQAmKCkAJ0gB0Qko
467=SAHRCSlIAdEJKkkBU28BBgArSQGMexEGACxJAYqpAS1IAZtIBgAuSQFoVAIBCgUAL8gBAQ
468=sFADBIAZscBQAxSAHZdDJIAZcCBAAzSQHXWAZdeDRJAdGpATVIAXwOVQI2SQHldwIDADdI
469=AYcIAgA4SAGHCAIAOUgBjwUCADooKQA7SQHmewYBADxIAZscAQA9SAGbHAEAPkkB4KEEP0
470=gBxQhASAGXAgIAQUkB3GMEAwBCSAGXAgMAQ0kB1nUCBFpQRQDdFUVUAoMEBABGSAGBGgVD
471=k0UAz28FBQBIVAKPBQUASUgBjAVjk0UA22EEBkOTRQDTqQFMQASEP2CTw1wGAE5UApMUBg
472=BPKCkAUEkBkbkGUUkBP2QEYpNFAGkBAWCTxAhjk0UAjm8FAgBVTAWfNgIAVigpAFdIAWAI
473=XUxYKCkAWSgpAFooKQBbKCkAXEgBwVxdSAGcr2KTRQCZqwNCk0UAjDFgkyc5AmFMBdUNYi
474=gpAGNIAdEUZEgB0RRlSAGDJQIAZkgBkyoCAGdIAZMqAgBoSAHRCWkoKQBqKCkAaygpAGxI
475=AYs4AgBtSAGfQQIAbkgBxQhvKCkAcCgpAHEoKQByKCkAcygpAAtMP8UIDCgpAA0oKQAOSA
476=Hdjg9JASNwBWmQRmIBAABrkEYAJHMBAQASQATVkRNIAZ9XAgAUSAHdgxUoKQAWKCkAF0gB
477=wRoYSAFsCVU5GUgBi04CABpJAd1zQAMAG0gB2WkcSAHBkx1IAcVrHkgBhGBqkEYAm38CAC
478=BUAo/hAgAhSAHJDCIoKQAjKCkAJCgpACUoKQAmKCkAJygpACgoKQApKCkAKkgBaZABapBG
479=AM1dLFQCgw8GAC1IAZxtaZBGvW0GSZBGrXMGSpBGAJgcapBGAI8bBQAyWQbkfCBqkEYAn0
480=EEADRUAotvBAA1SAGLDAQANkgBhAhokMUIA0iQ3ApqkEYA2Sc6TAWLDAIAO0gBmAZokMAE
481=aJAnKQA+QASVZQFUddNAAgBAVAKQQGqQRgCRQAJLkEYA33wVapBGAJxBapBGAN0VRVgGjD
482=xokMAaapBGAIBGapBGAIhDapBGAIwFapBGAJBsaJAnKQBMUAmEP2iQxBNpkEaoemiQJ1UA
483=UEwFgyUGAFFIAX2OAmmQRlMaAAADaJDMBWuQRgCPdBhqkEYAI3UlAkiQJykAV0UIiqEEWE
484=gBnwoCAFkoKQBaKCkAWygpAFxIAYMaAgBdSAGLhQMAXkgBhB5okCexBmBUAsU0YUgByQxi
485=KCkAY0kBi60QZEkBhKkBZUgB2V5mSAGAMGiQ0CpokCeZA2lABN0KakgBm1MCAGtIAcWXbE
486=gBnDZokCfZAG5UAtkGbygpAHAoKQBxKCkAcigpAAxAzdkGDSgpAA5IAZOuAQAPSAGABHGN
487=R4QBkI0nKQASQASbJwEAE0gBhARxjUftfhVUAt0gFigpABdIAdE1GEgB2QYZSAHdVxpIAd
488=1XG0gB3Y4cSAGPBQMAHUgBkxQCAB5IAZQCcY1H9UQgVQKJoTAhSAHBBCIoKQAjKCkAJEkB
489=TEQESYUlSQFISgEABkl/R1bvAABVAidVAkq1AihJAUmpASnIAUEEKkkBUbUCK0gBnDYivS
490=NH+YotVAIjNChxjUeka3GNR7Rwco1HAIi8co1HAIi8co1HACexEUfxdzRQCYxzc41HANV4
491=HHCN2zIEADdABJQjco1HAJsRAwA5VAKX3gMAOkgBgQQCUI3bBgIAPFQCh+8CAD1IAXwZTc
492=A+KCkAPygpAEAoKQBBSQHebBBxjUe80HGNR6uQAwBEQASRggRN3kegiHKNRwCUAnGNR0jC
493=XA1zjUcA4XAJcY1HJKQ2cY1HKLAR3xUGAExcClEGAFE1TSgpAE5JAdhkCHCNJ60AUFQCjB
494=tzjUcAWHwGco1HANU5U0AEaAEBAQYAVEgBI7chBgBVyQEBcI3TCQIAV1QCYAhVI1goKQBZ
495=KCkAWkkBaEwQWQZbyAEBAgIAXEgBmLZwjcQecY1HrMBxjUe7zAMAYEwFj8ACAGFJAeFQCV
496=UNYkgBI5M5AgBjSQGHtQJkKCkAZSgpAGZIAdFsZ0gB3RVoKCkAaSgpAGpIAYTZco1HAIdV
497=AgBsVALJAW1IAYxHIrwjJx0Eb1QC3QpwKCkAcSgpAA2EaEsEAgAOSAGAGnmKSLgceYpIVA
498=NIACINI0iwQCINI0ikP3iKwAR5ikj1exVQCdEfFkgBwX0XSAFJCQBBJRhJAWhUI0EwGcgB
499=QTAaSAHBMBtIAYfvAwAcSAGcunmKSFx+TAh5ikigUXiKJykAIE0Fab0KIUgBRAV1DSIoKQ
500=AjSAFsiUXZJMoBAwZRGUgkBC15ikiUBlFWJ0AEjXMGRWVIv3gGAClUAocEBgAqSAEjTCsi
501=DSNIuH95ikikNCINI0jhiC5MBdkGL0gBhGt5ikgkBC14isAPeIrYHCINI0i0TyIMIycpAD
502=VECIgieopIAJyveIrQCXiK2BF5ikgkeCB4isEEAlmKSLyOeIrABHmKSIwURTQ+SAyNAQJY
503=/SdVAEAoVQBBSAHZwUJIAdnBQ0kBHXwGeIrARniKwEZ4itAJeYpItJF5ikhMLFwGeYpI7Y
504=lKUAlMAmGISygpAEwoKQBNKCkATkgBjPd5ikgmyTVQVAKIsXiKJ1UAUlQCl7IGAFNIAckM
505=VEkBkkxHRT9VSAFkjAEEBgBWyQEFeIrJFwJckycpAFlBBGhYBgEDAgBayAEBBAIAW8oBBQ
506=NZikhQ4FMMAwBdVAKAXHiKJ90GX1QCiG94iietAGFVAh5UBgEAAwBiSAF0Wl0KY8gBWRFk
507=SAF8A1E1ZSgpAGYoKQBnKCkAaCgpAGkoKQBqSAGMJniK0FZ4iicpAG1ABCOgJXmKSJANVQ
508=1vVAKPAQIAcCgpAA6ktX1tD0gBgBphiEm8V2GISUBtQAdhiElcAEsAAgATTAVAAXkGFCgp
509=ABUoKQAWKCkAF0kBaKktGMgBSSIZyAFJLRpIAd0rG0gB3WIcSAElpUEdSAEjSTsDSTJJTA
510=BLDwMAH1QCyS0gSQFpSAxdCiHIAUktIkgBRAVxFCNJAVBOAQEGTldJAJS9YohJAJScYYhJ
511=p2sGACdMBSM0KGGISVAGSABhiEkk+CVjiEkAhVQNSU4rTAVYA21dLEgBmDJhiEkoABEnBQ
512=EvQATNBTBIASOkIGGISSTQQWGISSSXNAUAM0AEjwUFADQoKQA1SAGENGGISbS9YYhJuKtg
513=iNw2YIjABGGISSS9IwJBiEkkeCBgiMQTYIgnKQA+SAyAD2GISSR8MSIQNCeBAEEogQBCSA
514=EliSJDSAEnAhFJAIgBYYhJs88FAEZBBONsJmOISQDiqQFIVAKEP2OISQDSZw8GAEpUAmgB
515=UTVLyQECIl8iSQDHoQRNVAJoAUEETsgBQQRPyAEBAwYAUEkBqK0FUcgBTQVSSAFwAl02Uy
516=gpAFQoKQBVSAElDSNWSAElcSpXSAGZHwZBiElQASP1KllBAWhWGAYGQohJAGoBBwVAiKoB
517=CARAiMVVBECIJykAXlgGzcBfSAEj8yQEAGBIAYNcBABhSAGVWgRDiEkAakgMAQAFAGNUAm
518=gBVRhkSAHZEWXIAVUCZkkBSHMbBgBnyAFVAmhJAUW1AmnIAU33akgBI5A5YYhJoOBhiEmk
519=ziIQNIAMYWduTAVgCICIJ1cADwBKkAJVAhAoKQARKCkAEigpABMoKQAUKCkAFSgpABZIAX
520=D7XRUXSQFoRB5RKhjIAVEqGcgBUSoaSAHVIxtIAcUpHEgBnGIirSFKuJVphUq1TwRJhUq3
521=hgQAIE0FakgMUSohyAFBDyJIAXyDWUgjyAFZSCRIAYQ0aYVKpB5phUqsJmmFSqwmaYVK+Y
522=opWQaHaAxphUrljCtUApQuIq0hSvHlLVQCJVUhLkgBwQQvKCkAMEgBjBtphUqsfmiFzBBp
523=hUokkCNohcceBQA1WAaXIwUANkgBhAhohccIBAA4VAKHGgQAOUgBxa06SAGNBQJIhcwFaI
524=XQH2iFJykAPkwFI6AlaYVKJPQ1aIXYESK8RCetAEJNBWxIIkG0Q8gBAQUCAERJAW1UAk0x
525=RckBAWiF2wYGAEdUApMUBgBIKCkASUgBfINFNErIAUn+S8kBBWmFSoiFVQJNVAJohVUCTs
526=gBUUtPyQEHaoVKAGiFRT9RVAJoAV0KUkgBwQ9TKCkAVCgpAFUoKQBWSAHVRFdIAdkGWCgp
527=AFlIAcE7WkkBaEUeCmqFSgBqAQsFSYVK5aJdQATdNl5JAeRMBQEABABfSAGVRARKhUoAkK
528=5ohSe5B2JBBGpNBQJohSdxCWRUAtkRZSgpAGZIAcHgZ0kBiFgGRaJoSAEjQ0UGAGlJAUVc
529=BgEEBgBqyQEFaYVKTAJIAGiFJykAbUAETAKohSdXABAAS5ACXYMRKCkAEigpABMoKQAUKC
530=kAFUkBTEAHTTEWyAFNMRdIAd0rGEgBbCZZJxnIAVknGkgBzSYbSAGfVwQAHEkB4m0bBFnR
531=S70rBFWAS7yDcYJLvYMFU4JLAGpMBVknIVgGlVoGTW1LJqVBI1QCI7BIIv0gS/H7JVQCWB
532=V1/yYoKQAnKCkAKEgBIzgjIv0gS+1+KlQCI0xMIgAyJ4kBLFQCIzA4IvwgJ60ALlQCzUcv
533=KCkAMEgB3QoxSAGEHnGCSyTUJnCCJykANEAEzew1SAHNBTZIAc0mN0kBH3gYcoJLACO8RC
534=L9IEskvEQi/CDVOQNRgksk5DNwgtQCcIInKQA+UAmEVXGCSyTEJHKCSwCQS3CCJ60AQkwF
535=fA5VRENJAWxBMAlygksAcIIBAgYARVQCgwQGAEYoKQBHKCkASCgpAElIAd02SkgB0TVLKC
536=kATEgBJUlnTUgBJSUxTkgByQxPKCkAUEkB7HgCIgIySwBoAVHEUlQCcQIAIgAy1BgiXUNL
537=JuUoVUAEwQ9WSAEjlz8GAFdIAdUCWEgBwQ9ZSAHBO1ooKQBbKCkAXCgpAF1JAeVUIwEABQ
538=BeSAGIOHCCzDxwgidVC2FABCNnWgUAYkgByQxjSAHVI2RIAdkRZUgByU5mSAHNG2dIAd1t
539=aEgBJY1faUgBJWwkCWoASwBGAAAAAAYAaxEAAMkPACAIAEsARgAAAAECAGxIAQX//wAAAA
540=IAbSgrABEATEgCSwACABIoKQATKCkAFCgpABVJAVNIBQEABgAWSgHXAU8BBgAXSQHNqQEY
541=SQHPqQEZSQHRqQEaSQEmSAUBAAUAG0kBIqkBHEkB22MEBQAdSAGbBgUAHkkB1bUCH0kB4K
542=kBIEgB1Q0hSAHVDSIoKQAjSQHSbwUGACRJAdCpASVIAXANAQAGACYoKQAnKCkAKCgpAClJ
543=Adm5BipIAYMlBgArSQHWtQIsSAHBDy1IAZ8VBgAuSAHZHC9IAdkGMCgpADFJAcBQEAEBBg
544=AyyAEBAgYAM0gBUAICAAAGADQoKQA1SAHNEDZJAeVjDwUAN0kBH3MFBAA46wEDADlJASd3
545=AgIAOkkB6W8FAgA7SQEjtQI8SAFkAVk9PSgpAD5JAZCtBT9JAYKpAUBJAYWpAUFIAdkGQk
546=kBS28BBgBDyAFVGERJAVG1AkVIAWQBVRhGKCkAR0gB0TVISAHBJUlIAdknSigpAEtIAdE1
547=TEgB2SdNKCkATkgByQxPKCkAUEkB7FgCRSlRyAEBAwYAUkkB3XcYBgBTSAFcA30rVEgByT
548=hVSAHNEFYoKQBXSAHNEFhIAc0QWUgB1RhaSAHVGFtIAdk9XEgByQxdSAHBXF5IAcFcX0gB
549=wVxgSAHVWmFJAeBzFAUAYkgBxQhjSAHRFGRIAdEUZSgpAGZIAc0QZ0gB3RVoSAHFCGkoKQ
550=BqSQFAewIGAGvIAZp/TACMG2F9TXgDZoETACcpABQoKQAVSAFgfVk9FkgBxRMXSAHFExgo
551=KQAZKCkAGkgB1SMbSAHJIhxIAckiHUkB3LEfHkkBIXcQBQAfSQElqQEgSQHaYwQGACFIAc
552=l6IkgBxR4jSAFpBQBifU0AkwkGACUoVQAmKCkAJygpACgoKQApSAHBGipIAdEqK0gBzRss
553=KCkALSgpAC4oKQAvSAGXOQYAMEkBwFwRVU8xyQEEYn1NAHUCBWB93CtifU0AxUo1TAXBGj
554=ZJAWZkHmJ9TQBpAQFgfakBAmB9qQEDYH3ECGN9TQDTewYCADxECJsRAgA9SAFUEWE7Pigp
555=AD9JAY+tBUBIASegD8cTAgBCVAJgfVlpQ0kBjm8FBgBESAGTCQYARUgBj0cGAEZIAZdaBg
556=BHSAHNJkgoKQBJKCkASigpAEtIAdU5TEgBnRUGQQFNr1IGAE5QAc2fT0gBwQ9QSAFgfVEq
557=UcgBUSpSSAHBBFNIAdEqVEgB2RFVKCkAVigpAFcoKQBYSAHFP1lIAdkGWigpAFsoKQBcSA
558=HVWl1IAcEPXkgBwVxfSQHjbyYFAGAoKQBhSAHVWmJIAc0mY0gB1Q1kKCkAZSgpAGYoKQBn
559=SAHVRGhIAcEPaSgpAGpIAWB9XTZryAFVRBNMKY8FAgAUKCkAFUkBVHgCbvdOAMVgF1QC2R
560=EYKCkAGSgpABooKQAbSAHdIBxIAdEfHUgB0R8eSAHFHh9IAXANAQAGACBJAeNsAWp6TgBo
561=AVmKIlQC0XcjSAF8A00FJCgpACUoKQAmKCkAJygpACgoKQApSAHBGipIAcEaKygpACxIAd
562=VPLUgBwQQuSQHUfzYGAC9JAbtQEEUTMMgBUSoxSQHAVQIHaXpO5VUzVAJSAgAAaHonJQU1
563=VALRNTZIAX14BGp6TgBqAQUFTPeqAQYCTPepAQdpek6wmGp6TgCF+gFKek4AhfoBS3pOAC
564=h7DQEAPlwKZAEBAAIAP0gBl2UCAEBJAZF3GAIAQUgBwQRCSAHZPUNJAYtgBGt6TgCGqQFF
565=VAInSA8nbQNHVALFKUhIAcElSSgpAEpIAdkcS0kBkrEJTEgB0QlNSAHBck5IAcUIT0gBzU
566=dQSQGWdxQGAFHIAVUuUkgBcAJRKlNIAc3AVEgBxQhVKCkAVigpAFdIAcE7WCgpAFlIAdkG
567=WigpAFtIAc0FXEgBwQRdSAHFgV5IAcGTX0kBv1wRRRNgyAFdQWHKAQMGTfdOWANLAAYAY1
568=QCzSZkSAHdCmUoKQBmKCkAZygpAGhIAdUNaUgBSAllSmpJAT9tAQZRd09hAQBYPQEVAE8A
569=dDlZERZIAdUNF0gB1Q0YKCkAGSgpABooKQAbKCkAHEgBxR4dSAHZMh5IAZkNBlzxwA9xd0
570=+EdlEfIUAEcHdRHyJIAc0FIygpACQoKQAlKCkAJkgBzZ8nSAHBDyhIAZvXBgApSAHVGCoo
571=KQArSAHdTCxIAdFLLUgB1YYuSAFkdlkRL8gBUcQwyAFRxDFIAcFRMkgB2RwzSAHJFzRIAc
572=UpNUgBzRA2SAHNBTdJAWZCXAkGUXdPnXgKcHfUI3F3T+V2O0wFI+AtcndPAIxzc3dPACR4
573=DXF3T/14P0wFgFxyd08AlA1wdyddAUJABNk9Q0gBJ/MOTwCJWBFJZEVUAskiRkgB3StHSA
574=HBXEgoKQBJSAHNG0ooKQBLSAHNMUwoKQBNSAHNBU4oKQBPSAHdpFBIAXB3XUFRyAFBMFJJ
575=AdpYHFlTU0gBRAFpWVRIAd0rVUgB3QpWSAHBO1dJAYyhGlhJAYqpAVlIAdkGWkgBzQVbSA
576=HFHlxIAcEEXUgBxRNeSAFkdlFAX8gBUUBgyAEBBgYAYcgBUbliSAHRFGNIAY8xBgBkSAHR
577=FGVIAcUpZigpAGdIAdUNaEgBxQhpKCgAAhUAUABVeAJu7FAA3QoXVALdChgoKQAZKCkAGi
578=gpABsoKQAcKCkAHSgpAB5IAd02H0gBjEd5dFCYdFEfIVQCeHRRHyJJAdlYEVkyI0gBRAF5
579=MiQoKQAlKCkAJigpACdJAditMShIAdkGKUgB1S4qSAHBGisoKQAsSAHZES1JAZx8BiJ+PF
580=AAaAFNEC9UAmR2QTAwSAHNczFIAdEJMkgB2T0zSAFgCE1dNEgBxSk1SAHZMjZIAc0FN0gB
581=yaY4yQEBeXRQgAhVpzpVAuZjGgEAO0gBlGV6dFAAgA95dFC0cHl0UOV2P0wFxe9ASAGcjn
582=h0J10BQlUCMXAMIn48UACQ8GzswAQi2SxQJtEgRkwF3VdHKCkASCgpAElIAd0rSkgBhxMG
583=AEsoKQBMKCkATSgpAE5IAc1ST0gBdBFNJlAoKQBRSAFsc0lDUsgBSUNTygEGBlzKJ6UKVV
584=QCwQ9WSAHdCldIAc0bWEgB3TZZSAHNBVpIAc0xW0gB2RxcSAGPJgYAXUgBZD9RQF7IAUGI
585=X0gBZHZZq2DJAQp6dFAAhDRs7NgybOwnUQVkTAXdCmVIAcUeZigpAGcoKQBoKCoAFgAj0E
586=JlYBdIAcVKGEgB1RgZKCkAGigpABsoKQAcKCkAHSgpAB4oKQAfKCkAIEgB0WEhSAF0cEEw
587=IsgBQTAjyAFBMCRIAdUYJSgpACYoKQAnSAHdFShIAdl/KUgByRcqKCkAK0gByWQsSAHJOC
588=1IAXRwVS4uyAFZti9IAdU5MEgB0QkxSAHFCDJIAcE7M0gB0RQ0SAEliTg1SAHVAjZIAdky
589=N0gBYHJVDTjJAQNgcsAwfuZRACP4MGJyUQAjcEBhclEkWDJiclEAiBdgctsGAQA/UQngvX
590=hASAGAD2BywAQiHjtRAGByAQICAENABGgBWRxESQFXcAVhclEoQQ5RJjU+R0AE0TVISAHd
591=V0lIASdBDlGohWByJykATEAEzSZNSAHBJU5IAcUIT0gBfg4ABlhQ0BQi0itRACWVSlJABG
592=xzRWBTyAFFYFTKAQsGUclRJHcwBgBWVALdCldIAclkWEgBzRBZKCkAWigpAFtIASWVKVxI
593=AXRwSSJdyAFNUl7IAU1SX0gB3UFgSAHJImFIAdUYYkgBxcNjSAHVAmQoKQBlKCkAZigpAG
594=coKwAXAFKUBkkiGEgB1VoZSAHVGBooKQAbKCkAHCgpAB0oKQAeKCkAHygpACAoKQAhSAHR
595=HyJIAXRwSS0jyAFJLSTIAUktJUgB2TImSAGXFAYAJygpAChIAd1BKUgB3RUqSAHFPytIAS
596=U5IyxIASU5Iy1JAe10CW7hUgBoAVmgL1QC0QkwSAHFCDFIAc08MkgByS0zSAEjyFYivTlS
597=JgkoNVQCeApFKTYoKQA3SQFEeAIiyipSAGgBjOHULmhvJykAO00F5rlpPEgBlA1ob8AEaG
598=8nKQA/QQTgrQVASAFkDEHrQSgpAEJIASPQK2lvUpZwBQJfD1IAMnAFam9SANVwRkwF0R9H
599=SAGDfQYASEgB2YpJSAHBBEpJAc1gD2pvUgDJAUwoVQBNKCkATkgB0VZPSAF9DgBpb1IkOC
600=5ob8AaIqxYJ1UAU0wFdXAObuFSAGkBD2tvUgDYSAhRNVZABMlDV0gBxTRYSAHRFFlIAcUT
601=WkgBwRpbSQG3RAhZoFzIAYpvUgB0cAEHBgBeVALRCV9IAdEJYEgB3UFhSAFACG3WYkgBwQ
602=RjSAHVWmRIAcEEZSgpAGYoKgAYACIYV0sEBgAZSAHdbRpIAcm8GygpABxIAdUYHSgpAB4o
603=KQAfKCkAIEgB2RwhSAFADHEUIigpACNIAXxtUSokyAFRKiVIAdEqJkgB2QYnSAHdmShIAc
604=0QKSgpACpIAckiK0gBJTEiLEgB2SctSQHtVAlJLS7IAUktL0gBzSYwSAHFHjFIAcnoMkgB
605=1RgzSAFACHUYNCgpADVIAZdaBgA2SAHBBDdIAcVVOEgBcGxBqTnIAVleOkgBJSVHO0gBJ1
606=04UyRIMHJsUwCMEHFsUybtKT9MBSW1OEBIASXtKUFIAZQjfdtTuOJwbMA7cWxTkGxBfUVN
607=BVZ0FCKdVlPpx0dUAsGISEgBJQ05SUgB1SNKSQHN8WxTKJANJykATUAE2SdOSAHNMU9IAX
608=ANkmxTAICIcGzEE3BsJw0CUyitAFRIAXBATSZVyAFRz1bKAQYGWYRTJgkoWFQCwQ9ZSAHR
609=NVpIAWRrWQZbyAFZBlzIAUVrXUgBxdleSAGLLQYAX0gB2RxgSAHRCWFIAdUYYkgBJQ0jY0
610=gB1QJkKCkAZSgqABkAIoQ+SwQGABooKQAbKCkAHEgB3W0dSAHBDx4oKQAfSAHFKSBIAUgJ
611=dU8hKCkAIigpACMoKQAkSAHZJyXIAV0gJsgBXSAnSAHRCShIAc0QKUgBzRAqKCkAK0gB1S
612=MsSAHZii1JAZdoCG7WVABoAVmgL1QCzTwwSAF8A0U/MUgBzSYySAHVAjMoKQA0KCkANUgB
613=xQg2SAHNBTdJAY21TzhIASLkKF0KOcgBVVo6SQHmYAQiuCjULiK4KCcpAD1ABIhZemlUAJ
614=AqIrgoJ4EAQEAExWtBSAHFa0JIAYwQeGnMBXhpJykARUAEkAF4aYABZTRHVALRS0hIAdkn
615=SUgB3StKKCkASygpAExIAYQTItljVCYZKk5UAtgnJIhPQBJt1lSohXppVADZMlJMBVgDbR
616=BTKCkAVEgB1dNVSAFoQwkJBgBWAFQA2AAAAAoRAAAzEAAgDgYAVwBUANgAAAALBgBYAFQA
617=gwAGAFlJAbdMAQEIBgBayAEBCQYAW8gBAQoGAFxKAdsBRwQGAF1JAdKpAV4oKQBfSQHUtQ
618=JgSAFEBQIAAAYAYSgpAGIoKQBjKCkAZCgrABoAVZQGWQYbKCkAHCgpAB1JAdqpDB5IAc0Q
619=H0gBwQ8gSAGLCAYAISgpACIoKQAjKCkAJCgpACVJAdhcBkUeJsgBRR4nyAFBJShIAVwDYR
620=opSQHWrRAqSQHNqQErSAHNECxJAbhQBQECBgAtyAEBAwYALkkBl1QCSQEvSAHFCDBJAdWl
621=CDFIAVwDaQwyKCkAMygpADRIAcEwNUgBwQ82SQHRpQg3SQGRqQE4SQE/VAlNEDnIAQEDAg
622=A6SQEmVAIBAAEAO0kBIqkBPEgBnwoBAD1IAZ8KAQA+KCkAP0kBz38KAQBASAGXDQEAQUkB
623=4LUCQkgBbAkBAAIAQygpAEQoKQBFSAFkTQEBBgBGSAGPBQYAR0gB1TlISAHVOUlIAY8QBg
624=BKKCkASygpAEwoKQBNSAGbEQYATkoB//9HCwYAT0kBjmcTBgBQSAFMAnEqUSgpAFIoKQBT
625=KCkAVCgpAFUoKQBWSAFpQw5iZ1UAaQEPY2dVALNAC0EaWUAEaAFJLVpIAW1oDWBnJykLXF
626=QCSAVtEF0oKQBeKCkAXygpAGAoKQBhKCkAYkkB3aEaY0gB0wkbAFaEAQEABgAcKCkAHSgp
627=AB5JAZC5Bh9JAYSpASBJAYapASFIAYc/BgAiSAGPPAYAIygpACRIAd0rJUgBmw0GACZIAX
628=wgSSInyAFJIihJAalEBEkiKUgBwTsqSAHdYitIAXxiAQUGACzJAQZqZFYAdQIHaGQnQQMv
629=QQTcsRQwSAFYCnknMSgpADIoKQAzKCkANCgpADVIAc0QNkkB0LEJN0gB0Qk4SQFBbwEGAD
630=nJAQFrZFYAkm0FAklkVkgdRwQBADxABNVlPUgBkHdqZFYAh1UBAD9UAskBQEgBlA1rZFYA
631=JEAIXW1CVQIoqQFDSAFkAVVlRCgpAEVIAYhGamRWAN1XR1QC1VpIKCkASUgBjBBoZM8QBg
632=BLVAKPEAYATCgpAE1IAZgRa2RWAIxsG2tkVgCFqQFQQASbEQYAUSgpAFJJAdmhBFNIAcEE
633=VCgpAFUoKQBWKCkAV0gBcGFVnFjJAQRty1aUZUU/WlQC0QlbKCkAXEgBwVxdSAHBBF4oKQ
634=BfSAHZEWBIAcEEYUgB2QZiSAHVAhxE3MkBHSgpAB4oKQAfSQGPrRsgSQGJqQEhSAHJLSJI
635=Ad0rI0gB0SokKCkAJUgB3WImSAHVDSdJAalMAUWBKMgBXSApSAFQAn1XKkgBbF1N7CvIAU
636=XOLMgBRc4tSAHZHC5IAdkGLygpADAoKQAxKCkAMigpADNJAdehGjRIAc3LNUgB0Qk2SAHN
637=GzdIAdUYOEkBQUQESRc5yQEDcWFXTAJIAHBhJykAPEEE5mgMfsVXAJBscmFXAIS4cWFX/W
638=JATAXVAkFIAZsRAQBCSQHgpQhDSAFBDACQYSeJAUVUAnBhTYlGSAHRNUdIAcWXSEgBmwYG
639=AElIAYwQcGHAD3BhJykATEAEjxAGAE1IAScyDFcA3QpPVQKCeBF/xVcAiqkBUVQCyQxSSQ
640=HYtQJTSAHVAlQoKQBVKCkAVkgBbDxFKVfIAVFAWEgBfGJVnFlIAc08WkgB0QlbKCkAXCgp
641=AF0oKQBeSAHBO19IAc2qYEgBxQhhKCsAHQBYkAIBAAYAHigpAB8oKQAgSAHRCSFIAcG/Ik
642=gBzV0jKCkAJCgpACVIAcEPJkgBjwwGACdJAaxvAQYAKMgBXTYpSQGdtQIqyAFVAitIAXQj
643=ReQsSAHRzy1IAcU0LkgBl0QGAC9IAWAIVRgwKCkAMUgByRcySAHJFzNIAcE7NEgB2QY1KC
644=kANkgB1UQ3SAHNBThIAYglb8BYAEV/BgYAOlQCaQEBeF6YA3lTPFQCJfEkPUkB43xBeV5Y
645=TOdcBnpeWACM1iKYJNgGb8BYACFcA4/AWAAlqQFDRAhkAZhezQUCXw9YADJ4Am/AWAAzqQ
646=FHTAUlWSdISAFwAkkiSSgpAEpIAcl6S0gBxTRMSAHdmU1IAYQTbMDUDW7AWADdClBABN0K
647=UUgB3StSSAHdQVNIAcktVEgBxTRVSAF0OV26VskBBiKZJFjl+lhUAtEJWUgB0QlaSAHdjl
648=tIAcEPXCgpAF0oKQBeSAHJF19IAc0FYCgrAB4AWZACSSIfKCkAIEgBySIhSAHBDyIoKQAj
649=KCkAJEgB3UElSAHNJiZIAdl0J0gBYFxJeijIAQEDBgApSAFgXFUCKsgBVQIrSAGcESKQIy
650=dlAi0oVQAuKCkAL0gBxWAwSAHdKzFIAd0VMigpADNIAdEUNEgByQw1KCkANigpADdIAc0m
651=OEgBJQkoOUgB1ac6SAFgXAEEBgA7yAEBBQIAPEgBnwoCAD1IAZMfAgA+SAHZXj9JAeO5Xk
652=AoKQBBSAHVWkJIAcUIQygpAERIAdEJRUgBYFxFa0ZIAWBcAQICAEfIAQEDBgBISAGUwHy6
653=J/kESlQC3a9LSAGIDCKQIyeBAE0oVQBOKCkATygpAFAoKQBRSAHFgVJIAd2OU0gBwWdUSA
654=F0WlX0VcgBVfRWyAFV9FdIAd02WEgB0TVZKCkAWkgB0TVbSQGMbCYiAj1ZACUNLl1UAtnM
655=XkgBwRpfKCsAHwBakAJVWiBIAd0VIUgB1Q0iKCkAIygpACQoKQAlSAHFSiZIAc0bJ0kBlm
656=QLbrVaAGgBVbIpVAJwAlUNKkgBzRsrSAHBfSxIAcEELSgpAC4oKQAvKCkAMEgByW8xSAHd
657=KzIoKQAzSAHZETRIAd0KNSgpADYoKQA3KCkAOEgBJbEnOUkBjbEqOkkBQGgIallaAGgBUU
658=s8VAIjBC1qWVoAmBFqWVoAiyICAD9ABI0bAkgGyy0CAEFUAmwJAQACAEIoKQBDKCkAREgB
659=0QlFSAHRCUZIAdEJR0gBdFpZaUhJAWtQFF2DSUgB2YpKSAHVOUtIAdmgTEgBgA8iiCLYEW
660=y1JykATyiBAFAoKQBRSQGifwYGAFLIAVU5U0gBYJNVOVTIAVUCVUgBdFpF71ZIAcUpV0gB
661=xRNYSAGMGyK9LlokACciLkhaACcrC1oAi0AaXQpcTQWJqQFdSAHRCV5IAXQRQwQgAFuEAU
662=kBIUgBxR4iSAHdVyMoKQAkKCkAJUgB1Q0mSAHFEydIAWRVRSkoyAFJhSlIASIUOk0bKkgB
663=mw0GACsoKQAsKCkALSgpAC4oKQAvKCkAMEgByaYxSAHFdjJIAcV2M0gBxXY0SAHR2jVIAZ
664=NABgA2SAHVOTdIAdkROEgB0Qk5SAHNJjpJAUBEBEEaO8kBA36vWwCUWnFWWyjSClsAlGVw
665=VtAqclZbAIwQclZbANVPQlAJWgoAACIeRlsAn3gCAERUApRwIoEhW7c5AgBGVAJ5UwR+r1
666=sAaAGQVqgBAQYFAEnABAEHBQBKSAHNMUtIAdVETEgB0R9NSQHTvUFOSAHdIE9IAZgRIl8t
667=WwC7TAFRNVFUAmgBUR9SSAF8V1U5U0gBcFZVAlTIAVUCVUgBi8cGAFZIAc0QV0gBjBsiHU
668=Zb5VVZVALRS1pIAdlIW0gBJZEjXEgBxVVdSAFUESJPNiEAXIQBRVUiSAHFVSNIAdEJJCgp
669=ACUoKQAmSAHRHydIAYAwbapcI4RIQespVAJ4UwEFBgAqyQEGelNcAM0QLFQCI6RBIgxEJw
670=0CLlQCnBEi/CsnVQAwVALZ+DFJAYepLTJIAcVKM0gB2QY0SAHFNDVIAdUYNkgBySI3SAHN
671=BThIAdUjOUkBUngCIv8rXAA8aAEi/StcJMhAelNcAJQNeVNcJKQrbKrQFHhTJykAQFAJgP
672=Z4UydVAEJUAiMoLHtTXADjdBh5U1wkBC14UyddAUZMBW1SCHlTXJhTAQkDAEjWAgoEWFO1
673=Agt6U1wAyUNLQATJOExIAcUeTUgBfBlNPE5IAcF9T0gBYVEDeVNcmFNdNlHUAl02UkgBk2
674=wGAFNIAdk9VCgpAFVIAd0rVkgB2V5XSAHZEVhIAc0xWUgBzQVaKCkAW0gBzUdcSAHTFCIA
675=XYQBXRUjSAHBGiRIAcUIJSgpACZIAdkcJ0gBwQ8oSAHBZylIAWFRCWFRXZlTCmBRqQELIp
676=wqJ7UBLUwFhA8iMU5doIhiUV0A1XswQATJATFIAckXMkgB2QYzKCkANEgB0R81SAHJFzZI
677=AZeRBgA3SAHNJjhIAckXOUkBZ0hDSYU6yAEBAgIAO0gBhFVgUdwVYFEnKQA+QASMEGBRyB
678=d9pF31p0EogQBCSQHgSAydpF2hcgNdpF0kvE9jUV0A4aEERkwFI3grY1FdAB1sDGBRyAFj
679=UV0A32wFYFHQCSL8QcQTIpwqSC1gBHD7J1UATl0KwVAJQZ5PyAGBUV2BUQciME7UGHH7Xf
680=WcU0wFxSlUKCkAVSgpAFYoKQBXSAHRVlhIAdkGWSgpAFpIAYzLIrxaJ2cCIwBeXBJLAAYA
681=JEgB1U8lSAHFCCYoKQAnSAHJDChIAcEEKUgBwTsqSAF1Tw5pTl6VTw9rTl4Ao0UMAW+fXg
682=DHSQEAaE6oAVUCL1gGdAJVIzDIAVUjMUkBz60FMsgBTQUzyAFNBTRIAd0VNUgBzRs2SAF0
683=BkkMN0gB2X84SAF8TAEEBQA5yAEBBQUAOskBBmpOXgBhBAdoTsgiaE4nKQA+TAWcCmhOJ1
684=UAQChVAEEoKQBCSAEjKFhun14AIyhYbp9eAJt0AwBFQASRowNL814A4mNGAwBHVAKUT2lO
685=XrRPaU5eSDNID2hO0wkFAEtMBUwCcdpMSAHZHE1JAcFYAl2ZTsgBXdBPyQEHbJ/IF2hOJy
686=kAUkAExSlTSAHBO1QoKQBVKCkAVigpAFcoKQBYKCkAWUgBzZRaSAFUEXMUJABfhAFZMiVI
687=AdUNJkgB1Q0nKCkAKCgpACkoKQAqSAHdTCtIAWVKAnFLX5BLQUYtVQLHUAxdui7IAV0gL8
688=gBXSAwyAEBBwYAMUgBcEtZBjLIAVkGM8gBWQY0SQEnUAkBAAUANUkB6Wc0BQA2SAGVOQVd
689=mV/90DhVAmdBBAhyS18AagEJBFBLqgEKA1yZqQELcUtfpK1yS18AgBpg69QjcEsnKQBAXA
690=qARmDrJ1UAQlQCYBOfmV8A4EAPSQFEVAKQQHBL1AJwS9cNBABHQASFuARB61+kSnFLX7tT
691=BABKQASQVnBL1wIFAExUAmVKCH6ZXwBpAQkisDKoAU3LT0AEmBFxS1+4q3FLXyRkZXyZyB
692=dh618kpysGAFRYBsU/VSgpAFYoKQBXKCkAWEgB1chZSAHDfSUAYJ0OACKNamAkZFoifVJg
693=JGRaIn0mYOGpKUwF1Q0qSAHFCCtIASVRJixIAZQJbZRgpDRtlGCkNHniYPk9MEwFJaUgMU
694=gBizgGADJIAcUIMygpADRJAeZkNHlIYLQjeUhgoDB7SGAA6KEEOE0FI2gIe0hgAB9oAXhI
695=yAF5SGDt1jxMBSOManlIYLAqeEjcFQUCAD8AYAAAABEAABUOCh0IAAAAAgBAAGAA1gGIAQ
696=JBAGAAz6kBQkkB0akBQ0kBJFwDTQVESQEoqQFFSAGXAgMARkkB6G8FAwBHSAGDBAMASEkB
697=3XcCBABJSAGPBQQASkgBgwQEAEtJAd9jBAUATEgBeAoBAAYATUkBwUwBAQ0GAE5IAUUBAF
698=UCT0gBkwkGAFBIAdUCUUkB2WcIBgBSSAHVAlNIAYMaBgBUSQHNoQRVKCkAVigpAFdJAdSh
699=BFhIAccIJgBhhAFBDycoKQAoSQHarQUpSAHZBipIAZMFBgArKCkALCgpAC0oKQAuSAHFEy
700=9IAYstBgAwSAHRFDEoKQAySAGDMAYAM0gByQw0SQEmbwEFADVJASKpATZIAZ8gBQA3SQEn
701=dwIEADhJAed/FQQAOUkBI7UCOkgBhwgDADtIAYcIAwA8SQHkbwUCAD1IAZscAgA+SQHQtQ
702=I/SAFgCFFAQEgBlxgCAEFIAYsXAgBCSAHNBUNIAc0FREgBhz8CAEVIAZkRAkJGYQCRQAJD
703=RmEAHXAFY0ZhACFoAWNGYQAeqQFKWQYlqQFLSAGQCWBGxQgFQEYnsQZOQARoBV02TygpAF
704=BJAdd3GAYAUUkB0qkBUkkB06kBU0gB1QJUKCkAVSgpAFZIAdk9V0gBywwnAGKEAVUNKCgp
705=ACkoKQAqKCkAKygpACwoKQAtSAHFEy5IAYcpBgAvKCkAMCgpADEoKQAySAGILWhDJw0CNF
706=QCnREGS0NiAOZvGwUANlUC3KkBN0gBlAJrQ2IA23QCakNiAJ8gBAA6QQTVtQI7SQHlaAFq
707=Q2IAgEZqQ2IAgEZqQ2IA1UQ/TAWLWQIAQEgBlBhqQ2IAkCpqQ2IAmycCAENABJMUAgBEKC
708=kARSgpAEZJAd5gD2lDYihoCMgBaUNitUQFT4liAOJtBQVMiScpAExECIBGakNiAN0rTlQC
709=kxQGAE8oKQBQSAHFKVFJAYxwCW+JYgCEqQFTVQKKqQFUSAGLFwYAVSgpAFYoKwAoAGOcA1
710=1BKSgpACooKQArKCkALEgBxRMtSAGPJgYALigpAC8oKQAwKCkAMSgpADIoKQAzSAHJhTRI
711=AZAQcUBjvDZxQGO8NnyD1AJzQGMA4WwbcEDABHJAYwCAiH6DYwCUhnJAYwCdrwNcg8QIcE
712=DbBgIAP0AP0YJASAHZPUFIAZgRcEDUI3BAJykARCiBAEUoKQBGSQFsRRMEckBjAGoBBQJD
713=ymMAbVYCAAVAyqkBAXFAY+08S1gGzTxMKCkATUgB3StOKCkATygpAFBIAScTCGMAi2gMc0
714=BjAImpAVNABJQYYMrIF3BAJysAKQBknANFPyooKQArKCkALEgBl2UGAC1IAdkRLigpAC8o
715=KQAwKCkAMSgpADIoKQAzSAHdFTRIAYQPeD0nDQI2VAKEdnk9ZOlkOFQCkXcFW8FkAB98Bn
716=g9yAF5PWSlPwJZwWThtD1YBpxBeT1kvEF7PWQA2HQjbH7AD2x+JykAQlgGZAxdxUMoKQBE
717=KCkARUgBnG17wWQAhrEJR1QCeT0JeT1kmj0CBlg9AWQA//9ZCQZOfmQAnUwGTn5kAMUpTF
718=gGyQFNKCkATigpAE8oKQBQSAHZJ1FJAZFgD3g9yxcGAFNUAkwNItkhVCgrACoAZZACTTwr
719=KCkALCgpAC1IAc08LkgB2REvKCkAMEgBh6IGADEoKQAySAHNBTNIAYNnBgA0SAGYDWA7J+
720=EBNihVADdIAYn+Bl/8ZQBmdBhgO6kBAWA7qgECA1z8qQEDYjtlAIjocbll9Tk+UAmYwWE7
721=Ze21QFQCjBBgO8wQfHgnKQBDKIEAREgBmBF9/GWsaGM7ZQCFZBN8eCfZAEhNBVNgC2E7Zf
722=F3SlQC3SBLKCkATCgpAE0oKQBOKCkATygpAFAoKQBRSAGE2WA7wA9gOycrACsAZmQQbTws
723=KCkALSgpAC5IAdU5L0gB2TIwSAGQVmo4ZgDFwzJUAozsfPEnXQE0VAKMDGg4J1UANlQCwb
724=83SAHdCjhIAWk4BGk4ZpY5BQVc8aoBBgJIOKkBB2g40AloOCcpAD5ECJQNaDgnVQBAKFUA
725=QSgpAEIoKQBDSAGYEX3xZuU/RVUCj702RkgBmKBoOCddAUhUAmk4AWk4ZuFySlQCJwkHZi
726=hsDicpAE0ogQBOKCkATygpAFBIASdsDtQNaDgnKwAsAGeUHFVwLSgpAC4oKQAvSQGQaBci
727=XS1n5bgxVAKfBgYAMigpADMoKQA0KCkANUgBk2EGADZIAcU0N0gBxT84SAHFPzlJAWZWDQ
728=kGUTVnnTYKcDXQFHA1JykAPUwFjBBhqWe4XnE1ZybJNUBABJjXfm1nAIT6fG0nBQFDQASc
729=THA1J1UARVQC3QpGSAHVOUdIAcUISEkBVmQEcTVnKLEGZ+U0S0AE3TZMKCkATSgpAE4oKQ
730=BPSAHRmFBIAdUjUUgBZAyZMmiEAUoBLgAnKQAvKCkAMCgpADEoKQAyKCkAMygpADQoKQA1
731=SAHBOzZJAYhULkkMN0kBiakBOEkBO2kPBl3baERmAQAAAQJbMmgAjmAEeDLYEXkyaOEwPV
732=gG1S4+SAGcIHkyaLQjfNsnKQBBQASYU3gyJzEBQ1QCfA5J3UQoKQBFKCkARkgBjIluaGgA
733=xQhIVQIxfAZ5MmgkMC1922gk2Cx828MPBgBMTAWEEyJ8PCdVAE5UAsEwT0gBbAlJIlAoKw
734=AuAGmQAlUCLygpADAoKQAxKCkAMigpADNJAVJgB33QaVRgTAFwmKgBTX42QQQ3UAJdCjfI
735=AVUCOEgBYjACAkIwaQCUZWEwabRwYDDYEWEwaaBRcZhp6S0+RAiYHGAwJ1UAQChVAEEoKQ
736=BCSAHBXENIAXQRgTBpJJwqfNAntQFGKIEAR0gBJeEiSEgBYDBdFUnJAQNjMGkAV3QJYTBp
737=+TJMQATZXk1IAdUuTkgBaAVdIE8oKwAvAGqQAlUCMCgpADEoKQAySQE5aAR9xWpQJYVVNF
738=UCNlQCWRE1yAFB9jZIAWgtVQI3yAFVAjhIAZBhaS1q/Ss6VAJBCABdIDsoKQA8SAEjxCRp
739=LWooqAUnKQA/QATVLkAoKQBBKCkAQigpAENIAdUuREgB1Q1FKCkARkgBJwkSaiisC8siAg
740=BJQAR0LgEFAgBKSQFUaAhoLcAEbF0nKQBNQAR8A0UpTigoAAEwAGsAaCJVAjHIAVVPMkgB
741=cCpBJTNIAZsGAgA0KCkANUgBI3lBAkdaawDjsYI3VAIjVywCADhIAdkGOSgpADooKQA7SA
742=GEw31Xa+UpPVQC2Sc+KCkAPygpAEAoKQBBKCkAQigpAENIAdGCREgBzRBFKCkARkgBJwER
743=a/X0SFQCzQVJKCkASkgBcCpJIktIAYAEcSprhAFNJk0oVwAxAGyEKUVKMkgBhwQCADMoKQ
744=A0SAHNJjVIASNYPXknbLFsA1UHbCSQOXknbCQ4OW1SbCS8OXl/bJgKjFInKQA8UAnBGj1I
745=ASf5BGzxKj8oVQBAKCkAQSgpAEIoKQBDKCkAREgB2VNFSAGEDyIYKifhAUcoVQBIKCkASS
746=gpAEpJATJ8Bm1SbERFTAF4J6gBUyoyAG1IAkgAYCUnKQA0VAIl2UI1SAGNJgNVB228TGEl
747=bSQhNgNdTG21IwNKf20AJdlNOlgGVAqwdyddATwoVQA9SAHdeD5IAc0mPygpAEAoKQBBKC
748=kAQigpAEMoKQBESAHJTkVIAcEPRigpAEcoKQBIKCkASSgpAEpIAWAlTexLSAHHlzMAbowJ
749=WT00SAEnSwRuAN98bWkibiblSTdABCOQLiIqQm4AJblJOVQCI/A6bUduuCdpx26sJmhvJ4
750=kBPUwFJ0kEbijsCCcpAEBABMElQSgpAEIoKQBDKCkAREgBnLpoxyeJAUZUAoQabPcnVQBI
751=KFUASSgpAEpIASOYOn2Ob5QGXyA1AG8myTU2SAEloVw3KCkAOEgBJZlFOUgBl6cDADpIAY
752=hZIv02byQ4T3Efb7gncblv5R4+TAWU033mbyT8ICLgIicpAEFABN0gQkgBzQVDSAHFHkRI
753=AYAWcB8n6QJGKFUARygpAEgoKQBJKCsANQBwgAhFHjZIASWlVzdIASWlVzhIAYQEeV5woO
754=t5HHC8mXkccO2JPEwF1bI9SAEl0Ss+SAGECHgcJ7UBQChVAEFIAc0FQkgBzQVDKCkARCgp
755=AEUoKQBGKCkARygpAEgoKwA2AHGMCU0bN0gBJQE9OEgBzRs5SAHNfjpIAYzLYRpxsFYi/U
756=xx4X09QASUCSIdMHH1OT9UAiMYVn42cQCcYiIcMCfhAUJABNkGQygpAEQoKQBFKCkARigp
757=AEcoKwA3AHKACFUYOEgBzXM5SAHNczpIAYcEBAA7SAHBcjxIAcFyPUgBjBtpF3Ltcz8oVQ
758=BASAHdNkFIAZAJIqwsJ+EBQyhVAEQoKQBFKCkARigrADgAc4AIXRU5SAHVLjpIAc1oO0gB
759=wWc8SAGQBSJ9UnOzKgMAPlQCI28vAwA/SAGTKgMAQEgBIxxcfCsniQFCVAKECCJ8UidVAE
760=QoVQBFKCsAOQB0iAVFEzpIAc1dO0gB3UE8SAHdQT1IAYgiehF0AJhTeBHECHkRdPV7QUwF
761=gAtsJsAEeBEnKQBEKIMAOgB1iAVNEDtIAdU5PEgBJTllPUgBnDZhD3XhUT9UApwGYQ91KO
762=ABJzEBQuAEYA8nVwA7AHaUBlUNPEgBxR49SQEgfAJpDHYkNEltG3YmHVFAQASENGgtJwUB
763=QlQCdAaRCXeEAUgBAT0AdwDdCj4oKQA/SAHFCEBIAZAFcAkp2QB4kAJGCD4AJykAPygpAE
764=AoKwA+AHntBT8oKAABAAAAABEAAA==

[Terrain]
51103=TIBTRE02
101076=TIBTRE02
78025=TIBTRE02
26055=TIBTRE02
17064=TIBTRE02
63109=TIBTRE02
107064=TIBTRE02
66019=TIBTRE02
65060=TIBTRE02
60065=TIBTRE02
62077=TREE36
43059=TREE35
60016=TREE36
72040=TREE34
22076=TREE34
59081=TREE34
59050=TREE34
30083=TREE34
40095=TREE35
41033=TREE35
33042=TREE34
86031=TREE34
101048=TREE35
97082=TREE35
85095=TREE34
59079=TREE35
62080=TREE36
63079=TREE34
60077=TREE34
62053=TREE36
64050=TREE35
62050=TREE34
63052=TREE35
60049=TREE36
65052=TREE34
82058=TREE34
85066=TREE35
22060=TREE35
35068=TREE36

[Structures]
1020315=Neutral,CAOILD,256,58,108,0,None,0,0,1,0,0,None,None,None,0,0
1020320=Neutral,CAOILD,256,13,67,0,None,0,0,1,0,0,None,None,None,0,0
1020325=Neutral,CAOILD,256,65,11,0,None,0,0,1,0,0,None,None,None,0,0
1020330=Neutral,CAOILD,256,111,57,0,None,0,0,1,0,0,None,None,None,0,0

[OverlayPack]
1=KgAAIIH//jwa/4GoIAaCsbD++QH/gWYAAYP//63+8wH/gbFR/xIB/roB/4H/gHAAACCB//
2=kAAIFmIAH++gH/Ef3//AFAADQA//4BQgD/AgJBBP79Af//9AFBCHP0ga/+9QH/0z8Iga7+
3=6QH//wUCPwT//gFDAgAFga3++QH//wACPgb/AgI9CMo2GIGx/vMB/8k4GIGv/+oBSg7+0Q
4=H/gf+ATAAAIIH//kcK/4Gt/vcD/4JmZv79Af+BZgAB/vwB/4Gx//8BQBD//QE/EIGu/wIC
5=PRD//wFAFlIABAr+9gH/AgCBr/78Af/jPxj/mwFAGIAgAQAggf/6AACErWZmZt4dAAAk4E
6=AA/rMB/4KsrhHd40IA/9UBZwCD//+w3x0EMf//2AFnAuRABBAG/vgB//+wAWIEgquv/lAA
7=//+3AWUEga1gCgnp1E8K5z4K2CQM/rsB/+toCoGx/qUB/4So//8b4QIM0jwOyzIQ/rcB/4
8=EbEAGC/6lgENcUCsxnCv+mAW4O4/URZATYZgpgG//FAVEQ1w0U20wI51cOgav+pgH/yxYW
9=N+XEYwbIGxIyGslBFiHyYhXKGBjZIxT+kAH/Mf/KGxghu85qGM4/FoGsx2EIgmZmzBga/6
10=gBZQohuMxdGFP+y24azmoaKAYwEXIBMEn/pgFjCDHkzBYcZgTIbhwwDslsHMRsDIGoYBFA
11=SEBN/5cBYwaA8QAAIIH/cAGBqwAEgWYwAYEbAAHIAABAAYGxABpAC0AocBFwAXATMEhQTN
12=U6AP6JAf+Csaxx2NEYAHHbgagxz8hRAMoiAnIlyF8AQFv+nwH/IaPebQKBqQIqMdDZGQKB
13=/8pdAkBc/qAB/9Y5ANP+A9UlBjAGy10E/qcB/+drAgAnFAlgAYGtywgGIAvOYgaBqf6iAf
14=/WFAhh4c1MANdFCv+vAWMGQdn+RQD/gbH+wgH/gar+SgD/gbD+qQH/ga/PARCBrv4WAv/B
15=NQL+1QX/ga7/UgBsBP+tASYQ62sC/9MBJhDVOgL+6QH/3hIGD9D/xAEbHIBdAAAggf/VAA
16=CBZiAB1gAAMCL+3AH/3BoAga//AAI5AP/hAToCIgH//AEgBNw7Bt4bBP7gAf9yAYGt/vAB
17=/zHx//8BPQj/AgI6CAICg///q/7zDf+BrjAHgan+wAH/gf+AdAAAIIH//kwE/4NmZmb+8Q
18=H/gq6syUQE//IBTgSCsK3IRgb/9AFNBMhGBP/2AU0IganJRAj++QH///UBSgzITA6Brf/2
19=AUsOQfSBsSAO/vAB//8DAkoM//UBTATLNRQCAIGr/vYB//8AAkkM//YBSwb+zAH/gf+ADw
20=AAIIH//jwC/4Gw/sEd/4H/gAkAACCB//7+H/+B/4AJAAAggf/+/h//gf+ACQAAIIH//v4f
21=/4H/gAkAACCB//7+H/+B/4AJAAAggf/+/h//gf+ACQAAIIH//v4f/4H/gAkAACCB//7+H/
22=+B/4AJAAAggf/+/h//gf+ACQAAIIH//v4f/4H/gAkAACCB//7+H/+B/4AJAAAggf/+/h//
23=gf+ACQAAIIH//v4f/4H/gAkAACCB//7+H/+B/4AJAAAggf/+/h//gf+ACQAAIIH//v4f/4
24=H/gAkAACCB//7+H/+B/4AJAAAggf/+/h//gf+ACQAAIIH//v4f/4H/gAkAACCB//7+H/+B
25=/4AJAAAggf/+/h//gf+ACQAAIIH//v4f/4H/gAkAACCB//7+H/+B/4AJAAAggf/+/h//gf
26=+ACQAAIIH//v4f/4H/gA==

[OverlayDataPack]
1=GwAAIIEA/j0cAIQGBwcG/vsBAIUGCgsLCv++AUEcgJQAACCBAPkAAIYHCwoKCgj++gEAAg
2=CEAAoKBv75AQCBBgP/gwoLB/76AQCECAsLC//7AUIChQAECAoK//sBQwQWA//zAUMGggQH
3=//sBQwY79//9AUIICfb//AE2DoIGCsA+AIEI//wBQwLBPgL/+wE4EIEHwT4E//wBNw6DBw
4=oL//wBQgQkAv/+ATYM//QBQAr+1AEAgQCARwAAIIEA/j8OAIIGBv79AQCDBAgK//4BQQ6D
5=CgsH/vwBAIEG//8BQBKCBwv//gFBEIMHCwj+/QEAgQf//gFBFP8nAj4a/5sBQA6AaAEAII
6=EA+wAAgwYKB94eAIMECArgQAD+twEAggYE3h8ChAgLCwv/2gFmAOAeAAH/ggoI//kBaAIi
7=AIQACgoG/vgBAIEGCAAAAf/5AWoGIgKCCwj+1QEAgQHlPgqBB99BAv61AQDgQAL+tAEA5k
8=EOgQf/1QFpCoQGCAgH42oIgQj/1QFpCIEHwWQCYdmEBAcGA9X/E//WAWcKEgCBC8ZpBIIG
9=CtVCFIEGDdiCCAj/0gFCEsFjAnIAgQDCaASEAQMEBM0/DoEHwmUGgQfLJxSCBgcQAQIVgg
10=QHyWgMABf/qAFEFgXWyRgUhAAHBwAh44EHzWUAgQjQZQSDBAcIAf+BCAQXwGIGdDnCYgb/
11=pQFDFoIEBM1jAgP5KAQD78pvGiIoziYWMDkKQ4EGAh8ADTQEBlP/owFmCIEDK/sR2M1CHI
12=EGAbqBB3AWAdXBZQoD080XEBApRDYD9AgfAgkEPhAMggAKyBoY/oUBAIEAgA8BACCBAMsA
13=AIsGCgoLCwoHBwoKBswAABABgQdgFokDBgcICAoKCgjPGQCCBwhgCoMGCAsQAYIKBxAOgg
14=gLADDSGAD+iwEAgQcBrhGmgQbScACBBMgYAgIjggAKYevJBABiFIEGMgAx/wJbYAv+mgEA
15=AaUB14EL0T4CzSkEA//QPwASGlHlgQYR84ELYE2DBgcH/58BcAAjvgHYgwsIBN/uBYIECN
16=I9AiHpEeiFBAYDBAcSJeAXBv6MAQCCBgjjFAQEAtVvAoUGBgQDBDH3ZA3+qwEAgQfTPQTP
17=KQbgYwaBA/60AQD/rwFjBv5TCgDDVAb++QEAwToG//0BGRjAUgDWPAj+5QEAwBII3hga/8
18=QBFQyAfgAAIIEA1QAAhgcKCwsKBtYAAAABgwQHB/7cAQASAYEI2v0BgQjbHQD+wAEAAgHb
19=PQKCBwv/3QE9ABIB2j4EgQjcHQL+wQEAgwYHBNkgAIMICwr/3gE+BN/9BYEI2R8I/uEBAA
20=QB/v0BAIUECAgHA/79AQCBBv/dAT4C/uINAIEAgI8AACCBAP5MBACDBgcG/vwBAIQHCgsK
21=//kBTwSIBAcHCAoLCwf++AEAhAcLCgD//AFNBgIAAAH/+QFQCIIABgX9//EBTgzJTQSBB/
22=/yAU0MA/TITBCBBv/xAVAKgQgH9IEI//oBTwyBBAIAggAK//oBTwokAIEK//oBTwgr9P/7
23=AU4KHACBB//+AU4E/sABAIEAgAkAACCBAP7+HwCBAIAJAAAggQD+/h8AgQCACQAAIIEA/v
24=4fAIEAgAkAACCBAP7+HwCBAIAJAAAggQD+/h8AgQCACQAAIIEA/v4fAIEAgAkAACCBAP7+
25=HwCBAIAJAAAggQD+/h8AgQCACQAAIIEA/v4fAIEAgAkAACCBAP7+HwCBAIAJAAAggQD+/h
26=8AgQCACQAAIIEA/v4fAIEAgAkAACCBAP7+HwCBAIAJAAAggQD+/h8AgQCACQAAIIEA/v4f
27=AIEAgAkAACCBAP7+HwCBAIAJAAAggQD+/h8AgQCACQAAIIEA/v4fAIEAgAkAACCBAP7+Hw
28=CBAIAJAAAggQD+/h8AgQCACQAAIIEA/v4fAIEAgAkAACCBAP7+HwCBAIAJAAAggQD+/h8A
29=gQCACQAAIIEA/v4fAIEAgAkAACCBAP7+HwCBAIA=

[AITriggerTypesEnable]
0CAD0DCC-G=yes
0CAD0C7C-G=yes
0CAD0B2C-G=yes
0CA6621C-G=yes
0CDF8EDC-G=yes
0CDF8D8C-G=yes
0C0C7AEC-G=yes
0D62199C-G=yes
0CDF899C-G=yes
0D6216FC-G=yes
0D6215AC-G=yes
0D62145C-G=yes
0D0803CC-G=yes
0C32599C-G=yes
0CE23AAC-G=yes
0CA1F84C-G=yes
0CE26CAC-G=yes
0CE26B5C-G=yes
0CAD145C-G=yes
0CAD130C-G=yes
0CE2395C-G=yes
0D084B5C-G=yes
0D084A0C-G=yes
0D0848BC-G=yes
0CAD2AEC-G=yes
0D08461C-G=yes
0D0873DC-G=yes
0C8E2C3C-G=yes
0CAD25AC-G=yes
0D087D8C-G=yes
0C8B81BC-G=yes
0CADDEDC-G=yes
0C92C45C-G=yes
0C9565AC-G=yes
0C92C1BC-G=yes
0CADD99C-G=yes
0C9561BC-G=yes
0CE2EA2C-G=yes
0CE2E8DC-G=yes
0C955C3C-G=yes
0C955AEC-G=yes
0C8C71BC-G=yes
0C8C6EDC-G=yes
0D052AEC-G=yes
0CE44D0C-G=yes
0CA5945C-G=yes
0CAD2C3C-G=yes
0D535EDC-G=yes
0AA846FC-G=yes
0AA845AC-G=yes
0C8C645C-G=yes
0AD2BAEC-G=yes
0C96F5AC-G=yes
0C96F45C-G=yes
0CB2CEDC-G=yes
0C91D45C-G=yes
0CAD5AEC-G=yes
0D2C45DC-G=yes
0D2C448C-G=yes
0C8C56FC-G=yes
0D2C41EC-G=yes
0CA6AEDC-G=yes
0C0D251C-G=yes
0C8C51BC-G=yes
0CA24D8C-G=yes
0C8BC5AC-G=yes
0C8C4C3C-G=yes
0D53430C-G=yes
0ECCFCAC-G=yes
0ECCFA7C-G=yes
0C8EEEDC-G=yes
0C0D184C-G=yes
0ECCF68C-G=yes
0C8C430C-G=yes
0C87B99C-G=yes
0ECCF29C-G=yes
0ECCF14C-G=yes
0C8EEAEC-G=yes
0C87B45C-G=yes
0ECCBC3C-G=yes
0C8EE1BC-G=yes
0ECCB7FC-G=yes
0C32D84C-G=yes
0ECCB55C-G=yes
0ECCB40C-G=yes
0ECCB2BC-G=yes
0CB29EDC-G=yes
0C8C2C3C-G=yes
0C8C2AEC-G=yes
0A31295C-G=yes
0C87E5AC-G=yes
08A3EEDC-G=yes
0D022B1C-G=yes
0C1246FC-G=yes
0C1245AC-G=yes
0D0B3B9C-G=yes
0CA2A04C-G=yes
0CA2B06C-G=yes
0CA2FEDC-G=yes
0D2769BC-G=yes
0A452E5C-G=yes
0A452C6C-G=yes
0A44F2CC-G=yes
0A44F17C-G=yes
0D53099C-G=yes
0612B11C-G=yes
06C551AC-G=yes
0612CD8C-G=yes
0ABC484C-G=yes
05FFB18C-G=yes
05FFA7DC-G=yes
06002BFC-G=yes
07C0372C-G=yes
07C04EDC-G=yes
07C04C7C-G=yes
07C0B14C-G=yes
05FC1A8C-G=yes
05FC50EC-G=yes
05FC3C9C-G=yes
05FC37CC-G=yes
05FC333C-G=yes
05FC0C9C-G=yes
05FC088C-G=yes
05FC75CC-G=yes
05FC747C-G=yes
08B9154C-G=yes
08B911BC-G=yes
08B9213C-G=yes
08B9356C-G=yes
08B9305C-G=yes
08B9483C-G=yes
08B9423C-G=yes
08B940EC-G=yes
08B9586C-G=yes
0611A33C-G=yes
0611A1EC-G=yes
08B9641C-G=yes
08B97C6C-G=yes
08B9767C-G=yes
08B9708C-G=yes
05FC1C5C-G=yes
0612EAEC-G=yes
0612F9AC-G=yes
05FC13EC-G=yes
08B90B1C-G=yes
08B902EC-G=yes
0612F46C-G=yes
044082BC-G=yes
07C310BC-G=yes
07C329FC-G=yes
07C3266C-G=yes
07C33DDC-G=yes
0616004C-G=yes
07C330CC-G=yes
07C30A5C-G=yes
07C4853C-G=yes
043F521C-G=yes
043F874C-G=yes
043F40BC-G=yes
05C56EDC-G=yes
05C5392C-G=yes
05C504DC-G=yes
078F4B2C-G=yes

[Triggers]
0AB231CC=Neutral,<none>,@Sounds,0,1,1,1,0

[Events]
0AB231CC=1,13,0,0

[Actions]
0AB231CC=8,99,7,_Amb_WindPlains,0,0,0,0,AA,99,7,_Amb_WindPlains,0,0,0,0,AB,99,7,_Amb_WindPlains,0,0,0,0,AC,99,7,_Amb_WindPlains,0,0,0,0,AD,99,7,_Amb_WindPlains,0,0,0,0,AE,99,7,_Amb_WindPlains,0,0,0,0,AF,99,7,_Amb_WindPlains,0,0,0,0,AG,99,7,_Amb_WindPlains,0,0,0,0,AH

[Tags]
0AB21E7C=0,@Sounds,0AB231CC

[Digest]
1=8e3tJb28YIAH1b7LcgNw33QdXUY=
