[Header]
StartX=232
StartY=33
Width=47
Height=49
NumberStartingPoints=2
NumCoopHumanStartSpots=4
Waypoint1=239,73
Waypoint2=272,70
Waypoint3=0,0
Waypoint4=0,0
Waypoint5=0,0
Waypoint6=0,0
Waypoint7=0,0
Waypoint8=0,0

[SpecialFlags]
TiberiumGrows=yes
TiberiumSpreads=yes
TiberiumExplosive=no
DestroyableBridges=yes
MCVDeploy=no
InitialVeteran=no
FixedAlliance=no
HarvesterImmune=no
FogOfWar=no
Inert=no
IonStorms=no
Meteorites=no
Visceroids=no

[Ranking]
ParTimeEasy=00:01:00
ParTimeMedium=00:01:00
ParTimeHard=00:01:00
UnderParTitle=GUI:NoUnderParTitle
UnderParMessage=GUI:NoUnderParMessage
OverParTitle=GUI:NoOverParTitle
OverParMessage=GUI:NoOverParMessage

[Houses]
0=Americans
1=Alliance
2=French
3=Germans
4=British
5=Africans
6=Arabs
7=Confederation
8=Russians
9=YuriCountry
10=GDI
11=Nod
12=Neutral
13=Special

[Americans]
Country=Americans
TechLevel=0
Credits=0
IQ=0
PlayerControl=yes
Color=Gold
Allies=Americans
PercentBuilt=0
NodeCount=0

[Alliance]
Country=Alliance
TechLevel=1
Credits=0
IQ=0
PlayerControl=no
Color=Gold
Allies=Alliance
PercentBuilt=0
NodeCount=0

[French]
Country=French
TechLevel=1
Credits=0
IQ=0
PlayerControl=no
Color=Gold
Allies=French
PercentBuilt=0
NodeCount=0

[Germans]
Country=Germans
TechLevel=1
Credits=0
IQ=0
PlayerControl=no
Color=Gold
Allies=Germans
PercentBuilt=0
NodeCount=0

[British]
Country=British
TechLevel=1
Credits=0
IQ=0
PlayerControl=no
Color=Gold
Allies=British
PercentBuilt=0
NodeCount=0

[Africans]
Country=Africans
TechLevel=1
Credits=0
IQ=0
PlayerControl=no
Color=DarkRed
Allies=Africans
PercentBuilt=0
NodeCount=0

[Arabs]
Country=Arabs
TechLevel=1
Credits=0
IQ=0
PlayerControl=no
Color=DarkRed
Allies=Arabs
PercentBuilt=0
NodeCount=0

[Confederation]
Country=Confederation
TechLevel=1
Credits=0
IQ=0
PlayerControl=no
Color=DarkRed
Allies=Confederation
PercentBuilt=0
NodeCount=0

[Russians]
Country=Russians
TechLevel=1
Credits=0
IQ=0
PlayerControl=no
Color=DarkRed
Allies=Russians
PercentBuilt=0
NodeCount=0

[YuriCountry]
Country=YuriCountry
TechLevel=1
Credits=0
IQ=0
PlayerControl=no
Color=DarkRed
Allies=YuriCountry
PercentBuilt=0
NodeCount=0

[GDI]
Country=GDI
TechLevel=1
Credits=0
IQ=0
PlayerControl=no
Color=Gold
Allies=GDI
PercentBuilt=0
NodeCount=0

[Nod]
Country=Nod
TechLevel=1
Credits=0
IQ=0
PlayerControl=no
Color=Gold
Allies=Nod
PercentBuilt=0
NodeCount=0

[Neutral]
Country=Neutral
TechLevel=1
Credits=0
IQ=0
PlayerControl=no
Color=Grey
Allies=Neutral
PercentBuilt=0
NodeCount=0

[Special]
Country=Special
TechLevel=1
Credits=0
IQ=0
PlayerControl=no
Color=Grey
Allies=Special
PercentBuilt=0
NodeCount=0

[Basic]
NextScenario=GDI2A.map
AltNextScenario=GDI9C.MAP
NewINIFormat=4
CarryOverCap=0
EndOfGame=no
SkipScore=no
OneTimeOnly=no
SkipMapSelect=no
Official=yes
IgnoreGlobalAITriggers=no
TruckCrate=no
TrainCrate=no
Percent=0
Theme=No theme
MultiplayerOnly=1
TiberiumGrowthEnabled=yes
VeinGrowthEnabled=yes
IceGrowthEnabled=yes
TiberiumDeathToVisceroid=yes
FreeRadar=no
InitTime=10000

[Lighting]
Ambient=0.900000
Red=1.000000
Green=0.900000
Blue=0.900000
Ground=0.050000
Level=0.008000
IonAmbient=0.870000
IonRed=0.300000
IonGreen=0.400000
IonBlue=0.750000
IonGround=0.000000
IonLevel=0.000000
DominatorAmbient=1.500000
DominatorRed=0.850000
DominatorGreen=0.200000
DominatorBlue=0.300000
DominatorGround=0.000000
DominatorLevel=0.000000
DominatorAmbientChangeRate=0.001000

[Preview]
Size=0,0,95,49

[PreviewPack]
1=3R8AIAAoLD4OeHQ3cXAvS0ognnlHkX00lnk656xv1a1yf3ZfQUZUQT1URD5URUBURUFURk
2=FVRUBVRUBVRUBVRGQCC1VFQVVEQFVEP1RFQFVGdANgAQA9QTtURUdVh39g3a91+blz8bVq
3=zapam4hGmGg5xXlFyXQ/tXUvum4514JA8oc6zWgxf0onn10o0W83oV49pnNBl3ZCkX5UZm
4=VdRUNWQz9VRXgNegpEQKAQAAlWQz1XPTtUTUxTUUs8RkVRRUNYSkhZPzxUQj28FHQSthVG
5=QWwTAFNDQlN+dVrWrXb9wX/8um33t2zrs2fLqFuto057eDJIRx5nYS+glkiJjjWHizaelU
6=Wbkkakm0upn06KeT7JnFzgr2eom02knEqJhTp/eDi9nlP/v3H0t27MpGuGf15HR1RDPVRG
7=QpkfQWoPRkFsAXchQVRFjAEAT0M+VTs4UT06Uj07Uz9BUzo5UUlOVqOSaO+5d9CuX8SnV5
8=N0Q6hfNdqFRJpzQ21tK4NwNqOEQLuYRaOAQWxtKjVKDWdSIn5QMrZnOGs+K5BfMXVfQ2VU
9=R0ZEUUI/VUE/VkWIJAAQPztUQUBLTE5Kk4NrqZFXTEYVY1hCZGZCa3I8Xl1SSUpWRZgEgB
10=PYNwBTRD9UREJUbGdZz6dv+Lx2+Lhx8bVswKVTqaFMpZ1MrJ9Qn5ZOn5hLqqBRmIlEhHM5
11=qo9Ov6ZXWWchS1sc+Lhw+rxq97lpxKNcs51VvaJbxqpbloo9tJFM5bJ1t5ttZmNZRUNURD
12=9yMkRAZThFjEYnAAIAg0A8Uzk4UklJVHZvYmlmYIt6Z8GgbZ2KZ1JRWVNRVIx1VLGFSbV7
13=QIxWOKp2QHhhKoB6PZqVRpB6QpiSR5uaSbOlUYd+NTQ9EEBEGnhiNKh/QYRYL7VpL41ZLp
14=VkMYNiOWJZTlZMTz08VDw8VWdfYl9jMTNBC4x1QNijYbKQT8iYWtqpY66HR82cYbaaZlpa
15=V0A7U0ZBZCOkFAAQRUFURD9WOzdWSUhTbWhcw6Z1ZGsqPEURpoVLuKdOraRHrYgAACq1pU
16=v8wGX7vmf3u2fyuWaDdi9bUinxwlP33iv65SX500D0zkL4zkj6v2dlYiQ8Phl4blBNVVc9
17=OFNDPVWADXBEZCNoJGwBAINDP1Q8PFNSUFiLe2jRqnb/wn7kt3mNgz+4mU3Rr2Cfhk9dSS
18=+CWC+2cjzFcjuoYzKlf0BJTRxJSSKAdziflEelmUnFoVXkrWfqsXPGllvJnF6njmBgYldW
19=U1ByWz9uUC6+cjXEczKOXzN9YDtrWUGRelfVtHCplkx5ZDN6bDOIfzuto0zTq1z/vnHvtH
20=O+oGuHfmFKR3xolBUAY1VCPlRBPFNBPFVBP0tESUNsYGGchWHOqWOghkJkXCtxZja8sjfk
21=2yHo3xzn4hbt5hfItynSvyr46Rz35SL/5iz8ylb21zT78RLBtx/Qxxb78w726Bn4zE7trW
22=3TnWi6m2txbV07P1RBQE9HQ1VGQVdFQFREQHBHAAAAAAAAAAAAAAAAAAAAAAAAAAAAAAAA
23=AAAAAF9GQlVCPVREQlOJel7htn/LpF3erGDrsGS7m00xRw9ASxqYgT2cZzpoQCZwTiuWZz
24=eogVTAoFjOpFjFm1eMhT+0mU7qsGbeqWXQpGmwkWeXg2qhkWt0bV5KSlQ9OlE/PVJDQVFL
25=Sk5vXUaTZjd8UCiqajPCez29hEeqjEunkUm1m06tqFC7rFZ+gjIxQQyKcDzoq2fyuHW8nm
26=pYWVZAPFNBPVNAPFZWUFxVVVlMTFlcYD1fXyjFl2F+dzA5RA+chUa5plXCp1ndtlX11Df7
27=6hz68BD/9g7Mtje5ojH37w778RD47Bb1zUf11zT77BrMskDAqy706hP46BzvyEnNqV/Url
28=//unDqsm+sk2dEVCYlMyQ0M0tBPFREP1RDPlRCPVRDQFNyb1rftX74vHl8citxaTCgkkaK
29=e0GSej+Xk0avkkWfVy+iZTh/cFROU1VhXVqxlGvttXf3t3Dus2fnr2jdqWqzk2ZUWlY8RF
30=BOU1JGTVMzMU8+OVFDP1NDP1JBPVJAPVI+QFNIRUxNR0CRaD/ii0HZfECYWjusd0Wifkav
31=gUG3lUqakUaBbziogknhq3Cwm29mYVo9OlI3N1FQSllVWUVwcUHSrHnUrn3mr2zbpmTnr2
32=Sujkt5cDaIfD2bike0qFO0pVbJqV7guVXs0jrs0jbw0j/z0z7r0TXf0C/Pxi7AtTz1xVP1
33=4Cb57Br77hj54yX70UbuuWHLplvHplrIqFrSq1z/wHHCmlifgFCThGJaW1s8PVNFR1U7O1
34=NRU1W5nGbzu3rVsWWwlk6jf0Otg0SlbjmHSS6udDyqbzmoXC6pkkfNqmaUgFRvZFJoYlNy
35=ZFebhGLhsG6hiGNnYFVrZFN8bVy2lmnmsm+5mGhhYFg7PlE7OVA8OFE8OVE/O1I/O1FLSl
36=OAcmG0lmm2kkaxeD2CTTK7cUGOXDbXczTUfD2faEO0iky/oFe9n2xpa2EyNlFWU1qQfmrg
37=sHm7m1VQVCCifkfirGfZtGC9qlSroFC6q1a0oVCjj0iql0SeejyKajejkUOrlE+mkEupmU
38=2rm1CsnU+qnFKZkUedlEq6qlL1tXD0u2T5y0v0yUzktV7jrmvus2zOrF2qoEygoEe4p1PQ
39=nFjvrmf/w3X+vnbZrXKikG2rl2maiGVXVVpPT1WIdFaxiEyxeELTf0fCbj+9ZzBJRxqFWC
40=e1XC6aYzSel0exm0tSTheRc0CxkF9naVg/QFBVVFQyNU5KTFK0lWfvtnnwtGzVo1rssWff
41=qmq4l2p/eGFhYVlta1pMTFM9PFFua1fWqWvutW7aq2TAmFSliEeUgjZQURWNWinDdTuLUD
42=WwaT1xSjJ4ZEBdU0WKd1vOr3Prv3jltmjKoVmniUuwk0edhkKejkSVbTiSZjeujUaRZjt+
43=TjfpgDmlVSqDRCfHZjDHfUarckGgfESum026p1Sxo1GMhjyck0e0pk/ytGzwsm7frWnApF
44=yqnkyvpUuvnVCmm06lnUqkgUCYhUSalEWzmk/ZrGDvtWn+v3D/wnn1u3PQrGCeiFNdSzF4
45=VC+3cju3bzyfcyyAZjegjEBYZChcWiqZgT6kjkW6nlHhrWO4jlV6bEpyaFFVVFZAPVI7OF
46=FNTFOYimbptYD5tnXQpVpIVR6Ldz/cq1/qsWbvtHHdsHTosnDFoWhiYFYzM05FSE6gjWbv
47=uYbos3O2pFOTkkCFfzmMh0CdgUOVbzyubTV5Ria3cTS0dTzHjErMlkuyhUOngz6Zazp4Sj
48=XFd0WYXDvHazWSSCuTWCurajOzXTF8TDbGgT2VZzadcTetcTjWhUGwdj+0jEvDrVjKslvF
49=r1mZkkKkm0i5p1W3o1K0o1Gel0aakkSfgD98ZjuFXjehaDq6cDd8QCmmYDCrbjy2gUmcdj
50=61m0+thUmqi0i4mUuNYjesajmGTilmSCikbDqDcTpdbCRcWieahkTKqFraq2LfrmPdq2Dv
51=sG7KpHOLf2NLTVY9O1c5N1E2NU9gYFXLpWnyuXXDmVa7oVWlnE6JgD2fkEmgnkm9pVTytG
52=vnrm65lmOQfF1JSVBgXFmli3HNo2vrsGvNpV24nk7SplvusmjnsGXbrmS5oWJ5cVBmUj6h
53=bDrlikO5ejWYaCu/cz3oiD/KaTN+SzWsfkameUG9fjupeD5OVhwxPgyGWymmf0GclEeul0
54=yDgzVibSqYdjyvikXHqlfEr1nAqlfJsFqMiD+YjUC/q1aypkvIsVqdk0eGgDiXfj1YQzJr
55=Qi60aDjLczaSXjOyeTq1bDfehUTVgUTVezaERSWMTinEbjGoWS+wZjezazV8a05KUFFSU1
56=CRe1ndqXHysW71s2v4tm7zuHntsnHosnCZi2Y9Q1Q3N01ITkKEelp4b2BISlVqY1qlh12t
57=iUqlgj6wejl+Ty6fcDeyikKVd0OTflRiYlpQUVOAclu1k23osnXjs2y4oVHNpVn1smn4t3
58=LvtXjssm3Xp2uqjGJ9cFpDR1JvaGGskGPCkkdWXBwgMwpbTyKsgDy0hD2jgD2hj0OklEet
59=lEmsl05+ezxoYzCcgk2tnVKglk3grGawj0pxZi6OgDzFrVWyo1G/qlSpnU2poE2on0ukmk
60=mNiDy7qlCtoU3Cr1eSkEKKijyUfjt8WDWTZzmkj0SdiEKjikWvkka7hkDRhUDRfDmPXzOl
61=aDO6bDOFVS6Tczupl0vUq2jDnm52aFdlYFJ6almYgmLgr22tkGWDd2OOhGZYWVdCQ1BkYF
62=d6eEYmPgJZUSS/ml2EdVBRRTV6VzKsbj3OcjnIZy1/RyasVynGZzJnPSyBXDRxWTqXeE7D
63=pmLfs2jtsmjMolbMoljfrGnQo2yRfWGKfmaFf2NTU1VaWFKQfV3Hn3D1t3PermPSp1+lkE
64=lwbDKWf0WXi0h9hzVfaSWOfz6llk7YslLszzTt1DT13TD1yFDXt0vIsz/krWTDnVy0jkil
65=lUq+qVW3p1Stokm4p0+imEW7qlG3plCSizzDrlS1pFKYkUWHhD6NiUCJhjySfzmlf0GynV
66=GegEWTfkCikkOun0xsay1bXCqbkUejmkuglkuznFPSp2DjrGTsr2b7t2znq2jCnGd1b1k6
67=Pk9aV1RAQlE3Nk9HSFF0Z1u0kmVzbymXekCPeEKBbjhxVzSycTplQSOBVCqmbTetfUqphE
68=aUfz2mhEOkeT5+USurZy7JfD26fkeje0GbhUCpoE+mlEd/bzOlhlx6eF5DSlI5OVA/PVI6
69=OVB2cVjYq2zbrnHMp235uHD4tG7RqFuyoU+7pFO1pVKUkUiakDrXwynu2Sbt2yT27RD27g
70=7+9w7BsyW0oSz97Rf13CrLuTipl0Kci0aom0nFrla4pVGpnkuvoE2onUm6qVOSjEOwok/B
71=rFaQjEGXkEWdlEeCgDqbkEnSrFbirWHstWLar1zPo2KlmU2AgzuCfjulmUmgmkm2oFHMnl
72=ncpF/7unTisnndrnLQpmmjimNaVlY/PFE8OFFBPVI/O1FYWVS8m2blsm6Vh0KQcziJYjyu
73=bzp3RjKrXTegXzNgWERERkV2a13Bo2zhs2i2m2RiY1VLSUl+ZEbPhD7cg0LLe0O2dUGddE
74=Orh0u2l0/MolvosW/EompdXVU8OFBDPlJDQVJfX1hsbVlVV1Wch2nes374uXmKezU3SA+g
75=gkbdq2jtwFL86CD37w/58gz68A727xD27g7izjLHsDTx6BH17Q/27RPq3SHLuD+omU2rn0
76=6+qlOkmUS3pFKfmEe7q1WWkESfmEeclkegmEa/q1aIhjySiETQuj/13yb04iD46B374ijv
77=x0bPqFS6n1auoU2km0mfmEionExeWR9fUy2FdFZgXFZzcWBOUVU7O1A/O1JDPlJCPlJCPl
78=JDP1I/PlJESlGAbE60hEq3cjyiVy+1ZTaUWy5tYCukjETQqG6bhWNMTk9QTVB5bFhFRE9C
79=QU6NeF7Cnmutkkuzhj/Lgj/PeT6RVDiqZTW/i0KagkegiVt3bV9FRFRAPVFDP1JCPlI9OV
80=E9O1E9OVE4OE9TUlOymm+ji1dwYDalfEfDk1XVrFzlvU/yxEvZukfZzif46hz/8xT68g78
81=9A327w/17w368BD76xr1zEW2nVWflkilm0ifmURidCRhaiV2cS53eDC1pVCNiT+OhzuvoU
82=6pm0u1mVfxyET06RX38Q3k3hLv6RH37hH34CfsvFSumk+rm0zGo1neqWSmg05fWDw1OkE6
83=N1A7OVA/O1FCPlJDPlJBPVJBPlRBQFRGSVFrWUGGXTWWXi20cTqtZDZ6SiefekB6eDEqOg
84=pWUSKvh1GxkGJVWFI3OU1FSFE8P014dFvgsHrpr2/qr2nJpFmllkWgeT51TC3LcDLVeDpi
85=Oy2BXjViVkhWS0lAP1JAPVRBPlNCPlNDP1I+OlAyNU10blvXqG/8vHr/v3etj0o0OA9mZS
86=+YiEjBn13Dn1yqmlGSkzKkohzy4R357Bb36hX35xrf0Si9sTuxoEuom0ulm0qjmEekmkd4
87=eTFuai9SUxw+RBavo0tEURVDSxqIgDy+nlfSsE3s1Sz16Rb68RKokzu/rif47hL15B3swU
88=3YpmTbqGLvr2zNomunl2xkZVxDQFRBPVJDPlJDP1JBPlNCQFRIRVFHRUhdVEOKYTeeYSyb
89=WSaNXDGHYTeeflSzm1rNpFvSol2NdEVqXkQ3O0A2PEtjXlqojWbYq3bEonbaqHDpr3DCml
90=eKdjyUhEOfikOEfjk5QA2LajGrdDd8TSi0Zy2JWi+GXzNqVztTTEpHQlA9O1M4OFFISFSD
91=dmahjVlyZTTZn2PirmKpjUdqajB6dDeZk0WhnEmqnUy1plJqczUxQB2EgDDDskjdtVTmvF
92=PGo1qilVCgmUinlEmlk0ikjkSbg0Krok5iZiVMUxyBdzlQWR1VWCJTUSRlYC6QiDzVyiz0
93=6hP17BH17BHu2i7n1yH06hL/7iLuxU6umVGtnlDAoVVdYR95bjekkWdNVVY7N1BCPlNBP1
94=NHRlFJRkVwWzyBViyWYC+kYCuFVy5cSTFPS0g9QE1XU1WdhmTXqmqfhGFaWVVDR1FuYVqv
95=kGfps3bxtm3TqVy9pFvHpVqyn1COjj9UXCVlXS2YdUHOn1uRdkR6bEVdXEpkWEmBXjdxTC
96=m7bzK+cjCNYTRsVz1ZT0R8bVi9om3ounbIo1t6dTelkky4pFGmmUypmk6kjkigkEWVbzmJ
97=ZDSgi0KgjUOnhEOjgkacg0OpkU6gjE6unFCqn06lnUynnUqmmkqimEehmEinnUuIhDppZC
98=6EeztIShxhWyl/dzihl0m/sT312yv06RX27g/17g738gr68w306Ba3sRu+nUPcrGarjUeY
99=hz9eXiZwXC+zkmOjkmtXVldFQ1FRTk1+YTuGVyuUXS2JUyaBWy9kUTtLSUpERVJBPlBAPF
100=A6N08+PU5RUFBFSE52aVm7mGvrsnDqsWjPo1mig0eeiEGffjh4Vi+OdTiljkSXhETBm1ba
101=rGDqsXOkkWtYWFU7OU87O1BEQkxRTEaBYj6zczaMVSqeZzOtcjq2hUe8kUqthEOkg0Cyl0
102=efeTt9WzKghkCSaTp3SjXBaTSMRiqVUSusYDLUejnSezy/bTvXfDrBcjyUYj+mgEKeikan
103=j0mhikOfl0ennkqonUqjmUinnEmkmUumnE2pnEx8fDdlYyyzlU/UpmHrsWTy0Tr15xv46x
104=b36Rn02jHsw1FMVB41PxaOfEGhk0mUjESnm026nlTDnVTGoVmbg09dTDCCWzGlYSuDUSZ6
105=WDBZSjdOTEhBQ1BAPlBBPE8/O09BPU9CPlA/O083NE5aWVK3lmTkr3C6nlOlkUiRbjplPz
106=G8aDXGZi10PCKpVCjDazZnQDGmeD2agUaeh1pqaFs6O1A/Ok9BPE8/O1A+O1A9P09OSkhY
107=SzqdaDfbhEDggj3ReTi6azrTezrnfzetWCp7QSS/YC24XS51RzOzdDmcbTmWdT2reT6ze0
108=CtfD+kekDEjUWlYzuHTjOybUKVVzfIfUatcECigUWiiUSgkUWelEWkmkmkmUqgl0mimUek
109=mUqmnEumm0yum07HoF3quljpvFTUu0W/tECwmFCtllSekEN+YzSGdDinkUWNXziiaTnThj
110=y/djy1bzjQezd6SChmRyZ6VDRVSTtNS0pDRFJAPVBAPE9APE9BPU9APE5BPU9BPVA/O09A
111=PVA/Pk5BREh5ZUemd0KwbzyATC5nRyedbjindTqYdTyfczeGXiVuQiazYzNnPy17WjNfVE
112=ZVSkg+PU8+O1A/PFBBPVA+Ok47Ok5oYVyqjGO9iUO4hkCvgT6kej3AjUPChj6UazmZdTqb
113=bTetdjyfdz+Ti0qkoUC9q0bDqE7Fvy/Aui+8tjLWyC2liTeSbTykeUafcz/NgD3XgUHNfk
114=apbT6feEOvmk60o06voUypnUuimkannEqfl0mflkmjmkuhmUqsmFCynFGPh0qTgUd+XDmV
115=XzfcfzeKSSmLTCrAajKiVS6oYzjPgECoajq8fEPQgj6oZDR5aUtJUFA8PVFAPFBAPE9AO1
116=BCPFRBPFFBPU9BPVBBPVA+PVA/P1BISU10WztyTSuLWiytbDi8bTp2WSEiOAZXVyZ8djdG
117=WRdlaSpVWRxrVSigbjV4SiesYiuIWC6BWzFoVTtPS01JQ046OFAyNEx5cF6mj1BgYyOKbD
118=mymlScl0mejkKciUOck0icl0iblkuinUXJwzDc0CrQyCjq3hr26Bn36Bj/9BHHtS2plDH5
119=7hPz6RzZ0CmxqzqelEunh0m3hUXEfj6oczyyj0vAqlfGrFfEqlfAqFaUij+/q1bCq1annE
120=yWkEOWjD+XdTtmUjSDVDOnYjaWUC6DTzfJdDqLXTCeZDK2azGDUjCPcTixqTOwnza0pzOx
121=pzqplUjTqGfJoGxzbFY7Ok43NU89QEpARzhCREdBPlM+PFFAQVFZUEVdSjR+WzSeXSqEUS
122=aDWzB+XDaggVeul1ORdj6xgk2egEFHSBtgUDKkgk+xl15ta1FfVEV/XDZtSiezai+vaS6C
123=XTVtVztTS0NzZlTFpnGIfUA5QxZwZTO1nVStnlCamEealUeclkebk0eekkvSs0f65x388Q
124=/89Av68gz38Qz17wv27wzy4iPiziry6RD17Q747w/16Bbm1Cjiu0yzn0+cfz6wj0fFqFfH
125=q1m8pFPCqVWun02il0ern02/rFS8qlSMiTmBfjWPfT1fSTJlQC2qZjeuajqefTy4sDLTzi
126=Db2Bza1xnSzh3a1xrn5w7s6w3r6Q/n3R3VsFDEmWihhWBaVVNEQ057bF2De0knPgE7PxxT
127=T0VSS0RqVz+VYC6MVimUXSx7Ui5XSDNNSkU7PkpTUFOPel/UpWnxs23NoGeIdVt0alp7dV
128=1SUVM6OU06Ok9DQUpOSUOBYDydZTF5SyaWYjGpbjmsgEWiekCIWzKjg0WhjEKdejuAWjOY
129=gDyfjEWZh0aZkESclkiemkbAuDnc1SHg3hfl3hrz4x7z4CHt4Rvn3hf27w707g7z7A307Q
130=717g717Q/36BnYvjylkU+0olLJrVqpnEyblES2pFCViz6/q1aMhzyAfTSSjEGHhDuHgz2D
131=gzqPfjeCXjWOZDm2rTTg2hz57RX68g7KwRrk3RP79Q328A3y7Q3y7Q3y6xD14x7QrVSUgm
132=pbXlg0Nk1PUFCwk2LgrW2ZhkaJejyLaTZfRCaFVCmSVylnSSheUTlGRklBQVA+PE4/O005
133=NkwyMkpWU0+CdFhLS045OU05N0w8Ok06Nkw/O04/O008OU08Ok48P01PSENVRTSXZjfOhT
134=3FcTeSSiiFSSirYDHEajGuXippQx+3XSu8aTaTXj2hdz+uhkGlfEKZd0CnjkSfiTybjj+w
135=nEewm0yhlj6xokzDtznTzh7q5hD17Q/17Q707Q7z6xHn2h+7ty6mnz+7plOmnEuflkW0o1
136=KdlUbAq1JYYB8wOA9bWSiSiECKhD6Lhj6AgDeLfTmogEfYwzXv5xPz6xD57hOwl0HArSj4
137=8A/27g/07g3t6wru6wvy6RPu2iTvxUrfsGynjmdVU1RERkt6Zkutfke3eUCMUzNxQSdbSC
138=5SRz9EQ0lCQU4+PE0+Ok0+Ok0+O00/O00+Ok07N002Nkw6Nkw+OU0/O00+O00+Ok0/O00/
139=O01AO05AO049OU09PE1jXFpgYzYsPwZ5ViGhazeccjyufj2+fDqDYilHSRR4UCapZzd6Rz
140=DJdDjPeDi2aDjReDbJeUKmaj+WbkCijUqunVCPhz+VjkKtm1S/sj/f3Bbu5xH37RL57w/3
141=7w7z7A/m1CezpkCnmUy0n1Cek0OvnUymmUa/qVOpnEyLhD2pmUuMhzuGgTaMikCAfDuUj0
142=O6qkPr1Cr06xL27g748A367Rr46Rnz6RX06xX16RX37hXt6RPm5xDa3hbKwyzGqVCvlFaW
143=fEhbRSl6USqtbDe3bDmcXyygdDych15oZFhFQ048OE0+Ok0/O00/O00/O00/O00/O00/O0
144=0/O00/O00+Okw+Ok0/O00/O00+Ok0/O00/O00+Ok07OUxrZ1LRo2mzkFBuXzB5bzh/fztg
145=YCicj0iaikONgDyGfzyOjEKUfkCSbzyvfD2nejudeD24jUO9ezyocDqogkW5o1O4pFSmm0
146=t6fDBzci2wmkymnjevqjfIskbZzSvnzy/ozjLkyTizoEmbj0ajjEWlkEefiUJmbSTFq1ep
147=nU2gl0ivoFGXkD9/fDJ9ejOUhkCojUexpT7XySzt3x/w4CDnzjTkzzDLwCyooD2xpDnJq0
148=mwmz6ilDu3nzm1kz+TgEGdfT6FVTGwZTeASSdeRSmDXDSYeFC8nVqxmE3jrGfOo2Zpa1M8
149=O0w9OUw+O00/O00/O00+Okw/O00/O00+Okw/O00/O00+Okw/O00/PE4+Ok0/O00/O00+Ok
150=09OU1EQ011cVbKoG/ur27pq2SVhEItQBVrYTCYjkSdk0ePiD6GgDSQiz2Wj0KQgz2ahkGd
151=kUeXkUecfz+kg0C6oFG6pVSzn1C3olOwnE6Zh0SEbjqJcEKWiUeei0iTgkOglk2glE2ooj
152=2spD+dlEiBgzeFgzmdl0ZOVx3Irli3pFOgl0ajmEuQikKFgDqZjECjg0Gri0SllEyklUys
153=oUOrn0aTh0ickEqpnE6ShUKPaz5fSTZ7SjOiYDi1dDayazvCcjvSdjeYUiyHWSiVYi+Ec1
154=RMUE5QTVGQfWDQo2ecg1xeWlJAP04+Ok0/O00/O00/O00/O00/O00/O00/O00/O00/O00/
155=O00/O00/O00/O00/O00/O00/O00/O00+Okw7N0xESE6UhV/arHrhqG3KnVijj0mYj0WhlE
156=mqlkySiz97diyAei2EfTF8dy2RjBEAAN8VjRYAqkGekkWSikCdkUW0n06lmEqglUmZkUOx
157=n066pVOafkNbRSx8UjajbDmBTSyJUS2fcDmkfEWXcz+ajkeUkkMySg4fLghoZSyck0V9fT
158=SIgTelmEe4p1SJhj2Shj6hjEKbjUKllEu9nlWflkmOikBuaCxiXyiWjkWilkeHgjdnZCVC
159=PiRyRS+FXi0uPgtCPxeabTKqdy9wVSk0Qw9DQxqshlakkmk7Q00zMklPTU45Okw3NUw+Ok
160=0/O00/O00/LBQABz46TD87TUA8Tj98AnQApAIA2z87TT46TD46TT46TTo4TGViU76aZeKp
161=a+CmZsKbVZyRSZCLQIiANH54LoJ8Lnt2K4WBNZKJQIF8MoB7LpyPQ6GDP5WJQamdTK+fUL
162=CdUJCFPKWZRZuGQYtiNHhXMn9PL79lMI5NK5xhMKlgMMd1Pr92QKlzQJZ0RIh4OYN8Plhf
163=H1VaHzJGDCYyDFxeKIiGO6KaRqOYSJqTSJyZSqGaSKCYR5WBPoh8NlBSG0ZCHIJzO4eBOH
164=J1KjBCDjU7EmtMLIhoNGFiK1taK2loMFljI2tsLpR8Qb+KU9GbX8KdapWFYFdXUzM2Szk1
165=TD46TW0fPGQdYAF8IMwfuwE+Ok0tIAC4AbQAANs9Ok1MS06WgF3SpGvapGfNn165mFKPgz
166=x+fDJ+eTCAfTKLhTuSi0KJgjl6dSxwbiaEfzabhT+ihkCWjEOakEOynk6Ti0KLhTmKfzeE
167=fDWUhD6TgEGfhUCXhEGdi0eph0O1fTvMfz+0ZjeNVTegbUCObUGVhzt9ejVXWh9SVSBMWS
168=NQTSCJdjyYj0ihk0STdz2NeTuWikCJYDiEXzaCeDhwbTGfkUizok9+fDKAezWBfTqIeTWh
169=hUKkj0ech0Olj0ecjUmSiEKjkUrPo13Zn1zfol/mqWbUpWuiil9dXFE8OUw+Ok1APE4+Ok
170=0/O02oHqxDrAEotQg7YEknrAS0AwDTQDtNODRMNjVKSU1MkYNf3ax+5qpx36VjtZlRlo9B
171=mpFJk4pAjIQ6j4g+g30zd3Ipd3IqkoxAm4xCl41Clo1AgHswfHgreXQqg38yjok7npJEo5
172=NKl5JFi4g9i4I5nolCo4k/q4hCjmQ5kFkzh00udkIpung9npJFfX02YGArc2k0j3c8jVs0
173=l14103k0h0YlgUYmvWkwkE4tcU4wjG00YGEnbmsxpphLoZZFrp5NhYE8h4I8kow/gHkuiH
174=szj4Q5n5NJlYtDcXAngoA0tpRO4KJi3KRjxplipI1fVllQOjdMPjpNP4BGvB20ACdMBAE/
175=O04+KXQAdGkBOU8/O3RsANs/O008OE1APExmX1WkimjPn2fdpWXHnlmkjkOGfDB7dSx+eC
176=56dix6dCh8dCd3cip4dCh5dCiKhjuYkESPiD6DfDF7dSt2cCZ3cimBfzWSiT6Zhz6ihj6b
177=iEJ7eC10cSOCfC+bjUGhi0OdgkGZiUOQajWWXS+oZzmWcD+NbTiehUKBXDiOWDepWCygXj
178=PEdzaJXDGbZDGsZTGwajSTbzeZdjp0ZS1oZCyWi0GTiz+ckkSJhDuGfzZ9eC57di2AfTCW
179=j0OZj0OMhDp4dCt0cieTiD6/m1XgpGTIm2OkjGF6cF1GSE86N0w+Ok0/O00tWAQCQDtOPz
180=zMamgDbAEA6049OkpCQ0JBPks/OlI+OU02NkpxblnTpnDnrG7mp2O8m1SDgjh6eCyAeS15
181=dCx6dCh6dSd6dSh1cih1cih4dCh0cShycCh2cyh0cSZxbyV4cih5dCd6dSd3cil9eS+IhD
182=iOhzyBezN9eC5+eS54cymAfTGNiTyTiDyXj0GckkaZg0O1bz2JTjGdVyynXjGXTyx7TDOJ
183=Wi+EaDeTez+IeTyLij2NhDyagT+kiUOYjkSShzuFfzJ+eS16di9vbiZ9dyp1cCZ7dy2WjU
184=Kck0SbkUeWj0WbkUWajkSKhDiijkbLn1uwmE6/m1Tlp2Pkq2u/mmVqZVM6OUs+Ok0/O00n
185=QQ1AaCFkI3xomI4ASTs3TTw5UVFTRk1RJDg+LDU6ODk4S2FeTqiGVeGsdOGmZMKbVpuRRZ
186=aQRJqQSKORSIF6LnVxJXVyJnZzJXdzKHdzKHhzKXVxJnt3K4iDNo2HOZKIPZKJPnx4LnWQ
187=RwBPiIQ5mZBFnJJIl5BDmI9DkIlAg30xf3kudnMpeHMofHYtmJFCnIpGm3o/i10xoXk8rn
188=U5rW01mXU9mIlBmYhAjYE5g3cxkIA6j4g9lo5Dmo9Gl5BHlo9Em5BGmpBHl45EkngNACQ9
189=jIU6eXQpe3YqgHovgX0xl45GnZJJnJNGkopAi4A4p5BIspZPyp1Z2qJkzJ5smIhhUU9POz
190=h0z3hDJwQNKRQSAPM+Okw8OExMSE1KRi2ihFK8i1l8djhNWh4uMyxPTUiWeVXTomrvsG6P
191=fTomPgdwai2gkEiEgzd+fTKCfTJ3dC11cyh2cyV2cid0cih7diiSikKbk0uWjkKYjUGOhj
192=uAeS55cyd6dSh3dCeAei+IhDmSij2FfzaNhTyYj0WakUWQiD+RiD2SiTyOhjmBezJ/fjGP
193=gDiWkkOgk0WeikOgjUSbjESNhj2Qij2bkEOejkWckkWWjkWWjkONhzuYkEadk0eZj0SakE
194=ackkmWjkV/ei98dil0cCV2cymHgTaMhDuJgzuMhDuNhTmPiDyWjEC6mFPfpGLfpWHhqGu/
195=m2RmaFI8Okw+Ok0qcARgRoAlAPM9OU0zMUphXVapjVpZUCFjRyateUbPnVq7iVa0i1x8a1
196=FmYFBRS0uCcmCNf1JrWzSZbkHCmVStlkyvlVGhkkmSi0CWjUOXjUB7di5xbyKLhDmXjkaS
197=iT+AeS11ciV2cid3cyd9dil8dilzcSV0cCZ1cCl2cil4dCiCei58dy55dip9eCyBezGXj0
198=SakkSRij6AfDGLhDdqcChrbiqDfTeHgjiMiT+UjEKRjUKPjEGXkUOWjUJ7di56dSx6diuN
199=hDmMgzp9ey+SikCZj0WLgzd4cyV4cid1cid8eTCOh0CTjEGTiz+YjUGakUSbkka6mVPfo2
200=PZomLOnWShh1txaVVGRU4+Ok10IahptAAAQztNPTlNNTRLOjtNWlhSm4ld3614qXxNuoxS
201=2Z5fy5hYkHU30ptYyJJdfHxfOD9NMC9JSkdRiHxdxJhl5alo4aVi4aZk06BduJtSoJVHnZ
202=NJiIU6endotAAYfnowf3oue3YqcnAocnAmd3QpeHQpd3MndHEnd3Moe3QqdnEpfHYpe3Ur
203=uJQAJoSBMoeHMaOYRKeXSJyTRaOZR5mSQo+IP0ZRGEJNFYZ9N5uOPZqLP7OVULiXUrSYUJ
204=yQR4eAN3VwcHEANHhxJ3ZzK4mEOouEO3p1LXNxJXh0J3VwKH15L5SMQIqDOH55LY6GPJ2S
205=R5WORKiRStOgXNuiZLeTY4N9XEdMUDEwTDs2TD+QRGRH5CMA/Ds3TDw8TGVaVK6PaI5/Qz
206=tCEX1nNKF+RKCTR7GbT4l0PGVnKZh3QLZ+S86iaayRYVRTTzUzS0lNT6aOY+avcOWqZuWn
207=Y72bUnyAMl9rJYSAPLGVTqaTSpCLP5CKQZONQZmPQoyFPYB6MHhzKHVyJnNwJnZyKX93Kn
208=x1KHp0KHRxKIuFPI+JP5OOP52CUKV9WLp9Y69Xb6RUbLt9YraUUHZ3LUtVHkNKGp9rUNOJ
209=bNujYuevYuCoY6uUTYqFOYN+MnZyJnhzJ3ZyKHp2K4uCNYqBNndyKndyKXp0KHhyKHdyKH
210=t2KXt0Knt3LY6IPpuRSJ2QR5SMP6CTSLmZU9CgXdukZ5N9V1tbUERCUTw4TCcoFgAA4T46
211=TTY0S0tLTqeKYOKsbvCvapuDQEJIGldRJ5Z3RK+RTZqAP7iVULOKRs6fW9aeYbiUYIt4Wk
212=lITjo3TzEvTEpFTmthWJZ9XNalaeawcIp9OWtfKIxrPd+latakYK6VS6eUSZ6SRpmQRJqQ
213=RpmOQn54L3VxJ314Ln14L3dyKHZxJ3h0J3RwJ3d0Ko+HPL6eU7VvZZgxeY0je4gWfYsbfZ
214=QsecV1bldWIpmEQ7+WWa1abpgudqNEdMF1atygY96rXb6aUZ2IQYJ6MnBvInVzJoN9MX54
215=LXlzKHl0KXVxKXh1KYd/MX95LnRwJnNwJXVzK4aBNo+HPpGHPYR9MoJ+M4yJOraYUeKoY2
216=ZVIVVXNFBSTEA9TD46TT87TT05TjU0S0JAS4l9XdqreOSoa+OmY76bVpGKRK6XUK6aTZ6Q
217=SLmPUeSkYd2gZLuZan90WkFFTTQzSzw3TU5IRWxiUEVHSjU6OTpBSFJTVpeCacieadylZ7
218=eTYpqFZNCkcO2ubOWlYrmQTZiPQpCJPIh/Nnt1K3dzKIeCOZePRo+IP3h1LXFvI3RwJXVx
219=KIZ+M7CcTbx2ZpEpeokbeocbeogdeo8lebxvbKiXSMl+aKA7dowfeocWe4YWe4seep47c7
220=xtbdiaZcmfWZSIP4B8L4eCNJuTSZSMRGR3AAAAAAAAAAAAqnInfHgvkopCnJNHkIlAfXov
221=koo/iIE6dHElfnYod3ImfHgvm4xEjoc7kYo9nYFCgGQziWc+mHNCbGZQOjhQOzdNRUNMh3
222=Rbyp5p4qdo16RiyJ5YxJRTrpVOlo9EZF0nooNH0Z5d4KZi56lk3KpufXlcODxMOTRLOTdO
223=U1VFR0ITjm1AjnlKVVMqalw5X1JGNTxKT05PY2BVQEBNMTRJaGBTm4NgvpZk26Jnzp5azZ
224=9bqpVNlIw/f3ovgn0xkYxBmZFEf3kxfnkwgXwzd3Qrkog7wJBarlxukSl5jhx9hENfgUFa
225=lSp3vG9sp5hKt2tqjiV6iBh7gx50hx15iRd8hxl7jiR7vHNpn5ZEgn41i4Y8j4g8j4c8jI
226=M4enQqdHAkf3ovmJBFnJJJmI5Gjog9npJHk4pBeXQpenUod3IlgX4yqZZPtphUuplStoVO
227=z51nvZloc2dTRUNMQEJBPkBFR1IkpYVW36Zr46ZiuZlTkZBDopBHq5ZMi4Y8TUccblMxuY
228=dP6KxsrJNobGZVREJNPThPOTZMUU1Pl39Qk3RJnHNFs39Kypph0pdZyI9SpIxhXmFZMDBJ
229=OjVNQTtSODVMNDhKaWxVyaFs7q5r4qZiqpVNdXczZ2orkotDpJRLhn40fHYrl49EmJBIj4
230=s/opRFzo5kqE5xkCV4iR15nUl1m0tqlDF3v3JrzKFZtGlnkip4kiN7h1BcgD1bjB94kSd3
231=p1JvoYROl5JCmZBGkYtCk4xAjYU6dXAndHEnencse3csenYtiYQ4mI9Clo5El49FjoY8dX
232=Ioe3kqhn4ymYtBw5tX5aZk56di7K9uopBoQ0tPLi1ONz03KT4GQkcig2o5pX1M1p1gxZ5Y
233=l49FfXY1wJVVxJxWmI9EqYFM0pda26Rju5pmd3NZODpMOTZJOztFPj9MjH9f5Kl3nYRHTV
234=Uaf3U40KFb6qpn6KZj36ZqlH1TXF1XPUI8MTUoPDhOOTVOQkBNdGhUupNi2aRm3adjoYJI
235=U04mXVgnnYVFp5hNbm4obGwoqZpPqZZNlY5FpptHwH9jnjt3jCF4hxZ7ihp8jiZ3vHBtpp
236=dKtGholCl4jiF5nkJ3kThwjiV3nj9zzYdm2albwJpUoJJHmpBHlIxDgn42gHswhH8wnJFF
237=kYlAenUuenQqgXsyjIdBkotBgXwwdXIpVVIel35Cz5dZ36Ng4qhlzJ9kmoFZfG5TTUpMZ2
238=BXqZBmmXdKqH5KsINJp5JLnH5BlopEiIA8WVQkpXpJ4qhp4KZiz5hcwptijHxbSU5PPDpL
239=PTdQPUI8MD8SjG1FxZxhwKRddm8wPT8WVk4mnYhIspRMlHg405pc1JdZ1KFojXNAMj0dOj
240=o4UVBLPD1OMDBMPD5Kf3pa1KVw6qpp3KRgamUqNUMSioVCcXAuRUoWZmMqd3Ivjok7mJBD
241=tJVTr2JpkCN7iRh9hhh6kCR5vWxsmZNDoXRZnDx0jB15hBJ7iBh8kSh4wndq4qxgz6Bctp
242=hSnpJGnpNImZBEjoc+lIpAk4s9lY5CoZJKtphSoJJHd3guKzsKQkkad3Q0iYE7a1oua1Mw
243=v4xYzJ5minxYU1NRQEBLeGtSuZVp6LBy7Khpu4xTrJdNpZZIq4dDx5hWyp1VqntGwZRavZ
244=hlrZJsqpNmg3ZaT1BPODhOOzRROTVNMTJJZmhSnYFWyJJcyZ1WtZhM16RhvJlVk4ZCp5VN
245=gn82S1MainI+xJdX5adh4qJisYdetI5gr4VPoopfZWNQP0JPREdMmoRk265467BuvpVSeG
246=c0gXA4sJBOto1Rl38+e3cuengsgoM0jXVKr29jqmZmljxvpkV3xnJzyJNen5JHyaNVum5r
247=lSt4kSh4pkV0xnpq3J9l0KJdnZFHko1DlI1EjoY8gnwydnMndHEkfnoulI5Dl49CmpFEl5
248=BFkYpAa18se183nXhFWVcljW886KhptJttWF1TNzdKMzBJXl5SyaJxr4NPfXAuuo9NuJBO
249=QFEajmw61Jpgz51qz6FotpZka2pYRkdNP0BMSUtQNTVMOTROPD1ENT8zTEpNi3VdyJ1q6r
250=B38LJumoA/OUQQhHE4ppFKmIBDx5xY2qNgtJlQfns2Qz4Xh3E8oIdGnYRFtJ5S16NdsoVI
251=WFYmj3dUbGNVREdOVFFSkn1c2qVq6axp6qxm2KZp2Kt16rBx1aNeyZ1YwppWrpZLnZVCl5
252=ZAp5FKl3s/mYc7oZRGmo9Eq5VNrpBQpHdXxIJmwptWsJ5LqpdJoJFJlI5ElI5FkotDgX02
253=g4A0jok9mItCmIxCn5FGrJJLspZOtJdP1KFe4qhnzaJs2at1yJlbwZJZnYlfcmxXPz9MOD
254=RLVldPtZZg7rR4o3pILDcNW08ku4NLd2c4ZFw7aWJSX1tWZmZYQkROOTZMOTVMODNLODNL
255=NzRLOThNS1g1VF0hemAz159j2qdgsJZLnIJDd3UxT1MhbmUws5dSlog/em0uqolKn5JJgI
256=A4ZVwsa2AvsI1NrplMko0/zZ5b0Zxct4xP15tcy51nbXNbLzJJMjJJTUtOn4Zco4lfXFZR
257=TU1OkYBm0KZ26a5u6apm36Nh0p9coZJHkpA/P08UJTQNcWwxl49Glo5DtJlOup9Rp5lIlo
258=9DlY5DlY5CmI9EopFJoZJIlo9Dl5BGopNKvZpV1qFg3qVh3KVh4qpw4als2KRloYheb2dX
259=R0ZNXVlSsJFie29ZQENNNjVLPjlNPjpMQkBNYVpSpoZdz6BjyJFUvpFZln9Yb2NXS0pROT
260=dNNzVLOjdMOjVMNTNLPD1MUFBRQkRNYFxVp41tw5phy5de05lcuZZQmY9GopFHqo1MpZRK
261=npZHuJtRopJLioo9h3g7mIFFsZNPu5tTu5tVuZxRyp1a1aFe0J9c1qFf4aZk5apl4adi16
262=NouplnhnhaP0NOLS9KOThLOTpMNzRMOjZMNjZLSUhOgnFYxZtk46pq5qlmvJlSv5pUtpNQ
263=k4VBnI5EEQAA

[Map]
Theater=TEMPERATE
Size=0,0,52,61
LocalSize=2,6,48,49

[Waypoints]
0=90056
1=54086
26=71052
27=54052
28=52064
29=63034
30=37059
31=43039
699=56057
700=99094

[IsoMapPack5]
1=ug8AIAE0AAEAgAACDAAzAAKEAQEADAA0KCkANSgrADIAA+EEMygpADQoKQA1KCkANigrAD
2=EABPkGMigpADMoKQA0KCkANSgpADYoKQA3KCsAMAAF8QkxKCkAMigpADMoKQA0KCkANSgp
3=ADYoKQA3KCkAOCgrAC8ABukMMCgpADEoKQAyKCkAMygpADQoKQA1KCkANigpADcoKQA4KC
4=kAOSgrAC4AB+EPLygpADAoKQAxKCkAMigpADMoKQA0KCkANSgpADYoKQA3KCkAOCgpADko
5=KQA6KCgAAi0ACAD3d0MMAC5JAfGpAS9IAZcUDAAwKCkAMSgpADIoKQAzKCkANCgpADUoKQ
6=A2KCkANygpADgoKQA5KCkAOigpADsoKwAsAAnxFC1JAe2xFC4oKQAvSQHvtQIwSAHVGDFI
7=AdUYMkkB+aEEM0gB1QI0KCkANSgpADYoKQA3KCkAOCgpADkoKQA6KCkAOygpADwoKAACKw
8=AKAFpYDQEBDAAsSQFZSAFJby3IAVUCLkkBXbUCL8gBVQIwSAHZHDFIAc0bMkgB1QIzSAHV
9=AjRIAcUeNUgBbAlJDDYoKQA3KCkAOCgpADkoKQA6KCkAOygpADwoKQA9KCsAKgALgBoBAg
10=wAK8kBA24bCwBsG1UCLVQCaAFVAi5IAWwbVQIvyAFVAjBJAVt3FAwAMcgBRR4ySQF/tQIz
11=yAFVAjRJAfC9NjVIAXwDjRsLhAFJATcoVQA4KCkAOSgpADooKQA7KCkAPCgpAD0oKQA+KC
12=kAKU0LQ6EPKkkBPakBK8gBRRMsSQE8tQItyAFVAi5IAWQeAQQMAC/JAQVuaAwAZB5dIDFU
13=AmgBXSAySAFkHlUCM8gBVQI0SAEnxQMM+Rw2VAKPAQwANygpADgoKQA5KCkAOigpADsoKQ
14=A8KCkAPSgpAD4oKQA/KCgAAigADQBCrRspSQFEqQEqSAF8IF0VK8gBXRUsSAF8IFUCLcgB
15=VQIuSQE7uQYvyAFVIzBJATq1AjHIAVUCMkkBcXAbdtMNAGgBVQI0VAInHQQNeQMAQRQ2VA
16=KMAXwgJ1UAOChVADkoKQA6KCkAOygpADwoKQA9KCkAPigpAD8oKQBAKCgAAScADgB4HE0Q
17=KMgBURQpSQFFoRoqSQE/qQEryAFBBCxJAT61Ai3IAVUCLkgBdCNNJi/IAU0mMEgBdCNVAj
18=HIAVUCMkgBaCJVAjPIAVUCNEgBxYE1SAHZfzZIASd1BA6EAV0VOChVADkoKQA6KCkAOygp
19=ADwoKQA9SAHJpj5IAZcJDAA/KCkAQCgpAEEoKAABJgAPAMkiJ0gBbCZJFyjIAUkXKUkBRq
20=kiKkgBbCZBBCvIAUEELEgBbCZVAi3IAVUCLkgBcAlBGi/IAUUpMEgBZClVAjHIAVUCMkkB
21=dWAWZkoPAGgBVQI01AJdCjVIAdFLNkgBaAVFCDcoKQA4KCkAOSgpADooKQA7KCkAPEgBye
22=g9SAHZMj5IAcG0PygpAEBIAdE1QUgBwQ9CKCgAASUAEABoIlkRJsgBSRcnSAHZHCjIAVUC
23=KUgByS0qSAFsc1kGK8gBQQQsSAFkSlUCLcgBVQIuSAFkKV0gL8gBXSswSAFoDFUCMcgBVQ
24=IySAF4J0kBM8gBSZs0yAFJmzVIASclBRCcGVUNN1QCjwEMADgoKQA5KCkAOigpADtIAdkn
25=PEgB2Sc9KCkAPigpAD8oKQBAKCkAQUgB0SpCSAHBD0MoKwAkABHtUiVIAXwrWRwmyAFNGy
26=dIAdEfKMgBVQIpSAEn7hMRAHwrWQYrVAJoAUEELEgBfCtVAi3IAVUCLkgB2QYvSAFoWUki
27=MMgBQTAxSAFgMFUCMsgBVQIzSAFgfVUCNMgBVQI1SAHJIjZIAdkcN0gB2Rw4KCkAOSgpAD
28=ooKQA7SQH6vW08SAHRCT0oKQA+KCkAPygpAEAoKQBBSQH0pQhCSAHBD0MoKQBEKCsAIwAS
29=6S0kSAFgJUEaJcgBQRomSAHJIifIAVUCKEgB2e0pKCkAKkgBzQUryAFNBSxIAd0rLUgBfD
30=ZJDC7IAUEEL0gBeAZZMjDIAVkyMUgBdC5VAjLIAVUCM0gBdC5VAjTIAVUCNUgBwSU2SAHB
31=XDdIAdEfOCgpADkoKQA6KCkAOygpADxJAfa5Jz1IAd0KPigpAD8oKQBASAHVDUFIAdUNQi
32=gpAEMoKQBEKCkARSgrACIAE+EwI0gBwSUkSAFsMVkcJcgBWRwmSAHBJSfIAVUCKEgB2QYp
33=SAElISAqSAHNBSvIAU0FLEgB3TYtSAFsMUkMLsgBQQQvSAF8bUU0MMgBRTQxSAF4EVUCMs
34=gBVQIzSQFzaB4ibjoTAGgBVQI1VALNJjZIAdUjN0gBaAVFCDgoKQA5KCkAOigpADsoKQA8
35=SAEnLgYTAN0KPlQCyQE/KCkAQEgB1Q1BSAHVDUJJASdvAQsAQ0kBCSI7PQsAREkBKLUCRU
36=gBwQRGSQErdAICCgAhABQm/SAiyAFNGyNIAdUjJMgBVQIlSAFkKU0bJsgBVQInSAF8V1UC
37=KMgBVQIpSAFokFUCKsgBVQIrSAHZMixIAcktLcgBQQQuSAHNPC9IAWwQXTYwyAFdNjFIAX
38=gGVQIyyAFVAjNIAXgyVQI0yAFVAjVIAdknNigpADdIAcHgOCgpADlIAdGYOkgBcCNJFztI
39=AScNGBT5Mj1UAt0KPigpAD8oKQBASAHBk0FIAdEJQkkBBrkyQ0gBlAJnNBQAJG8BCwBFVA
40=LZMkbrAQkAR+gBAwgAIAAVANUjIUgBdC5FHiLIAUUeI0gBzSYkyAFVAiVIAXw2TQUmyAFV
41=AidIAcUIKMgBVQIpSAF8Nk0FKsgBVQIrSAHdbSxIAcEwLcgBQQQuSAHJ/i9IAWQIWScwyA
42=FBOzFIAXQNVQIyyAFVAjNJAXdwH2ZrFQBoAVUCNVUCW7UCNsgBVQI3SAEiWDJFCDjIAVUC
43=OUgB0WE6SAF0BkEEO0gB2Wk8SAHRNT0oKQA+KCkAP0gB0TVASAHFCEEoKQBCSQEmeAJnax
44=UAIqkBRFQCmWkKXzYVACN3AgoARlUCH2gBfzYVAAR7PQgASFYC//9YAgIIAB8AFuk4IEgB
45=eDJdFSHIAUEaIkgBfCtVAiPIAVUCJEgB0SolyAFVAiZIASXJKidIAXigWQYoyAFBBClIAd
46=EJKsgBVQIrSAHNMSzIAVUCLUkBP7nBLsgBVQIvSAFgD11BMMgBWT0xSAFkCFUCMsgBVQIz
47=SAFoOFUCNMgBVQI1SAF0OVUCNsgBVQI3SAF0OVUCOMgBVQI5SAEnNQcWQCZLAAwAO1QCJz
48=cHFgDysRQ9VALJAT5IAck4P0gBiy0MAEBJAYBMBQEBCwBByAEBAgsAQkkBIFkKAHU5Frw2
49=dXAWsDV0OcAPdzkWAAVoOHY5FgCQQHU5FrNACABJUAmUDQMIAB4AFwDZJx/IAVknIEgBbD
50=xZHCHIAVkcIkgBeDJVAiPIAVUCJEgByS0lyAFVAiZIAcVrJ0gBbDxZBijIAUEEKUgB0Qkq
51=yAFVAitIAcU0LMgBVQItSAFwFEUILsgBVQIvSAFwFE1HMMgBSRcxSAF0DVUCMsgBVQIzSA
52=HNBTTIAVUCNUgBaBdNBTbIAVUCN0gBIgwjVQI4yAFVAjlIASeNBxdkMSIBPTtVAvxQNU0F
53=PEgBkyoMAD0oKQA+SQFSdAUirjcXAGA7SRdAVAJpAQRsPLYCBQpNPBdMpVEFCkzhJykARE
54=wF2XRFSAFaAwAAbTwXoDttPBehOwlFdhe8QWw80xQIAEr4BgIIAB0AGP14HkgB0SofyAFF
55=EyBIAdknIcgBUR8iSAF4MlkcI8gBVQIkSAHRKiXIAVUCJkgB1b0nSAHd5ihIAc0FKcgBTQ
56=UqSAFsEF0KK8gBVQIsSAHNEC3IAVUCLkgBxUovSAFwCV1BMMgBSRcxSAF4BlUCMsgBVQIz
57=SAHNBTTIAVUCNUgBZD9NBTbIAVUCN0gBZD9VAjjIAVUCOUgBybE6SAHZ7TtIAdk9PCgpAD
58=1JATprNAwAPsgBAQEIAD9IAXo9BghVexiSQAcIVHuqAQgJRT8YpT8JRj8YACPrIwkARFgG
59=bAlZPUVIAZm2CU+1GAAH9XsYpIFmPxgA2bZJTAWYBmU/GIQBAQAIAEsoVwAcABkm8SQdyA
60=FdKx5IAWByTTEfyAFVAiBIAdEqIcgBSSIiSAF8QUElI8gBVQIkSAHJLSXIAVUCJkgB3Qon
61=yAFdCihIAc0FKcgBTQUqSAF8QV0KK8gBVQIsSAHNEC3IAVUCLkgBZAhdFS/IAV0KMEgB1U
62=QxSAFwCUEEMsgBQQQzSAHZETTIAVUCNUgB0Qk2yAFVAjdIASJ8JkUIOMgBVQI5SAEnPggZ
63=ANGCO1QCJz4IGQDNfj1UAn5BAghfQRkArmiFfUEZ+TJAQARpQwp9QRmKQwsIXUEZsUAIXU
64=EZJKAlf0EZAAilP0VYBpCCfEHQCWaBGQCURHW9GahDZIHABHxBJykAS0QIkxAIAEwoKwAb
65=ABr9gxxIAc08HcgBVS4eSAF4J0U0H8gBVQIgSAHNfiFIAcEwIkgB3fwjSAF8bUUpJMgBRS
66=klSAHdgyZIAd0KJ8gBXQooSAFkP1kGKcgBWQYqSAFsBVUCK8gBVQIsSAHJDC3IAVUCLkgB
67=YDtdFS/IAV0KMEgBxRMxSAF0REEEMsgBQQQzSAFoDFUCNMgBVQI1SAHRCTbIAVUCN0gBdE
68=RNBTjIAVUCOUgBJ5YIGgDd/DtUAieVCBpAg0gwfMWoAUmFPkEEsfVEGiSYZnaGGgCcjnVE
69=GvlIQkwFIwwudUQas4IIAERUAoOICABFSAFCDAAAdUQa6UNHVAKMR3VEGpwDXYNJVAKMAX
70=REJ1UASyhVAEwoKQBNKCgAARoAGwDFNBvIAVUuHEkBOnUYDEbOGwBoAVUCHlQCeCddNh/I
71=AVUCIEgB0UAhSAHRCSLIAUEEI0gBZAhdKyTIAV0rJUgByU4mSAHJTidIAcE7KEgBcAlZBi
72=nIAVkGKkgBwTsryAFVAixIAckMLcgBVQIuSQFtbCIi9mEbAGgBWREwVQJstQIxSQFnqQEy
73=yAFBBDNIAc0QNEgBbGhFHjXIAUEENkkBdrkGN8gBVQI4yAFdFTlIAdmKOkgBwUY7KCkAPE
74=kBP0QITQU9yQEDZYwbTAJIAGaMGwAjlEptRxuslG9HGwCveDJnjBsApKkBQ0UIqqkBREgB
75=xUpFSAEjNT4IRc4b7YlHVAJBDABBRkgoKQBJKCkASigpAEsoKQBMKCkATSgpAE4oKwAZAB
76=z9jhpIAd02G8gBTTEcSAHFNB3IAVUCHkkBO0gXXSAfyAFVAiBIASXZNyFIAdEJIsgBQQQj
77=SAFsflkyJMgBQTAlSAFsBVUCJsgBVQInSAHQSwUoABwAPwEAABEAAKUQACAAAQAMACkAHA
78=A/AQAAAQwAKgAcADxIAVYCKwCoAVUCLEoBbwBDAAwALcgBVQIuSQFtUAIBAgwAL8gBAQMM
79=ADBJAWxUAkEEMUkBZ0gBQQQyyAFBBDNJAUWpDDRIAXQNQQQ1yAFBBDZJAXZYBkkBN8gBAQ
80=QMADjIAQEFDAA5SQHwpQg6SgH//1MFDAA7SQE5RAFJFzzIAQEBCAA9SAFwAgEACAA+SQH5
81=ewYIAD9IAdUCQEkB9rUCQUkB8akBQkkBsakBQ0gBzQVEKCkARSgpAEYoKQBHKCkASCgpAE
82=koKQBKKCkASygpAEwoKQBNKCkATigpAE8oKAACGAAdAERnEwwAGUkBPakBGsgBVS4bSAFw
83=Kl0gHMgBVQIdSQE+rQUeyAFVAh9IAcUIIMgBVQIhSAHFCCLIAVUCI0gBdERRNSTIAUU0JU
84=gBfApVAibIAVUCJ0gB0RQoSAHZBinIAUEEKkgBaAxZBivIAVUCLEgBfExVAi3IAVUCLkgB
85=fExRQC/IAVFAMEkB7aEaMUkBe2s0DAAyyAFdFTNIAXRPXSA0yAFVAjVIAdVPNkkBcbkGN8
86=gBQQQ4SAHdCjlJAfSpDDpJAVKtBTtIAXxMAQIIADxIAXACUUs9KCkAPkgBxUo/SQHvZwgI
87=AEBIAZ8KCABBKCkAQkgBwQRDKCkARCgpAEVIAc1SRkgB1Q1HKCkASCgpAEkoKQBKKCkASy
88=gpAEwoKQBNKCkATkgBj2gIAE8oKQBQKCsAFwAe6U4YKCkAGUgBbEdRNRrIAVE1G0gBwTsc
89=yAFVAh1IAdVEHsgBVQIfSAHFCCDIAVUCIUgBxQgiyAFVAiNJATpnKQwAJMgBUTUlSQE7tQ
90=ImyAFVAidJAUO1AihIAWAPUUApyAFBBCpIAdkGK8gBVQIsSQFyYSwMVpweAGgBVQIuVAKc
91=NnecHgDyvQowKFUAMUgBdE9dIDLIAV0VM0gBdE9VAjTIAVUCNUgB3WI2SAF0T0EEN8gBQQ
92=Q4SAHJmzlIAclOOkkBPmUTCFecHgCsbBB3Tx4AqqkBPUEE96kBPkgBnBV2nB4AyQFAKFUA
93=QSgpAEIoKQBDKCkARCgpAEUoKQBGSQH1qQxHSAF0EVleSCgpAEkoKQBKKCkASygpAEwoKQ
94=BNSAHJTk4oKQBPKCkAUCgpAFEoKwAWAB/hURdIAXREQTsYyAFRNRlIAcE7GsgBVQIbSAHN
95=RxzIAVUCHUgBcI1FCB7IAVUCH0kBanMbDAAgyAFVAiFJAW61AiLIAVUCI0gBfApJOCTIAU
96=k4JUgBbBBVAibIAVUCJ0kBQnsnDAAoSAFsUkEEKcgBQQQqSAHZBivIAVUCLEgBYFFNBS3I
97=AVUCLkgB1UQvSAGEKWfvHwD6qQwxVALFVTJIAZNADAAzSQFmtRg0yAFVGDXIAUkMNkkBc6
98=EEN8gBQQQ4SAHVDTlJAT+hBDrIAU3sO0kBrWAPb1IfAPupAT1UAoAPZe8f4VE/KFUAQCgp
99=AEEoKQBCKCkAQygpAEQoKQBFSAGbEQgARkgBdBFBUUcoKQBIKCkASSgpAEooKQBLKCkATE
100=gBmycIAE0oKQBOKCkATygpAFAoKQBRSQEnZw8HAFJJAStrAQYAFUhG1XsWKCkAF0gBZFVd
101=KxjIAUk4GUgB2T0ayAFVAhtIAcVKHMgBVQIdSAFkVUUIHsgBVQIfSAFkVVUCIMgBVQIhSA
102=FkVVUCIsgBVQIjSQFpcBR2pyAAaAFBOyVUAmyURWAmyAFVAidIAXwVVQIoyAFVAilIAd1X
103=KkgBcBRBBCvIAUEELEgBzUctyAFVAi5IAZM1DAAvSAFoEFkGMEgBly4MADEoKQAySAGc5m
104=ZVIABkVUkXNFQCaAFV/zXIAVX/NkgBdA1ZHDfIAU0FOEgBwfY5SAFkVUEEOskBA3anIAAl
105=WSc8VAKYESKOKCAAgA9lVSAopAonKQBATAXJWUEoKQBCKCkAQygpAEQoKQBFSAGQH2VVIJ
106=ANhFUnKQBIQASbAggASSgpAEooKQBLSAGDJQgATCgpAE0oKQBOKCkATygpAFBIAdlTUUgB
107=2VNS6wEFAFPoAQIEABQAIe2qFUgBxT8WyAFJOBdIAdk9GMgBVQIZSQFwbxcMABrIAVUCG0
108=kBa7UCHMgBVQIdSQF+tQIeyAFVAh9IAZAqZa0htS4MTgIhAHxXWT0iUAFoAVk9I0gBcFZV
109=OSTIAVk9JUgBfFdVAibIAVUCJ0gBdBhVAijIAVUCKUgBJU0gKkgBYBpBBCvIAUEELEgBxU
110=otyAFVAi5IAcVKL0gBjDFnrSEA/XScflchANUCMkAE3a8zSAHZBjRJAZ6tBTXIAVEfNkkB
111=obUCN8gBVQI4SQE7oSU5yAFZqzpIAXACTUc7KCkAPEgBJ6QV2Cd8VycpAD9ABJwrIuwpJ1
112=UAQShVAEIoKQBDKCkARCgpAEUoKQBGSAElnSpHSAElISBISAGQH3xX3yAIAEooVQBLKCkA
113=TCgpAE1JAYBQHwEBBwBOyAEBAgcAT0oBCAJDHQcAUEgB0VZRSQEjUAIBAAYAUkkBH2gBf1
114=chAARvBQQAVFQCcAIEAAQAEwAiAN2vFCgpABVIAd1BFsgBQTsXSAHRQBjIAVUCGUgBdFpJ
115=QxrIAVUCG0gBdFpVAhzIAVUCHUgBdFpVAh7IAVUCH0gBlC51WiIoVAsnKQAiQATJ8yMoKQ
116=AkSAHBRiVIAcFGJsgBSUMnSQGgTCZVpyjIAVUCKUkBn7UCKkgBwQQryAFBBCxIAd1MLcgB
117=VQIuSAGcNnWyIv1XMFQCJcEpMUkBOHQqIkc1IgA2qQEzVAJoAUUINEgBcBRRHzXIAVEfNk
118=gBdA1VAjfIAVUCOEgBdFoBAggAOUgBbAlJWTpIASU1PjtIAdUCPCgpAD1IASdUFtgnIkwr
119=JykAQEAEiC0iRTUiJGcuCABCVAKfKwgAQ0gBwQRESAHVAkUoKQBGSAGXLggAR0gBiyIIAE
120=goKQBJSAGIIndaIgA1dxQIAEtUAmgBTXNMSAFoWU3LTcoBBAdWWiIAdgIFBlRaePBdBgZW
121=WiIAl1oFAFFNBShSAgAFVFoiRClMAXdaIgAmRQEAdFp8RE8BBABVTAVBAQBUAgESACMAwV
122=wTKCkAFEgBJUk7FUgBwQQWSAHBnhdIASL8IE1HGMgBSTgZSQF9YAtmuCMAaAFVAhtUAo8m
123=DAAcSAGPJgwAHSgpAB5IAcEEHygpACBIAc0FIUgBkSoMQRcjXBtNDAxNAiP5SCRQAdlIJU
124=gB2UgmyAFBRidJAaBUWllIKMgBVQIpSAFsXVEUKkgBwQQryAFBBCxIAdVPLcgBVQIuSAF0
125=DVEfL8gBRQgwSAElRTUxSAFsXVU5MkgBbAVFVTPIAUE7NEgBchQECEJAIwBqAQUIUhkjAH
126=QNVQI3QARoAVUCOEgB1Vo5SAHFSjpJAfxAGlleO0gBQSIASQE8KCkAPUgBJ60LI7SGbF0n
127=KQBAQAQlKSFBSAHFCEIoKQBDSAHJDERIAcEPRSgpAEZIAclZR0gBeBxNEEjIAVEfSUgBiS
128=IERbgjSB0BAAACBExdqAEBAwQATEEEgFQYAQYEAE3KAQcETV0jjl0IBUxdIpwpTRMFTV0j
129=SASJAVFBASRFAQBsXSdVAFNUAiOIImxd1AJsXYy9bV1WQAR0BgMABAARACT5XhJIAXi2VT
130=kTyAFVORRJAUZEE1UCFUgBdL1JARbIAUEEF0gBZGBFShjIAUlDGUkBfUwMVQIayAFVAhtI
131=AYgtZGCBFwBRCR1UAkgFaQEeSAHd/B9IAc1dIEgBlC4iDyMkADpwBWRgqAFdKyNABHQuUU
132=skyAFRSyVIAWRKWUgmyAFZSCdJAaBAGlUCKMgBVQIpSAFkYEUIKkgBwQQryAFBBCxIAWBR
133=WQYtyAFVAi5IAcEPL8gBQQ8wSAFsFFFAMSgpADJIAZcYCAAzSAHJWTRIAXEUBmVgJIVgB2
134=VgJIRgVQI3QARgD1UCOEgByVk5SAEl7Uo6SAHdCjtIASWtQjxIASVVIT1IAZiKIg0jJCgG
135=DCQAmIoiDCMnKQBBTQXzVCNJF0JIASUxIkNIAckMRCgpAEVIAXDPTQVGygEBBFW9JEB4gV
136=xIVAJ0I0FcSUgBiCJkYMU/BEZgJACcFWZgJACAGmVgJJleCmRgqgELBEdgJAAHJF0iUFAJ
137=ibwEVL3QCWZgJADZXlNABJRdZGDABGRgJykAVkAE2RFXKCsAEAAl8WERKCkAEkgBfGJJWR
138=PIAUlZFEgBJ2YYJQB8YkEEFlQCaAFBBBdIASLQK0FcGMgBVWUZSAGMMWXDJa8xDAAbVALN
139=XRxIAYQTZcMlhAFFCB5UAoMwDAAfKCkAIEgBnI59YiWcYl1XIlQCnQYIWHzFCAhQHCcpAC
140=VABMlOJsgBUUsnSAF4XklOKMgBVQIpSAF8YlVaKkgBwQQryAFBBCxJAaFARlkGLcgBVQIu
141=SAGDOwgAL0gBwVEwSAGPPAgAMUgBgxoIADJIAc0FM0gBlyMIADRKASUDXBh8YkQWSAFBfT
142=bUAlkcN8gBRRM4SAHZBjkoKQA6SAHBDztIAcEEPCgpAD0oKQA+SAGAk2TDJ6EEQFQCRBBh
143=ykEoKQBCSAHJF0MoKQBESAGPMQgARUgBfGJJvEZIAYQIfWIl7V1IVAKHEwQASSgpAEooKQ
144=BLSAGcFXxi1ER+YiUA2QZOQASEKXxi3RUERMNonlwNf2IlAAm1ZVJMBdFhU0gBI4RTfWIl
145=JIRTfGInBQFWQARcB3HEVygpAFgoKAABDwAmACJsRU1SEMgBVVoRSQE/UEBVAhLIAVUCE0
146=gBIjBOVQIUyAFVAhVIASJkWlUCFsgBVQIXSAF0ZU1oGMgBTWgZSAGcIHZlJgCENHRlIyQn
147=fcUcQAQjpDZ2ZSYAm5UMAB5UAoQ0dGVcFWQaIswwqAFZSCFABHACRJclWChtPCNUAsFRJE
148=gBiS0ISx8mAGRxBQhMAqgBRQgnUAFwgkUIKMgBVQIpSAEjYygIACpIAYMlCAAryAFBBCxJ
149=AXexCS3IAVUCLkkBXLUCL0kBf6kBMMgBQQQxSAGAGnVlJiZBRTNUApQjdGVEeUhkVdM1VA
150=JgZ1XTNsgBTXM3yAFNczhJAV6pDDnIAUkMOkkBWrUCO8gBVQI8SQGAtQI9yAFVAj5IAYwx
151=dGXMMXTIJykAQUAE3RVCKCkAQ0gBInRnTSZEygEBBFRl2wYEAEZUAoAwdWUms6MEAEhUAp
152=gcdGUnVQBKKFUASygpAEwoKQBNKCkATkgBnBV0ZSe1AVBUAmkbAHRlJ1UAUlUCsGtZBABT
153=SQGpqQFUSAHNBVUoKQBWKCkAVygpAFgoKQBZKCkADk3TRHMJDAAPSAFoQ01dEMgBTV0RSA
154=FsaFUCEsgBVQITSAFsaFUCFMgBVQIVSAFsaFUCFsgBVQIXSQF1dxQMABjIAUVrGcgBTQUa
155=SAGEKW1oJ/VlHFQCdAZBch1IAZw2bWgnJn0xH1QCn5kIACBIAY8FCAAhKCkAIigpACNIAS
156=WIInXxZXAFbmgnAGgBTUcmQARoAUW4J0gBbGhJASjIAVG5KUgBIzRUbWgnkI1BBCtUAmwm
157=QQQsSAFsaFUCLcgBVQIuSAFsaEkML0gBbGhBBDDIAUEEMUgByXoySAGcICIkJqQTTVI0VA
158=JkE0UINcgBRQg2SAF0DUEEN8gBQQQ4SAFsaEEEOcgBSQw6SAEJWgAAAAIIADsAJwBaEQAA
159=aREAIAgAAAADCAA8ACcAgEgBAgIIAD0AqAEBAwgAPkoB7QFbAggAP0kB8akBQEgBTAICAA
160=AIAEFKAf//UwEIAEJJAVJEAVUCQ0kBOUgBAQIEAERIAUQBAgAABABFSQH3ZwgEAEZIAZ8K
161=BABHKCkASCgpAEkoKQBKKCkASygpAEwoKQBNKCkATigpAE9JAe+1DVAoKQBRSAGXGAQAUk
162=gBxRNTKCkAVCgpAFUoKQBWKCkAVygpAFgoKQBZKCkAWigoAAINACgARG8QDAAOKCkAD0kB
163=PrUCEMgBAQEMABFJAUO1AhJJATqpARPIAUEEFEkBP7UCFcgBVQIWSQFFtQIXSQF1RBoBAw
164=wAGMgBAQQMABnIAQEFDAAaSQHwrQUbSAFIBQIAAAwAHCgpAB1IAZc5DAAeSQFBZwQMAB/I
165=AQEBCAAgSAFwAk08ISgpACIoKQAjSQH2awwIACRJAWVQBVlIJcgBAQQIACbKAQUIWiQoAI
166=UeCE8CKAA9uQYpUAFoAVUNKkkBPLUCK0kBbVAJQQ8syAFBBC1JAWe1Ai7IAVUCL0kBc7UC
167=MMgBVQIxSQHysQkySAGXTwgAM0gB0RQ0yAFRFDXIAVEUNkkBd1AJXWI3yAFBGjhJAV5UAk
168=0FOcgBTQU6SAHdFTvIAUEPPEgBeDJJFz3IAVUCPsgBXQo/SAGbMggAQEgBWAqmaygAjDFl
169=ayhYb18CCABDQQQ/RQEBZWsoQAFIAGZrKACULmZrKACMG2RrJykASFgG1QJJKCkASigpAE
170=tIAZcjBABMKCkATUgB2QZOKCkATygpAFAoKQBRSAGUGGRrJ2UCU1QCSBR5f1QoKQBVKCkA
171=VigpAFcoKQBYKCkAWSgpAFooKQBbKCgAAgwAKQA7YzsMAA3IAV1iDkkBQrUCD0gBfG0BAg
172=wAEMgBSWQRSAHBBBJIAXxtQQQTyAFBBBRIAXxtVQIVyAFVAhZIAWwFQWcXyAFVDRhJAXF8
173=HH5tKQBoAVUCGlQCiyIMABtIAXwDWQYcKCkAHUgBjDx9bSlSqQAAVQ0fVAJob11MIEgBmw
174=YIACEoKQAiKCkAI0gBhD9/bSkAYXMFCAAlVAJoAV1MJkkBb7UCJ8gBVQIoSQFqtQIpyAFV
175=AipJAWy1AitIAXxtWVMsyAFZES1IAXxtVQIuyAFVAi9IAXxtVQIwyAFVAjFIAY8bCAAySA
176=HRFDNJAWSpDDTIAUEPNUgBjzEIADZIAdGCN0kBRGs4CAA4SQFFqQE5SAHVAjpIAXxtQQ87
177=yAFBDzxIAXxtSQE9yAFZdD7IAVl0P0gBlFp/bSkA9b0KQVQC3RVCSQE/UBRdCkPJAQN9bS
178=lMAkgAfW0pKL0NKSi8DScpAEhYBosMBABJKCkASkkB9HcNBABLSAFICX1iTCgpAE1JAfqh
179=BE5IAcFyT0gB0QlQSAHVAlFIAdEJUkgBixcEAFMoKQBUKCkAVSgpAFYoKQBXKCkAWCgpAF
180=koKQBaKCkAW0gB3RVcKCsACwAq/dsMSAF0cF1XDcgBVWUOSAGXOQwAD0gBcDVFYBDIAUlk
181=EUgBdL1VAhLIAVUCE0gBzQUUyAFVAhVIAdEJFkgBdHBVDRfIAVUNGEgBaG9VAhnIAVUCGk
182=gBmCd2cCoAI0wgdt4qACMjIAwAHUAEmCd1cCpIrEAddN6oAVlTIEAETAJ1siFIAY8FCAAi
183=SQH7czUIACNIAYgMdXAqlHBNRyVUAnRwQVEmSAF0cFUCJ8gBVQIoSAF0cFUCKcgBVQIqSA
184=F0cEEPK0gBdHBdVyzIAV1XLUoBJQNDEggALsgBTQUvyAFRCTDIAVEJMUgBhB51cCqkVXfe
185=KgB8QAhJ0jRABGgBRQg1SAFgD1UCNkgBYH1JATfIAUEEOEgBdC5VAjnIAVUCOkgBmzIIAD
186=tIAXBAQQQ8yAFBBD1JAXK1DT7IAVUCP0gBkKN1cCrp3UFVAjqtBULIAUndQ0gBcQIAdnAq
187=ACURKUVUApQudN7MG3TeJykASCiBAElIAZcNBABKSQEndQkDVHABKgAIAk0BA1TeIrQhiQ
188=FNQARAAW1zTigpAE9JAfx7PQQAUEgBk0AEAFEoKQBSSAEj/Ct3cCoANWsIBABUVAJoAVUY
189=VUkBNrUCVsgBVQJXSQE3tQJYyAFVAllJATO1AlpIAdUNWygpAFwoKQBdKCgAAQoAKwDBZw
190=vIAUFnDEgBnDZm5CsAaAFVAg5UAoCpbHO4BkFnEFQCZAhBZxFIAWxzVQISyAFVAhNIAWAE
191=VQIUyAFVAhVIAYe4DAAWSAF4Bkl6F8gBVQ0YSAEiHCVVAhnIAVUCGkkBXXgcbnMrAGgBVQ
192=IcVAKAO21zK+V2HlQCxXYfSQFDWAYBBAwAIMgBXWIhSQH5ZDRtcyvlSiNUAtHPJEgBwWcl
193=yAFBUSbIAUFnJ8gBQWcoSAGNEAhanSsAka4IQS0r7WgrQATVAixIAc0FLUgBaAxFdi7IAU
194=UTL8gBAQYIADDIAQEHCAAxSAHZBjJIAdEJM0kBfEwbWRE0yAFZETVIAWxzXRU2SAFsc0EE
195=N8gBQQQ4SAFgO1UCOcgBVQI6SAGYMm5zKwBsc0EEPFQCaAFBBD1IAWxzVQI+yAFVAj9IAY
196=zLb3MrAFJYEUl6QVQCbHMBAgQAQkgBcAJBckMoKQBESAGILWTkwCVscycpAEdABJscBABI
197=KCkASUgBlA1vcysAJmELA01zK0isTAFvcysAJEQBAQADAE1NBQildk5JAYF7PQMAT8oBAQ
198=NMc8Q/bnMrACIUOlEUUkAEaAFZBVNIAWByUQhUyAFNqVVIAWxzVQJWyAFVAldIAWxzVQJY
199=yAFVAllJATNYEVUCWsgBAQMEAFtIAWwFVQ1cyAFdeF1IAXwKVQJeyAFXAgkALP3mCkgB2W
200=kLyAFZaQxIAZQ5ZXYshHZVAg5VAkVIGE1oD0gB0WwQyAFBZxFIAXgGQQQSyAFVAhNIAXg9
201=VQIUyAFVAhVIAZi2ZnYsAHAJSXoXVAJoAVUNGEgBZHZVAhnIAVUCGkgBeHRVAhvIAVUCHM
202=gBSQwdyAFJDB5IAYA7deksUEZQJmR2qAFJWSFABCO8I2V2LKB9deks8WwkQQQlSC5ZaSXI
203=AVlpJsgBWWknyAFZaShIAYi8ZXYs+X8qVAKZtghYLydVACwoVQAtSQGecCp26SwAaAFFEy
204=9VAqG1AjDIAVUCMUgB0QkySAGUsnbpLADVGDRUAoFcCF6/LACQHyJMK7wKTWg3QATJDDhJ
205=AaCpDDnIAUkMOkkBn7UCOygpADxIAWwFQQQ9SAHFEz7IAVUCP0kBO1grSQxAyAEBAQQAQU
206=kBrnAJZXYseANx2kNUAowBdOnIF2V2LLScZHbIF3TpzCZkdicpAElFCIBcCl1tSskBAmd2
207=LAAjYAtndiwAJ2kBAkV2LFC0TwECAE5MBWZ2AwJGdiwAaQEEZHapAQVldiyEdkVrUkwFUA
208=ZpAFMoKQBUSQGwQA9ZAlVJAaipAVYoKQBXSQGqtQJYSAFcBGkAWSgpAFpIAXJ3BQBGdiwA
209=ZHZVDVxUAmgBSU1dSAFkdlUCXsgBVQJfSQE4SAlICwIIAC0AYmsBDAAJSAHFawrIAVleC0
210=gBbGhRYQzIAVUCDUgBIhQ6VQIOyAFVAg9IAWwFWWkQyAFZaRFIAXx4VQISyAFVAhNIAXQN
211=VQIUyAFVAhVJAURYEl0KFkgBeAZJARfIAUkMGEgBeAZVAhnIAVUCGkgBfHhJ6BvJAQUiVS
212=wtkPBJDB3UAkkMHkkBHlwhRQgfyAFFCCDIAUnHIcgBScciSQEkQCZBUSPIAVlTJEkBX0wm
213=VQIlyAFVAiZIASKkNlUCJ8gBVQIoyAFdCilIAYj+Ze8t6XorVQL9ZR4IUTIt9dMtVAJka1
214=kGLsgBWREvSQGhTAVVAjDIAVUCMUgBbMBBDzLIAUEPM0gBZD9VAjTIAVUCNUgBZD9VAjZI
215=AckMN8gBUQk4SAFsc0kMOcgBVQI6SAF8eEUIOygpADxIAWwFQQQ9SAHFEz7IAVUCP0gBfH
216=hN7EBIAYxdf3gtAKlVGAB9eC18KLx4JykAREwFmAJ8eMAlfHgnKQBHQASY+H54LQBwd03W
217=SVQCaAEBBAMASsoBBQJF7y3ldkxVAithCwFceNUCAV14LZJ3BgFceKoBBwBE76gBAQgAAF
218=FYBnQGTQBSKCkAU0kBjUgCSQBUSQGFXABJAFVJAYdcAEkAVkgBWABpAFcoKQBYSAHZBllI
219=Ac0FWkgBYAVNAFtIAcEEXEgB3QpdSAHNBV5IAVwEaQBfKCkAYCgrAAcALoh6WF50wHR7WV
220=4JVAJgZ1UCCsgBVQILSAHFdgzIAVUCDUgBdHtNBQ7IAVUCD0gBwfYQSQFGaDgipVcuIyQm
221=WWkSVAJoDFlpE0gBIiAgVQIUyAFVAhVIAcUIFkgBdHtJDBfIAUkMGEgBZAhVAhnIAVUCGk
222=kBQrUNG0gB3fwcSAHNfh3IAU1+HkgBdHtFgR/IAVUCIMgBTewhyAFN7CJIAXR7TV0jyAFR
223=ViRIAXR7VQIlyAFVAiZIAXR7SQEnyAFZ+CjIAVn4KUgBwfYqSAHV6StIASKUKV1tLMoBAQ
224=RJNS6K8wQETAKoAQEFBAAvUQGhWBxVAjDIAVUCMUgBdHtNaDLIAU1dM0gBdHtVAjTIAVUC
225=NUgBdHsBAQQANkgBdHtRCTfIAVEJOEkBoKkMOcgBVQI6SAF0e1EJOygpADxIAWwFQQQ9SQ
226=GhuQY+yAFVAj9IASOHMgQAQEgBYVIAdXsuhAFJAUJUAp8gBABDKCkARCgpAEUoKQBGSAFo
227=hVkGR8gBQQ5ISAFoegEGAABJyAFNc0rKAQgBVXsut3sBAExUAoD2dXsuofYAVXsulnsJAF
228=R7qQEKd3suAI+5FFFYBqQBTK/LFwAAU1UCkLkCVEkBg6kBVSgpAFZJAYW1AlcoKQBYSAHN
229=BVkoKQBaSQGJrQVbSQGIqQFcKCkAXUkBirUCXkgBpgEAXygpAGAoKQBhSAGXLgAABkhGI/
230=dADAAHSQFhfQYMRU0vI8xGXW0JVAJwbFVwCsgBVQILSAHNcwzIAVUCDUgBaG9NBQ7IAVUC
231=D0gBIthYVQIQyAFVAhFIAWwFWXQSyAFZdBNIAXwKVQIUyAFVAhVIAcmFFkgB2X8XSQFEQD
232=xdChhIAWiQSQEZyAFJDBpIAckXG8gBVQIcSQFvuRwdyAFVAh5JARvm+i8AaAFVAiDUAl14
233=IcgBUXciSAFsflF3I8gBUXckSQFofAoitlkvAGgBSd0mVAKIFyJ3Zy8AdKEEKFQCaAFBBC
234=lIASVVLCpIAYjSImYuLwBsfllpLFQCdAZVWi1IAWFyBm1+L5l/B25+LwBka1UCMEAEaAFV
235=AjFIAYM7BAAySAEj0yAEADNIAdEJNEgBxWs1SAGcQWx+vApRCTdUAnQNUQk4SQGgSC1VAj
236=nIAVUCOkgBbH4BAwQAOygpADxIAWwFQQQ9SAF4EVkGPsgBVQI/SAElUTxASAEjME5tfi8k
237=4Fll+i8kZCNtfi9IakQWImUuL0SSiQFFWAZllwFl+i9SDwAASTdHVAIjby8AAEhIAUQFaQ
238=BJSAF4f0V2SsoBCwBMfiJMbHwDTX4vnQAAbX4vJLA9bX4vJLA9bn4vANXpUEUIhrUFUUgB
239=pAFDFC8ArFQjWQFTVQKqqQFUSQGMSAJJAFVJAYNcAEkAVkgB0XdXSAHVAlhIAdUCWUkBik
240=AFSQBaSAFYAGkAWygpAFwoKQBdKCkAXigpAF8oKQBgSAGRQABaeS8AjcsAQPvHHgAABSH4
241=RXwLQWcGSAGYMmWBMFwFUCpkgagBVXAJQAR4aU1zCsgBVQILSAHFdgzIAVUCDUgB1XsOyA
242=FVAg9IAWSBRQgQyAFVAhFIAYtkDAASSAHVexNIAXwKRRMUyAFBchVIAWwQVQIWyAFVAhdI
243=AcX6GEgBZIFJDBnIAUkMGkgBeAZVAhvIAVUCHEgBZIFUAgodADAAbwAAAAMMAB4AEQAA+h
244=AAIAgwABsCAAAEDAAfAKgBAQUMACDIAQEGCAAhyAEBBwgAIkgBASQDAABVAiPIAVUCJEgB
245=BWgAAAACCAAlyAEBAwgAJkoBRQFbAggAJ0kBd0QBAQAIACjIAQEBCAApSgEeAlsCCAAqyA
246=FVAivIAQECBAAsyAEBAwQALUkBX0gFAQAEAC7IAQEBBAAvSQF1tQIwyAFVAjHIAUUIMkkB
247=7W8QBAAzSQH1qQE0SgH//18GBAA1SQH2tQI2SQFmUAJJDDfIAVEJOMgBUQk5SQE6rQU6yA
248=FBBDtJATu1AjzIAVUCPUgBxRM+yAFVAj/IAVEJQEkB8LkGQUgB2RFCSQE6rRBDyAFNBERJ
249=ATZUAk0lRcgBTTBGSQGwVANBA0dJAampAUhIAUQCaQBJSQGTYwEAAEpIAaYBAEtJASStAU
250=xJAQlQClUBTUkBB6kBTkkBI0gCSQBPSQGMXABJAFBJAYZcAEkAUUgBWABpAFJJAbGhD1NJ
251=AY1vAgAAVEkBiKkBVUkBiqkBVkgBpgEAV0kBjq0BWEgBpgEAWSgpAFpIAdEJW0kBh6UEXE
252=gBpgEAXSgpAF5JAfetEF9JAe+pAWBIAYc/AABhKCkAYkgBwQRjSQHxrwUEADG7CgwABSgp
253=AAZIAYtDDAAHSQF7aQQMRlgxAGgBAQEMAAlVAmq1AgrIAVUCC0kBa7UCDMgBVQINSQFntQ
254=IOyAFVAg9JATxvEAwAEMgBVQIRSAGfTAwAEsgBVQITSAFsBQECDAAUyAEBAwwAFUgBbAVV
255=AhbIAVUCF0kBQr0KGEkBQ6kBGUkBPqkBGsgBXQobSQF2pRMcyAFVAh3IAV0KHkgBgCV/gz
256=EAQq0FIFQCaAFFdiFIAXACTSMiSQH6awwIACNIAYMwCAAkSQFhZAR9gzFeMQAAWQYmVQJE
257=rQUnSAF8g0GIKMgBQYgpSAF9gwR+gzEAaAEBBQgAK9UCBnyDtQIHfoMxAHyDRWsuQARoAV
258=WGL0gBdHBJATDJAQRyPTEAdAIBBQQAMlQC1XAzSAHVcDQoKQA1SAGTQAQANkgBfINRCTfI
259=AVEJOMgBUQk5SAGPMQQAOsgBTQU7SAF8g0UTPMgBVQI9SAFsEEkBPsgBUQk/yAFRCUBJAf
260=R3IwQAQUkBUnknBFEvMUwLR60AAENVAq5jBAAAREgBfANNAEUoKQBGKCkAR0gB2WlISQGH
261=QAVJAElIAVgAaQBKSAHNiUtJAaa9CkxIAXQDTQBNSQGRXABJAE5JAYlcAEkAT0kBg1wASQ
262=BQKCkAUUkBhUgCSQBSKCkAU0kBhkgCSQBUSAFYAGkAVSgpAFYoKQBXSQGOewMAAFhIAaQB
263=XoMxANUYWlQCwQ9bKCkAXEkBi7EFXUgB0YJeSAGBUQBGRDEAyQFgKFUAYSgpAGIoKQBjSA
264=GLQwAAZEgBugoAA0hGiQEMWcQyhQEAdIYnKQAGQASARnWGMoiFTWgIVAJ0hk1zCUgBdIZV
265=AgrIAVUCC0gBdIZVAgzIAVUCDUgBdIZVAg7IAVUCD0gBxYEQyAFVAhFIAZRPdoYyAGgBVQ
266=ITVAKQ8HaGMgCcbXaGMgDRghZABGwFVRgXyAFZfxhIAc0FGUgBdIZNEBrIAV0KG0gBdIZJ
267=ARzIAQEEDAAdyAEBBQwAHkgBmCd1hjJYOEwlIlchMgBFRAFVDSFABGgBRYEiSAFwAkGII0
268=gBmCd1hjKIhVGCJVQCYIhRgiZIAYAaIlchMgBvfAYiVCGoAVEJKUAEIjgjUQkqyAFVAivI
269=AVVwLMkBA3aGMgAi4CJNOS5UAmgBVfQvSAFsG1UCMMgBVQIxyAFFCDJIAYwbIlYhMgAn1B
270=AnKQA1QASYoHaGMgDdeDdVAp5nawQAOMgBXQo5SQGgtQI6yAFVAjtJAZ+1AjxIAcEEPcgB
271=QQQ+SQGhoQQ/yAEBAQQAQEkBOWgidoYyAGgBTQRCVALVe0NJAalIAk0EREgBWABpAEVIAc
272=VrRkgB0XdHSQGDewMAAEhIAcX6SUgBwQRKSAHNiUtJAa+9CkxJAaipAU1JAaqpAU5IAa4J
273=AE9IASdWITIAyQxRVALJAVIoKQBTSAEn1BDTbAAAVVQC0QlWKCkAV0gB3QpYSAHRFFlIAd
274=0KWigpAFtIAd0KXEgB0QldSAGXTwAAXkgByYVfKCkAYCgpAGEoKQBiKCkAYygpAGRIAZ/m
275=AABlSAHLDAIAM6UBDEyJJygAYEmYAmyJJ1UABkwFmEhviTMA8mQpIgUiM7CYIgQiJ1UACk
276=wFnxUMAAsoKQAMKCkADUkBYm8MDAAOyAFBfQ9IAXTTQXIQyAFVAhFIAWx+VQISyAFVAhNJ
277=AT+tEBTIAVUCFUkBQrUCFkgBbIlJhRfIAV2DGEgBh3YMABlIAWAEXQoayAFFCBtJAXSlEx
278=zIAVUCHUgBwRoeSAGMaG2JM7xtbIknKQAhQARsiUmQIskBBSIGIjMAlDluiTMAbPdRgiVA
279=BGgBUYImyAFFjCdIAWyJSQEoyAFRjSlIAWyJIwUiMyOUNF0KK9UCBiIEIrUCB22JM4yJXY
280=MuQARtiQMihjIzAGyJSQEwVAJoAV38MckBBSIFIjP9gzNUAicuETMAyf41VQI3dCNuiTMA
281=aAFBfTdUAmyJVQ04yAFJDDlIAWiFVQI6yAFVAjtJAZ9ENFkGPEgBwQQ9yAFBBD5JAaFABF
282=kGP8gBVQJASAFgiAECAABBSAFoEE0AQkkB/UwFSQFDSAFYAGkARCgpAEVJAZBvAgAARkkB
283=iKkBR0kBhqkBSEgBpgEASUkBjK0BSkkBg6kBS0kBhakBTEkBh6kBTUgBpgEATigpAE9IAc
284=UIUEgBxQhRKCkAUigpAFMoKQBUSAHJDFUoKQBWKCkAV0gB0QlYKCkAWSgpAFooKQBbSQGK
285=qRNcSAGmAQBdSAGVTwBMicR2IgQiJykAYEAEgFwihDInVQBiKFUAYygpAGQoKQBlSAHZim
286=ZIAdcNAQA0pwEMAAIoKQADKCkABCgpAAUoKQAGKCkABygpAAhJAfxsPGSMJ10BClQCgBpl
287=jDTpkAxUApcYDAANSQFiVBBZfw7IAVl/D0gBZIxVAhDIAVUCEUgBZIxVAhLIAVUCE0gBZI
288=xVAhTIAVUCFUgBJ7UiNCYNIxdUAtmKGEkBRr0VGUgBZIxFCBrIAUUIG0kBc0QTXY4cyAGG
289=jDQAmPgitSI0+YofQQRArQUgSAFkYFkGIcgBVYYiSAF8A02JI0gBiCJljDSEjFWGJVUCZk
290=QEVYYmyAFVhidJAXJUAlkGKMgBUQkpSAGUOSKPMzQAP6EEK1QCaQEBZow0ACMgK2eMNABj
291=YAQiDESoAUEEL0wFnwoEADDIAVUCMUgBjBtkjMwbccw0I/kwAHRBqAFZJjVMBXiKQX02yg
292=EDAEKNNABkjAEEAAA4VAJoAQEFAAA5SQGgTAZVAjrIAVUCO0gBZIxFCDxIAcEEPcgBQQQ+
293=SQGhuQY/yAFVAkBIAXwZTQBBKCkAQigpAENIAdGNREgBXARpAEVIAdUCRkgBaAJNAEdIAc
294=WBSEgB1XtJSAHJkEooKQBLSAHVe0woKQBNSAHRjU5IAUwKaQBPSAHdClBIAdkGUSgpAFJI
295=AckMU0gBwQRUKCkAVSgpAFYoKQBXKCkAWCgpAFkoKQBaSAHJpltIAWwRTQBcSQGPXABJAF
296=1IAZRPZIzDcgAAX1QCg3IAAGAoKQBhKCkAYigpAGMoKQBkKCkAZUgBjUcARFrbfwAAZ1QC
297=UA5rAAIANXkAAF1iAygoACIwTZgCIgwjJ4EABiiBAAcoKQAIKCkACSgpAApIASW9IwtIAZ
298=UYDFEMNfGNDVQCIhwwTQIOyAFdeA9IAWx+VQIQyAFVAhFIASKUNFUCEsgBVQITSQE9QFFV
299=AhTIAVUCFUgBdJFVAhbIAVUCF0gB3QoYyAFVAhlIAWyUTQUayAFVAhtIAWSMXY4cyAFdjh
300=1IAdUYHkgBgH0iDSM1sPsiDSM1SWoAIuVUIUAEmCcilVU1rH4iDCPQH2SMJykAJU0FZHAF
301=IpZVNQBoAU2JJ1QCZIEjDiM1AGgBVZEpVAKUOWWMNYSMQQQrVAJljANljDUkmCRljDWFjA
302=JkjKgBQQQvTAVwCVUCMMgBVQIxSAGcCmSMwBpljDWEjEWBNEAEbBRNADVIAZOYAAA2SAGc
303=IGWMNYWMBmSMqQEHZow1AGCIVQI6TAVoAVUCO0gBZIxBkzxIAXQCQQQ9yAFBBD5IAWSMVQ
304=I/yAFVAkBIAcEPQUgBJelPQkgBzRBDSAFAFGkARCgpAEUoKQBGSQGNewMAAEdJAYOpAUhI
305=Ac1zSUgBsgIASigpAEtIAdWGTEgB2QZNKCkATkgBzZRPSAHBBFAoKQBRSAElVSFSSAHJDF
306=NIAd0KVEgB2QZVKCkAVigpAFcoKQBYKCkAWSgpAFooKQBbSAHZEVxIAc0bXUgBgHJljDUk
307=ADJkjMFRAESMJykAYUwFj10AAGIoKQBjKCkAZCgpAGUoKQBmSAHZMmcoKQBoSAEjs14AAA
308=NIRpAfIsRFIhRcUAFkjCcpAAYogQAHKCkACCgpAAkoKQAKKCkAC0gBlKdljDYohRE2JNBB
309=IpQ0qAFdeA9MBWSBVXsQyAFVAhFIAWSMVQISyAFVAhNIAWSMVQIUyAFVAhVIAWSMVQIWyA
310=FVAhdIAd0KGMgBVQIZSAFkjE0FGsgBVQIbSAEixFBdjhzIAV2OHcgBTQUeSAGAcmeMNgBB
311=XCRNBSBUAmgBXYMhSAFxAgBljDasfmSM0B9njDYAZWQEIpxWqAFZBiZYBnQCVYYnSQFxoQ
312=QoyAFBBClIAYAPZow2ACPwJCKcVqkBAWSM1A1ljDZYQ0gIZIyoAUEEL0QInAoiDiM2AGgB
313=VQIxVAKcCmWMNoWXAGSMqAFRuDRABNV7NUgB1U82SAF8FVEMN8gBTQU4yAFBkzlJAUVIAk
314=EEOkkBRqkBO0gBdC5VAjzIAUEDPUgBwQQ+SAEikFpBBD/IAUEEQEkBXUgCSQBByAFVAkJI
315=AdkRQ0gBwVxESAHdjkVIAUgGaQBGSAHJekdIAcl6SEgB2X9JSAFgBU0ASkgB1ZFLSAHNBU
316=woKQBNKCkATigpAE8oKQBQSAHVe1FIAUwKaQBSKCkAU0gB2RFUSAHJDFUoKQBWKCkAVygp
317=AFgoKQBZKCkAWigpAFsoKQBcKCkAXUgB3Y5eSAEl+SVfSAGMc2SM2VMAXHInKQBiQATdK2
318=MoKQBkKCkAZSgpAGYoKQBnSAGHSgAAaEgBZB9NAGkoKgAEACIgLEwCZIwnKQAGKFUABygp
319=AAgoKQAJKCkACigpAAtIAZSnZYw3KIURNyNUWE1zDkAEIlRYXXgPSAEi/FdVAhDIAVUCEU
320=gBIqxYVQISyAFVAhNIASJ4QVUCFMgBVQIVSAEinDVVAhbIAVUCF0gBbJRVAhjIAVUCGUgB
321=bJRVAhrIAVUCG0gBZIxRjRzJAQQiTlc3AHQCI01XNySsQmWMN4SMXY4gTAVljAMip3g3AP
322=tYX4SMxB5kjCcpACRNBWVYK00FJcgBI5U0N5yOI5U0N5h/UY0oQARkgU0FKUgBIwBIZYw3
323=hIxBBCtUAnGNA2aMNwCILWWMN4WMAmSMqAFBBC9MBXAJVQIwyAFVAjFIAZxBZYw3hIxABC
324=KQRSNvJAAANEAEwVE1SAHJTjZIAZQYIgwjqRcEIgwjqQEFIg4jNwB0vUUdOkwFaAFVIjtI
325=AWSMSZA8yAEBAwAAPUkBRVQDTQU+SAFkjEEEP8gBQQRASAFkjFUCQcgBVQJCSQF/TAZJAE
326=PIAVEIREgBgxoAAEVIAVADaQBGSAElSUZHSAHYigdIADcAAAAAAAAAEQAAlRAAIAQASQA3
327=AAAAgQBKSQGMhgEAS0kBg6kBTCgpAE0oKQBOKCkATygpAFBJAYa5BlFIAaYBAFJJAZGtAV
328=NIAd0KVCgpAFUoKQBWKCkAVygpAFgoKQBZKCkAWigpAFsoKQBcKCkAXSgpAF5IAcUTX0oB
329=+gGdEWBJAe2pAWEoKQBiKCkAYygpAGQoKQBlKCkAZigpAGdJAfCxCWhIAYMMAABpKCkAai
330=grAAUAOL8DDAAGKCkABygpAAgoKQAJKCkACigpAAsoKQAMSQH2Yw8MAA1JAXtECwECDAAO
331=yAEBAwwAD0kBa7UCEMgBVQIRSQFqtQISyAFVAhNJAWi1AhTIAVUCFUkBO0gMXQoWyAFVAh
332=dJATy1AhjIAVUCGUkBPbUCGsgBVQIbSQFDVAIBAAwAHEkBd0gMSQEdyAEBAQwAHkoBHgJb
333=AgwAH8gBVQIgyAEBAggAIcgBAQMIACJKASQDTwUIACPIAQEBCAAkSQFfUAIBAAgAJcgBVQ
334=ImSQE6QA9JASdIAYMPCAAoyAFVAilIAYMPCAAqyAFVAivIAQECBAAsyAEBAwQALUgBiwwE
335=AC7IAQEBBAAvSQF0Yw8EADDIAVUCMUkB9EAPAQAEADJJAUKhBDPIAUEDNEgBwVE1SAHBUT
336=ZJAWRtBQBaRTgAaAFNBThVAkVcAEEDOUkBPkgBTSU6yAFJITvIAUEEPMgBTQQ9SQFEXABV
337=Aj5IAYMwAAA/SQFCtQJASQFdVAMBBAAAQcgBAQUAAEJJAX9UAkkMQ8gBSQxESAHRFEVJAe
338=+lCEYoKQBHKCkASEkB8aEESUkBjVAJSQBKSQGDXABJAEsoKQBMKCkATSgpAE4oKQBPKCkA
339=UCgpAFFJAYdECUkAUkgBWABpAFNIAdGYVEgB1Q1VKCkAVigpAFcoKQBYKCkAWSgpAFpJAY
340=h3CgAAWygpAFxIAd0KXSgpAF5IAc0FX0kBi7kGYEgBzTxhSQHyqSJiSAHFKWMoKQBkKCkA
341=ZSgpAGYoKQBnSAEnhBHAiGSMJykAakAEvg4AaygrAAYAObMCDAAHKCkACCgpAAkoKQAKKC
342=kACygpAAxIAZQYZow5AJQYZow5AJQYZIwnKQAQTAXVAhFIAc0FEkgB1QITSQFmYxIMABTI
343=AUF9FcgBhow5AGR2XYMXVAJoAUEEGEgBaJBVAhnIAVUCGkgBaJBVAhvIAVUCHEgBYH1RCR
344=3IAUmQHkgBYX0EZow5AGgBAQUMACDVAgZkjLUCB2aMOQBkjF2OI0AEaAFdjiRIAXh/VQIl
345=yAFVAiZIAXAUSQEnSAGAD2aMOQBoAVUCKVQCdQ0EZIyoDAEFCAAr1QIGZIy1AgdmjDkAiA
346=xkjKkBA2SMsAlNiTBYBnwKhIy4BlUCMlQCaAxVAjPIAVF3NMgBUXc1SQFcdy4AADZIAWgM
347=VQE3yAFZUjhIAcmFOUgBZLhBBDrIAUEEO0gB3Y48yAFdCj1IAc0FPsgBTQU/SAGbMgAAQM
348=gBVQJBSAHJkEJJAXhcC0kAQ8gBQQRESQFbSAJJAEXIAVUCRkkBgEgCSQBHyAFVAkhIAdFh
349=SUgBzX5KSQGDQAVJAEsoKQBMKCkATSgpAE4oKQBPKCkAUCgpAFFJAYZECUkAUkgBWABpAF
350=NIAdUNVEgB1Q1VSAHZf1YoKQBXKCkAWEgBzQVZSAHdClpIAXAKTQBbKCkAXEkBkEgCSQBd
351=SAHNBV5IAUQCaQBfKCkAYCgpAGEoKQBiSAGHdgAAY0gBlXAAUMnbdAAAZVQCg3IAAGZIAc
352=EEZ0gB1QJoSAHFuGlIAXQOTQBqKCkAaygpAGwoKwAHADpYBEkADFjwJykACShVAAooKQAL
353=KCkADCgpAA0oKQAOSAGUGGWMOv2OEFQCg+sMABFIAU0NAFl/EkgBJRUkE0gBZIxNfhTIAU
354=1+FcgBTX4WSAFkdl2DF8gBTQUYSAFkjFUCGcgBVQIaSAFoWVUCG8gBVQIcSQFtZw8MAB3I
355=AV2OHkkBG1xuWREfyAFVAiDIAVWGIcgBUYIiSAF4ilGCI8gBUYIkSQFnfAoiDiM6AGgBAQ
356=EIACZUAoP2CAAnSAFoF1UrKMgBQQQpSQEcYA9mjDoAaAFVAivUAiMMI7UCA2aMOgCQCWaM
357=OgCAcmWMOpiVTQUwWAZkjE0FMUgBeYoEIg0jOqumBAAz1AIBBgAANMgBAQcAADVJAVxIF0
358=1zNkgBZIxFEjfIAUmFOEgBlQ0AWkU6AHSGQQQ6VAJoAUEEO8gBUQg8yAFRCT3IAU0FPsgB
359=TQU/SAGYMmaMOgBoAVUCQVQCjBsiDiM6AGSMWQZDVAJoAUEEREkBW1wLVQJFyAFVAkZIAW
360=SMVQJHyAFVAkhIASeGEToAzX5KVQKDRAhJAEtIAc1+TEgB1QJNKCkATigpAE8oKQBQSAHZ
361=BlFIAdkGUkkBhVAKSQBTSAHVAlRJAYpIAkkAVUgBWABpAFYoKQBXKCkAWEgB0RRZSAHFCF
362=pIAd0KW0kBh38HAABcSAGmAQBdSAHZBl5IAcEEX0gBwQRgSQH9QDFZAWFIAVgAaQBiKCkA
363=YygpAGRIAYV2AEaMOgCYdGSMxYEARlo6AMEEaEwFwQRpSAFwCk0AaigpAGtJAfehD2xIAS
364=XBKW1IAcOTCAA7RAZLAAwACSgpAAooKQALKCkADCgpAA0oKQAOKCkADygpABAoKQARKCkA
365=EkgBJ4UROybpIxRVAnxIEE1+FcgBTX4WSAEicDVVAhfIAVUCGEkBaa0FGcgBVQIaSAEieD
366=ZNBRvIAVUCHEgBZIxdjh3IAV2OHkkBG1hUXZkfyAFdmSDIASMOIzsAYAQjDiM7AGSMVQIj
367=QARoAVUCJEgBeIpVkSXIAVWRJkgBjHNkjFxwVC5BBChUAnCNQQQpSQEdYA9mjDsAaAFZlS
368=vVAgYiDCO1AgdljDuVewBkjKkBAWaMOwAi/CBVAjBYBmgBVQIxSAFwCVUCMsgBVQIzyAFB
369=DjTIAUFyNUgBYH1FKDbIAV0UN0gBYIhVAjjIAVUCOUgBzQU6yAFVAjtIAWwFXQo8yAFdCj
370=1IAXgRRQg+yAFNBT9IAXjBVQJAyAFVAkFIAWgiVQJCyAFVAkNIAdUNRMgBVQJFSAGTKgAA
371=RkkBckwGSQBHyAFBBEhIASeGETsAyf5KVQKKQAVJAEtIAclvTEkBjEgCSQBNSAHVe05JAY
372=hIAkkAT0gB2QZQSAFEAmkAUUkBkGMBAABSSAHNBVNIAc0FVEgBvgMAVSgpAFYoKQBXKCkA
373=WEgBzRBZSAHRCVooKQBbSQGGtQlcSAGmAQBdSAHNEF5IAdkGX0kBi6UEYEgBpgEAYUkBja
374=0BYkgBxZdjKCkAZEgB2QZlSAGqBQBmKCkAZygpAGgoKQBpKCkAaigpAGtIAYt6AABsSQF6
375=tQltyAFFNG5JAVu3AgkAPKMBDAAKKCkACygpAAwoKQANKCkADkgBkJgiDiM8AIeXDAAQVA
376=KUCSIOIzwAwQQSVAIj+yUMABMoKQAUSQF8UAVFgRXIAUWBFkkBarUCF8gBVQIYSQFptQIZ
377=yAFVAhpJAWu1AhvIAVUCHEgBZIxNiR3IAU2JHkgB0RQfSQFAWAZBkyDJAQEilTQ8vBUilT
378=Q8uKAiHEYnKQAkTQVkeAYiDiM8AGkBASINIzyV9ABkjKgBVQIoTAWLZAgAKUkBHEBzQQQq
379=yAFBBCvJAQJmjDwAYQQDZYw8hIxVAi5ABGh6VQIvSAF8eFUCMMgBVQIxSAFkjCMOIzwAaQ
380=EFIgwjqAEjDCOoASMMI6QTWRA2WAZoel2DN0gBaAxVAjjIAVUCOUgBYARVAjrIAVUCO8gB
381=XB9ICYQeWUg9VAKHEwAAPsgBTQU/SAFkjEUIQMgBVQJBSAFkjFUCQsgBVQJDSAHVDUTIAV
382=UCRUgBJb0jRkgBZIxZBkfIAUEESEgBh0oAAElIAYM7AABKSAFAFGkASygpAExIAdl0TUgB
383=3YNOSAFgBU0ATygpAFAoKQBRKCkAUigpAFNJAflEH1kGVEgBWABpAFUoKQBWSAHBBFdIAX
384=QDTQBYSQGSXABJAFlIAcEEWkgBRAJpAFtJAY5gASIMI8NyAABdVQL7tQ1eSQH1qQFfSAGq
385=BQBgSQGRrQFhSAHJkGIoKQBjSAHFHmRIAYByIg4jPAAl2SFmVALJAWdIAcUpaEgBugoAaU
386=gB2QZqSAHNBWtIAcEwbEgBZIxFNG3IAUU0bkgBZIxVAm/IAVcCCgA9uwoMAAsoKQAMKCkA
387=DSgpAA5IAZCYZYw9oHJljD2oF2SMJ1UAEkwFmBFkjCdVABQoVQAVKCkAFkgBI184DAAXSA
388=HZBhhIAdUCGUgB1QIaKCkAGygpABwoKQAdKCkAHkgBI9wnIh5GPQBkjEmbIFQCaQEDZow9
389=AIAaZIzQFGeMPQBlcCIipFeoAV2DJVgGdQICZIxYbEQ/SQEnVAJ0ZVEJKEgBiGRljD2AiI
390=SMqAFFCCtABHiKVYYsyAFVhi1IAWUIACIMI70KASIPIz0AP0gMVQIwQARoAVUCMUgBZAhV
391=AjLIAVUCM8gBQTs0yAFBOzVIAWx+QRk2yAFdCTdIAXyDVQI4yAFVAjlIAc0FOsgBVQI7SA
392=FkE1wKUKCEjF0KPVQCeBFFCD7IAU0FP0gBbIlVAkDIAVUCQUgBfJlVAkLIAVUCQ0gB1Q1E
393=yAFVAkVIAYC0Ig8jPQB1TAZJAEdUAmgBQQRIyAFZEUlIASU5I0pIAVwEaQBLSQGTYwEAAE
394=xIAcl6TUgBsgIATkgBwWdPSAHBZ1BIAdFsUUgBzQVSKCkAU0gBl0QAAFRIAdkGVSgpAFZI
395=AZtTAABXSAHBBFgoKQBZSAHBBFpIAdUNW0gByZBcSAHdFV1IAc0QXigpAF8oKQBgKCkAYU
396=gBwRpiSAHBD2MoKQBkSAHBD2UoKQBmKCkAZygpAGhIAcUIaUgB2QZqSQFevRFryAFNMWxJ
397=AWC1Am3IAVUCbkgBh2AAAG9IAd1BcMgBQQQLUNKVBgxF/T6EAUEBDShVAA5IASPQNmWMPi
398=iEEScpABFABIcTDAASKCkAEygpABQoKQAVSAGXRAwAFkgBmA1njD4A+EwRQQ8YKFUAGUgB
399=wQ8aSAHdjhsoKQAcKCkAHUgB2YoeSAEjxDlkjCLSQAAAQX0gVAKUDWWMPiiEEdQYZYw+hI
400=xVhiRMBXmKBCIMI7UCBWWMPiToRCIOIz4AlGUipFeoAUkMKVgGIoAhhow+AGgBVQIr1AKE
401=jLQChYw+kHdVAi5ABGh6VQIvSAF8eFUCMMgBVQIxSAFwCYSMpAiEjKgBSW80wARFgTVIAW
402=QTVQI2yAFVAjdIAWSMVQI4yAFVAjlIAc0FOsgBVQI7SAHVRDzIAUUzPUgBhBMiDSM+mKBN
403=BT9UAmwFXQpAyAFVAkFIAWSMVQJCyAFVAkNIAdUNRMgBVQJFSQFEXAtJM0ZIAXiKVQJHyA
404=EBBAAASMkBBSIMI9A1Ig0jPr/bAABLQATJZExIAYNRAABNSAHVAk5IAdUCTygpAFBIAYNR
405=AABRSAFcD2kAUigpAFNIASeHET4AeXsDAABVVAJoAUkWVkgBbPdBA1fIAVUCWEkBXUgCSQ
406=BZyAFVAlpIAc0QW0gBxRNcSAHVAl1IAdUCXkgB1ZFfSAFACWkAYCgpAGFIAcUTYkgBeBFF
407=BGPIAVUNZEkBWkgCSQBlyAFVAmZIAQtZAAAAAAAAZwA+AFkAABEAAPYQACAHAAEAAGgAPg
408=BbAIAAAWkAPgBoAVUCakkBXlACAQIAAGvIAQEDAABsSQFgtQJtyAFVAm5JAUNMBkEDb0kB
409=OkgBWQZwyAFDBAwAP0wDSwAMAA0oKQAOKCkAD0kB9lgGAQAMABBJAe2pAREoKQASKCkAEy
410=gpABQoKQAVKCkAFkkB76UIF0kB8KkBGEgBRRAASQwZSgH//1MBDAAaKCkAG0kBUlACQQQc
411=SQE1qQEdyAEBAQwAHkkBOlQCAQIIAB9IAUQBAgAACAAgKCkAIUkB+ncNCAAiSQHyqQEjSQ
412=FmcwUIACTIAQEBCAAlyAFRCSZIAZsnCAAnSQE7WAZVAijIAQEDCAApSQEdRCoBBAgAKsgB
413=AQUIACvIAQEGBAAsyAEBBwQALUgBZAgBAAQALsgBAQEEAC9JAT5cClUCMMgBVQIxSAGfCg
414=QAMsgBAQUEADPIAQEGAAA0yAEBBwAANUgBYDtBGTbIAV0JN0kBP1wAVQI4yAFVATlIAc0F
415=OsgBVQI7yAFBGTzIAUlDPUgBhRMAWkU/AGgBTQU/VQI8XABdCkDIAVUBQUgBjxsAAELIAV
416=UCQ0gBzRBEyAFVAkVIAcUIRsgBVQJHSQF3UApJAEjIAVUCSUkBJEwRVQJKyAFVAktJAVpI
417=AkkATMgBVQJNSQFdSAJJAE7IAVUCT0gBk1YAAFAoKQBRSAGDUQAAUigpAFNIAc0FVEkBeU
418=QJSSJVyAFZEFZIAXRwVQJXyAFVAlhIAWAPVQJZyAFVAlpJAVlECEkAW8gBWRFcSAFsBVUC
419=XcgBVQJeSAHBD19IAcUTYCgpAGFIAcEEYkgBxRNjyAFVDWRIAWgiTRBlyAFVAmZIAWwQVQ
420=JnyAFVAmhIAdUYacgBVQJqSAF5igR6ij8AaQEFe4o/AEREFF0VbUAEzUduyAFBA2/IAUME
421=DQBAVABLAAwADigpAA9IAScCEUAAlxgMABFUAskBEigpABMoKQAUKCkAFSgpABYoKQAXSA
422=EnAhFAANWGGVQCyQEaSQE5VBFVhhvIAVV7HEgBYIhdeB3IAV14HkgBaAVVhh8oKQAgKCkA
423=ISgpACIoKQAjSAFgiEUIJMgBRYElyAFFgSZJAUJUJF0KJ0gBmycIACjIAVkRKUkBHVgzQQ
424=QqyAFVAivJAQJiiEAAYQQDYohAAHBsVQIuQARoAVUCL0gBbHNVAjDIAVUCMUkBHHwKYohA
425=AGgBWYoz1AJBAzTIAUU/NUgBZBNVAjbIAVUCN0gBcHdVAjjIAVUCOUgBzQU6yAFVAjtIAX
426=gRSSg8yAFRHj1IAYQTYYhAgIhNBT9UAnh/XQpAyAFVAkFIAWQIVQJCyAFVAkNIAc0QRMgB
427=VQJFSAHFCEbIAVUCR0gBYIhFCEjIAVUCSUgBYIhVAkrIAVUCS0gB1WVMyAFVAk1JAV1IGE
428=0FTsgBVQJPSAF0ZUEDUMgBTRtRSQFcSAJJAFJIAXAJSQFTyAFBBFRIAXzxVQJVyAFVAlZI
429=AWAaVQJXyAFVAlhIAWAPSW9ZyAFJb1pIAdF3W8gBWRFcSAFsBVEUXcgBVQJeSAHNEF/IAV
430=0KYEgBZAhVDWHIAVUCYkkBX0gCSQBjyAFVAmRJAT1cAFUCZcgBVQFmSQFFXABVAmdIAWQ/
431=SQFoyAFBA2nIAVUCasgBVQJryAFVAmzIAVUCbcgBSRduyAFLFw4AQVgESwAMAA9IAZT0Iq
432=0hQSioECcpABJABNWGEygpABQoKQAVKCkAFigpABdIAYv+DAAYSQH1TBFRghlIASVVIRpI
433=AWiFUYIbSQGsYwQIABxJAaipAR1JAaqpAR5IAVQVIoEhHygpACAoKQAhKCkAIigpACNIAZ
434=igIq8hQQBkaAgirCGoAU1+JkAEJ64hQQBoLVkRKFQCaAFFjClJAR1MJ0WMKsgBRYwryAEj
435=rSFBiIUjrCGlCAAirCGoAVl/L00FcGMPBAAwyAFVAjFJARtcCk0FMsgBVQIzyAFBAzTIAV
436=E1NUkBaGcIAAA2yAFVIjdIAXAUQQM4yAFVAjlIAc1dOsgBVQI7SAHBfTzIAV0KPUgB1U8+
437=yAFNBT9IAd0KQMgBVQJBSAHNBULIAVUCQ0gBcI1NEETIAVUCRUkBb0gCSQBGyAFVAkdJAW
438=tIAkkASMgBVQJJSAFohVVwSsgBVXBLSQFuQAVJAEzIAU0FTUkBXUgCTQVOyAFNBU9JAVtU
439=Ak0mUMgBTRtRSAFohVkGUkgBeHRBBFPIAUEEVEgBaIVVAlXIAVUCVkgBeCdVAlfIAVUCWE
440=gB2RxZyAFdClpIAckiW8gBVQJcSAHRFF3IAVEUXkgBzRBfyAFdCmBIAWiFVQ1hyAFVAmJI
441=AWiFVQJjyAFVAmRIAXQNVQJlyAFVAmZJAUZUDl0fZ0gBfDZBBGjIAUEEacgBVQJqyAFVAm
442=vIAVUCbMgBVQJtyAFTCQ8AQlQASABygkIA3YMRVALJehJIASdREEL1hhQoVQAVKCkAFkgB
443=JdEgF0gBVAoi1TEYSAEl0SAZSQGDVRgBIgIyQgBoAVVwG1UCsVQCVfQcSAGbBggAHSgpAB
444=5JAfmhBB9IAcEEICgpACEoKQAiKCkAI0gBJ1MQQgB7fAZwgqgBk4JCAGy1AidMBYBRIv4g
445=QgBoAUEEKVUCHEwnRRMqyAFVAivJAQIi/SBClf8DIv0gQriKcIKoAVUCL0wFcIJNBTDIAV
446=UCMUkBG10KBCL+IEIAaAEjADKoASMAMqgBIwIyQgBwglkFNlgGaAFJODdIAdFAOMgBVQI5
447=SAHVWjrIAVUCO0gBZPpFHTzIAVEpPUgB3Uw+yAFNBT9IAd0KQMgBVQJBSAHNBULIAVUCQ0
448=gBdGVFE0TIAVUCRUgBcIJVAkbIAVUCR0gBcIJVAkjIAVUCSUgBcIJFHkrIAUUeS0gBYDBN
449=BUzIAU0FTUkBZ0gYSQBOyAFVGE9IAWCeVQJQyAFVAlFIAcUeUkkBbVQDSQBTyAFBBFRJAW
450=pIAkkAVcgBVQJWSAFgD1UCV8gBVQJYSAHZHFnIAVkRWkgB3QpbyAFNBVxIAXgcRQhdyAFV
451=Al5JAWlIAkkAX8gBVQJgSAHVDWHIAVUCYkgByRdjyAFVAmRIAdl/ZUgBZDRRCWbIAUEEZ8
452=gBVQJoyAFVAmnIAVUCasgBVQJryAFVAmzIAVcCEABDQAJIACL4MCcpABJUAtGCE0gBxYEU
453=KCkAFSgpABZIASf4DycFARhUAmB9AQQLABnIAQEFCwAayAEBBggAG8kBByJPIEMA90wRXW
454=0dVAIjpzYIAB5IAYAPIv5BQwDVAiBUAskBIUkB8bkGIkgBTBgi/SAjSAEn+Q9DmH9RjSVU
455=AmSBSf4mSAF4f0l6J0gBbDFBBCjIAUEEKUgBbHNZESrIAU0FK8gBSXosyAFJei1IAZhTen
456=9DAGgBXfwvVQJ0fBEiTiBDAGgBVQIxVAIjmCR4f3RoRAQi/EGoAUEZNEEE+1wAXQI1SAEj
457=OCMiTSBDI2QjQQM3VALZXjjIAVUCOUgBZFVZBjrIAVUCO0gBZEpZaTzIAV1XPcgBTQU+yA
458=FNBT9IAWCIVQJAyAFVAkFIAd0KQsgBVQJDSAFwgk0FRMgBVQJFSQFxSAJJAEbIAVUCR0gB
459=izgAAEgoKQBJKCkASigpAEtIAWwxVf9MyAFB601IAXAqVRhOyAFVGE9IAXwgVQJQSAF8jk
460=EPUcgBQQ9SSAF4dEEEU8gBWQZUSAF4f1UCVcgBVQJWSAFgD1UCV8gBVQJYSAHJelnIAV0K
461=WkgB3QpbyAFNBVxIAWwFRQhdyAFVAl5IAXh/VQJfyAFVAmBIAdUNYcgBVQJiSAFkE1UYY8
462=gBVQ1kSAFkCFUCZcgBVQJmSAF0DVUCZ8gBVQJoSAHFCGnIAVUCakgBxQhryAFXAhEARFAH
463=SwAMABIoKQATSAGDZwwAFEgBnzYMABUoKQAWSAEnoA8nBQEYVAJhfQhhfUSS+wkKQH2qAQ
464=oJQH2pAQtifUQAiAx9/EQkVCFgfScpAB9QCYAPIqBRJ1UAIShVACJIAdl/I0gBzQUkSAEj
465=4CJ+/EQAyQEmVALBBCdIAXUuBH38RJ38BSKhUUSQ8FUCKkAEbH5VAivIASPwL6AEI/EvRJ
466=R7WX8uQARsUll/L0gBIn08AGJ9RABoAYN9RAAeWD5VAjJABGgBVQIzyAFBAzTIAUU/NUgB
467=IjQoVTE2yAFFNDdIAcFcOMgBTQU5SAFgckUIOsgBVQI7SAHBcjzIAUUIPUgB2X8+yAFNBT
468=9IAWB9RQhAyAFVAkFIAd0KQsgBVQJDSAF8Ck0FRMgBVQJFSAFgfVUCRsgBVQJHSAGILWB9
469=3zYAAEkoVQBKKCkAS0gBhzQAAExIAdkGTUkBY1AgSQBOyAFVGE9IAdXeUEgBYH1BD1HIAU
470=EPUkgBYHJVhlPIAVWGVEgB3QpVKCkAVkgBk0AAAFfIAU0FWEgBeGldClnIAV0KWkgB3Qpb
471=yAFNBVxIAckXXUgByQxeKCkAXygpAGBIAdUNYcgBRQhiSAF4dFUNY8gBVQ1kSAF4dFUCZc
472=gBVQJmSAHFE2fIAVUCaEgBxQhpyAFVAmpIAcQIARIARQCXyAwAE0gBnBVpekW8bWh6JykA
473=FkEE9FwsAQAMABdIASW9LhhJAQVNEQBrekUAH00yAGh6yAFrekUABGAEaXpFJPgwaHrcCm
474=h6JykAH1AJgCVoeidVACEoVQAiKCkAI0gBhIwiPT9FeA5l+iVUAo8BCAAmSAEjXCIi7WBF
475=4X0oVAKUGGt6RQA7cAUi7GCoAUlvK0AEcAJBcixIASOsISLpLkWA61UCLlQCeO1NBS9IAX
476=x4QX0wyAFBfTFIAXx4I+kuRZR7I+guqQEGIuxgqQEHIu5gRQBoekEkNlgGaAFFNDdIAWBy
477=XRA4yAFBLzlIAXBsVQI6yAFVAjvIAUUIPMgBRQg9SAFwgk0FPsgBTQU/SQE/XABVAkDIAV
478=UBQUgBaHpVAkLIAVUCQ0gBzRBEyAFVAkVJAXVABUkARsgBVQJHyAFNEEhIAYg4aHrXLgAA
479=SlQCly4AAEtIAVQHaQBMSAGLvAAATUgBaHpFCE7IAVUYT0gBaHpVAlBIAcEPUcgBQQ9SyA
480=FBBFNIAcEPVEgBi1kAAFVIAdUCVigpAFcoKQBYKCkAWSgpAFooKQBbSAHJF11IAYdKAABe
481=SAHdCl8oKQBgKCkAYSgpAGIoKQBjKCkAZCgpAGUoKQBmKCkAZygpAGgoKQBpSAHbERMARn
482=QoIgE9FEgBhBNmdkYAgwQMABZUAtl0F0kBJ3cFCwAYSQErawEKABlJASOpARpJAR9oAWV2
483=RlBnTAFndkYAIkUBAGV2Rv3xHkwFkB8itS1GqIVkdicpACEogQAiKCkAIygpACRIAcnzJU
484=gBJWUuJkgBcA1VDSdIAYgXcvBGACOYUGV2RoR2XW0qQQSyREBBcitIAZgGIrA90BRldkYj
485=QC9BBC5ABCJAL4Z2RgB8pFUCMFQCaAFVAjFIAWT6VQIyyAFVAjPIAVFLNMgBTVI1SAFstU
486=UONsgBWRA3SAF0ZU0FOMgBTQU5SAFkdlUCOsgBVQI7SAHdbTzIAUUIPUgBZHZNBT7IAU0F
487=P0kBP1QDVQJAyAFVAkFIAWQIVQJCyAFVAkNIAc0QRMgBVQJFSAFgZ0kBRsgBQeBHyAFZzE
488=hIAYCpZHbESmR2JykAS0AEmKBw8Mw8Z3ZGAGZQIEkATkAEaAFdFE/IAUUTUEgBwQ9RyAFB
489=D1LIAUEPU0gBwQ9VSAHFgVZIAdF3VygpAFgoKQBZKCkAWkgBxQhcSAEjAEhsc9FAAEirJ7
490=0CYEAEk1YAAGEoKQBiKCkAYygoAAFkAEYAEQAAgRAAIAHtAQAAQAABZQBGAMkBZigpAGco
491=KQBoSQH0rwUUAEdEBksADAAVSgH//4kBFkkBJ0QBAQALABdJAStrAQoAGEkBI6kBGUgBZA
492=EBAAoAGkoBBgJTAQkAG0gBQAECAAAJABxIAZcCCAAdSQH6dw0IAB5IAYcTCAAfKCkAICgp
493=ACEoKQAiKCkAIygpACQoKQAlKCkAJkkB9akMJ0gBlxgIAChJAUB/EQgAKcgBAQEEACpIAX
494=ACAQAEACsoKQAsSQH2ZwgEAC1JAXtEBAECBAAuyAEBAwQAL0kBa7UCMMgBVQIxSQEbUB8B
495=BAQAMsgBAQUEADPIAQEGAAA0yAEBBwAANUkBbmcIAAA2yAEBAwAAN0kBaVQCSQA4yAFZED
496=lJAWhIAkkAOsgBVQI7SQE+XABBDjzIAUUIPUkBOlQCTQU+yAFVAT9JATtcAFUCQMgBVQFB
497=SQFEXABVAkJIAXAJSQFDyAFBA0RJAT1cAFUCRcgBVQFGSQFySAJJAEfIAVUCSEgBlzkAAE
498=lJAfNIAkEESkkB76kBS0kB8qkBTEgBzQVNSQFmQAVJF07IAQEEAABPyAEBBQAAUEgByRdR
499=SQF1TAVJAFLIAV0JU8gBXSBUSAHVDVVJAfBUA00FWkgBi04AAFtIAcEEXEgB2RFdSAHVAl
500=5IAcUTXygpAGAoKQBhKCkAYigpAGMoKQBkKCkAZSgpAGYoKQBnSAHcbQEVAEgAxWsWSAHF
501=axfpAQlTbEgAIEgYTWgZVQIJTBxJARpIAYhvcGzFCAhSbEgAlAJxbEhyBgAAcmxIAIhZcW
502=xIpYEITAonKQAhUAmHHggAIigpACMoKQAkKCkAJUgBkyoIACZIAcVrJygpAChIAXFsAnJs
503=SABoAV1iKlQCnBFwbMcTBAAsVAKEE3JsSACMMXBsxBNwbCdVADBMBcEEMUgBlHtwbKgMUX
504=czVAJ0DUU+NEkB91wARQ41SAFwbEVKNsgBRUo3SAFwbFEpOMgBVU85SAFwbFUCOsgBVQI7
505=SQFCsQk8SQFDqQE9SAFwbE0FPsgBTQU/SAFkVVUCQMgBVQJBSQFFuQZCSAFwbEEEQ8gBQQ
506=RESAFwbFUCRcgBVQJGSAFwbFUCR8gBVQJISAGAMHBsxykAAEpVAvipDEtIAUAfaQBMSAGf
507=KwAATUgBjzwAAE5JAWR4A3JsSABoAUUHUFQCyRdRSAFwbFUNUsgBWSdTyAFZJ1RIAY8xAA
508=BVSAHZEVdJAftECUkLWEgB2WlZSQHxtQJbSQH8qQFdSAHFE15IAcUTXygpAGAoKQBhKCkA
509=YigpAGMoKQBkKCkAZSgpAGZIAdFsFlyRhWsJWtdJAIkBCEVrSUjCVxUIABlABEABYdUaKC
510=kAG0kBJngCZWtJTGNMAWZrSQCYHGVrSbBWZGsnKQAgWAaDGggAISgpACIoKQAjKCkAJCgp
511=ACVIAYQpZmtJACdnDUkAOlwOXXgoQARoAU3WKUgBcAJZXipIAYxdZmtJAJQuZmtJAJAJZW
512=tJiAVNBS5MBYAwZGsnVQAwVAKXDQQAMSgpADJIAXhpVd4zyAFdQTRIAcGpNUgBmBx510m4
513=injXJykAOCiBADlIAWjoQRE6yAFdQDtIAWjoVQI8yAFVAj1JAWdIAkkAPsgBVQI/SAF8bV
514=UCQMgBVQJBSQE8XABVAkLIAVUBQ0gB3W1ESQE/SAJBBEXIAVUBRkkBcUgCSQBHyAFVAkhI
515=AYwmZGvUI2ZrSQCPJgAAS0AESAZpAExIAd1XTUgB3SBOSAFk2UUET8gBXQpQyAFdeFFIAd
516=UYUkgBzRBTyAFNBVVIAd0KVkgBwWdYSAHVAllIAdEUXEgBhz8AAF1IAc0QXigpAF8oKQBg
517=KCkAYSgpAGIoKQBjKCkAZCgpAGVIAc1oF0yMzcsYSQEkTBxNUhlJAQlAG0kBGkkBKLUCG0
518=gBZAFB1RxIASfdJ0qQAk0FHlQCjAFgZydVACBUApgcYWdKpEpo0icpACNABJscCAAkKCkA
519=JUgBkBRjZ0oAUmELCFHqSoBnXVcoQARwAkVgKUgBjCYi3CfcCmBnJykALEAEiAxiZ0oAgD
520=Bo0tAUY2dKAPlENVEJMEwFJ+MMSgA7bAxo0qgBTQQzQARwAk0ANCgpADVIAc1oNkgBwak3
521=KCkAOEgBjxAAADlIAWBnSSw6yAFVcDtIAWBnVQI8yAFVAj1IAWBnVQI+yAFVAj9IAWhOVQ
522=JAyAFVAkFIAWBnVQJCyAFVAkNJAUZcFl0VREgBYGdBBEXIAUEERkgBcFZVAkfIAVUCSEgB
523=3RVJSAGMJmBnzCZhZ0qrpgAATEAEzQVNKCkATkkBZlQOUQlPyAFFzlDIAUXOUUgB1RhSSA
524=HNEFPIAVkGVEgBjJ9o0tc5AABWVALVZVhIAZNLAABZSAHVLlpIAdkGW0gBJckqXEgB0RRd
525=KCkAXigpAF8oKQBgKCkAYSgpAGIoKQBjKCkAZEgBhVUAUc9LXB1IAHDPJykAGkyMxWsbSA
526=HFaxxIAclvHUgBUAYkWCcn2QAfKFUAIEgBkEttaEsoDA0nKQAjQASMG21oS7PECAAlVAKI
527=WW9oSwA/bAxsaKgBRc4oQATBZylIAYQIbGjcCmxoJykALCiBAC0oKQAuSAGILWxoww8EAD
528=BUAoR2cc9LjGhRSzJUAmgQTQAzKCkANEkB/blTNUgBUANpADZJAY1gAXPPSwCHqQE4VAKc
529=IG1oS7X0AECC0RQARA0nVQA8TAWDGgAAPUkBfKUIPsgBQQ4/SAEiYChBA0DIAVUCQUgBIt
530=QmVQJCyAFVAkNIASfyGUsAIrAnQQRFVAJoAUEERkgBInQlVQJHyAFVAkjIAVEfSUgB2RFK
531=SAHZaUtIAUgGaQBMSAHNG01IAc0FTigpAE9JAWFkBSLuNEsAaAFJDFFUAmh6QQNSSAHNEF
532=PIAUEEVMgBTRBVSAHdClYoKQBXSAHJZFhIAclZWkgBxeRcSAHRbF1IAcUIXigpAF8oKQBg
533=KCkAYSgpAGIoKQBjSAHJDBlchlgWeV4aKCkAGygpABwoKQAdKCkAHigpAB8oKQAgKCkAIU
534=gBnBV5zEz1ZSNUAogXaWRMKIkMTCZRJiZABGlkAmlkTJRlAQMEAChVAvpYKEXDKUgBhAho
535=ZNwKaGQnKQAsKIEALSgpAC5IAYCTamRMAJAfa2RMAINcClVwMUAEaAFFNDJIAYsiAAAzKC
536=kANEkBrkwFRQM1SAHVZTZJAZBIAkkAN0kBg1wASQA4SQGFXABJADlIAcFnOkgBJSUxO0gB
537=UANpADxIAYAlamRMAGhkTRA+VAJoAV2vP0gBaGRVAkDIAVUCQUgBaGRVAkLIAVUCQ0kBRL
538=EUREgBfGJBBEXIAUEERkgBeFNJAUfIAVnBSMgBWcFJSAGcK3jMwCV5zExsFW0ATEAEfABN
539=AE1IAZgyIuQzwDAi5TNMnGJBD1BABGhkVQ1RSAFoZFUCUkgBzRBTyAFNEFTIAU0QVUgBzR
540=BWSAGQNW3LTCR7IAAAXFQCzSZdSAHNBV4oKQBfKCkAYCgpAGEoKQBiSAHfChoATUwZSwAI
541=ABsoKQAcKCkAHSgpAB4oKQAfKCkAIEkB+3QuZcNNpKJ4XicpACNABJRPeV5NtE9lw00mSS
542=UmQAR1TwF5Xk2MUiN0JccTBAApQASEHnleTbhpeF4nKQAsQAScICJ1JU2kayJ0JScFAS9A
543=BGoMBANEw6gMAQUDADHUAgEGAAAyyQEHe15NALBgGiJXTU0AqakBNUEEj1wkSQA2SAFYAG
544=kAN0kBjGMBAAA4SQGIqQE5SQGKqQE6SAHVRDtIAdWcPEgBiCJ4XtcYAAA+VAKVGABLf00A
545=YqUIQFQCaAFZEEFIASJ0JUEDQsgBVQJDSAEihD1VAkTIAVUCRUkBRFwAVQJGSQFFqQFHSA
546=EikCNVAkjIAUEDSUgBJTkjSkgBUANpAEtIAYA7InUlTSTIKiLAP9AqeV5NJABIeF4nvQJQ
547=WAbdFVFIAXRwVQlSyAFVDVNIAc0QVMgBVQJVSAHNEFlIAc0mWkgBkPsigU1NJBQ6ZGAnzQ
548=RdQATNJl4oKQBfKCkAYCgpAGFIAdteGwBOUBJIACIIPicpAB0oVQAeKCkAHygpACAoKQAh
549=SAElZSMiKCkAIygpACQoKQAlSAGXTwcAJsgBAQUHACfJAQZpvE6ZXgdtXU6wKm1dTiisCy
550=cpACxYBoQebV1OKKwL1BhovLEJCGxdqgEJAkxdqgEKAUxdqQELb11OAJFYIEkANFwK2bY1
551=SQGGSAJJADZIAVgAaQA3SQGSYAFsXdQNIhQkJykAOkAE0Qk7SAHRCTxJAYu5Bj1IAZx4bF
552=3AGm1dToxdUaNAQARsR0mmQUgBbF1VAkLIAVUCQ0gBbF1VAkTIAVUCRUgBIhQvVQxGyAFF
553=SkdIAXxMTQVIyAFNBUlIAZgnabxO9VpLVAJUB2kATEgB0RRNSAHVT05IAdkGT0gBcBRdCl
554=DIAV0KUUgBbF1VAlLIAVUCU0gBzRBUyAFVAlVIAc1dV0gBI/8rAABYSAElUSZaSAHNEFtI
555=AcEPXCgpAF0oKQBeKCkAXygpAGBIAc9dHABPfBoikSMdKCkAHigpAB8oKQAgKCkAISgpAC
556=JIAc1dIygpACQoKQAlSAFhXAhhXE+KWQkGQFyoAQEKBQAowQQLYlxPAJR7YVxPvMVxuU/t
557=XSxMBYQeYVxPvMVxuU9ACkMZAwAvQAQj3DJjXE8AH1ECAGBcyAFhXE9AbXoCADNNBSKGAQ
558=A0SAHNtTVIASW1IjZJAYuhBDdIAaQBULnMJmBcJykAOiiBADtJAY6xBTxIAaYBAD1IAYwb
559=YFzAGmJcTwAisD1RBEBABGgBWVNBSQFqSAJJAELIAVUCQ0gBIlxZVQJEyAFVAkVIAWBcUU
560=tGyAFZSEdIASIoIU0FSMgBTQVJyAFNBUpIAd1MS0gBXARpAExIAdEUTUgBiC1zuU8AZXgD
561=cLmoAVEJUEAEdAJRCVFIASLMJU0EUsgBQQRTSAEiMFlVAlTIAVUCVUgBwQ9XSAHJWVhIAd
562=UNWUgBxWtaSAHVAlsoKQBcKCkAXSgpAF4oKQBfSAHDXB0AUFgPSAAi5FQnKQAfKFUAICgp
563=ACEoKQAiSAEnVQtQJg0uJChVACVJAQVFHwB1WlC8THRayAF3WlAABGAEdFrAD3RaJykAK0
564=QIkB8i5VRQ6VktVAJWFQAAdlpQACMYS3Ra2AZ2WlAAgA90WsgMdFrBBAFUWtgGIooiUAAn
565=VgtQACfYFswFIvA6JykAOEAPJQ0jOUgBjBAi8DongQA7VAInVAsnVQA9VALNBT5IAYAadV
566=pQlFpdH0BUAnRaTVJBSAF0WlUCQsgBVQJDSAF0WlUCRMgBVQJFSAEiYElNC0bIAU1HR0gB
567=dFpBBEjJAQQi5lRQAHUCBXm2UKiFImYuUAAjxGYiiCInvQJNWAbRFE5IAXxXUQlPyAFRCV
568=DIAVEJUUgBdFpFE1LIAU0FU0gBdFpVAlTIAVUCVUgBxVVWSAHdV1dIAdUCWCgpAFkoKQBa
569=KCkAWygpAFwoKQBdKCkAXkgB11oeAFFAI0gAIixTJykAIChVACEoKQAiSAEjt28HACNIAV
570=n9AFFWJCgpACVIAYimaVlRKCgLyAFpWVGopmlZUSRMYmtZUQCuTDJEVQkrAFEA/AEAAAAE
571=ACwRAAD9DwAgAQBRAABjAAQALSgpAC5KAQUCWwIDAC9JASdEAQEAAgAwSQErawEBADFJAS
572=OpATJIAYMEAAAzSAGXAgAANEkBjGMEAAA1SQGDqQE2SQGFqQE3KCkAOEgBwQQ5SAHBBDpJ
573=AYmtBTtJAYqpATxIAaYBAD0oKQA+SgH6AZ0CP0kB8qkBQCgpAEEoKQBCSQHtoQRDSQFuVA
574=YBBAAARMgBAQUAAEVJAWdUAl0fRsgBAQMAAEdJAUW5BkhJAXJABEkAScgBQQNKSQHwXABV
575=AktIAVgAaQBMKCkATUkB9qEETkkBYXsDAABPyAFBA1BJATxcAEEDUcgBVQFSSQE6XABVAl
576=NJAXNcAEkAVMgBQQNVSAHBGlYoKQBXKCkAWCgpAFkoKQBaKCkAWygpAFwoKQBdSQH0XAtX
577=DR8AUlQASwAIACAoKQAhKCkAIkkBBkAmAQAHACNIAUUFAEkBJCgpACUoKQAmSAGTSwYAJ0
578=kBJnMFBQAoSQEiqQEpSQEEcwkEACpJAatvEAQAK0kBpqkBLEgBaQUAcFbHEwQALlQCnApz
579=VlIAH2QEcFbIAXFWUkQOegIAMkwFxVUzSQGNkAJSVlIAwVE1VALJATZJAYihBDdIAdUCOC
580=gpADlJAYahBDpIAaYBADsoKQA8KCkAPSgpAD5JAZGxBT9JAYupAUBIAaYBAEEoKQBCSAHB
581=XENIAcFcREgBxT9FSQFkvQZGyAFNJUdJAURcAEEDSEgBcFZdKknIAVVaSkgBJ9AKxykAAE
582=xVAve5Bk1IAckMTkgBcFZFCE/IAUUIUEgBcFZVAlHIAVUCUkgBcFZVAlNIAXBWSQFUyAFB
583=BFVIAd0KVigpAFcoKQBYKCkAWSgpAFooKQBbKCkAXEgBx1UgAFNQHUsACAAhSgH//4kBIk
584=gBiEN5U1OzQAYAJFUCCFgSAQAGACUoKQAmSAGIQ3hT0QkGWlNTAIcIBQApQAQnewpTAK9g
585=JXtTUwClqQEsQQT7qQEtSQH1qQEuSQGCaAF6U1MAaQEBeFOpAQJ4U6gBVSMyTAXNUjNIAc
586=lONEgBwVE1SAHFojZIAVAcaQA3SAHRrjhIAdkGOSgpADpJAYVlBQBaU1MA2as8KFUAPUkB
587=h6EEPkgBpgEAP0kB/WsXAABASAHFE0FIAdEJQkgB0QlDSAHJWURIAcGeRUkBZrUJRsgBXQ
588=lHyAFNMEhIAXRETQRJyAFBBEpIASd4CswxelNTAN0KTUEEZUwGSQBOyAFZBk/IAV0KUEkB
589=O0gCQQRRyAFVAVJJAXZIAkkAU8gBVQJUyAFZBlVIASd6ClMAyQFXKFUAWCgpAFkoKQBaKC
590=kAW0gBz1IhAFSrTgcAIkgBiegGXaRUTJpFEAVBUVRcqokBJUEEKEQBAQAFACZIAWQBWVMn
591=SAGM7H2kVEgHXAJhUVRQBEgBfaRUTAuJAStNBa1UGVGjLEgBTQIASQEtKCkALkgBdU8EYV
592=FUglEFA1D7qgEGAFD7qgEHAF6kVADFSjNYBslONEgBnApx+1TGAQA2KFUAN0kBkL0COEgB
593=JyEKVPmrOlQCyaY7SAGqBQA8SAHVDT1IAcEEPkgBwQQ/KCkAQEgBzQVBSAHNBUJIAcVVQ0
594=gB2QZESAHBRkVIAWBRUWxGyAFV/0fIAVX/SEgBYFFRQEnIAU0FSkgBJyAKJ8UDTFQC3QpN
595=SQFlWA1NBU7IAV0KT8gBXQpQSAFgUV0KUcgBTQVSSAFgUUkBU8gBWQZUyAFZBlVIAdVPVi
596=gpAFcoKQBYKCkAWSgpAFpIAddPIgBV/Uwj6QEESU5VTJpBFgRNn1VYAUgBak5VAIWiBUFW
597=Vf1MKFgGWQMATVIpKCkAKkgBiP5vn1UAselOVYgFik5VAJyvaPMnKQAvWAZ2TwkESU5VlU
598=8Ka05VAK5kCGtOVQCSrQgzTAWkAUjz3ApoTicpADYogQA3KCkAOEgByUM5SAHVTzooKQA7
599=SAHFlzxIAcEEPSgpAD5IAcEEPygpAEBIAc0FQSgpAEJIAcmmQ0gBgL8iPSlV9YZFVALJOE
600=ZJASVMPVEaR8gBUR5IyAFJQ0nIAU0ESkgB2QZLSQHvQAVZBkxIAdUCTUkBYkgCSQBOyAFN
601=BE9IAWTvVQJQyAFVAlHIAVUCUkgBIiAgSQFTyAFBBFRIAd0KVSgpAFYoKQBXKCkAWCgpAF
602=lIAd9MIwBWoEZxS1akSnNLVgAHQBtdQSZABMkBJ0gBlZwEUVBWRBFIAH2ZVlhOSAF8mScx
603=AStMBUwCcZgsSAHFSi0oKQAuSQE6ZwQEAC/IAUEaMEkBsFwAQQMxSQGpqQEySAFEAmkAMy
604=gpADQoKQA1KCkANkkBj2cFAAA3SAGmAQA4SAEncQlWKDwTJykAO0AE1UQ8KCkAPSgpAD4o
605=KQA/SAHF+kBIAdkGQSgpAEIoKQBDSAHdTERIAd2ORUgB3TZGSAFwS0GIR8gBQYhIyAFduk
606=nIAV26SkgB2QZLKCkATCgpAE1JAWJIHkk3TsgBTVJPSAFwS1UCUMgBVQJRyAFVAlJIAXBL
607=SQFTyAFBBFRIAdUNVSgpAFYoKQBXKCkAWEgBx0okAFdEEEgAeEgnKQAmKFUAJ0kBJFwDUU
608=soSQEJVA5JASlIASMAJ3hIJ9kAK1QCaAVBBCxIAScYCSLIKVwCbpRXAHhIUQgvQARMAmkA
609=MEkBjWABbpRXACVlIzJUArICADMoKQA0SAHBRjVIAcEENkgBwUY3SAHZijhIAcU/OUgBxT
610=86KCkAOygpADwoKQA9SAHZBj5IAdXeP0gB1Q1ASQGQrQFBSAHdCkIoKQBDSAHZBkRIAScZ
611=CVf5lUZUAmQ/UQhHyAFNZ0hJAXVIAkkAScgBVQJKyAFNJktIAc08TCgpAE1JAWNMBkkATs
612=gBWQZPSAF4SFUCUMgBVQJRyAFVAlJJAXFcAEkAU8gBQQRUSAHJDFUoKQBWKCkAV0gBz0cl
613=AFhQB0sABAAmKCkAJygpACgoKQApKCkAKigpACsoKQAsSAEnwwhYAEBYCllILlQCaAFFEy
614=9JAZF1AgBS2lgA3SsxVAInUBvYESKQRCcpADRABMlDNUgByUM2SAHdNjdIAdEJOEgBpgwA
615=OUgB2QY6SAHNBTsoKQA8SAHZBj1IAdkGPkgByUM/SAHJWUBIAcEEQUgBwQRCSAHdCkNIAd
616=EJREgBJRU6RUgBzTFGSAFgRlFAR8gBTX5ISAFgRkkBScgBQZNKyAFBk0tIAcUITCgpAE1I
617=AWBGUQlOyAFFCE9IAWBGVQJQyAFVAlHIAVUCUkgBYEZJAVPIAUEEVEgByQxVKCkAVkgB10
618=QmAFmtHwRAzycpACgoVQApKCkAKigpACsoKQAsSAEnaQhZiUMCbImoAU0QL0AE0UAwSQGO
619=vQ0xSQGxQEdVATJIAVgAaQAzSQGRYAEi/UxZ7cs1VALNMTYoKQA3KCkAOEgBzUc5SAHNBT
620=ooKQA7KCkAPEgB1Tk9SAGyDQA+KCkAPygpAEBJAZOlBEFIAaYBAEJIAdVPQ0gB1Q1ESAHV
621=00VIAdmKRkkBZr0GR8gBUR5IyAFRNUlJAXehBErIAUEES0gB1TFMyAFVAk1JAV+tBU7IAV
622=UCT0gBaENBA1DIAVUCUcgBVQJSSAEiQC9JAVPIAUEEVEgBJ2oIWQDfQScAWlgESAAiXCIn
623=KQApKFUAKigpACsoKQAsSAEnEwhaAD9ACJyDqAFVDS9BBK1cAEEDMEgBJxAIyAwi0CsnKQ
624=AzQARcBGkANEgBwXI1SAHBvzZIAdUuNygpADgoKQA5KCkAOkgB2QY7SAHZBjwoKQA9SAHd
625=Nj5IAXQOTQA/KCkAQCgpAEEoKQBCSAHFE0NIAckMREgBJYk4RUgBJxIIWgBwQFFhR1QCaA
626=FFgUjIAUWBSUgBcEBdQUrIAU0FS0gBcEBVAkzIAVUCTUgBcEBVAk7IAVUCT0gBcEBVAlDI
627=AVUCUcgBVQJSSAFwQEkBU8gBQQRUSAHHPygAW1weSwAEACkoKQAqKCkAK0gBzTwsKCkALU
628=gBeD2NfluEP10KL1QCJ7kHWyY1MzFUAkAMaQAyKCkAMygpADRJAfm1RDVIAWAFTQA2SAHd
629=bTdIAck4OCgpADlIAcl6OkgBSAZpADtIAcU0PEgB2QY9KCkAPkgB1YY/KCkAQCgpAEFIAc
630=lDQkgBcApNAEMoKQBEKCkARUgBJ7kHWyYpIUdVAmFMBkkASMgBWRtJSAEixFBVAkrIAVUC
631=S0gBInw8VQJMyAFVAk1IAWA7VQJOyAFVAk/IAVUCUMgBVQJRyAFVAlJIAXjBSQFTyAFDBC
632=kAXEACSAAiYShcJm06K1QCJ2EHXFDrgQQtVQI5RAFZBi5JAbBcAFUBL0gBJSUxMEgBRAJp
633=ADEoKQAySAElCSgzSAElEVU0SAEl9UA1SAHJvDZIAcFnNygpADgoKQA5SAHdNjpIAcH2O0
634=gBdA5NADxIAclDPUgBzQU+KCkAP0gByQxASAHBBEFIAdUCQkgB3QpDSAFMCmkAREgByRdF
635=SAHdpEYoKQBHSAFgO1lpSMgBWV5JSAFgO1UCSsgBVQJLSAFgO1UCTMgBVQJNSAFgO1UCTs
636=gBVQJPyAFVAlDIAVUCUcgBVQJSSAFgO0sBKgBdKAoHXQAj81oEACxUAnw2QQQtSAF0GU0A
637=LigpAC8oKQAwSQGNVANJADFIAdFhMkgB0ZgzSAHVWjRIAd0gNUgBJTU+NigpADcoKQA4SQ
638=HxoUY5SAHVvTpIAUQNaQA7SAHBDzxIAc0xPUgBxTQ+SAHJej9IAWwGTQBASAElZURBSAHJ
639=hUJIAVADaQBDKCkAREgByRdFSQF5ewMAAEbIAVETR0gBYKlBA0jIAVUCSUgBeDJVAkrIAV
640=UCS8gBVQJMyAFVAk3IAVUCTsgBVQJPyAFVAlDIAVUCUcgBVwIrAF6cpEXkLMgBQQQtSAFQ
641=A2kALigpAC8oKQAwSQGQeAMiIjZeAMU0MlQCxVUzSAHFNDQoKQA1KCkANigpADcoKQA4SA
642=HNczlIAckMOkkBibUNO0gB1Q08SAGyAgA9SAHJbz5IAd02P0gB2WlASAHNBUFJAfxMHFkB
643=QkgBWABpAEMoKQBESAEnsgZeAHA1XVdGVAJoAUVgR0gBcDVVAkjIAVUCSUgBcDVVAkrIAV
644=UCS8gBVQJMyAFVAk3IAVUCTsgBVQJPyAFVAlDIAVcCLABfhDRJAS1IAXAVTQAuKCkALygp
645=ADAoKQAxKCkAMkgBJaEwM0gBJ1kGX+XDNShVADYoKQA3KCkAOCgpADlIAdlpOkgBSBFpAD
646=soKQA8KCkAPUgByTg+SAHdNj9IAWwGTQBASAHBtEFIAUQCaQBCKCkAQygpAERIASdaBl8A
647=IlgyUQVGVAJoAUE6R0kBPlwAVQJIyAFVAUlIAXgyVQJKyAFVAkvIAVUCTMgBVQJNyAFVAk
648=7IAVUCT8gBVwItAGBUAIkALigpAC8oKQAwKCkAMSgpADIoKQAzSAHVGDRIAcwxBjUAYADt
649=AQAAABEAAB0GyQwGAAA2AGAA7QEAYAADNwBgAO0BZgEAOCgpADlJAfC1AjpIAZsDAAA7KC
650=kAPCgpAD0oKQA+KCkAP0kBjb0GQEkBg6kBQUkBh6kBQkgBpgEAQ0kB97UNREgB2RFFSQFj
651=RAQBAgAARsgBAQMAAEdJAT5MBVUCSMgBVQJJSQE6tQJKyAFVAkvIAU0FTMgBVQJNyAFVAk
652=7IAVcCLgBhTA2JAC8oKQAwKCkAMSgpADIoKQAzSQH2QA9BBzRIAckXNSgpADYoKQA3KCkA
653=OCgpADkoKQA6SQHvsQk7KCkAPEkB8bUCPUgBRA1pAD4oKQA/SQGMbwIAAEBIASerBWEAir
654=UCQlQCpAFKLWEA3RVEVQJluQJFyAFVDEbIAVUjR0kBP0gCTQRIyAFVAUlIAWgtVQJKyAFV
655=AkvIAVUCTMgBVQJNyAFXAi8AYlQAiQAwKCkAMSgpADIoKQAzSQH6WAdVBTRIASdRBWLlVT
656=YoVQA3KCkAOCgpADkoKQA6KCkAOygpADxIAcFcPUgBRA1pAD4oKQA/SAEnUwViAIZ7AwAA
657=QVQCpgEAQkgB0VZDSAHRFERIAXAqRUpFyQEEfldiAHUCBX5XYgBwKl0rSEAEaAFNBUlIAX
658=AqVQJKyAFVAkvIAVUCTMgBVgIwAHRilRAxKCkAMigpADMoKQA0SAHFKTVIAdEUNigpADco
659=KQA4KCkAOSgpADooKQA7KCkAPEgBJ/gEJzkCPlQCnxIAAD9JAZCtAUBIAcFRQUgBsAJZJ2
660=PhUUNUAsUTREgB3URFyAFdQEZJAT1cAEkHR8gBVQFISAFsJlUCScgBVQJKyAFVAkvIAVcC
661=MQBkQAKJADIoKQAzKCkANCgpADVIAclkNkgBxRM3KCkAOCgpADkoKQA6KCkAOygpADwoKQ
662=A9SAHdeD5IAZARYCUnZQJAKFUAQSgpAEJIAck4Q0gB2RFESAFgJUlDRcgBSUNGSAFgJVUC
663=R8gBVQJISAFgJVUCScgBVQJKyAFVAjKQU4ESMygpADQoKQA1SAHNEDZJAfJEKlUFN0gB2R
664=E4KCkAOSgpADooKQA7KCkAPCgpAD1JAfSxCT5IAUwKaQA/KCkAQCgpAEEoKQBCKCkAQ0gB
665=0TVESAHNuEXIAUkLRkkBPFwAQQtHyAFVAUhIAWgiVQJJyAFXAjMAZkACiQA0KCkANSgpAD
666=YoKQA3SAHJIjhIAckiOUgBySI6KCkAOygpADxIASfgDCe1AT5UApgOfEEnVQBAVALFjEFI
667=AcXDQigpAENIAdUNREgBcB9VOUXIAU08RkgBcB9VAkfIAVUCSEgBcB9XAjQAZ94OADUoKQ
668=A2KCkANygpADgoKQA5SAHVLjpIAc0QO0gB3SA8SAEnmAMniQE+VALZDT8oKQBASAHFKUFI
669=AdEJQkkBerEFQ8gBRTRESQFgtQJFyAFVAkZIAWAaQQNHyAFXAjUAaEACiQA2KCkANygpAD
670=goKQA5SAHNEDpIAc1SO0gBnwcAADxJAfhQClkBPUgBWABpAD4oKQA/KCkAQCgpAEFIAcEl
671=QkgBYBpVLkPIAU0xREgBYBpVAkXIAVUCRkgBYBpXAjYAaWQNbQA3KCkAOCgpADkoKQA6KC
672=kAO0kB+70VPEgBwRo9SAFkCU0APigpAD8oKQBAKCkAQUgBJ+kCaUipUwYAAENUAny9SQtE
673=SQE7XABdAkXIAVcBNwBqQAKJADgoKQA5KCkAOigpADsoKQA8KCkAPSgpAD4oKQA/SAHRYU
674=BIAdFhQUgBJ8EIapAUTSZDVAJwFEUpREgBcBRXAjgAa5gSUQA5KCkAOigpADsoKQA8KCkA
675=PSgpAD4oKQA/SAHVI0BJAXlQCkkAQcgBXSBCSQFfSAJJAEPIAVcCOQBsQAKJADooKQA7KC
676=kAPCgpAD0oKQA+SAHRHz9IAcUeQEgBYA9NG0HIAUUeQkgBYA9XAjoAbYgNUQA7KCkAPCgp
677=AD0oKQA+SAHFYD9IASeKAW0AeIpFCEFUAmgBVxg7AG5AAokAPCgpAD0oKQA+KCkAP0gBJ6
678=EEbpAJRxM8AG+YB1EAPSgpAD4oKQA/SQH8SA2BBHBUAIgADD4AcAAAAAAAAAAAAAAAABEA
679=AA==

[Terrain]
19062=TIBTRE02
31065=TIBTRE02
39072=TIBTRE02
53098=TIBTRE02
99056=TIBTRE02
76043=TIBTRE02
71033=TIBTRE02
64019=TIBTRE02
60025=TREE05
58016=TREE07
61013=TREE08
57012=TREE10
59014=TREE11
59012=TREE12
59010=TREE13
53012=TREE14
60020=TREE14
78030=TREE14
76030=TREE13
78032=TREE12
65036=TREE11
65031=TREE12
54045=TREE13
73038=TREE14
69039=TREE08
51031=TREE08
54030=TREE07
53033=TREE05
56033=TREE04
50036=TREE03
42029=TREE02
38028=TREE03
37035=TREE04
40027=TREE05
34032=TREE06
36049=TREE07
40032=TREE09
44052=TREE10
43033=TREE11
45042=TREE12
38036=TREE13
55041=TREE07
53041=TREE06
48054=TREE03
50052=TREE02
33046=TREE13
33050=TREE14
30046=TREE11
29048=TREE10
22057=TREE06
30056=TREE05
26056=TREE07
25058=TREE08
15062=TREE08
16059=TREE10
17056=TREE11
13053=TREE12
13058=TREE13
14056=TREE14
35057=TREE13
42063=TREE12
39064=TREE11
34060=TREE10
38061=TREE08
29061=TREE08
26064=TREE07
36068=TREE05
28073=TREE04
30076=TREE03
27075=TREE02
28075=TREE01
91044=TREE03
89044=TREE05
89042=TREE06
67049=TREE06
41086=TREE06
41088=TREE07
38086=TREE08
49064=TREE08
56052=TREE08
53054=TREE07
55054=TREE06
98050=TREE07
96050=TREE08
95048=TREE10
82068=TREE11
92070=TREE12
93068=TREE13
90069=TREE15
73052=TREE14
76050=TREE13
75052=TREE10
79049=TREE08
82047=TREE11
83049=TREE12
84038=TREE14
73073=TREE13
80077=TREE12
76077=TREE11
69075=TREE10
53064=TREE08
49067=TREE07
53067=TREE05
63083=TREE04
63096=TREE03
62093=TREE02
61097=TREE01
59105=TREE08
44077=TREE10
88076=TREE08
63076=TREE08
69071=TREE11
83073=TREE08
81073=TREE07
86077=TREE05
66072=TREE04
66070=TREE02
68083=TREE02
68090=TREE03
80084=TREE04
75083=TREE05
72085=TREE06
71088=TREE07
76087=TREE08
75090=TREE10
72091=TREE11
70082=TREE11
68094=TREE12

[OverlayPack]
1=CQAAIIH//v4f/4H/gFIAACCB//oAAIJmZv79Af+BZgAB/vsB/xH///sBPwIR/P/+AUAE/w
2=ICPgL+/AX/gav+/Qn/ganINAj++QH/wzoIIgGBrv7zAf8h+zIAga3+tgH/gf+AawAAIIH/
3=+gAAgWZAAf73Af9R///qAUUAgan/DAIxABIB/gcE////AT4Eagn/9wFMCgH3/9gBSQyBq9
4=sDEIGszEIM//UBTgz//gFHEEH///oBOwb//gFABDIBzTUQ/tEF/8svBFABgbD+vwH/gf+A
5=eQAAIIH/8AAAgaj+KQL/gxsbG/79Af8CAP/gAWACgbHcQwT/vQFgBIGs/0MAHwT//QFfAh
6=H+/wACYgj//QFhCDIA/wECZAr+/QH//wECZBD+rQX/gmZm/kMA//0eCP55Af+BZhAB3jwG
7=/toB/yIA8BMaIi6Brf6xAf+B/4DSAAAggf/NAACCZmYQA/76Af+BZhAB/v0B/2IAgbD+Kg
8=L/han/qv+uUA1ACYGqAASBrf6+Af/mEgKCqKxR7YGpMBCC/68ABhAV/rwB/ygM5RUCgavI
9=TAYh+WAR/rkB/zIAAgEl0tohChgsE/P+zgH/Ef1UAt4fCoGxMAf/wAFdCNUQCmQN/uwB/3
10=H0Qf/kMBD/wgFbCswKAlH/QgDZUg48Av7HAf/NIBT+8wH/Vf/HEgTSNBj/zQFSDvQMClf3
11=wVsG/s8B//8BAhEC5yscgaj+qgH/gf+AZAAAIIH/5gAAg2ZmZv4YAv+BsSAGg67/sP78Af
12=+BqP75Af9T94KvrP78Af+Dq/+t/v0B///9AU0GIAGBqf79Af8IBv/fAUoKDeeBrtIXEDf5
13=gav+AQL/gar+5Qv/gRsgAf7GAf+B/4A2AAAggf/wAACBGyAB/voB//8GAjQA//4BOQIABP
14=77Af//AAI1BDIB/vwB//8AAjgKEgL+wxH/gf+ACQAAIIH//v4f/4H/gAkAACCB//7+H/+B
15=/4AJAAAggf/+/h//gf+ACQAAIIH//v4f/4H/gAkAACCB//7+H/+B/4AJAAAggf/+/h//gf
16=+ACQAAIIH//v4f/4H/gAkAACCB//7+H/+B/4AJAAAggf/+/h//gf+ACQAAIIH//v4f/4H/
17=gAkAACCB//7+H/+B/4AJAAAggf/+/h//gf+ACQAAIIH//v4f/4H/gAkAACCB//7+H/+B/4
18=AJAAAggf/+/h//gf+ACQAAIIH//v4f/4H/gAkAACCB//7+H/+B/4AJAAAggf/+/h//gf+A
19=CQAAIIH//v4f/4H/gAkAACCB//7+H/+B/4AJAAAggf/+/h//gf+ACQAAIIH//v4f/4H/gA
20=kAACCB//7+H/+B/4AJAAAggf/+/h//gf+ACQAAIIH//v4f/4H/gA==

[OverlayDataPack]
1=CQAAIIEA/v4fAIEAgGYAACCBAPoAAIIGBv79AQCEBwoKB/77AQCGBwgKCggE/vkBAAP+gg
2=AI//oBQAKFBAgLCgj//AE/AIMGBwf//gE/AP4EDgDAOwr/+wE9CoIGCMA9BIILCv/4AUQa
3=wToIhAAKCwv/uwFABoCZAAAggQD6AACICgsKCgoLCwf+9wEAgQYB/AABggoG/vcBAIcGCg
4=oIBwcH//gBRQICAf/6AUQE/g4CAIEGBgf/+wFCBIIGCBwHgQsIDoEE/vUBAIIICg4LIAGB
5=CP70AQAMCCQAEgCCBgH+8gEAgQg1/AYFgQj/9AFNCsE9AoEKwUUA//cBPgYCACH//vkBAI
6=EG//sBQwT+vgUAgQCAfAAAIIEA/l0CAIMEBwb+/QEAhAgLCgf++wEAgwQIC//+AV8EhQcK
7=CwoI//wBYAKFBwoKAAj//AFiBoIICgAB//sBZAqDBAgKCAT//AFjCIEGAgL//AFkCggFgg
8=gE/v0BAIED/q0FAIEG//0BYAINsP/9AWEGgQbAYgz/7AFiCIC4AAAggQDNAACFCAoACgf+
9=+wEAgwQHCP/9ARQAhQAABgcE/ggEAIQGBwcG/vsBAIQGCgsL//wBFAICAIMKCghSAYEG//
10=IBIQiCBwoODoEKMfiCBgr/8wEhCoUICgoKCzH3gQgGDIEI//ABFAQYAjIAgQcQCkAM/usB
11=AAP2IfQiCQQC//ABLAzAEQKBCBH0gQcKCgoO//QBIgon8wIACgr/+gEiCgv+Dgv++wEACg
12=D/8QEvFMwTFP/UAS0agBsAACCBAOYAAIMEBwT+Bh4AhgMGBwcHBv7GAQCBAIBaAAAggQDw
13=AACGCAsLCwoG/voBAIEHAgCCCwj++gEAhgYKCwoKCP/8ATkAhAoKAAr/+wE5AoUABwgKCv
14=/8ATgABAKDCwsH/vwBAIMGCAr//QE7CgICgQT+wxEAgQCACQAAIIEA/v4fAIEAgAkAACCB
15=AP7+HwCBAIAJAAAggQD+/h8AgQCACQAAIIEA/v4fAIEAgAkAACCBAP7+HwCBAIAJAAAggQ
16=D+/h8AgQCACQAAIIEA/v4fAIEAgAkAACCBAP7+HwCBAIAJAAAggQD+/h8AgQCACQAAIIEA
17=/v4fAIEAgAkAACCBAP7+HwCBAIAJAAAggQD+/h8AgQCACQAAIIEA/v4fAIEAgAkAACCBAP
18=7+HwCBAIAJAAAggQD+/h8AgQCACQAAIIEA/v4fAIEAgAkAACCBAP7+HwCBAIAJAAAggQD+
19=/h8AgQCACQAAIIEA/v4fAIEAgAkAACCBAP7+HwCBAIAJAAAggQD+/h8AgQCACQAAIIEA/v
20=4fAIEAgAkAACCBAP7+HwCBAIAJAAAggQD+/h8AgQCACQAAIIEA/v4fAIEAgA==

[AITriggerTypesEnable]
0CAD0DCC-G=yes
0CAD0C7C-G=yes
0CAD0B2C-G=yes
0CA6621C-G=yes
0CDF8EDC-G=yes
0CDF8D8C-G=yes
0C0C7AEC-G=yes
0D62199C-G=yes
0CDF899C-G=yes
0D6216FC-G=yes
0D6215AC-G=yes
0D62145C-G=yes
0D0803CC-G=yes
0C32599C-G=yes
0CE23AAC-G=yes
0CA1F84C-G=yes
0CE26CAC-G=yes
0CE26B5C-G=yes
0CAD145C-G=yes
0CAD130C-G=yes
0CE2395C-G=yes
0D084B5C-G=yes
0D084A0C-G=yes
0D0848BC-G=yes
0CAD2AEC-G=yes
0D08461C-G=yes
0D0873DC-G=yes
0C8E2C3C-G=yes
0CAD25AC-G=yes
0D087D8C-G=yes
0C8B81BC-G=yes
0CADDEDC-G=yes
0C92C45C-G=yes
0C9565AC-G=yes
0C92C1BC-G=yes
0CADD99C-G=yes
0C9561BC-G=yes
0CE2EA2C-G=yes
0CE2E8DC-G=yes
0C955C3C-G=yes
0C955AEC-G=yes
0C8C71BC-G=yes
0C8C6EDC-G=yes
0D052AEC-G=yes
0CE44D0C-G=yes
0CA5945C-G=yes
0CAD2C3C-G=yes
0D535EDC-G=yes
0AA846FC-G=yes
0AA845AC-G=yes
0C8C645C-G=yes
0AD2BAEC-G=yes
0C96F5AC-G=yes
0C96F45C-G=yes
0CB2CEDC-G=yes
0C91D45C-G=yes
0CAD5AEC-G=yes
0D2C45DC-G=yes
0D2C448C-G=yes
0C8C56FC-G=yes
0D2C41EC-G=yes
0CA6AEDC-G=yes
0C0D251C-G=yes
0C8C51BC-G=yes
0CA24D8C-G=yes
0C8BC5AC-G=yes
0C8C4C3C-G=yes
0D53430C-G=yes
0ECCFCAC-G=yes
0ECCFA7C-G=yes
0C8EEEDC-G=yes
0C0D184C-G=yes
0ECCF68C-G=yes
0C8C430C-G=yes
0C87B99C-G=yes
0ECCF29C-G=yes
0ECCF14C-G=yes
0C8EEAEC-G=yes
0C87B45C-G=yes
0ECCBC3C-G=yes
0C8EE1BC-G=yes
0ECCB7FC-G=yes
0C32D84C-G=yes
0ECCB55C-G=yes
0ECCB40C-G=yes
0ECCB2BC-G=yes
0CB29EDC-G=yes
0C8C2C3C-G=yes
0C8C2AEC-G=yes
0A31295C-G=yes
0C87E5AC-G=yes
08A3EEDC-G=yes
0D022B1C-G=yes
0C1246FC-G=yes
0C1245AC-G=yes
0D0B3B9C-G=yes
0CA2A04C-G=yes
0CA2B06C-G=yes
0CA2FEDC-G=yes
0D2769BC-G=yes
0A452E5C-G=yes
0A452C6C-G=yes
0A44F2CC-G=yes
0A44F17C-G=yes
0D53099C-G=yes
0612B11C-G=yes
06C551AC-G=yes
0612CD8C-G=yes
0ABC484C-G=yes
05FFB18C-G=yes
05FFA7DC-G=yes
06002BFC-G=yes
05CB5B6C-G=yes
07C04EDC-G=yes
07C04C7C-G=yes
07C0B14C-G=yes
05FC1A8C-G=yes
05FC50EC-G=yes
05FC3C9C-G=yes
05FC37CC-G=yes
05FC333C-G=yes
05FC0C9C-G=yes
05FC088C-G=yes
05FC75CC-G=yes
05FC747C-G=yes
08B9154C-G=yes
08B911BC-G=yes
08B9213C-G=yes
08B9356C-G=yes
08B9305C-G=yes
08B9483C-G=yes
08B9423C-G=yes
08B940EC-G=yes
08B9586C-G=yes
0611A33C-G=yes
0611A1EC-G=yes
08B9641C-G=yes
08B97C6C-G=yes
08B9767C-G=yes
08B9708C-G=yes
05FC1C5C-G=yes
0612EAEC-G=yes
0612F9AC-G=yes
05FC13EC-G=yes
08B90B1C-G=yes
08B902EC-G=yes
0612F46C-G=yes
044082BC-G=yes
07C310BC-G=yes
07C329FC-G=yes
07C3266C-G=yes
07C33DDC-G=yes
0616004C-G=yes
07C330CC-G=yes
07C30A5C-G=yes
07C4853C-G=yes
043F521C-G=yes
043F874C-G=yes
043F40BC-G=yes
05CBC2EC-G=yes
05CBC19C-G=yes
05CBC04C-G=yes
078F4B2C-G=yes
05CB830C-G=yes
05CBAEDC-G=yes

[Triggers]
05BD9DEC=Neutral,<none>,@Sounds,0,1,1,1,0

[Events]
05BD9DEC=1,13,0,0

[Actions]
05BD9DEC=6,99,7,_Amb_River,0,0,0,0,AA,99,7,_Amb_River,0,0,0,0,AB,99,7,_Amb_River,0,0,0,0,AC,99,7,_Amb_River,0,0,0,0,AD,99,7,_Amb_River,0,0,0,0,AE,99,7,_Amb_River,0,0,0,0,AF

[Tags]
05BDCDAC=0,@Sounds,05BD9DEC

[Digest]
1=O+3ojg59v75Yoa/F51euWQIMMBw=
